Component: ARM Compiler 6.14 Tool: armlink [5db06800]

==============================================================================

Section Cross References

    startup_stm32wle5xx.o(STACK) refers (Special) to heapauxi.o(.text) for __use_two_region_memory
    startup_stm32wle5xx.o(HEAP) refers (Special) to heapauxi.o(.text) for __use_two_region_memory
    startup_stm32wle5xx.o(RESET) refers (Special) to heapauxi.o(.text) for __use_two_region_memory
    startup_stm32wle5xx.o(RESET) refers to startup_stm32wle5xx.o(STACK) for __initial_sp
    startup_stm32wle5xx.o(RESET) refers to startup_stm32wle5xx.o(.text) for Reset_Handler
    startup_stm32wle5xx.o(RESET) refers to stm32wlxx_it.o(.text.NMI_Handler) for NMI_Handler
    startup_stm32wle5xx.o(RESET) refers to stm32wlxx_it.o(.text.HardFault_Handler) for HardFault_Handler
    startup_stm32wle5xx.o(RESET) refers to stm32wlxx_it.o(.text.MemManage_Handler) for MemManage_Handler
    startup_stm32wle5xx.o(RESET) refers to stm32wlxx_it.o(.text.BusFault_Handler) for BusFault_Handler
    startup_stm32wle5xx.o(RESET) refers to stm32wlxx_it.o(.text.UsageFault_Handler) for UsageFault_Handler
    startup_stm32wle5xx.o(RESET) refers to stm32wlxx_it.o(.text.SVC_Handler) for SVC_Handler
    startup_stm32wle5xx.o(RESET) refers to stm32wlxx_it.o(.text.DebugMon_Handler) for DebugMon_Handler
    startup_stm32wle5xx.o(RESET) refers to stm32wlxx_it.o(.text.PendSV_Handler) for PendSV_Handler
    startup_stm32wle5xx.o(RESET) refers to stm32wlxx_it.o(.text.SysTick_Handler) for SysTick_Handler
    startup_stm32wle5xx.o(RESET) refers to stm32wlxx_it.o(.text.TAMP_STAMP_LSECSS_SSRU_IRQHandler) for TAMP_STAMP_LSECSS_SSRU_IRQHandler
    startup_stm32wle5xx.o(RESET) refers to stm32wlxx_it.o(.text.EXTI0_IRQHandler) for EXTI0_IRQHandler
    startup_stm32wle5xx.o(RESET) refers to stm32wlxx_it.o(.text.EXTI1_IRQHandler) for EXTI1_IRQHandler
    startup_stm32wle5xx.o(RESET) refers to stm32wlxx_it.o(.text.EXTI4_IRQHandler) for EXTI4_IRQHandler
    startup_stm32wle5xx.o(RESET) refers to stm32wlxx_it.o(.text.DMA1_Channel1_IRQHandler) for DMA1_Channel1_IRQHandler
    startup_stm32wle5xx.o(RESET) refers to stm32wlxx_it.o(.text.USART1_IRQHandler) for USART1_IRQHandler
    startup_stm32wle5xx.o(RESET) refers to stm32wlxx_it.o(.text.RTC_Alarm_IRQHandler) for RTC_Alarm_IRQHandler
    startup_stm32wle5xx.o(RESET) refers to stm32wlxx_it.o(.text.SUBGHZ_Radio_IRQHandler) for SUBGHZ_Radio_IRQHandler
    startup_stm32wle5xx.o(.text) refers (Special) to heapauxi.o(.text) for __use_two_region_memory
    startup_stm32wle5xx.o(.text) refers to system_stm32wlxx.o(.text.SystemInit) for SystemInit
    startup_stm32wle5xx.o(.text) refers to __main.o(!!!main) for __main
    startup_stm32wle5xx.o(.text) refers to startup_stm32wle5xx.o(HEAP) for Heap_Mem
    startup_stm32wle5xx.o(.text) refers to startup_stm32wle5xx.o(STACK) for Stack_Mem
    main.o(.text) refers (Special) to _scanf_int.o(.text) for _scanf_int
    main.o(.text.HAL_UARTEx_RxEventCallback) refers (Special) to _scanf_int.o(.text) for _scanf_int
    main.o(.text.HAL_UARTEx_RxEventCallback) refers to main.o(.bss..L_MergedGlobals.6) for [Anonymous Symbol]
    main.o(.ARM.exidx.text.HAL_UARTEx_RxEventCallback) refers (Special) to _scanf_int.o(.text) for _scanf_int
    main.o(.ARM.exidx.text.HAL_UARTEx_RxEventCallback) refers to main.o(.text.HAL_UARTEx_RxEventCallback) for [Anonymous Symbol]
    main.o(.text.Config_FREQ) refers (Special) to _scanf_int.o(.text) for _scanf_int
    main.o(.text.Config_FREQ) refers to strncmp.o(.text) for strncmp
    main.o(.text.Config_FREQ) refers to __0sscanf.o(.text) for __0sscanf
    main.o(.ARM.exidx.text.Config_FREQ) refers (Special) to _scanf_int.o(.text) for _scanf_int
    main.o(.ARM.exidx.text.Config_FREQ) refers to main.o(.text.Config_FREQ) for [Anonymous Symbol]
    main.o(.text.Config_POWER) refers (Special) to _scanf_int.o(.text) for _scanf_int
    main.o(.text.Config_POWER) refers to strncmp.o(.text) for strncmp
    main.o(.text.Config_POWER) refers to __0sscanf.o(.text) for __0sscanf
    main.o(.ARM.exidx.text.Config_POWER) refers (Special) to _scanf_int.o(.text) for _scanf_int
    main.o(.ARM.exidx.text.Config_POWER) refers to main.o(.text.Config_POWER) for [Anonymous Symbol]
    main.o(.text.main) refers (Special) to _scanf_int.o(.text) for _scanf_int
    main.o(.text.main) refers to stm32wlxx_hal.o(.text.HAL_Init) for HAL_Init
    main.o(.text.main) refers to main.o(.text.SystemClock_Config) for SystemClock_Config
    main.o(.text.main) refers to app_subghz_phy.o(.text.MX_SubGHz_Phy_Init) for MX_SubGHz_Phy_Init
    main.o(.text.main) refers to usart.o(.text.MX_USART1_UART_Init) for MX_USART1_UART_Init
    main.o(.text.main) refers to stm32wlxx_hal_uart_ex.o(.text.HAL_UARTEx_ReceiveToIdle_IT) for HAL_UARTEx_ReceiveToIdle_IT
    main.o(.text.main) refers to main.o(.text.Config_FREQ) for Config_FREQ
    main.o(.text.main) refers to subghz_phy_app.o(.text.RF_SetChan) for RF_SetChan
[...]
    _memcpy_lastbytes                        0x080005d7   Thumb Code     0  rt_memcpy_v6.o(.text)
    __aeabi_memclr4                          0x080005fb   Thumb Code     0  rt_memclr_w.o(.text)
    __aeabi_memclr8                          0x080005fb   Thumb Code     0  rt_memclr_w.o(.text)
    __rt_memclr_w                            0x080005fb   Thumb Code    78  rt_memclr_w.o(.text)
    _memset_w                                0x080005ff   Thumb Code     0  rt_memclr_w.o(.text)
    __use_two_region_memory                  0x08000649   Thumb Code     2  heapauxi.o(.text)
    __rt_heap_escrow$2region                 0x0800064b   Thumb Code     2  heapauxi.o(.text)
    __rt_heap_expand$2region                 0x0800064d   Thumb Code     2  heapauxi.o(.text)
    _chval                                   0x0800064f   Thumb Code    28  _chval.o(.text)
    __vfscanf_char                           0x08000679   Thumb Code    24  scanf_char.o(.text)
    _sgetc                                   0x08000699   Thumb Code    30  _sgetc.o(.text)
    _sbackspace                              0x080006b7   Thumb Code    34  _sgetc.o(.text)
    __aeabi_memcpy4                          0x080006d9   Thumb Code     0  rt_memcpy_w.o(.text)
    __aeabi_memcpy8                          0x080006d9   Thumb Code     0  rt_memcpy_w.o(.text)
    __rt_memcpy_w                            0x080006d9   Thumb Code   100  rt_memcpy_w.o(.text)
    _memcpy_lastbytes_aligned                0x08000721   Thumb Code     0  rt_memcpy_w.o(.text)
    isspace                                  0x0800073d   Thumb Code    18  isspace.o(.text)
    __vfscanf                                0x08000751   Thumb Code   878  _scanf.o(.text)
    __user_setup_stackheap                   0x08000ac5   Thumb Code    74  sys_stackheap_outer.o(.text)
    __rt_ctype_table                         0x08000b11   Thumb Code    16  rt_ctype_table.o(.text)
    exit                                     0x08000b21   Thumb Code    18  exit.o(.text)
    __user_libspace                          0x08000b35   Thumb Code     8  libspace.o(.text)
    __user_perproc_libspace                  0x08000b35   Thumb Code     0  libspace.o(.text)
    __user_perthread_libspace                0x08000b35   Thumb Code     0  libspace.o(.text)
    __rt_locale                              0x08000b3d   Thumb Code     8  rt_locale_intlibspace.o(.text)
    _sys_exit                                0x08000b45   Thumb Code     8  sys_exit.o(.text)
    strcmp                                   0x08000b51   Thumb Code   124  strcmpv7em.o(.text)
    __I$use$semihosting                      0x08000bcd   Thumb Code     0  use_no_semi.o(.text)
    __use_no_semihosting_swi                 0x08000bcd   Thumb Code     2  use_no_semi.o(.text)
    __semihosting_library_function           0x08000bcf   Thumb Code     0  indicate_semi.o(.text)
    BSP_RADIO_ConfigRFSwitch                 0x08000bd1   Thumb Code    96  stm32wlxx_nucleo_radio.o(.text.BSP_RADIO_ConfigRFSwitch)
    BSP_RADIO_GetTxConfig                    0x08000c31   Thumb Code     4  stm32wlxx_nucleo_radio.o(.text.BSP_RADIO_GetTxConfig)
    BSP_RADIO_Init                           0x08000c35   Thumb Code   128  stm32wlxx_nucleo_radio.o(.text.BSP_RADIO_Init)
    BSP_RADIO_IsDCDC                         0x08000cb5   Thumb Code     4  stm32wlxx_nucleo_radio.o(.text.BSP_RADIO_IsDCDC)
    BSP_RADIO_IsTCXO                         0x08000cb9   Thumb Code     4  stm32wlxx_nucleo_radio.o(.text.BSP_RADIO_IsTCXO)
    BusFault_Handler                         0x08000cbd   Thumb Code     2  stm32wlxx_it.o(.text.BusFault_Handler)
    Config_FREQ                              0x08000cc1   Thumb Code    92  main.o(.text.Config_FREQ)
    Config_POWER                             0x08000d1d   Thumb Code    84  main.o(.text.Config_POWER)
    DBG_ProbesInit                           0x08000d71   Thumb Code     2  sys_debug.o(.text.DBG_ProbesInit)
    DMA1_Channel1_IRQHandler                 0x08000d75   Thumb Code    12  stm32wlxx_it.o(.text.DMA1_Channel1_IRQHandler)
    DebugMon_Handler                         0x08000e2f   Thumb Code     2  stm32wlxx_it.o(.text.DebugMon_Handler)
    EXTI0_IRQHandler                         0x08000e31   Thumb Code     6  stm32wlxx_it.o(.text.EXTI0_IRQHandler)
    EXTI1_IRQHandler                         0x08000e37   Thumb Code     6  stm32wlxx_it.o(.text.EXTI1_IRQHandler)
    EXTI4_IRQHandler                         0x08000e3d   Thumb Code     6  stm32wlxx_it.o(.text.EXTI4_IRQHandler)
    Error_Handler                            0x08000e43   Thumb Code     8  main.o(.text.Error_Handler)
    HAL_DMA_Abort                            0x08000e4b   Thumb Code   106  stm32wlxx_hal_dma.o(.text.HAL_DMA_Abort)
    HAL_DMA_Abort_IT                         0x08000eb5   Thumb Code   102  stm32wlxx_hal_dma.o(.text.HAL_DMA_Abort_IT)
    HAL_DMA_DeInit                           0x08000f1d   Thumb Code   136  stm32wlxx_hal_dma.o(.text.HAL_DMA_DeInit)
    HAL_DMA_IRQHandler                       0x08000fa5   Thumb Code   160  stm32wlxx_hal_dma.o(.text.HAL_DMA_IRQHandler)
    HAL_DMA_Init                             0x08001045   Thumb Code   188  stm32wlxx_hal_dma.o(.text.HAL_DMA_Init)
    HAL_DMA_Start_IT                         0x08001101   Thumb Code   128  stm32wlxx_hal_dma.o(.text.HAL_DMA_Start_IT)
    HAL_Delay                                0x08001181   Thumb Code    12  sys_app.o(.text.HAL_Delay)
    HAL_GPIO_DeInit                          0x0800118d   Thumb Code   236  stm32wlxx_hal_gpio.o(.text.HAL_GPIO_DeInit)
    HAL_GPIO_EXTI_Callback                   0x08001279   Thumb Code     2  stm32wlxx_hal_gpio.o(.text.HAL_GPIO_EXTI_Callback)
    HAL_GPIO_EXTI_IRQHandler                 0x0800127d   Thumb Code    20  stm32wlxx_hal_gpio.o(.text.HAL_GPIO_EXTI_IRQHandler)
    HAL_GPIO_Init                            0x08001291   Thumb Code   400  stm32wlxx_hal_gpio.o(.text.HAL_GPIO_Init)
    HAL_GPIO_WritePin                        0x08001421   Thumb Code    12  stm32wlxx_hal_gpio.o(.text.HAL_GPIO_WritePin)
    HAL_GetTick                              0x0800142d   Thumb Code     4  sys_app.o(.text.HAL_GetTick)
    HAL_Init                                 0x08001431   Thumb Code    40  stm32wlxx_hal.o(.text.HAL_Init)
    HAL_InitTick                             0x08001459   Thumb Code     4  sys_app.o(.text.HAL_InitTick)
    HAL_MspInit                              0x0800145d   Thumb Code     2  stm32wlxx_hal_msp.o(.text.HAL_MspInit)
    HAL_NVIC_DisableIRQ                      0x08001461   Thumb Code    36  stm32wlxx_hal_cortex.o(.text.HAL_NVIC_DisableIRQ)
    HAL_NVIC_EnableIRQ                       0x08001485   Thumb Code    28  stm32wlxx_hal_cortex.o(.text.HAL_NVIC_EnableIRQ)
    HAL_NVIC_SetPriority                     0x080014a1   Thumb Code    88  stm32wlxx_hal_cortex.o(.text.HAL_NVIC_SetPriority)
    HAL_NVIC_SetPriorityGrouping             0x080014f9   Thumb Code    32  stm32wlxx_hal_cortex.o(.text.HAL_NVIC_SetPriorityGrouping)
    HAL_PWREx_GetVoltageRange                0x08001519   Thumb Code    12  stm32wlxx_hal_pwr_ex.o(.text.HAL_PWREx_GetVoltageRange)
    HAL_PWR_EnableBkUpAccess                 0x08001525   Thumb Code    16  stm32wlxx_hal_pwr.o(.text.HAL_PWR_EnableBkUpAccess)
    HAL_RCCEx_PeriphCLKConfig                0x08001535   Thumb Code   412  stm32wlxx_hal_rcc_ex.o(.text.HAL_RCCEx_PeriphCLKConfig)
    HAL_RCC_ClockConfig                      0x080016d1   Thumb Code   448  stm32wlxx_hal_rcc.o(.text.HAL_RCC_ClockConfig)
    HAL_RCC_GetHCLKFreq                      0x08001891   Thumb Code    32  stm32wlxx_hal_rcc.o(.text.HAL_RCC_GetHCLKFreq)
    HAL_RCC_GetPCLK1Freq                     0x080018b1   Thumb Code    24  stm32wlxx_hal_rcc.o(.text.HAL_RCC_GetPCLK1Freq)
    HAL_RCC_GetPCLK2Freq                     0x080018c9   Thumb Code    32  stm32wlxx_hal_rcc.o(.text.HAL_RCC_GetPCLK2Freq)
    HAL_RCC_GetSysClockFreq                  0x080018e9   Thumb Code   232  stm32wlxx_hal_rcc.o(.text.HAL_RCC_GetSysClockFreq)
    HAL_RCC_OscConfig                        0x080019d1   Thumb Code  1480  stm32wlxx_hal_rcc.o(.text.HAL_RCC_OscConfig)
    HAL_RTCEx_AlarmBEventCallback            0x08001f99   Thumb Code     2  stm32wlxx_hal_rtc_ex.o(.text.HAL_RTCEx_AlarmBEventCallback)
    HAL_RTCEx_BKUPRead                       0x08001f9d   Thumb Code     8  stm32wlxx_hal_rtc_ex.o(.text.HAL_RTCEx_BKUPRead)
    HAL_RTCEx_BKUPWrite                      0x08001fa5   Thumb Code    12  stm32wlxx_hal_rtc_ex.o(.text.HAL_RTCEx_BKUPWrite)
    HAL_RTCEx_EnableBypassShadow             0x08001fb1   Thumb Code    44  stm32wlxx_hal_rtc_ex.o(.text.HAL_RTCEx_EnableBypassShadow)
    HAL_RTCEx_SSRUEventCallback              0x08001fdd   Thumb Code    16  timer_if.o(.text.HAL_RTCEx_SSRUEventCallback)
    HAL_RTCEx_SSRUIRQHandler                 0x08001fed   Thumb Code    28  stm32wlxx_hal_rtc_ex.o(.text.HAL_RTCEx_SSRUIRQHandler)
    HAL_RTCEx_SetSSRU_IT                     0x08002009   Thumb Code    56  stm32wlxx_hal_rtc_ex.o(.text.HAL_RTCEx_SetSSRU_IT)
    HAL_RTC_AlarmAEventCallback              0x08002041   Thumb Code     4  timer_if.o(.text.HAL_RTC_AlarmAEventCallback)
    HAL_RTC_AlarmIRQHandler                  0x08002045   Thumb Code    52  stm32wlxx_hal_rtc.o(.text.HAL_RTC_AlarmIRQHandler)
    HAL_RTC_DeactivateAlarm                  0x08002079   Thumb Code   116  stm32wlxx_hal_rtc.o(.text.HAL_RTC_DeactivateAlarm)
    HAL_RTC_Init                             0x080020ed   Thumb Code   144  stm32wlxx_hal_rtc.o(.text.HAL_RTC_Init)
    HAL_RTC_MspInit                          0x0800217d   Thumb Code   120  rtc.o(.text.HAL_RTC_MspInit)
    HAL_RTC_SetAlarm_IT                      0x080021f5   Thumb Code   328  stm32wlxx_hal_rtc.o(.text.HAL_RTC_SetAlarm_IT)
    HAL_RTC_WaitForSynchro                   0x0800233d   Thumb Code    48  stm32wlxx_hal_rtc.o(.text.HAL_RTC_WaitForSynchro)
    HAL_SUBGHZ_CADStatusCallback             0x0800236d   Thumb Code    28  radio_driver.o(.text.HAL_SUBGHZ_CADStatusCallback)
    HAL_SUBGHZ_CRCErrorCallback              0x08002389   Thumb Code     8  radio_driver.o(.text.HAL_SUBGHZ_CRCErrorCallback)
    HAL_SUBGHZ_ExecGetCmd                    0x08002391   Thumb Code   128  stm32wlxx_hal_subghz.o(.text.HAL_SUBGHZ_ExecGetCmd)
    HAL_SUBGHZ_ExecSetCmd                    0x08002411   Thumb Code   132  stm32wlxx_hal_subghz.o(.text.HAL_SUBGHZ_ExecSetCmd)
    HAL_SUBGHZ_HeaderErrorCallback           0x08002495   Thumb Code     8  radio_driver.o(.text.HAL_SUBGHZ_HeaderErrorCallback)
    HAL_SUBGHZ_HeaderValidCallback           0x0800249d   Thumb Code     8  radio_driver.o(.text.HAL_SUBGHZ_HeaderValidCallback)
    HAL_SUBGHZ_IRQHandler                    0x080024a5   Thumb Code   142  stm32wlxx_hal_subghz.o(.text.HAL_SUBGHZ_IRQHandler)
    HAL_SUBGHZ_Init                          0x08002535   Thumb Code   160  stm32wlxx_hal_subghz.o(.text.HAL_SUBGHZ_Init)
    HAL_SUBGHZ_MspInit                       0x080025d5   Thumb Code    48  subghz.o(.text.HAL_SUBGHZ_MspInit)
    HAL_SUBGHZ_PreambleDetectedCallback      0x08002605   Thumb Code     8  radio_driver.o(.text.HAL_SUBGHZ_PreambleDetectedCallback)
    HAL_SUBGHZ_ReadBuffer                    0x0800260d   Thumb Code   132  stm32wlxx_hal_subghz.o(.text.HAL_SUBGHZ_ReadBuffer)
    HAL_SUBGHZ_ReadRegisters                 0x08002691   Thumb Code   144  stm32wlxx_hal_subghz.o(.text.HAL_SUBGHZ_ReadRegisters)
    HAL_SUBGHZ_RxCpltCallback                0x08002721   Thumb Code     8  radio_driver.o(.text.HAL_SUBGHZ_RxCpltCallback)
    HAL_SUBGHZ_RxTxTimeoutCallback           0x08002729   Thumb Code    12  radio_driver.o(.text.HAL_SUBGHZ_RxTxTimeoutCallback)
    HAL_SUBGHZ_SyncWordValidCallback         0x08002735   Thumb Code    12  radio_driver.o(.text.HAL_SUBGHZ_SyncWordValidCallback)
    HAL_SUBGHZ_TxCpltCallback                0x08002741   Thumb Code    12  radio_driver.o(.text.HAL_SUBGHZ_TxCpltCallback)
    HAL_SUBGHZ_WriteBuffer                   0x0800274d   Thumb Code   128  stm32wlxx_hal_subghz.o(.text.HAL_SUBGHZ_WriteBuffer)
    HAL_SUBGHZ_WriteRegisters                0x080027cd   Thumb Code   140  stm32wlxx_hal_subghz.o(.text.HAL_SUBGHZ_WriteRegisters)
    HAL_UARTEx_DisableFifoMode               0x08002859   Thumb Code    54  stm32wlxx_hal_uart_ex.o(.text.HAL_UARTEx_DisableFifoMode)
    HAL_UARTEx_EnableStopMode                0x0800288f   Thumb Code    48  stm32wlxx_hal_uart_ex.o(.text.HAL_UARTEx_EnableStopMode)
    HAL_UARTEx_ReceiveToIdle_IT              0x080028bf   Thumb Code    88  stm32wlxx_hal_uart_ex.o(.text.HAL_UARTEx_ReceiveToIdle_IT)
    HAL_UARTEx_RxEventCallback               0x08002919   Thumb Code    28  main.o(.text.HAL_UARTEx_RxEventCallback)
    HAL_UARTEx_RxFifoFullCallback            0x08002935   Thumb Code     2  stm32wlxx_hal_uart_ex.o(.text.HAL_UARTEx_RxFifoFullCallback)
    HAL_UARTEx_SetRxFifoThreshold            0x08002937   Thumb Code    74  stm32wlxx_hal_uart_ex.o(.text.HAL_UARTEx_SetRxFifoThreshold)
    HAL_UARTEx_SetTxFifoThreshold            0x08002981   Thumb Code    74  stm32wlxx_hal_uart_ex.o(.text.HAL_UARTEx_SetTxFifoThreshold)
    HAL_UARTEx_StopModeWakeUpSourceConfig    0x080029cb   Thumb Code   132  stm32wlxx_hal_uart_ex.o(.text.HAL_UARTEx_StopModeWakeUpSourceConfig)
    HAL_UARTEx_TxFifoEmptyCallback           0x08002a4f   Thumb Code     2  stm32wlxx_hal_uart_ex.o(.text.HAL_UARTEx_TxFifoEmptyCallback)
    HAL_UARTEx_WakeupCallback                0x08002a51   Thumb Code     2  stm32wlxx_hal_uart_ex.o(.text.HAL_UARTEx_WakeupCallback)
    HAL_UART_ErrorCallback                   0x08002a53   Thumb Code     2  stm32wlxx_hal_uart.o(.text.HAL_UART_ErrorCallback)
    HAL_UART_IRQHandler                      0x08002a55   Thumb Code   784  stm32wlxx_hal_uart.o(.text.HAL_UART_IRQHandler)
    HAL_UART_Init                            0x08002d65   Thumb Code   100  stm32wlxx_hal_uart.o(.text.HAL_UART_Init)
    HAL_UART_MspDeInit                       0x08002dc9   Thumb Code    52  usart.o(.text.HAL_UART_MspDeInit)
    HAL_UART_MspInit                         0x08002dfd   Thumb Code   192  usart.o(.text.HAL_UART_MspInit)
    HAL_UART_Receive_IT                      0x08002ebd   Thumb Code    88  stm32wlxx_hal_uart.o(.text.HAL_UART_Receive_IT)
    HAL_UART_RxCpltCallback                  0x08002f15   Thumb Code    44  usart_if.o(.text.HAL_UART_RxCpltCallback)
    HAL_UART_Transmit_DMA                    0x08002f41   Thumb Code   156  stm32wlxx_hal_uart.o(.text.HAL_UART_Transmit_DMA)
    HAL_UART_TxCpltCallback                  0x08002fdd   Thumb Code    12  usart_if.o(.text.HAL_UART_TxCpltCallback)
    HAL_UART_TxHalfCpltCallback              0x08002fe9   Thumb Code     2  stm32wlxx_hal_uart.o(.text.HAL_UART_TxHalfCpltCallback)
    HardFault_Handler                        0x08002feb   Thumb Code     2  stm32wlxx_it.o(.text.HardFault_Handler)
    MX_DMA_Init                              0x08003045   Thumb Code    34  dma.o(.text.MX_DMA_Init)
    MX_RTC_Init                              0x08003069   Thumb Code   112  rtc.o(.text.MX_RTC_Init)
    MX_SUBGHZ_Init                           0x080030d9   Thumb Code    28  subghz.o(.text.MX_SUBGHZ_Init)
    MX_SubGHz_Phy_Init                       0x080030f5   Thumb Code    14  app_subghz_phy.o(.text.MX_SubGHz_Phy_Init)
    MX_USART1_UART_Init                      0x08003105   Thumb Code   104  usart.o(.text.MX_USART1_UART_Init)
    MemManage_Handler                        0x0800316d   Thumb Code     2  stm32wlxx_it.o(.text.MemManage_Handler)
    NMI_Handler                              0x0800316f   Thumb Code     2  stm32wlxx_it.o(.text.NMI_Handler)
    PendSV_Handler                           0x080031c7   Thumb Code     2  stm32wlxx_it.o(.text.PendSV_Handler)
    RBI_ConfigRFSwitch                       0x080031c9   Thumb Code     4  radio_board_if.o(.text.RBI_ConfigRFSwitch)
    RBI_GetTxConfig                          0x080031cd   Thumb Code     4  radio_board_if.o(.text.RBI_GetTxConfig)
    RBI_Init                                 0x080031d1   Thumb Code     4  radio_board_if.o(.text.RBI_Init)
    RBI_IsDCDC                               0x080031d5   Thumb Code     4  radio_board_if.o(.text.RBI_IsDCDC)
    RBI_IsTCXO                               0x080031d9   Thumb Code     4  radio_board_if.o(.text.RBI_IsTCXO)
    RFW_DeInit                               0x08003289   Thumb Code     2  radio_fw.o(.text.RFW_DeInit)
    RFW_DeInit_TxLongPacket                  0x0800328b   Thumb Code     2  radio_fw.o(.text.RFW_DeInit_TxLongPacket)
    RFW_Init                                 0x0800328d   Thumb Code     6  radio_fw.o(.text.RFW_Init)
    RFW_Is_Init                              0x08003293   Thumb Code     4  radio_fw.o(.text.RFW_Is_Init)
    RFW_Is_LongPacketModeEnabled             0x08003297   Thumb Code     4  radio_fw.o(.text.RFW_Is_LongPacketModeEnabled)
    RFW_ReceiveInit                          0x0800329b   Thumb Code     6  radio_fw.o(.text.RFW_ReceiveInit)
    RFW_ReceiveLongPacket                    0x080032a1   Thumb Code     6  radio_fw.o(.text.RFW_ReceiveLongPacket)
    RFW_ReceivePayload                       0x080032a7   Thumb Code     2  radio_fw.o(.text.RFW_ReceivePayload)
    RFW_SetAntSwitch                         0x080032a9   Thumb Code     2  radio_fw.o(.text.RFW_SetAntSwitch)
    RFW_SetRadioModem                        0x080032ab   Thumb Code     2  radio_fw.o(.text.RFW_SetRadioModem)
    RFW_TransmitInit                         0x080032ad   Thumb Code     6  radio_fw.o(.text.RFW_TransmitInit)
    RFW_TransmitLongPacket                   0x080032b3   Thumb Code     6  radio_fw.o(.text.RFW_TransmitLongPacket)
    RF_Send                                  0x080032b9   Thumb Code    44  subghz_phy_app.o(.text.RF_Send)
    RF_SetChan                               0x080032e5   Thumb Code    20  subghz_phy_app.o(.text.RF_SetChan)
    RF_SetPower                              0x080032f9   Thumb Code    16  radio.o(.text.RF_SetPower)
    RTC_Alarm_IRQHandler                     0x08003309   Thumb Code    12  stm32wlxx_it.o(.text.RTC_Alarm_IRQHandler)
    RTC_ByteToBcd2                           0x08003315   Thumb Code    34  stm32wlxx_hal_rtc.o(.text.RTC_ByteToBcd2)
    RTC_EnterInitMode                        0x08003339   Thumb Code    68  stm32wlxx_hal_rtc.o(.text.RTC_EnterInitMode)
    RTC_ExitInitMode                         0x0800337d   Thumb Code    76  stm32wlxx_hal_rtc.o(.text.RTC_ExitInitMode)
    SUBGHZSPI_Init                           0x08004571   Thumb Code    36  stm32wlxx_hal_subghz.o(.text.SUBGHZSPI_Init)
    SUBGHZSPI_Receive                        0x08004595   Thumb Code    96  stm32wlxx_hal_subghz.o(.text.SUBGHZSPI_Receive)
    SUBGHZSPI_Transmit                       0x080045f5   Thumb Code    96  stm32wlxx_hal_subghz.o(.text.SUBGHZSPI_Transmit)
    SUBGHZ_CheckDeviceReady                  0x08004655   Thumb Code    64  stm32wlxx_hal_subghz.o(.text.SUBGHZ_CheckDeviceReady)
    SUBGHZ_Radio_IRQHandler                  0x08004695   Thumb Code     8  stm32wlxx_it.o(.text.SUBGHZ_Radio_IRQHandler)
    SUBGHZ_WaitOnBusy                        0x0800469d   Thumb Code    68  stm32wlxx_hal_subghz.o(.text.SUBGHZ_WaitOnBusy)
    SUBGRF_Calibrate                         0x080046e1   Thumb Code    24  radio_driver.o(.text.SUBGRF_Calibrate)
    SUBGRF_CalibrateImage                    0x080046f9   Thumb Code   120  radio_driver.o(.text.SUBGRF_CalibrateImage)
    SUBGRF_GetCFO                            0x08004771   Thumb Code   124  radio_driver.o(.text.SUBGRF_GetCFO)
    SUBGRF_GetFskBandwidthRegValue           0x080047ed   Thumb Code    36  radio_driver.o(.text.SUBGRF_GetFskBandwidthRegValue)
    SUBGRF_GetOperatingMode                  0x08004811   Thumb Code     8  radio_driver.o(.text.SUBGRF_GetOperatingMode)
    SUBGRF_GetPacketStatus                   0x08004819   Thumb Code   112  radio_driver.o(.text.SUBGRF_GetPacketStatus)
    SUBGRF_GetPayload                        0x08004889   Thumb Code    48  radio_driver.o(.text.SUBGRF_GetPayload)
    SUBGRF_GetRadioWakeUpTime                0x080048b9   Thumb Code     4  radio_driver.o(.text.SUBGRF_GetRadioWakeUpTime)
    SUBGRF_GetRandom                         0x080048bd   Thumb Code   100  radio_driver.o(.text.SUBGRF_GetRandom)
    SUBGRF_GetRssiInst                       0x08004921   Thumb Code    24  radio_driver.o(.text.SUBGRF_GetRssiInst)
    SUBGRF_GetRxBufferStatus                 0x08004939   Thumb Code    56  radio_driver.o(.text.SUBGRF_GetRxBufferStatus)
    SUBGRF_Init                              0x08004971   Thumb Code    96  radio_driver.o(.text.SUBGRF_Init)
    SUBGRF_ReadBuffer                        0x080049d1   Thumb Code    32  radio_driver.o(.text.SUBGRF_ReadBuffer)
    SUBGRF_ReadRegister                      0x08004a11   Thumb Code    24  radio_driver.o(.text.SUBGRF_ReadRegister)
    SUBGRF_ReadRegisters                     0x08004a29   Thumb Code    36  radio_driver.o(.text.SUBGRF_ReadRegisters)
    SUBGRF_SendPayload                       0x08004a4d   Thumb Code    18  radio_driver.o(.text.SUBGRF_SendPayload)
    SUBGRF_SetBufferBaseAddress              0x08004a5f   Thumb Code    24  radio_driver.o(.text.SUBGRF_SetBufferBaseAddress)
    SUBGRF_SetCad                            0x08004a79   Thumb Code    20  radio_driver.o(.text.SUBGRF_SetCad)
    SUBGRF_SetCrcPolynomial                  0x08004a8d   Thumb Code    32  radio_driver.o(.text.SUBGRF_SetCrcPolynomial)
    SUBGRF_SetCrcSeed                        0x08004aad   Thumb Code    36  radio_driver.o(.text.SUBGRF_SetCrcSeed)
    SUBGRF_SetDioIrqParams                   0x08004ad1   Thumb Code    54  radio_driver.o(.text.SUBGRF_SetDioIrqParams)
    SUBGRF_SetLoRaSymbNumTimeout             0x08004b07   Thumb Code    58  radio_driver.o(.text.SUBGRF_SetLoRaSymbNumTimeout)
    SUBGRF_SetModulationParams               0x08004b41   Thumb Code   204  radio_driver.o(.text.SUBGRF_SetModulationParams)
    SUBGRF_SetPaConfig                       0x08004c0d   Thumb Code    30  radio_driver.o(.text.SUBGRF_SetPaConfig)
    SUBGRF_SetPacketParams                   0x08004c2d   Thumb Code   200  radio_driver.o(.text.SUBGRF_SetPacketParams)
    SUBGRF_SetPacketType                     0x08004cf5   Thumb Code    36  radio_driver.o(.text.SUBGRF_SetPacketType)
    SUBGRF_SetPayload                        0x08004d19   Thumb Code    10  radio_driver.o(.text.SUBGRF_SetPayload)
    SUBGRF_SetRegulatorMode                  0x08004d23   Thumb Code    28  radio_driver.o(.text.SUBGRF_SetRegulatorMode)
    SUBGRF_SetRfFrequency                    0x08004d41   Thumb Code    52  radio_driver.o(.text.SUBGRF_SetRfFrequency)
    SUBGRF_SetRfTxPower                      0x08004d75   Thumb Code    40  radio_driver.o(.text.SUBGRF_SetRfTxPower)
    SUBGRF_SetRx                             0x08004d9d   Thumb Code    40  radio_driver.o(.text.SUBGRF_SetRx)
    SUBGRF_SetRxBoosted                      0x08004dc5   Thumb Code    52  radio_driver.o(.text.SUBGRF_SetRxBoosted)
    SUBGRF_SetRxDutyCycle                    0x08004df9   Thumb Code    56  radio_driver.o(.text.SUBGRF_SetRxDutyCycle)
    SUBGRF_SetSleep                          0x08004e31   Thumb Code    48  radio_driver.o(.text.SUBGRF_SetSleep)
    SUBGRF_SetStandby                        0x08004e61   Thumb Code    36  radio_driver.o(.text.SUBGRF_SetStandby)
    SUBGRF_SetStopRxTimerOnPreambleDetect    0x08004e85   Thumb Code    20  radio_driver.o(.text.SUBGRF_SetStopRxTimerOnPreambleDetect)
    SUBGRF_SetSwitch                         0x08004e99   Thumb Code    44  radio_driver.o(.text.SUBGRF_SetSwitch)
    SUBGRF_SetSyncWord                       0x08004ec5   Thumb Code    18  radio_driver.o(.text.SUBGRF_SetSyncWord)
    SUBGRF_SetTcxoMode                       0x08004ed7   Thumb Code    38  radio_driver.o(.text.SUBGRF_SetTcxoMode)
    SUBGRF_SetTx                             0x08004efd   Thumb Code    44  radio_driver.o(.text.SUBGRF_SetTx)
    SUBGRF_SetTxContinuousWave               0x08004f29   Thumb Code    10  radio_driver.o(.text.SUBGRF_SetTxContinuousWave)
    SUBGRF_SetTxInfinitePreamble             0x08004f33   Thumb Code    10  radio_driver.o(.text.SUBGRF_SetTxInfinitePreamble)
    SUBGRF_SetTxParams                       0x08004f3d   Thumb Code   128  radio_driver.o(.text.SUBGRF_SetTxParams)
    SUBGRF_SetWhiteningSeed                  0x08004fbd   Thumb Code    56  radio_driver.o(.text.SUBGRF_SetWhiteningSeed)
    SUBGRF_WriteBuffer                       0x08004ff5   Thumb Code    32  radio_driver.o(.text.SUBGRF_WriteBuffer)
    SUBGRF_WriteRegister                     0x08005035   Thumb Code    24  radio_driver.o(.text.SUBGRF_WriteRegister)
    SUBGRF_WriteRegisters                    0x0800504d   Thumb Code    36  radio_driver.o(.text.SUBGRF_WriteRegisters)
    SVC_Handler                              0x08005071   Thumb Code     2  stm32wlxx_it.o(.text.SVC_Handler)
    SubghzApp_Init                           0x08005075   Thumb Code   308  subghz_phy_app.o(.text.SubghzApp_Init)
    SysTick_Handler                          0x080051a9   Thumb Code     2  stm32wlxx_it.o(.text.SysTick_Handler)
    SysTimeAdd                               0x080051ad   Thumb Code    44  stm32_systime.o(.text.SysTimeAdd)
    SysTimeGet                               0x080051d9   Thumb Code    68  stm32_systime.o(.text.SysTimeGet)
    SystemApp_Init                           0x0800521d   Thumb Code    48  sys_app.o(.text.SystemApp_Init)
    SystemClock_Config                       0x0800524d   Thumb Code   172  main.o(.text.SystemClock_Config)
    SystemInit                               0x080052f9   Thumb Code     2  system_stm32wlxx.o(.text.SystemInit)
    TAMP_STAMP_LSECSS_SSRU_IRQHandler        0x080052fd   Thumb Code     8  stm32wlxx_it.o(.text.TAMP_STAMP_LSECSS_SSRU_IRQHandler)
    TIMER_IF_BkUp_Read_Seconds               0x0800530d   Thumb Code     8  timer_if.o(.text.TIMER_IF_BkUp_Read_Seconds)
    TIMER_IF_BkUp_Read_SubSeconds            0x08005315   Thumb Code     8  timer_if.o(.text.TIMER_IF_BkUp_Read_SubSeconds)
    TIMER_IF_BkUp_Write_Seconds              0x08005329   Thumb Code    12  timer_if.o(.text.TIMER_IF_BkUp_Write_Seconds)
    TIMER_IF_BkUp_Write_SubSeconds           0x08005335   Thumb Code    12  timer_if.o(.text.TIMER_IF_BkUp_Write_SubSeconds)
    TIMER_IF_Convert_Tick2ms                 0x08005341   Thumb Code    16  timer_if.o(.text.TIMER_IF_Convert_Tick2ms)
    TIMER_IF_Convert_ms2Tick                 0x08005351   Thumb Code    20  timer_if.o(.text.TIMER_IF_Convert_ms2Tick)
    TIMER_IF_DelayMs                         0x08005365   Thumb Code    36  timer_if.o(.text.TIMER_IF_DelayMs)
    TIMER_IF_GetMinimumTimeout               0x08005389   Thumb Code     4  timer_if.o(.text.TIMER_IF_GetMinimumTimeout)
    TIMER_IF_GetTime                         0x0800538d   Thumb Code    40  timer_if.o(.text.TIMER_IF_GetTime)
    TIMER_IF_GetTimerContext                 0x080053b5   Thumb Code     8  timer_if.o(.text.TIMER_IF_GetTimerContext)
    TIMER_IF_GetTimerElapsedTime             0x080053bd   Thumb Code    16  timer_if.o(.text.TIMER_IF_GetTimerElapsedTime)
    TIMER_IF_GetTimerValue                   0x080053cd   Thumb Code    20  timer_if.o(.text.TIMER_IF_GetTimerValue)
    TIMER_IF_Init                            0x080053e1   Thumb Code    64  timer_if.o(.text.TIMER_IF_Init)
    TIMER_IF_SetTimerContext                 0x08005421   Thumb Code    16  timer_if.o(.text.TIMER_IF_SetTimerContext)
    TIMER_IF_StartTimer                      0x08005431   Thumb Code    76  timer_if.o(.text.TIMER_IF_StartTimer)
    TIMER_IF_StopTimer                       0x0800547d   Thumb Code    40  timer_if.o(.text.TIMER_IF_StopTimer)
    TimerExists                              0x08005661   Thumb Code    24  stm32_timer.o(.text.TimerExists)
    TimerInsertNewHeadTimer                  0x08005679   Thumb Code    20  stm32_timer.o(.text.TimerInsertNewHeadTimer)
    TimerInsertTimer                         0x0800568d   Thumb Code    36  stm32_timer.o(.text.TimerInsertTimer)
    TimerSetTimeout                          0x080056b1   Thumb Code    56  stm32_timer.o(.text.TimerSetTimeout)
    UART_AdvFeatureConfig                    0x08005751   Thumb Code   170  stm32wlxx_hal_uart.o(.text.UART_AdvFeatureConfig)
    UART_CheckIdleState                      0x080057fb   Thumb Code   100  stm32wlxx_hal_uart.o(.text.UART_CheckIdleState)
    UART_SetConfig                           0x08005dd1   Thumb Code   484  stm32wlxx_hal_uart.o(.text.UART_SetConfig)
    UART_Start_Receive_IT                    0x08005fb5   Thumb Code   252  stm32wlxx_hal_uart.o(.text.UART_Start_Receive_IT)
    UART_WaitOnFlagUntilTimeout              0x080060b1   Thumb Code   210  stm32wlxx_hal_uart.o(.text.UART_WaitOnFlagUntilTimeout)
    USART1_IRQHandler                        0x08006185   Thumb Code    12  stm32wlxx_it.o(.text.USART1_IRQHandler)
    UTIL_ADV_TRACE_COND_FSend                0x08006191   Thumb Code   172  stm32_adv_trace.o(.text.UTIL_ADV_TRACE_COND_FSend)
    UTIL_ADV_TRACE_FSend                     0x0800623d   Thumb Code    48  stm32_adv_trace.o(.text.UTIL_ADV_TRACE_FSend)
    UTIL_ADV_TRACE_Init                      0x0800626d   Thumb Code    44  stm32_adv_trace.o(.text.UTIL_ADV_TRACE_Init)
    UTIL_ADV_TRACE_PostSendHook              0x08006299   Thumb Code     8  sys_app.o(.text.UTIL_ADV_TRACE_PostSendHook)
    UTIL_ADV_TRACE_PreSendHook               0x080062a1   Thumb Code     8  sys_app.o(.text.UTIL_ADV_TRACE_PreSendHook)
    UTIL_ADV_TRACE_RegisterTimeStampFunction 0x080062a9   Thumb Code     8  stm32_adv_trace.o(.text.UTIL_ADV_TRACE_RegisterTimeStampFunction)
    UTIL_ADV_TRACE_Send                      0x080062b1   Thumb Code    80  stm32_adv_trace.o(.text.UTIL_ADV_TRACE_Send)
    UTIL_ADV_TRACE_SetVerboseLevel           0x08006301   Thumb Code    12  stm32_adv_trace.o(.text.UTIL_ADV_TRACE_SetVerboseLevel)
    UTIL_LPM_SetStopMode                     0x0800630d   Thumb Code    48  stm32_lpm.o(.text.UTIL_LPM_SetStopMode)
    UTIL_MEM_set_8                           0x0800633d   Thumb Code    14  stm32_mem.o(.text.UTIL_MEM_set_8)
    UTIL_TIMER_Create                        0x0800634d   Thumb Code    52  stm32_timer.o(.text.UTIL_TIMER_Create)
    UTIL_TIMER_GetCurrentTime                0x08006381   Thumb Code    20  stm32_timer.o(.text.UTIL_TIMER_GetCurrentTime)
    UTIL_TIMER_GetElapsedTime                0x08006395   Thumb Code    32  stm32_timer.o(.text.UTIL_TIMER_GetElapsedTime)
    UTIL_TIMER_IRQ_Handler                   0x080063b5   Thumb Code   128  stm32_timer.o(.text.UTIL_TIMER_IRQ_Handler)
    UTIL_TIMER_Init                          0x08006435   Thumb Code    12  stm32_timer.o(.text.UTIL_TIMER_Init)
    UTIL_TIMER_SetPeriod                     0x08006441   Thumb Code    48  stm32_timer.o(.text.UTIL_TIMER_SetPeriod)
    UTIL_TIMER_Start                         0x08006471   Thumb Code   108  stm32_timer.o(.text.UTIL_TIMER_Start)
    UTIL_TIMER_Stop                          0x080064dd   Thumb Code   108  stm32_timer.o(.text.UTIL_TIMER_Stop)
    UsageFault_Handler                       0x08006549   Thumb Code     2  stm32wlxx_it.o(.text.UsageFault_Handler)
    main                                     0x0800654d   Thumb Code   200  main.o(.text.main)
    tiny_vsnprintf_like                      0x0800663d   Thumb Code   700  stm32_tiny_vsnprintf.o(.text.tiny_vsnprintf_like)
    vcom_DeInit                              0x080068f9   Thumb Code    40  usart_if.o(.text.vcom_DeInit)
    vcom_Init                                0x08006921   Thumb Code    36  usart_if.o(.text.vcom_Init)
    vcom_ReceiveInit                         0x08006945   Thumb Code    68  usart_if.o(.text.vcom_ReceiveInit)
    vcom_Trace_DMA                           0x08006989   Thumb Code    20  usart_if.o(.text.vcom_Trace_DMA)
    _get_lc_ctype                            0x0800699d   Thumb Code    44  lc_ctype_c.o(locale$$code)
    AHBPrescTable                            0x080069e0   Data          64  system_stm32wlxx.o(.rodata.AHBPrescTable)
    APBPrescTable                            0x08006a20   Data          32  system_stm32wlxx.o(.rodata.APBPrescTable)
    Bandwidths                               0x08006a40   Data          12  radio.o(.rodata.Bandwidths)
    MSIRangeTable                            0x08006afc   Data          64  system_stm32wlxx.o(.rodata.MSIRangeTable)
    Radio                                    0x08006b3c   Data         132  radio.o(.rodata.Radio)
    UARTPrescTable                           0x08006bc0   Data          24  stm32wlxx_hal_uart.o(.rodata.UARTPrescTable)
    UTIL_SYSTIMDriver                        0x08006bd8   Data          20  timer_if.o(.rodata.UTIL_SYSTIMDriver)
    UTIL_TimerDriver                         0x08006bec   Data          44  timer_if.o(.rodata.UTIL_TimerDriver)
    UTIL_TraceDriver                         0x08006c18   Data          16  usart_if.o(.rodata.UTIL_TraceDriver)
    Region$$Table$$Base                      0x08006c50   Number         0  anon$$obj.o(Region$$Table)
    Region$$Table$$Limit                     0x08006c70   Number         0  anon$$obj.o(Region$$Table)
    __ctype                                  0x08006c7d   Data           0  lc_ctype_c.o(locale$$data)
    rf_power                                 0x20000000   Data           2  main.o(.data..L_MergedGlobals)
    rf_chan                                  0x20000002   Data           2  main.o(.data..L_MergedGlobals)
    uwTickPrio                               0x20000004   Data           4  stm32wlxx_hal.o(.data..L_MergedGlobals)
    uwTickFreq                               0x20000008   Data           4  stm32wlxx_hal.o(.data..L_MergedGlobals)
    SystemCoreClock                          0x20000010   Data           4  system_stm32wlxx.o(.data.SystemCoreClock)
    __libspace_start                         0x20000018   Data          96  libspace.o(.bss)
    __temporary_stack_top$libspace           0x20000078   Data           0  libspace.o(.bss)
    charRx                                   0x20000080   Data           1  usart_if.o(.bss..L_MergedGlobals)
    FrequencyError                           0x2000008c   Data           4  radio_driver.o(.bss..L_MergedGlobals)
    TxTimeoutTimer                           0x200000a4   Data          28  radio.o(.bss..L_MergedGlobals)
    RxTimeoutTimer                           0x200000c0   Data          28  radio.o(.bss..L_MergedGlobals)
    g_recv_len                               0x200000e4   Data           1  main.o(.bss..L_MergedGlobals.6)
    g_recv_done_flag                         0x200000e5   Data           1  main.o(.bss..L_MergedGlobals.6)
    uart_value                               0x200000e6   Data           2  main.o(.bss..L_MergedGlobals.6)
    recv_buff                                0x200000e8   Data         100  main.o(.bss..L_MergedGlobals.6)
    RxBufferSize                             0x20000584   Data           2  subghz_phy_app.o(.bss.RxBufferSize)
    SubgRf                                   0x20000588   Data         152  radio.o(.bss.SubgRf)
    hdma_usart1_tx                           0x20000628   Data         100  usart.o(.bss.hdma_usart1_tx)
    hrtc                                     0x2000068c   Data          60  rtc.o(.bss.hrtc)
    hsubghz                                  0x200006c8   Data          20  subghz.o(.bss.hsubghz)
    huart1                                   0x200006dc   Data         144  usart.o(.bss.huart1)
    rf_send_done_flag                        0x2000076c   Data           1  subghz_phy_app.o(.bss.rf_send_done_flag)



==============================================================================

Memory Map of the image

  Image Entry point : 0x08000139

  Load Region LR_IROM1 (Base: 0x08000000, Size: 0x00006d98, Max: 0x00040000, ABSOLUTE)

    Execution Region ER_IROM1 (Exec base: 0x08000000, Load base: 0x08000000, Size: 0x00006d80, Max: 0x00040000, ABSOLUTE)

    Exec Addr    Load Addr    Size         Type   Attr      Idx    E Section Name        Object

    0x08000000   0x08000000   0x00000138   Data   RO            4    RESET               startup_stm32wle5xx.o
    0x08000138   0x08000138   0x00000008   Code   RO         1871  * !!!main             c_wu.l(__main.o)
    0x08000140   0x08000140   0x00000034   Code   RO         2068    !!!scatter          c_wu.l(__scatter.o)
    0x08000174   0x08000174   0x0000001a   Code   RO         2070    !!handler_copy      c_wu.l(__scatter_copy.o)
    0x0800018e   0x0800018e   0x00000002   PAD
    0x08000190   0x08000190   0x0000001c   Code   RO         2072    !!handler_zi        c_wu.l(__scatter_zi.o)
    0x080001ac   0x080001ac   0x00000002   Code   RO         1922    .ARM.Collect$$libinit$$00000000  c_wu.l(libinit.o)
    0x080001ae   0x080001ae   0x00000000   Code   RO         1943    .ARM.Collect$$libinit$$00000002  c_wu.l(libinit2.o)
    0x080001ae   0x080001ae   0x00000000   Code   RO         1945    .ARM.Collect$$libinit$$00000004  c_wu.l(libinit2.o)
    0x080001ae   0x080001ae   0x00000000   Code   RO         1948    .ARM.Collect$$libinit$$0000000A  c_wu.l(libinit2.o)
    0x080001ae   0x080001ae   0x00000000   Code   RO         1950    .ARM.Collect$$libinit$$0000000C  c_wu.l(libinit2.o)
    0x080001ae   0x080001ae   0x00000000   Code   RO         1952    .ARM.Collect$$libinit$$0000000E  c_wu.l(libinit2.o)
    0x080001ae   0x080001ae   0x00000006   Code   RO         1953    .ARM.Collect$$libinit$$0000000F  c_wu.l(libinit2.o)
    0x080001b4   0x080001b4   0x00000000   Code   RO         1955    .ARM.Collect$$libinit$$00000011  c_wu.l(libinit2.o)
    0x080001b4   0x080001b4   0x0000000c   Code   RO         1956    .ARM.Collect$$libinit$$00000012  c_wu.l(libinit2.o)
    0x080001c0   0x080001c0   0x00000000   Code   RO         1957    .ARM.Collect$$libinit$$00000013  c_wu.l(libinit2.o)
    0x080001c0   0x080001c0   0x00000000   Code   RO         1959    .ARM.Collect$$libinit$$00000015  c_wu.l(libinit2.o)
    0x080001c0   0x080001c0   0x00000000   Code   RO         1961    .ARM.Collect$$libinit$$00000017  c_wu.l(libinit2.o)
    0x080001c0   0x080001c0   0x00000000   Code   RO         1963    .ARM.Collect$$libinit$$00000019  c_wu.l(libinit2.o)
    0x080001c0   0x080001c0   0x00000000   Code   RO         1965    .ARM.Collect$$libinit$$0000001B  c_wu.l(libinit2.o)
    0x080001c0   0x080001c0   0x00000000   Code   RO         1967    .ARM.Collect$$libinit$$0000001D  c_wu.l(libinit2.o)
    0x080001c0   0x080001c0   0x00000000   Code   RO         1969    .ARM.Collect$$libinit$$0000001F  c_wu.l(libinit2.o)
    0x080001c0   0x080001c0   0x00000000   Code   RO         1971    .ARM.Collect$$libinit$$00000021  c_wu.l(libinit2.o)
    0x080001c0   0x080001c0   0x00000000   Code   RO         1973    .ARM.Collect$$libinit$$00000023  c_wu.l(libinit2.o)
    0x080001c0   0x080001c0   0x00000000   Code   RO         1975    .ARM.Collect$$libinit$$00000025  c_wu.l(libinit2.o)
    0x080001c0   0x080001c0   0x00000000   Code   RO         1979    .ARM.Collect$$libinit$$0000002C  c_wu.l(libinit2.o)
    0x080001c0   0x080001c0   0x00000000   Code   RO         1981    .ARM.Collect$$libinit$$0000002E  c_wu.l(libinit2.o)
    0x080001c0   0x080001c0   0x00000000   Code   RO         1983    .ARM.Collect$$libinit$$00000030  c_wu.l(libinit2.o)
    0x080001c0   0x080001c0   0x00000000   Code   RO         1985    .ARM.Collect$$libinit$$00000032  c_wu.l(libinit2.o)
    0x080001c0   0x080001c0   0x00000002   Code   RO         1986    .ARM.Collect$$libinit$$00000033  c_wu.l(libinit2.o)
    0x080001c2   0x080001c2   0x00000002   Code   RO         2023    .ARM.Collect$$libshutdown$$00000000  c_wu.l(libshutdown.o)
    0x080001c4   0x080001c4   0x00000000   Code   RO         2051    .ARM.Collect$$libshutdown$$00000002  c_wu.l(libshutdown2.o)
    0x080001c4   0x080001c4   0x00000000   Code   RO         2053    .ARM.Collect$$libshutdown$$00000004  c_wu.l(libshutdown2.o)
    0x080001c4   0x080001c4   0x00000000   Code   RO         2056    .ARM.Collect$$libshutdown$$00000007  c_wu.l(libshutdown2.o)
    0x080001c4   0x080001c4   0x00000000   Code   RO         2059    .ARM.Collect$$libshutdown$$0000000A  c_wu.l(libshutdown2.o)
    0x080001c4   0x080001c4   0x00000000   Code   RO         2061    .ARM.Collect$$libshutdown$$0000000C  c_wu.l(libshutdown2.o)
    0x080001c4   0x080001c4   0x00000000   Code   RO         2064    .ARM.Collect$$libshutdown$$0000000F  c_wu.l(libshutdown2.o)
    0x080001c4   0x080001c4   0x00000002   Code   RO         2065    .ARM.Collect$$libshutdown$$00000010  c_wu.l(libshutdown2.o)
    0x080001c6   0x080001c6   0x00000000   Code   RO         1873    .ARM.Collect$$rtentry$$00000000  c_wu.l(__rtentry.o)
    0x080001c6   0x080001c6   0x00000000   Code   RO         1887    .ARM.Collect$$rtentry$$00000002  c_wu.l(__rtentry2.o)
    0x080001c6   0x080001c6   0x00000006   Code   RO         1899    .ARM.Collect$$rtentry$$00000004  c_wu.l(__rtentry4.o)
    0x080001cc   0x080001cc   0x00000000   Code   RO         1889    .ARM.Collect$$rtentry$$00000009  c_wu.l(__rtentry2.o)
    0x080001cc   0x080001cc   0x00000004   Code   RO         1890    .ARM.Collect$$rtentry$$0000000A  c_wu.l(__rtentry2.o)
    0x080001d0   0x080001d0   0x00000000   Code   RO         1892    .ARM.Collect$$rtentry$$0000000C  c_wu.l(__rtentry2.o)
    0x080001d0   0x080001d0   0x00000008   Code   RO         1893    .ARM.Collect$$rtentry$$0000000D  c_wu.l(__rtentry2.o)
    0x080001d8   0x080001d8   0x00000002   Code   RO         1926    .ARM.Collect$$rtexit$$00000000  c_wu.l(rtexit.o)
    0x080001da   0x080001da   0x00000000   Code   RO         1992    .ARM.Collect$$rtexit$$00000002  c_wu.l(rtexit2.o)
    0x080001da   0x080001da   0x00000004   Code   RO         1993    .ARM.Collect$$rtexit$$00000003  c_wu.l(rtexit2.o)
    0x080001de   0x080001de   0x00000006   Code   RO         1994    .ARM.Collect$$rtexit$$00000004  c_wu.l(rtexit2.o)
    0x080001e4   0x080001e4   0x00000040   Code   RO            5    .text               startup_stm32wle5xx.o
    0x08000224   0x08000224   0x000000f0   Code   RO         1855    .text               c_wu.l(lludivv7m.o)
    0x08000314   0x08000314   0x0000003c   Code   RO         1857    .text               c_wu.l(__0sscanf.o)
    0x08000350   0x08000350   0x0000014c   Code   RO         1859    .text               c_wu.l(_scanf_int.o)
    0x0800049c   0x0800049c   0x0000003e   Code   RO         1861    .text               c_wu.l(strlen.o)
    0x080004da   0x080004da   0x00000096   Code   RO         1863    .text               c_wu.l(strncmp.o)
    0x08000570   0x08000570   0x0000008a   Code   RO         1865    .text               c_wu.l(rt_memcpy_v6.o)
    0x080005fa   0x080005fa   0x0000004e   Code   RO         1867    .text               c_wu.l(rt_memclr_w.o)
    0x08000648   0x08000648   0x00000006   Code   RO         1869    .text               c_wu.l(heapauxi.o)
    0x0800064e   0x0800064e   0x0000001c   Code   RO         1878    .text               c_wu.l(_chval.o)
    0x0800066a   0x0800066a   0x00000002   PAD
    0x0800066c   0x0800066c   0x0000002c   Code   RO         1880    .text               c_wu.l(scanf_char.o)
    0x08000698   0x08000698   0x00000040   Code   RO         1882    .text               c_wu.l(_sgetc.o)
    0x080006d8   0x080006d8   0x00000064   Code   RO         1884    .text               c_wu.l(rt_memcpy_w.o)
    0x0800073c   0x0800073c   0x00000012   Code   RO         1903    .text               c_wu.l(isspace.o)
    0x0800074e   0x0800074e   0x00000002   PAD
    0x08000750   0x08000750   0x00000374   Code   RO         1905    .text               c_wu.l(_scanf.o)
    0x08000ac4   0x08000ac4   0x0000004a   Code   RO         1907    .text               c_wu.l(sys_stackheap_outer.o)
    0x08000b0e   0x08000b0e   0x00000002   PAD
    0x08000b10   0x08000b10   0x00000010   Code   RO         1909    .text               c_wu.l(rt_ctype_table.o)
    0x08000b20   0x08000b20   0x00000012   Code   RO         1911    .text               c_wu.l(exit.o)
    0x08000b32   0x08000b32   0x00000002   PAD
    0x08000b34   0x08000b34   0x00000008   Code   RO         1923    .text               c_wu.l(libspace.o)
    0x08000b3c   0x08000b3c   0x00000008   Code   RO         1933    .text               c_wu.l(rt_locale_intlibspace.o)
    0x08000b44   0x08000b44   0x0000000c   Code   RO         1987    .text               c_wu.l(sys_exit.o)
    0x08000b50   0x08000b50   0x0000007c   Code   RO         2002    .text               c_wu.l(strcmpv7em.o)
    0x08000bcc   0x08000bcc   0x00000002   Code   RO         2012    .text               c_wu.l(use_no_semi.o)
    0x08000bce   0x08000bce   0x00000000   Code   RO         2014    .text               c_wu.l(indicate_semi.o)
    0x08000bce   0x08000bce   0x00000002   PAD
    0x08000bd0   0x08000bd0   0x00000060   Code   RO          395    .text.BSP_RADIO_ConfigRFSwitch  stm32wlxx_nucleo_radio.o
    0x08000c30   0x08000c30   0x00000004   Code   RO          397    .text.BSP_RADIO_GetTxConfig  stm32wlxx_nucleo_radio.o
    0x08000c34   0x08000c34   0x00000080   Code   RO          389    .text.BSP_RADIO_Init  stm32wlxx_nucleo_radio.o
    0x08000cb4   0x08000cb4   0x00000004   Code   RO          401    .text.BSP_RADIO_IsDCDC  stm32wlxx_nucleo_radio.o
    0x08000cb8   0x08000cb8   0x00000004   Code   RO          399    .text.BSP_RADIO_IsTCXO  stm32wlxx_nucleo_radio.o
    0x08000cbc   0x08000cbc   0x00000002   Code   RO          236    .text.BusFault_Handler  stm32wlxx_it.o
    0x08000cbe   0x08000cbe   0x00000002   PAD
    0x08000cc0   0x08000cc0   0x0000005c   Code   RO           14    .text.Config_FREQ   main.o
    0x08000d1c   0x08000d1c   0x00000054   Code   RO           16    .text.Config_POWER  main.o
    0x08000d70   0x08000d70   0x00000002   Code   RO          127    .text.DBG_ProbesInit  sys_debug.o
    0x08000d72   0x08000d72   0x00000002   PAD
    0x08000d74   0x08000d74   0x0000000c   Code   RO          250    .text.DMA1_Channel1_IRQHandler  stm32wlxx_it.o
    0x08000d80   0x08000d80   0x0000004c   Code   RO          581    .text.DMA_CalcDMAMUXChannelBaseAndMask  stm32wlxx_hal_dma.o
    0x08000dcc   0x08000dcc   0x00000028   Code   RO          583    .text.DMA_CalcDMAMUXRequestGenBaseAndMask  stm32wlxx_hal_dma.o
    0x08000df4   0x08000df4   0x0000003a   Code   RO          589    .text.DMA_SetConfig  stm32wlxx_hal_dma.o
    0x08000e2e   0x08000e2e   0x00000002   Code   RO          242    .text.DebugMon_Handler  stm32wlxx_it.o
    0x08000e30   0x08000e30   0x00000006   Code   RO          258    .text.EXTI0_IRQHandler  stm32wlxx_it.o
    0x08000e36   0x08000e36   0x00000006   Code   RO          260    .text.EXTI1_IRQHandler  stm32wlxx_it.o
    0x08000e3c   0x08000e3c   0x00000006   Code   RO          262    .text.EXTI4_IRQHandler  stm32wlxx_it.o
    0x08000e42   0x08000e42   0x00000008   Code   RO           22    .text.Error_Handler  main.o
    0x08000e4a   0x08000e4a   0x0000006a   Code   RO          593    .text.HAL_DMA_Abort  stm32wlxx_hal_dma.o
    0x08000eb4   0x08000eb4   0x00000066   Code   RO          595    .text.HAL_DMA_Abort_IT  stm32wlxx_hal_dma.o
    0x08000f1a   0x08000f1a   0x00000002   PAD
    0x08000f1c   0x08000f1c   0x00000088   Code   RO          585    .text.HAL_DMA_DeInit  stm32wlxx_hal_dma.o
    0x08000fa4   0x08000fa4   0x000000a0   Code   RO          599    .text.HAL_DMA_IRQHandler  stm32wlxx_hal_dma.o
    0x08001044   0x08001044   0x000000bc   Code   RO          579    .text.HAL_DMA_Init  stm32wlxx_hal_dma.o
    0x08001100   0x08001100   0x00000080   Code   RO          591    .text.HAL_DMA_Start_IT  stm32wlxx_hal_dma.o
    0x08001180   0x08001180   0x0000000c   Code   RO          111    .text.HAL_Delay     sys_app.o
    0x0800118c   0x0800118c   0x000000ec   Code   RO          557    .text.HAL_GPIO_DeInit  stm32wlxx_hal_gpio.o
    0x08001278   0x08001278   0x00000002   Code   RO          569    .text.HAL_GPIO_EXTI_Callback  stm32wlxx_hal_gpio.o
    0x0800127a   0x0800127a   0x00000002   PAD
    0x0800127c   0x0800127c   0x00000014   Code   RO          567    .text.HAL_GPIO_EXTI_IRQHandler  stm32wlxx_hal_gpio.o
    0x08001290   0x08001290   0x00000190   Code   RO          555    .text.HAL_GPIO_Init  stm32wlxx_hal_gpio.o
    0x08001420   0x08001420   0x0000000c   Code   RO          561    .text.HAL_GPIO_WritePin  stm32wlxx_hal_gpio.o
    0x0800142c   0x0800142c   0x00000004   Code   RO          109    .text.HAL_GetTick   sys_app.o
    0x08001430   0x08001430   0x00000028   Code   RO          803    .text.HAL_Init      stm32wlxx_hal.o
    0x08001458   0x08001458   0x00000004   Code   RO          107    .text.HAL_InitTick  sys_app.o
    0x0800145c   0x0800145c   0x00000002   Code   RO          271    .text.HAL_MspInit   stm32wlxx_hal_msp.o
    0x0800145e   0x0800145e   0x00000002   PAD
    0x08001460   0x08001460   0x00000024   Code   RO          763    .text.HAL_NVIC_DisableIRQ  stm32wlxx_hal_cortex.o
    0x08001484   0x08001484   0x0000001c   Code   RO          761    .text.HAL_NVIC_EnableIRQ  stm32wlxx_hal_cortex.o
    0x080014a0   0x080014a0   0x00000058   Code   RO          759    .text.HAL_NVIC_SetPriority  stm32wlxx_hal_cortex.o
    0x080014f8   0x080014f8   0x00000020   Code   RO          757    .text.HAL_NVIC_SetPriorityGrouping  stm32wlxx_hal_cortex.o
    0x08001518   0x08001518   0x0000000c   Code   RO          675    .text.HAL_PWREx_GetVoltageRange  stm32wlxx_hal_pwr_ex.o
    0x08001524   0x08001524   0x00000010   Code   RO          637    .text.HAL_PWR_EnableBkUpAccess  stm32wlxx_hal_pwr.o
    0x08001534   0x08001534   0x0000019c   Code   RO          454    .text.HAL_RCCEx_PeriphCLKConfig  stm32wlxx_hal_rcc_ex.o
    0x080016d0   0x080016d0   0x000001c0   Code   RO          419    .text.HAL_RCC_ClockConfig  stm32wlxx_hal_rcc.o
    0x08001890   0x08001890   0x00000020   Code   RO          417    .text.HAL_RCC_GetHCLKFreq  stm32wlxx_hal_rcc.o
    0x080018b0   0x080018b0   0x00000018   Code   RO          427    .text.HAL_RCC_GetPCLK1Freq  stm32wlxx_hal_rcc.o
    0x080018c8   0x080018c8   0x00000020   Code   RO          429    .text.HAL_RCC_GetPCLK2Freq  stm32wlxx_hal_rcc.o
    0x080018e8   0x080018e8   0x000000e8   Code   RO          423    .text.HAL_RCC_GetSysClockFreq  stm32wlxx_hal_rcc.o
    0x080019d0   0x080019d0   0x000005c8   Code   RO          413    .text.HAL_RCC_OscConfig  stm32wlxx_hal_rcc.o
    0x08001f98   0x08001f98   0x00000002   Code   RO         1027    .text.HAL_RTCEx_AlarmBEventCallback  stm32wlxx_hal_rtc_ex.o
    0x08001f9a   0x08001f9a   0x00000002   PAD
    0x08001f9c   0x08001f9c   0x00000008   Code   RO         1065    .text.HAL_RTCEx_BKUPRead  stm32wlxx_hal_rtc_ex.o
    0x08001fa4   0x08001fa4   0x0000000c   Code   RO         1063    .text.HAL_RTCEx_BKUPWrite  stm32wlxx_hal_rtc_ex.o
    0x08001fb0   0x08001fb0   0x0000002c   Code   RO         1011    .text.HAL_RTCEx_EnableBypassShadow  stm32wlxx_hal_rtc_ex.o
    0x08001fdc   0x08001fdc   0x00000010   Code   RO          172    .text.HAL_RTCEx_SSRUEventCallback  timer_if.o
    0x08001fec   0x08001fec   0x0000001c   Code   RO         1023    .text.HAL_RTCEx_SSRUIRQHandler  stm32wlxx_hal_rtc_ex.o
    0x08002008   0x08002008   0x00000038   Code   RO         1019    .text.HAL_RTCEx_SetSSRU_IT  stm32wlxx_hal_rtc_ex.o
    0x08002040   0x08002040   0x00000004   Code   RO          170    .text.HAL_RTC_AlarmAEventCallback  timer_if.o
    0x08002044   0x08002044   0x00000034   Code   RO          947    .text.HAL_RTC_AlarmIRQHandler  stm32wlxx_hal_rtc.o
    0x08002078   0x08002078   0x00000074   Code   RO          943    .text.HAL_RTC_DeactivateAlarm  stm32wlxx_hal_rtc.o
    0x080020ec   0x080020ec   0x00000090   Code   RO          905    .text.HAL_RTC_Init  stm32wlxx_hal_rtc.o
    0x0800217c   0x0800217c   0x00000078   Code   RO           49    .text.HAL_RTC_MspInit  rtc.o
    0x080021f4   0x080021f4   0x00000148   Code   RO          941    .text.HAL_RTC_SetAlarm_IT  stm32wlxx_hal_rtc.o
    0x0800233c   0x0800233c   0x00000030   Code   RO          953    .text.HAL_RTC_WaitForSynchro  stm32wlxx_hal_rtc.o
    0x0800236c   0x0800236c   0x0000001c   Code   RO         1470    .text.HAL_SUBGHZ_CADStatusCallback  radio_driver.o
    0x08002388   0x08002388   0x00000008   Code   RO         1468    .text.HAL_SUBGHZ_CRCErrorCallback  radio_driver.o
    0x08002390   0x08002390   0x00000080   Code   RO         1105    .text.HAL_SUBGHZ_ExecGetCmd  stm32wlxx_hal_subghz.o
    0x08002410   0x08002410   0x00000084   Code   RO         1103    .text.HAL_SUBGHZ_ExecSetCmd  stm32wlxx_hal_subghz.o
    0x08002494   0x08002494   0x00000008   Code   RO         1474    .text.HAL_SUBGHZ_HeaderErrorCallback  radio_driver.o
    0x0800249c   0x0800249c   0x00000008   Code   RO         1480    .text.HAL_SUBGHZ_HeaderValidCallback  radio_driver.o
    0x080024a4   0x080024a4   0x0000008e   Code   RO         1111    .text.HAL_SUBGHZ_IRQHandler  stm32wlxx_hal_subghz.o
    0x08002532   0x08002532   0x00000002   PAD
    0x08002534   0x08002534   0x000000a0   Code   RO         1075    .text.HAL_SUBGHZ_Init  stm32wlxx_hal_subghz.o
    0x080025d4   0x080025d4   0x00000030   Code   RO           64    .text.HAL_SUBGHZ_MspInit  subghz.o
    0x08002604   0x08002604   0x00000008   Code   RO         1476    .text.HAL_SUBGHZ_PreambleDetectedCallback  radio_driver.o
    0x0800260c   0x0800260c   0x00000084   Code   RO         1109    .text.HAL_SUBGHZ_ReadBuffer  stm32wlxx_hal_subghz.o
    0x08002690   0x08002690   0x00000090   Code   RO         1095    .text.HAL_SUBGHZ_ReadRegisters  stm32wlxx_hal_subghz.o
    0x08002720   0x08002720   0x00000008   Code   RO         1466    .text.HAL_SUBGHZ_RxCpltCallback  radio_driver.o
    0x08002728   0x08002728   0x0000000c   Code   RO         1472    .text.HAL_SUBGHZ_RxTxTimeoutCallback  radio_driver.o
    0x08002734   0x08002734   0x0000000c   Code   RO         1478    .text.HAL_SUBGHZ_SyncWordValidCallback  radio_driver.o
    0x08002740   0x08002740   0x0000000c   Code   RO         1464    .text.HAL_SUBGHZ_TxCpltCallback  radio_driver.o
    0x0800274c   0x0800274c   0x00000080   Code   RO         1107    .text.HAL_SUBGHZ_WriteBuffer  stm32wlxx_hal_subghz.o
    0x080027cc   0x080027cc   0x0000008c   Code   RO         1087    .text.HAL_SUBGHZ_WriteRegisters  stm32wlxx_hal_subghz.o
    0x08002858   0x08002858   0x00000036   Code   RO         1313    .text.HAL_UARTEx_DisableFifoMode  stm32wlxx_hal_uart_ex.o
    0x0800288e   0x0800288e   0x00000030   Code   RO         1305    .text.HAL_UARTEx_EnableStopMode  stm32wlxx_hal_uart_ex.o
    0x080028be   0x080028be   0x00000058   Code   RO         1321    .text.HAL_UARTEx_ReceiveToIdle_IT  stm32wlxx_hal_uart_ex.o
    0x08002916   0x08002916   0x00000002   PAD
    0x08002918   0x08002918   0x0000001c   Code   RO           12    .text.HAL_UARTEx_RxEventCallback  main.o
    0x08002934   0x08002934   0x00000002   Code   RO         1297    .text.HAL_UARTEx_RxFifoFullCallback  stm32wlxx_hal_uart_ex.o
    0x08002936   0x08002936   0x0000004a   Code   RO         1317    .text.HAL_UARTEx_SetRxFifoThreshold  stm32wlxx_hal_uart_ex.o
    0x08002980   0x08002980   0x0000004a   Code   RO         1315    .text.HAL_UARTEx_SetTxFifoThreshold  stm32wlxx_hal_uart_ex.o
    0x080029ca   0x080029ca   0x00000084   Code   RO         1303    .text.HAL_UARTEx_StopModeWakeUpSourceConfig  stm32wlxx_hal_uart_ex.o
    0x08002a4e   0x08002a4e   0x00000002   Code   RO         1299    .text.HAL_UARTEx_TxFifoEmptyCallback  stm32wlxx_hal_uart_ex.o
    0x08002a50   0x08002a50   0x00000002   Code   RO         1295    .text.HAL_UARTEx_WakeupCallback  stm32wlxx_hal_uart_ex.o
    0x08002a52   0x08002a52   0x00000002   Code   RO         1237    .text.HAL_UART_ErrorCallback  stm32wlxx_hal_uart.o
    0x08002a54   0x08002a54   0x00000310   Code   RO         1233    .text.HAL_UART_IRQHandler  stm32wlxx_hal_uart.o
    0x08002d64   0x08002d64   0x00000064   Code   RO         1145    .text.HAL_UART_Init  stm32wlxx_hal_uart.o
    0x08002dc8   0x08002dc8   0x00000034   Code   RO          218    .text.HAL_UART_MspDeInit  usart.o
    0x08002dfc   0x08002dfc   0x000000c0   Code   RO          216    .text.HAL_UART_MspInit  usart.o
    0x08002ebc   0x08002ebc   0x00000058   Code   RO         1181    .text.HAL_UART_Receive_IT  stm32wlxx_hal_uart.o
    0x08002f14   0x08002f14   0x0000002c   Code   RO          201    .text.HAL_UART_RxCpltCallback  usart_if.o
    0x08002f40   0x08002f40   0x0000009c   Code   RO         1185    .text.HAL_UART_Transmit_DMA  stm32wlxx_hal_uart.o
    0x08002fdc   0x08002fdc   0x0000000c   Code   RO          199    .text.HAL_UART_TxCpltCallback  usart_if.o
    0x08002fe8   0x08002fe8   0x00000002   Code   RO         1243    .text.HAL_UART_TxHalfCpltCallback  stm32wlxx_hal_uart.o
    0x08002fea   0x08002fea   0x00000002   Code   RO          232    .text.HardFault_Handler  stm32wlxx_it.o
    0x08002fec   0x08002fec   0x0000001c   Code   RO           37    .text.LL_AHB1_GRP1_EnableClock  dma.o
    0x08003008   0x08003008   0x0000001c   Code   RO          391    .text.LL_AHB2_GRP1_EnableClock  stm32wlxx_nucleo_radio.o
    0x08003024   0x08003024   0x00000020   Code   RO          456    .text.LL_RCC_SetI2CClockSource  stm32wlxx_hal_rcc_ex.o
    0x08003044   0x08003044   0x00000022   Code   RO           35    .text.MX_DMA_Init   dma.o
    0x08003066   0x08003066   0x00000002   PAD
    0x08003068   0x08003068   0x00000070   Code   RO           47    .text.MX_RTC_Init   rtc.o
    0x080030d8   0x080030d8   0x0000001c   Code   RO           62    .text.MX_SUBGHZ_Init  subghz.o
    0x080030f4   0x080030f4   0x0000000e   Code   RO          279    .text.MX_SubGHz_Phy_Init  app_subghz_phy.o
    0x08003102   0x08003102   0x00000002   PAD
    0x08003104   0x08003104   0x00000068   Code   RO          214    .text.MX_USART1_UART_Init  usart.o
    0x0800316c   0x0800316c   0x00000002   Code   RO          234    .text.MemManage_Handler  stm32wlxx_it.o
    0x0800316e   0x0800316e   0x00000002   Code   RO          230    .text.NMI_Handler   stm32wlxx_it.o
    0x08003170   0x08003170   0x0000003c   Code   RO          294    .text.OnRxDone      subghz_phy_app.o
    0x080031ac   0x080031ac   0x00000008   Code   RO          300    .text.OnRxError     subghz_phy_app.o
    0x080031b4   0x080031b4   0x00000008   Code   RO          298    .text.OnRxTimeout   subghz_phy_app.o
    0x080031bc   0x080031bc   0x00000008   Code   RO          292    .text.OnTxDone      subghz_phy_app.o
    0x080031c4   0x080031c4   0x00000002   Code   RO          296    .text.OnTxTimeout   subghz_phy_app.o
    0x080031c6   0x080031c6   0x00000002   Code   RO          244    .text.PendSV_Handler  stm32wlxx_it.o
    0x080031c8   0x080031c8   0x00000004   Code   RO          328    .text.RBI_ConfigRFSwitch  radio_board_if.o
    0x080031cc   0x080031cc   0x00000004   Code   RO          330    .text.RBI_GetTxConfig  radio_board_if.o
    0x080031d0   0x080031d0   0x00000004   Code   RO          324    .text.RBI_Init      radio_board_if.o
    0x080031d4   0x080031d4   0x00000004   Code   RO          334    .text.RBI_IsDCDC    radio_board_if.o
    0x080031d8   0x080031d8   0x00000004   Code   RO          332    .text.RBI_IsTCXO    radio_board_if.o
    0x080031dc   0x080031dc   0x000000ac   Code   RO          415    .text.RCC_SetFlashLatencyFromMSIRange  stm32wlxx_hal_rcc.o
    0x08003288   0x08003288   0x00000002   Code   RO         1502    .text.RFW_DeInit    radio_fw.o
    0x0800328a   0x0800328a   0x00000002   Code   RO         1514    .text.RFW_DeInit_TxLongPacket  radio_fw.o
    0x0800328c   0x0800328c   0x00000006   Code   RO         1500    .text.RFW_Init      radio_fw.o
    0x08003292   0x08003292   0x00000004   Code   RO         1504    .text.RFW_Is_Init   radio_fw.o
    0x08003296   0x08003296   0x00000004   Code   RO         1506    .text.RFW_Is_LongPacketModeEnabled  radio_fw.o
    0x0800329a   0x0800329a   0x00000006   Code   RO         1512    .text.RFW_ReceiveInit  radio_fw.o
    0x080032a0   0x080032a0   0x00000006   Code   RO         1498    .text.RFW_ReceiveLongPacket  radio_fw.o
    0x080032a6   0x080032a6   0x00000002   Code   RO         1516    .text.RFW_ReceivePayload  radio_fw.o
    0x080032a8   0x080032a8   0x00000002   Code   RO         1508    .text.RFW_SetAntSwitch  radio_fw.o
    0x080032aa   0x080032aa   0x00000002   Code   RO         1518    .text.RFW_SetRadioModem  radio_fw.o
    0x080032ac   0x080032ac   0x00000006   Code   RO         1510    .text.RFW_TransmitInit  radio_fw.o
    0x080032b2   0x080032b2   0x00000006   Code   RO         1496    .text.RFW_TransmitLongPacket  radio_fw.o
    0x080032b8   0x080032b8   0x0000002c   Code   RO          302    .text.RF_Send       subghz_phy_app.o
    0x080032e4   0x080032e4   0x00000014   Code   RO          308    .text.RF_SetChan    subghz_phy_app.o
    0x080032f8   0x080032f8   0x00000010   Code   RO         1590    .text.RF_SetPower   radio.o
    0x08003308   0x08003308   0x0000000c   Code   RO          254    .text.RTC_Alarm_IRQHandler  stm32wlxx_it.o
    0x08003314   0x08003314   0x00000022   Code   RO          919    .text.RTC_ByteToBcd2  stm32wlxx_hal_rtc.o
    0x08003336   0x08003336   0x00000002   PAD
    0x08003338   0x08003338   0x00000044   Code   RO          909    .text.RTC_EnterInitMode  stm32wlxx_hal_rtc.o
    0x0800337c   0x0800337c   0x0000004c   Code   RO          911    .text.RTC_ExitInitMode  stm32wlxx_hal_rtc.o
    0x080033c8   0x080033c8   0x00000004   Code   RO         1544    .text.RadioCheckRfFrequency  radio.o
    0x080033cc   0x080033cc   0x00000028   Code   RO         1530    .text.RadioGetStatus  radio.o
    0x080033f4   0x080033f4   0x0000000a   Code   RO         1574    .text.RadioGetWakeupTime  radio.o
    0x080033fe   0x080033fe   0x00000002   PAD
    0x08003400   0x08003400   0x00000088   Code   RO         1528    .text.RadioInit     radio.o
    0x08003488   0x08003488   0x00000254   Code   RO         1576    .text.RadioIrqProcess  radio.o
    0x080036dc   0x080036dc   0x0000007e   Code   RO         1536    .text.RadioIsChannelFree  radio.o
    0x0800375a   0x0800375a   0x00000002   PAD
    0x0800375c   0x0800375c   0x00000010   Code   RO         1592    .text.RadioOnDioIrq  radio.o
    0x0800376c   0x0800376c   0x00000010   Code   RO         1596    .text.RadioOnRxTimeoutIrq  radio.o
    0x0800377c   0x0800377c   0x00000014   Code   RO         1594    .text.RadioOnTxTimeoutIrq  radio.o
    0x08003790   0x08003790   0x0000001c   Code   RO         1538    .text.RadioRandom   radio.o
    0x080037ac   0x080037ac   0x00000004   Code   RO         1564    .text.RadioRead     radio.o
    0x080037b0   0x080037b0   0x00000004   Code   RO         1568    .text.RadioReadRegisters  radio.o
    0x080037b4   0x080037b4   0x00000008   Code   RO         1560    .text.RadioRssi     radio.o
    0x080037bc   0x080037bc   0x0000005c   Code   RO         1554    .text.RadioRx       radio.o
    0x08003818   0x08003818   0x0000005c   Code   RO         1578    .text.RadioRxBoosted  radio.o
    0x08003874   0x08003874   0x000001dc   Code   RO         1548    .text.RadioSend     radio.o
    0x08003a50   0x08003a50   0x00000004   Code   RO         1534    .text.RadioSetChannel  radio.o
    0x08003a54   0x08003a54   0x00000028   Code   RO         1570    .text.RadioSetMaxPayloadLength  radio.o
    0x08003a7c   0x08003a7c   0x00000050   Code   RO         1532    .text.RadioSetModem  radio.o
    0x08003acc   0x08003acc   0x00000038   Code   RO         1572    .text.RadioSetPublicNetwork  radio.o
    0x08003b04   0x08003b04   0x000002bc   Code   RO         1540    .text.RadioSetRxConfig  radio.o
    0x08003dc0   0x08003dc0   0x00000024   Code   RO         1580    .text.RadioSetRxDutyCycle  radio.o
    0x08003de4   0x08003de4   0x00000208   Code   RO         1586    .text.RadioSetRxGenericConfig  radio.o
    0x08003fec   0x08003fec   0x00000188   Code   RO         1542    .text.RadioSetTxConfig  radio.o
    0x08004174   0x08004174   0x00000038   Code   RO         1558    .text.RadioSetTxContinuousWave  radio.o
    0x080041ac   0x080041ac   0x000001c0   Code   RO         1588    .text.RadioSetTxGenericConfig  radio.o
    0x0800436c   0x0800436c   0x00000012   Code   RO         1550    .text.RadioSleep    radio.o
    0x0800437e   0x0800437e   0x00000006   Code   RO         1552    .text.RadioStandby  radio.o
    0x08004384   0x08004384   0x0000002c   Code   RO         1556    .text.RadioStartCad  radio.o
    0x080043b0   0x080043b0   0x00000148   Code   RO         1546    .text.RadioTimeOnAir  radio.o
    0x080044f8   0x080044f8   0x00000014   Code   RO         1584    .text.RadioTxCw     radio.o
    0x0800450c   0x0800450c   0x00000030   Code   RO         1582    .text.RadioTxPrbs   radio.o
    0x0800453c   0x0800453c   0x00000004   Code   RO         1562    .text.RadioWrite    radio.o
    0x08004540   0x08004540   0x00000004   Code   RO         1566    .text.RadioWriteRegisters  radio.o
    0x08004544   0x08004544   0x0000002a   Code   RO         1352    .text.Radio_SMPS_Set  radio_driver.o
    0x0800456e   0x0800456e   0x00000002   PAD
    0x08004570   0x08004570   0x00000024   Code   RO         1079    .text.SUBGHZSPI_Init  stm32wlxx_hal_subghz.o
    0x08004594   0x08004594   0x00000060   Code   RO         1097    .text.SUBGHZSPI_Receive  stm32wlxx_hal_subghz.o
    0x080045f4   0x080045f4   0x00000060   Code   RO         1091    .text.SUBGHZSPI_Transmit  stm32wlxx_hal_subghz.o
    0x08004654   0x08004654   0x00000040   Code   RO         1089    .text.SUBGHZ_CheckDeviceReady  stm32wlxx_hal_subghz.o
    0x08004694   0x08004694   0x00000008   Code   RO          256    .text.SUBGHZ_Radio_IRQHandler  stm32wlxx_it.o
    0x0800469c   0x0800469c   0x00000044   Code   RO         1093    .text.SUBGHZ_WaitOnBusy  stm32wlxx_hal_subghz.o
    0x080046e0   0x080046e0   0x00000018   Code   RO         1360    .text.SUBGRF_Calibrate  radio_driver.o
    0x080046f8   0x080046f8   0x00000078   Code   RO         1420    .text.SUBGRF_CalibrateImage  radio_driver.o
    0x08004770   0x08004770   0x0000007c   Code   RO         1484    .text.SUBGRF_GetCFO  radio_driver.o
    0x080047ec   0x080047ec   0x00000024   Code   RO         1482    .text.SUBGRF_GetFskBandwidthRegValue  radio_driver.o
    0x08004810   0x08004810   0x00000008   Code   RO         1362    .text.SUBGRF_GetOperatingMode  radio_driver.o
    0x08004818   0x08004818   0x00000070   Code   RO         1450    .text.SUBGRF_GetPacketStatus  radio_driver.o
    0x08004888   0x08004888   0x00000030   Code   RO         1368    .text.SUBGRF_GetPayload  radio_driver.o
    0x080048b8   0x080048b8   0x00000004   Code   RO         1462    .text.SUBGRF_GetRadioWakeUpTime  radio_driver.o
    0x080048bc   0x080048bc   0x00000064   Code   RO         1392    .text.SUBGRF_GetRandom  radio_driver.o
    0x08004920   0x08004920   0x00000018   Code   RO         1448    .text.SUBGRF_GetRssiInst  radio_driver.o
    0x08004938   0x08004938   0x00000038   Code   RO         1370    .text.SUBGRF_GetRxBufferStatus  radio_driver.o
    0x08004970   0x08004970   0x00000060   Code   RO         1350    .text.SUBGRF_Init   radio_driver.o
    0x080049d0   0x080049d0   0x00000020   Code   RO         1372    .text.SUBGRF_ReadBuffer  radio_driver.o
    0x080049f0   0x080049f0   0x00000020   Code   RO         1430    .text.SUBGRF_ReadCommand  radio_driver.o
    0x08004a10   0x08004a10   0x00000018   Code   RO         1390    .text.SUBGRF_ReadRegister  radio_driver.o
    0x08004a28   0x08004a28   0x00000024   Code   RO         1396    .text.SUBGRF_ReadRegisters  radio_driver.o
    0x08004a4c   0x08004a4c   0x00000012   Code   RO         1374    .text.SUBGRF_SendPayload  radio_driver.o
    0x08004a5e   0x08004a5e   0x00000018   Code   RO         1444    .text.SUBGRF_SetBufferBaseAddress  radio_driver.o
    0x08004a76   0x08004a76   0x00000002   PAD
    0x08004a78   0x08004a78   0x00000014   Code   RO         1408    .text.SUBGRF_SetCad  radio_driver.o
    0x08004a8c   0x08004a8c   0x00000020   Code   RO         1386    .text.SUBGRF_SetCrcPolynomial  radio_driver.o
    0x08004aac   0x08004aac   0x00000024   Code   RO         1382    .text.SUBGRF_SetCrcSeed  radio_driver.o
    0x08004ad0   0x08004ad0   0x00000036   Code   RO         1426    .text.SUBGRF_SetDioIrqParams  radio_driver.o
    0x08004b06   0x08004b06   0x0000003a   Code   RO         1416    .text.SUBGRF_SetLoRaSymbNumTimeout  radio_driver.o
    0x08004b40   0x08004b40   0x000000cc   Code   RO         1438    .text.SUBGRF_SetModulationParams  radio_driver.o
    0x08004c0c   0x08004c0c   0x0000001e   Code   RO         1422    .text.SUBGRF_SetPaConfig  radio_driver.o
    0x08004c2a   0x08004c2a   0x00000002   PAD
    0x08004c2c   0x08004c2c   0x000000c8   Code   RO         1440    .text.SUBGRF_SetPacketParams  radio_driver.o
    0x08004cf4   0x08004cf4   0x00000024   Code   RO         1434    .text.SUBGRF_SetPacketType  radio_driver.o
    0x08004d18   0x08004d18   0x0000000a   Code   RO         1364    .text.SUBGRF_SetPayload  radio_driver.o
    0x08004d22   0x08004d22   0x0000001c   Code   RO         1418    .text.SUBGRF_SetRegulatorMode  radio_driver.o
    0x08004d3e   0x08004d3e   0x00000002   PAD
    0x08004d40   0x08004d40   0x00000034   Code   RO         1432    .text.SUBGRF_SetRfFrequency  radio_driver.o
    0x08004d74   0x08004d74   0x00000028   Code   RO         1460    .text.SUBGRF_SetRfTxPower  radio_driver.o
    0x08004d9c   0x08004d9c   0x00000028   Code   RO         1394    .text.SUBGRF_SetRx  radio_driver.o
    0x08004dc4   0x08004dc4   0x00000034   Code   RO         1404    .text.SUBGRF_SetRxBoosted  radio_driver.o
    0x08004df8   0x08004df8   0x00000038   Code   RO         1406    .text.SUBGRF_SetRxDutyCycle  radio_driver.o
    0x08004e30   0x08004e30   0x00000030   Code   RO         1398    .text.SUBGRF_SetSleep  radio_driver.o
    0x08004e60   0x08004e60   0x00000024   Code   RO         1354    .text.SUBGRF_SetStandby  radio_driver.o
    0x08004e84   0x08004e84   0x00000014   Code   RO         1414    .text.SUBGRF_SetStopRxTimerOnPreambleDetect  radio_driver.o
    0x08004e98   0x08004e98   0x0000002c   Code   RO         1458    .text.SUBGRF_SetSwitch  radio_driver.o
    0x08004ec4   0x08004ec4   0x00000012   Code   RO         1378    .text.SUBGRF_SetSyncWord  radio_driver.o
    0x08004ed6   0x08004ed6   0x00000026   Code   RO         1356    .text.SUBGRF_SetTcxoMode  radio_driver.o
    0x08004efc   0x08004efc   0x0000002c   Code   RO         1376    .text.SUBGRF_SetTx  radio_driver.o
    0x08004f28   0x08004f28   0x0000000a   Code   RO         1410    .text.SUBGRF_SetTxContinuousWave  radio_driver.o
    0x08004f32   0x08004f32   0x0000000a   Code   RO         1412    .text.SUBGRF_SetTxInfinitePreamble  radio_driver.o
    0x08004f3c   0x08004f3c   0x00000080   Code   RO         1436    .text.SUBGRF_SetTxParams  radio_driver.o
    0x08004fbc   0x08004fbc   0x00000038   Code   RO         1388    .text.SUBGRF_SetWhiteningSeed  radio_driver.o
    0x08004ff4   0x08004ff4   0x00000020   Code   RO         1366    .text.SUBGRF_WriteBuffer  radio_driver.o
    0x08005014   0x08005014   0x00000020   Code   RO         1400    .text.SUBGRF_WriteCommand  radio_driver.o
    0x08005034   0x08005034   0x00000018   Code   RO         1358    .text.SUBGRF_WriteRegister  radio_driver.o
    0x0800504c   0x0800504c   0x00000024   Code   RO         1380    .text.SUBGRF_WriteRegisters  radio_driver.o
    0x08005070   0x08005070   0x00000002   Code   RO          240    .text.SVC_Handler   stm32wlxx_it.o
    0x08005072   0x08005072   0x00000002   PAD
    0x08005074   0x08005074   0x00000134   Code   RO          290    .text.SubghzApp_Init  subghz_phy_app.o
    0x080051a8   0x080051a8   0x00000002   Code   RO          246    .text.SysTick_Handler  stm32wlxx_it.o
    0x080051aa   0x080051aa   0x00000002   PAD
    0x080051ac   0x080051ac   0x0000002c   Code   RO         1687    .text.SysTimeAdd    stm32_systime.o
    0x080051d8   0x080051d8   0x00000044   Code   RO         1693    .text.SysTimeGet    stm32_systime.o
    0x0800521c   0x0800521c   0x00000030   Code   RO           97    .text.SystemApp_Init  sys_app.o
    0x0800524c   0x0800524c   0x000000ac   Code   RO           20    .text.SystemClock_Config  main.o
    0x080052f8   0x080052f8   0x00000002   Code   RO         1334    .text.SystemInit    system_stm32wlxx.o
    0x080052fa   0x080052fa   0x00000002   PAD
    0x080052fc   0x080052fc   0x00000008   Code   RO          248    .text.TAMP_STAMP_LSECSS_SSRU_IRQHandler  stm32wlxx_it.o
    0x08005304   0x08005304   0x00000008   Code   RO          174    .text.TIMER_IF_BkUp_Read_MSBticks  timer_if.o
    0x0800530c   0x0800530c   0x00000008   Code   RO          158    .text.TIMER_IF_BkUp_Read_Seconds  timer_if.o
    0x08005314   0x08005314   0x00000008   Code   RO          162    .text.TIMER_IF_BkUp_Read_SubSeconds  timer_if.o
    0x0800531c   0x0800531c   0x0000000c   Code   RO          166    .text.TIMER_IF_BkUp_Write_MSBticks  timer_if.o
    0x08005328   0x08005328   0x0000000c   Code   RO          156    .text.TIMER_IF_BkUp_Write_Seconds  timer_if.o
    0x08005334   0x08005334   0x0000000c   Code   RO          160    .text.TIMER_IF_BkUp_Write_SubSeconds  timer_if.o
    0x08005340   0x08005340   0x00000010   Code   RO          154    .text.TIMER_IF_Convert_Tick2ms  timer_if.o
    0x08005350   0x08005350   0x00000014   Code   RO          152    .text.TIMER_IF_Convert_ms2Tick  timer_if.o
    0x08005364   0x08005364   0x00000024   Code   RO          168    .text.TIMER_IF_DelayMs  timer_if.o
    0x08005388   0x08005388   0x00000004   Code   RO          150    .text.TIMER_IF_GetMinimumTimeout  timer_if.o
    0x0800538c   0x0800538c   0x00000028   Code   RO          164    .text.TIMER_IF_GetTime  timer_if.o
    0x080053b4   0x080053b4   0x00000008   Code   RO          144    .text.TIMER_IF_GetTimerContext  timer_if.o
    0x080053bc   0x080053bc   0x00000010   Code   RO          146    .text.TIMER_IF_GetTimerElapsedTime  timer_if.o
    0x080053cc   0x080053cc   0x00000014   Code   RO          148    .text.TIMER_IF_GetTimerValue  timer_if.o
    0x080053e0   0x080053e0   0x00000040   Code   RO          136    .text.TIMER_IF_Init  timer_if.o
    0x08005420   0x08005420   0x00000010   Code   RO          142    .text.TIMER_IF_SetTimerContext  timer_if.o
    0x08005430   0x08005430   0x0000004c   Code   RO          138    .text.TIMER_IF_StartTimer  timer_if.o
    0x0800547c   0x0800547c   0x00000028   Code   RO          140    .text.TIMER_IF_StopTimer  timer_if.o
    0x080054a4   0x080054a4   0x0000007c   Code   RO         1626    .text.TRACE_AllocateBufer  stm32_adv_trace.o
    0x08005520   0x08005520   0x00000018   Code   RO         1624    .text.TRACE_Lock    stm32_adv_trace.o
    0x08005538   0x08005538   0x0000007c   Code   RO         1630    .text.TRACE_Send    stm32_adv_trace.o
    0x080055b4   0x080055b4   0x00000090   Code   RO         1614    .text.TRACE_TxCpltCallback  stm32_adv_trace.o
    0x08005644   0x08005644   0x0000001c   Code   RO         1628    .text.TRACE_UnLock  stm32_adv_trace.o
    0x08005660   0x08005660   0x00000018   Code   RO         1796    .text.TimerExists   stm32_timer.o
    0x08005678   0x08005678   0x00000014   Code   RO         1798    .text.TimerInsertNewHeadTimer  stm32_timer.o
    0x0800568c   0x0800568c   0x00000024   Code   RO         1800    .text.TimerInsertTimer  stm32_timer.o
    0x080056b0   0x080056b0   0x00000038   Code   RO         1806    .text.TimerSetTimeout  stm32_timer.o
    0x080056e8   0x080056e8   0x00000024   Code   RO           99    .text.TimestampNow  sys_app.o
    0x0800570c   0x0800570c   0x00000044   Code   RO         1311    .text.UARTEx_SetNbDataToProcess  stm32wlxx_hal_uart_ex.o
    0x08005750   0x08005750   0x000000aa   Code   RO         1151    .text.UART_AdvFeatureConfig  stm32wlxx_hal_uart.o
    0x080057fa   0x080057fa   0x00000064   Code   RO         1153    .text.UART_CheckIdleState  stm32wlxx_hal_uart.o
    0x0800585e   0x0800585e   0x00000010   Code   RO         1235    .text.UART_DMAAbortOnError  stm32wlxx_hal_uart.o
    0x0800586e   0x0800586e   0x00000056   Code   RO         1191    .text.UART_DMAError  stm32wlxx_hal_uart.o
    0x080058c4   0x080058c4   0x0000003e   Code   RO         1187    .text.UART_DMATransmitCplt  stm32wlxx_hal_uart.o
    0x08005902   0x08005902   0x00000006   Code   RO         1189    .text.UART_DMATxHalfCplt  stm32wlxx_hal_uart.o
    0x08005908   0x08005908   0x00000054   Code   RO         1205    .text.UART_EndRxTransfer  stm32wlxx_hal_uart.o
    0x0800595c   0x0800595c   0x00000030   Code   RO         1203    .text.UART_EndTxTransfer  stm32wlxx_hal_uart.o
    0x0800598c   0x0800598c   0x0000009c   Code   RO         1275    .text.UART_RxISR_16BIT  stm32wlxx_hal_uart.o
    0x08005a28   0x08005a28   0x00000184   Code   RO         1271    .text.UART_RxISR_16BIT_FIFOEN  stm32wlxx_hal_uart.o
    0x08005bac   0x08005bac   0x0000009e   Code   RO         1277    .text.UART_RxISR_8BIT  stm32wlxx_hal_uart.o
    0x08005c4a   0x08005c4a   0x00000002   PAD
    0x08005c4c   0x08005c4c   0x00000184   Code   RO         1273    .text.UART_RxISR_8BIT_FIFOEN  stm32wlxx_hal_uart.o
    0x08005dd0   0x08005dd0   0x000001e4   Code   RO         1149    .text.UART_SetConfig  stm32wlxx_hal_uart.o
    0x08005fb4   0x08005fb4   0x000000fc   Code   RO         1183    .text.UART_Start_Receive_IT  stm32wlxx_hal_uart.o
    0x080060b0   0x080060b0   0x000000d2   Code   RO         1167    .text.UART_WaitOnFlagUntilTimeout  stm32wlxx_hal_uart.o
    0x08006182   0x08006182   0x00000002   PAD
    0x08006184   0x08006184   0x0000000c   Code   RO          252    .text.USART1_IRQHandler  stm32wlxx_it.o
    0x08006190   0x08006190   0x000000ac   Code   RO         1622    .text.UTIL_ADV_TRACE_COND_FSend  stm32_adv_trace.o
    0x0800623c   0x0800623c   0x00000030   Code   RO         1632    .text.UTIL_ADV_TRACE_FSend  stm32_adv_trace.o
    0x0800626c   0x0800626c   0x0000002c   Code   RO         1612    .text.UTIL_ADV_TRACE_Init  stm32_adv_trace.o
    0x08006298   0x08006298   0x00000008   Code   RO          105    .text.UTIL_ADV_TRACE_PostSendHook  sys_app.o
    0x080062a0   0x080062a0   0x00000008   Code   RO          103    .text.UTIL_ADV_TRACE_PreSendHook  sys_app.o
    0x080062a8   0x080062a8   0x00000008   Code   RO         1646    .text.UTIL_ADV_TRACE_RegisterTimeStampFunction  stm32_adv_trace.o
    0x080062b0   0x080062b0   0x00000050   Code   RO         1634    .text.UTIL_ADV_TRACE_Send  stm32_adv_trace.o
    0x08006300   0x08006300   0x0000000c   Code   RO         1648    .text.UTIL_ADV_TRACE_SetVerboseLevel  stm32_adv_trace.o
    0x0800630c   0x0800630c   0x00000030   Code   RO         1837    .text.UTIL_LPM_SetStopMode  stm32_lpm.o
    0x0800633c   0x0800633c   0x0000000e   Code   RO         1677    .text.UTIL_MEM_set_8  stm32_mem.o
    0x0800634a   0x0800634a   0x00000002   PAD
    0x0800634c   0x0800634c   0x00000034   Code   RO         1792    .text.UTIL_TIMER_Create  stm32_timer.o
    0x08006380   0x08006380   0x00000014   Code   RO         1820    .text.UTIL_TIMER_GetCurrentTime  stm32_timer.o
    0x08006394   0x08006394   0x00000020   Code   RO         1822    .text.UTIL_TIMER_GetElapsedTime  stm32_timer.o
    0x080063b4   0x080063b4   0x00000080   Code   RO         1818    .text.UTIL_TIMER_IRQ_Handler  stm32_timer.o
    0x08006434   0x08006434   0x0000000c   Code   RO         1788    .text.UTIL_TIMER_Init  stm32_timer.o
    0x08006440   0x08006440   0x00000030   Code   RO         1808    .text.UTIL_TIMER_SetPeriod  stm32_timer.o
    0x08006470   0x08006470   0x0000006c   Code   RO         1794    .text.UTIL_TIMER_Start  stm32_timer.o
    0x080064dc   0x080064dc   0x0000006c   Code   RO         1804    .text.UTIL_TIMER_Stop  stm32_timer.o
    0x08006548   0x08006548   0x00000002   Code   RO          238    .text.UsageFault_Handler  stm32wlxx_it.o
    0x0800654a   0x0800654a   0x00000002   PAD
    0x0800654c   0x0800654c   0x000000c8   Code   RO           18    .text.main          main.o
    0x08006614   0x08006614   0x00000028   Code   RO          113    .text.tiny_snprintf_like  sys_app.o
    0x0800663c   0x0800663c   0x000002bc   Code   RO         1729    .text.tiny_vsnprintf_like  stm32_tiny_vsnprintf.o
    0x080068f8   0x080068f8   0x00000028   Code   RO          189    .text.vcom_DeInit   usart_if.o
    0x08006920   0x08006920   0x00000024   Code   RO          187    .text.vcom_Init     usart_if.o
    0x08006944   0x08006944   0x00000044   Code   RO          191    .text.vcom_ReceiveInit  usart_if.o
    0x08006988   0x08006988   0x00000014   Code   RO          193    .text.vcom_Trace_DMA  usart_if.o
    0x0800699c   0x0800699c   0x0000002c   Code   RO         1936    locale$$code        c_wu.l(lc_ctype_c.o)
    0x080069c8   0x080069c8   0x00000006   Data   RO          443    .rodata..L__const.RCC_SetFlashLatency.FLASH_CLK_SRC_RANGE_VOS1  stm32wlxx_hal_rcc.o
    0x080069ce   0x080069ce   0x00000006   Data   RO          444    .rodata..L__const.RCC_SetFlashLatency.FLASH_CLK_SRC_RANGE_VOS2  stm32wlxx_hal_rcc.o
    0x080069d4   0x080069d4   0x0000000c   Data   RO          445    .rodata..L__const.RCC_SetFlashLatency.FLASH_LATENCY_RANGE  stm32wlxx_hal_rcc.o
    0x080069e0   0x080069e0   0x00000040   Data   RO         1339    .rodata.AHBPrescTable  system_stm32wlxx.o
    0x08006a20   0x08006a20   0x00000020   Data   RO         1340    .rodata.APBPrescTable  system_stm32wlxx.o
    0x08006a40   0x08006a40   0x0000000c   Data   RO         1599    .rodata.Bandwidths  radio.o
    0x08006a4c   0x08006a4c   0x000000b0   Data   RO         1486    .rodata.FskBandwidths  radio_driver.o
    0x08006afc   0x08006afc   0x00000040   Data   RO         1341    .rodata.MSIRangeTable  system_stm32wlxx.o
    0x08006b3c   0x08006b3c   0x00000084   Data   RO         1598    .rodata.Radio       radio.o
    0x08006bc0   0x08006bc0   0x00000018   Data   RO         1283    .rodata.UARTPrescTable  stm32wlxx_hal_uart.o
    0x08006bd8   0x08006bd8   0x00000014   Data   RO          177    .rodata.UTIL_SYSTIMDriver  timer_if.o
    0x08006bec   0x08006bec   0x0000002c   Data   RO          176    .rodata.UTIL_TimerDriver  timer_if.o
    0x08006c18   0x08006c18   0x00000010   Data   RO          203    .rodata.UTIL_TraceDriver  usart_if.o
    0x08006c28   0x08006c28   0x00000010   Data   RO         1284    .rodata.cst16       stm32wlxx_hal_uart.o
    0x08006c38   0x08006c38   0x00000010   Data   RO         1325    .rodata.cst8        stm32wlxx_hal_uart_ex.o
    0x08006c48   0x08006c48   0x00000007   Data   RO         1731    .rodata.str1.1      stm32_tiny_vsnprintf.o
    0x08006c4f   0x08006c4f   0x00000001   PAD
    0x08006c50   0x08006c50   0x00000020   Data   RO         2067    Region$$Table       anon$$obj.o
    0x08006c70   0x08006c70   0x00000110   Data   RO         1935    locale$$data        c_wu.l(lc_ctype_c.o)


    Execution Region RW_IRAM1 (Exec base: 0x20000000, Load base: 0x08006d80, Size: 0x00001270, Max: 0x00008000, ABSOLUTE)

    Exec Addr    Load Addr    Size         Type   Attr      Idx    E Section Name        Object

    0x20000000   0x08006d80   0x00000004   Data   RW           25    .data..L_MergedGlobals  main.o
    0x20000004   0x08006d84   0x00000008   Data   RW          870    .data..L_MergedGlobals  stm32wlxx_hal.o
    0x2000000c   0x08006d8c   0x00000001   Data   RW         1601    .data.MaxPayloadLength  radio.o
    0x2000000d   0x08006d8d   0x00000003   PAD
    0x20000010   0x08006d90   0x00000004   Data   RW         1338    .data.SystemCoreClock  system_stm32wlxx.o
    0x20000014   0x08006d94   0x00000004   PAD
    0x20000018        -       0x00000060   Zero   RW         1924    .bss                c_wu.l(libspace.o)
    0x20000078        -       0x00000008   Zero   RW          178    .bss..L_MergedGlobals  timer_if.o
    0x20000080        -       0x00000008   Zero   RW          205    .bss..L_MergedGlobals  usart_if.o
    0x20000088        -       0x00000018   Zero   RW         1487    .bss..L_MergedGlobals  radio_driver.o
    0x200000a0        -       0x0000003c   Zero   RW         1603    .bss..L_MergedGlobals  radio.o
    0x200000dc        -       0x00000008   Zero   RW         1845    .bss..L_MergedGlobals  stm32_lpm.o
    0x200000e4        -       0x00000068   Zero   RW           26    .bss..L_MergedGlobals.6  main.o
    0x2000014c        -       0x00000200   Zero   RW         1663    .bss.ADV_TRACE_Buffer  stm32_adv_trace.o
    0x2000034c        -       0x0000001c   Zero   RW         1662    .bss.ADV_TRACE_Ctx  stm32_adv_trace.o
    0x20000368        -       0x000000ff   Zero   RW          315    .bss.BufferRx       subghz_phy_app.o
    0x20000467        -       0x000000ff   Zero   RW         1602    .bss.RadioBuffer    radio.o
    0x20000566   0x08006d94   0x00000002   PAD
    0x20000568        -       0x0000001c   Zero   RW          313    .bss.RadioEvents    subghz_phy_app.o
    0x20000584        -       0x00000002   Zero   RW          310    .bss.RxBufferSize   subghz_phy_app.o
    0x20000586   0x08006d94   0x00000002   PAD
    0x20000588        -       0x00000098   Zero   RW         1600    .bss.SubgRf         radio.o
    0x20000620        -       0x00000004   Zero   RW         1824    .bss.TimerListHead  stm32_timer.o
    0x20000624        -       0x00000004   Zero   RW          204    .bss.TxCpltCallback  usart_if.o
    0x20000628        -       0x00000064   Zero   RW          221    .bss.hdma_usart1_tx  usart.o
    0x2000068c        -       0x0000003c   Zero   RW           53    .bss.hrtc           rtc.o
    0x200006c8        -       0x00000014   Zero   RW           68    .bss.hsubghz        subghz.o
    0x200006dc        -       0x00000090   Zero   RW          220    .bss.huart1         usart.o
    0x2000076c        -       0x00000001   Zero   RW          314    .bss.rf_send_done_flag  subghz_phy_app.o
    0x2000076d        -       0x00000100   Zero   RW         1664    .bss.sztmp          stm32_adv_trace.o
    0x2000086d   0x08006d94   0x00000003   PAD
    0x20000870        -       0x00000200   Zero   RW            3    HEAP                startup_stm32wle5xx.o
    0x20000a70        -       0x00000800   Zero   RW            2    STACK               startup_stm32wle5xx.o


    Execution Region RW_IRAM2 (Exec base: 0x20008000, Load base: 0x08006d98, Size: 0x00008000, Max: 0x00008000, ABSOLUTE)

    Exec Addr    Load Addr    Size         Type   Attr      Idx    E Section Name        Object

    0x20008000        -       0x00008000   Zero   RW            1    RW_IRAM2.bss        anon$$obj.o


==============================================================================

Image component sizes


      Code (inc. data)   RO Data    RW Data    ZI Data      Debug   Object Name

        14          0          0          0          0        522   app_subghz_phy.o
        62          4          0          0          0       3319   dma.o
       584        132          0          4        104       8041   main.o
      4488        268        144          1        467      27106   radio.o
        20          0          0          0          0       1405   radio_board_if.o
      2588        104        176          0         24      26517   radio_driver.o
        48          0          0          0          0       7198   radio_fw.o
       232         12          0          0         60       6593   rtc.o
        64         26        312          0       2560        812   startup_stm32wle5xx.o
       808         32          0          0        796      10554   stm32_adv_trace.o
        48          4          0          0          8       2737   stm32_lpm.o
        14          0          0          0          0       1392   stm32_mem.o
       112          8          0          0          0       6038   stm32_systime.o
       644         12          0          0          4       7511   stm32_timer.o
       700         84          7          0          0       3642   stm32_tiny_vsnprintf.o
        40          4          0          8          0      11155   stm32wlxx_hal.o
       184         20          0          0          0       9783   stm32wlxx_hal_cortex.o
       994         24          0          0          0       8006   stm32wlxx_hal_dma.o
       670         20          0          0          0       4642   stm32wlxx_hal_gpio.o
         2          0          0          0          0        401   stm32wlxx_hal_msp.o
        16          4          0          0          0       5216   stm32wlxx_hal_pwr.o
        12          0          0          0          0      10643   stm32wlxx_hal_pwr_ex.o
      2420         84         24          0          0      15373   stm32wlxx_hal_rcc.o
       444          8          0          0          0      13246   stm32wlxx_hal_rcc_ex.o
       866         32          0          0          0      12953   stm32wlxx_hal_rtc.o
       150          4          0          0          0      16573   stm32wlxx_hal_rtc_ex.o
      1466         52          0          0          0      14188   stm32wlxx_hal_subghz.o
      3740        146         40          0          0      32101   stm32wlxx_hal_uart.o
       544          8         16          0          0       9951   stm32wlxx_hal_uart_ex.o
        88         12          0          0          0       1920   stm32wlxx_it.o
       264         52          0          0          0       3430   stm32wlxx_nucleo_radio.o
        76          8          0          0         20       4421   subghz.o
       458        132          0          0        286       2867   subghz_phy_app.o
       160         20          0          0          0       3863   sys_app.o
         2          0          0          0          0       2719   sys_debug.o
         2          0        160          4          0       2440   system_stm32wlxx.o
       436         16         64          0          8       8540   timer_if.o
       348         24          0          0        244       8360   usart.o
       220         28         16          0         12       9176   usart_if.o

    ----------------------------------------------------------------------
     24076       1384        992         20      37372     325354   Object Totals
         0          0         32          0      32768          0   (incl. Generated)
        48          0          1          3         11          0   (incl. Padding)

    ----------------------------------------------------------------------

      Code (inc. data)   RO Data    RW Data    ZI Data      Debug   Library Member Name

        60          8          0          0          0         84   __0sscanf.o
         8          0          0          0          0         68   __main.o
         0          0          0          0          0          0   __rtentry.o
        12          0          0          0          0          0   __rtentry2.o
         6          0          0          0          0          0   __rtentry4.o
        52          8          0          0          0          0   __scatter.o
        26          0          0          0          0          0   __scatter_copy.o
        28          0          0          0          0          0   __scatter_zi.o
        28          0          0          0          0         68   _chval.o
       884          6          0          0          0        100   _scanf.o
       332          0          0          0          0         96   _scanf_int.o
        64          0          0          0          0         84   _sgetc.o
        18          0          0          0          0         80   exit.o
         6          0          0          0          0        152   heapauxi.o
         0          0          0          0          0          0   indicate_semi.o
        18          0          0          0          0         76   isspace.o
        44         10        272          0          0         76   lc_ctype_c.o
         2          0          0          0          0          0   libinit.o
        20          0          0          0          0          0   libinit2.o
         2          0          0          0          0          0   libshutdown.o
         2          0          0          0          0          0   libshutdown2.o
         8          4          0          0         96         68   libspace.o
       240          0          0          0          0        100   lludivv7m.o
        16          4          0          0          0         76   rt_ctype_table.o
         8          4          0          0          0         68   rt_locale_intlibspace.o
        78          0          0          0          0         80   rt_memclr_w.o
       138          0          0          0          0         68   rt_memcpy_v6.o
       100          0          0          0          0         80   rt_memcpy_w.o
         2          0          0          0          0          0   rtexit.o
        10          0          0          0          0          0   rtexit2.o
        44          8          0          0          0         84   scanf_char.o
       124          0          0          0          0         88   strcmpv7em.o
        62          0          0          0          0         76   strlen.o
       150          0          0          0          0         80   strncmp.o
        12          4          0          0          0         68   sys_exit.o
        74          0          0          0          0         80   sys_stackheap_outer.o
         2          0          0          0          0         68   use_no_semi.o

    ----------------------------------------------------------------------
      2692         56        272          0         96       1968   Library Totals
        12          0          0          0          0          0   (incl. Padding)

    ----------------------------------------------------------------------

      Code (inc. data)   RO Data    RW Data    ZI Data      Debug   Library Name

      2680         56        272          0         96       1968   c_wu.l

    ----------------------------------------------------------------------
      2692         56        272          0         96       1968   Library Totals

    ----------------------------------------------------------------------

==============================================================================


      Code (inc. data)   RO Data    RW Data    ZI Data      Debug   

     26768       1440       1264         20      37468     325738   Grand Totals
     26768       1440       1264         20      37468     325738   ELF Image Totals
     26768       1440       1264         20          0          0   ROM Totals

==============================================================================

    Total RO  Size (Code + RO Data)                28032 (  27.38kB)
    Total RW  Size (RW Data + ZI Data)             37488 (  36.61kB)
    Total ROM Size (Code + RO Data + RW Data)      28052 (  27.39kB)

==============================================================================

