<!doctype html public "-//w3c//dtd html 4.0 transitional//en">
<html><head>
<title>Static Call Graph - [PingPong\trans-400.axf]</title></head>
<body><HR>
<H1>Static Call Graph for image PingPong\trans-400.axf</H1><HR>
<BR><P>#&#060CALLGRAPH&#062# ARM Linker, 6140002: Last Updated: Fri May 20 09:30:10 2022
<BR><P>
<H3>Maximum Stack Usage =        424 bytes + Unknown(Functions without stacksize, Cycles, Untraceable Function Pointers)</H3><H3>
Call chain for Maximum Stack Depth:</H3>
__rt_entry_main &rArr; main &rArr; UTIL_ADV_TRACE_FSend &rArr; tiny_vsnprintf_like &rArr; strlen
<P>
<H3>
Functions with no stack information
</H3><UL>
 <LI><a href="#[b5]">__user_initial_stackheap</a>
</UL>
</UL>
<P>
<H3>
Mutually Recursive functions
</H3> <LI><a href="#[1c]">ADC_IRQHandler</a>&nbsp;&nbsp;&nbsp;&rArr;&nbsp;&nbsp;&nbsp;<a href="#[1c]">ADC_IRQHandler</a><BR>
 <LI><a href="#[4]">BusFault_Handler</a>&nbsp;&nbsp;&nbsp;&rArr;&nbsp;&nbsp;&nbsp;<a href="#[4]">BusFault_Handler</a><BR>
 <LI><a href="#[2]">HardFault_Handler</a>&nbsp;&nbsp;&nbsp;&rArr;&nbsp;&nbsp;&nbsp;<a href="#[2]">HardFault_Handler</a><BR>
 <LI><a href="#[3]">MemManage_Handler</a>&nbsp;&nbsp;&nbsp;&rArr;&nbsp;&nbsp;&nbsp;<a href="#[3]">MemManage_Handler</a><BR>
 <LI><a href="#[1]">NMI_Handler</a>&nbsp;&nbsp;&nbsp;&rArr;&nbsp;&nbsp;&nbsp;<a href="#[1]">NMI_Handler</a><BR>
 <LI><a href="#[5]">UsageFault_Handler</a>&nbsp;&nbsp;&nbsp;&rArr;&nbsp;&nbsp;&nbsp;<a href="#[5]">UsageFault_Handler</a><BR>
 <LI><a href="#[188]">UART_EndTxTransfer</a>&nbsp;&nbsp;&nbsp;&rArr;&nbsp;&nbsp;&nbsp;<a href="#[188]">UART_EndTxTransfer</a><BR>
 <LI><a href="#[16a]">UTIL_MEM_set_8</a>&nbsp;&nbsp;&nbsp;&rArr;&nbsp;&nbsp;&nbsp;<a href="#[16a]">UTIL_MEM_set_8</a><BR>
</UL>
<P>
<H3>
Function Pointers
</H3><UL>
 <LI><a href="#[1c]">ADC_IRQHandler</a> from startup_stm32wle5xx.o(.text) referenced from startup_stm32wle5xx.o(RESET)
 <LI><a href="#[3a]">AES_IRQHandler</a> from startup_stm32wle5xx.o(.text) referenced from startup_stm32wle5xx.o(RESET)
 <LI><a href="#[4]">BusFault_Handler</a> from stm32wlxx_it.o(.text.BusFault_Handler) referenced from startup_stm32wle5xx.o(RESET)
 <LI><a href="#[1e]">COMP_IRQHandler</a> from startup_stm32wle5xx.o(.text) referenced from startup_stm32wle5xx.o(RESET)
 <LI><a href="#[1d]">DAC_IRQHandler</a> from startup_stm32wle5xx.o(.text) referenced from startup_stm32wle5xx.o(RESET)
 <LI><a href="#[15]">DMA1_Channel1_IRQHandler</a> from stm32wlxx_it.o(.text.DMA1_Channel1_IRQHandler) referenced from startup_stm32wle5xx.o(RESET)
 <LI><a href="#[16]">DMA1_Channel2_IRQHandler</a> from startup_stm32wle5xx.o(.text) referenced from startup_stm32wle5xx.o(RESET)
 <LI><a href="#[17]">DMA1_Channel3_IRQHandler</a> from startup_stm32wle5xx.o(.text) referenced from startup_stm32wle5xx.o(RESET)
 <LI><a href="#[18]">DMA1_Channel4_IRQHandler</a> from startup_stm32wle5xx.o(.text) referenced from startup_stm32wle5xx.o(RESET)
 <LI><a href="#[19]">DMA1_Channel5_IRQHandler</a> from startup_stm32wle5xx.o(.text) referenced from startup_stm32wle5xx.o(RESET)
 <LI><a href="#[1a]">DMA1_Channel6_IRQHandler</a> from startup_stm32wle5xx.o(.text) referenced from startup_stm32wle5xx.o(RESET)
 <LI><a href="#[1b]">DMA1_Channel7_IRQHandler</a> from startup_stm32wle5xx.o(.text) referenced from startup_stm32wle5xx.o(RESET)
 <LI><a href="#[3d]">DMA2_Channel1_IRQHandler</a> from startup_stm32wle5xx.o(.text) referenced from startup_stm32wle5xx.o(RESET)
 <LI><a href="#[3e]">DMA2_Channel2_IRQHandler</a> from startup_stm32wle5xx.o(.text) referenced from startup_stm32wle5xx.o(RESET)
 <LI><a href="#[3f]">DMA2_Channel3_IRQHandler</a> from startup_stm32wle5xx.o(.text) referenced from startup_stm32wle5xx.o(RESET)
 <LI><a href="#[40]">DMA2_Channel4_IRQHandler</a> from startup_stm32wle5xx.o(.text) referenced from startup_stm32wle5xx.o(RESET)
 <LI><a href="#[41]">DMA2_Channel5_IRQHandler</a> from startup_stm32wle5xx.o(.text) referenced from startup_stm32wle5xx.o(RESET)
 <LI><a href="#[42]">DMA2_Channel6_IRQHandler</a> from startup_stm32wle5xx.o(.text) referenced from startup_stm32wle5xx.o(RESET)
 <LI><a href="#[43]">DMA2_Channel7_IRQHandler</a> from startup_stm32wle5xx.o(.text) referenced from startup_stm32wle5xx.o(RESET)
 <LI><a href="#[44]">DMAMUX1_OVR_IRQHandler</a> from startup_stm32wle5xx.o(.text) referenced from startup_stm32wle5xx.o(RESET)
 <LI><a href="#[7]">DebugMon_Handler</a> from stm32wlxx_it.o(.text.DebugMon_Handler) referenced from startup_stm32wle5xx.o(RESET)
 <LI><a href="#[10]">EXTI0_IRQHandler</a> from stm32wlxx_it.o(.text.EXTI0_IRQHandler) referenced from startup_stm32wle5xx.o(RESET)
 <LI><a href="#[32]">EXTI15_10_IRQHandler</a> from startup_stm32wle5xx.o(.text) referenced from startup_stm32wle5xx.o(RESET)
 <LI><a href="#[11]">EXTI1_IRQHandler</a> from stm32wlxx_it.o(.text.EXTI1_IRQHandler) referenced from startup_stm32wle5xx.o(RESET)
 <LI><a href="#[12]">EXTI2_IRQHandler</a> from startup_stm32wle5xx.o(.text) referenced from startup_stm32wle5xx.o(RESET)
 <LI><a href="#[13]">EXTI3_IRQHandler</a> from startup_stm32wle5xx.o(.text) referenced from startup_stm32wle5xx.o(RESET)
 <LI><a href="#[14]">EXTI4_IRQHandler</a> from stm32wlxx_it.o(.text.EXTI4_IRQHandler) referenced from startup_stm32wle5xx.o(RESET)
 <LI><a href="#[1f]">EXTI9_5_IRQHandler</a> from startup_stm32wle5xx.o(.text) referenced from startup_stm32wle5xx.o(RESET)
 <LI><a href="#[e]">FLASH_IRQHandler</a> from startup_stm32wle5xx.o(.text) referenced from startup_stm32wle5xx.o(RESET)
 <LI><a href="#[4e]">HAL_GPIO_Init</a> from stm32wlxx_hal_gpio.o(.text.HAL_GPIO_Init) referenced from stm32wlxx_lm401_radio.o(.text.BSP_RADIO_Init)
 <LI><a href="#[4c]">HAL_GPIO_WritePin</a> from stm32wlxx_hal_gpio.o(.text.HAL_GPIO_WritePin) referenced from stm32wlxx_lm401_radio.o(.text.BSP_RADIO_ConfigRFSwitch)
 <LI><a href="#[4c]">HAL_GPIO_WritePin</a> from stm32wlxx_hal_gpio.o(.text.HAL_GPIO_WritePin) referenced from stm32wlxx_lm401_radio.o(.text.BSP_RADIO_Init)
 <LI><a href="#[36]">HSEM_IRQHandler</a> from startup_stm32wle5xx.o(.text) referenced from startup_stm32wle5xx.o(RESET)
 <LI><a href="#[2]">HardFault_Handler</a> from stm32wlxx_it.o(.text.HardFault_Handler) referenced from startup_stm32wle5xx.o(RESET)
 <LI><a href="#[28]">I2C1_ER_IRQHandler</a> from startup_stm32wle5xx.o(.text) referenced from startup_stm32wle5xx.o(RESET)
 <LI><a href="#[27]">I2C1_EV_IRQHandler</a> from startup_stm32wle5xx.o(.text) referenced from startup_stm32wle5xx.o(RESET)
 <LI><a href="#[2a]">I2C2_ER_IRQHandler</a> from startup_stm32wle5xx.o(.text) referenced from startup_stm32wle5xx.o(RESET)
 <LI><a href="#[29]">I2C2_EV_IRQHandler</a> from startup_stm32wle5xx.o(.text) referenced from startup_stm32wle5xx.o(RESET)
 <LI><a href="#[38]">I2C3_ER_IRQHandler</a> from startup_stm32wle5xx.o(.text) referenced from startup_stm32wle5xx.o(RESET)
 <LI><a href="#[37]">I2C3_EV_IRQHandler</a> from startup_stm32wle5xx.o(.text) referenced from startup_stm32wle5xx.o(RESET)
 <LI><a href="#[4d]">LL_AHB2_GRP1_EnableClock</a> from stm32wlxx_lm401_radio.o(.text.LL_AHB2_GRP1_EnableClock) referenced from stm32wlxx_lm401_radio.o(.text.BSP_RADIO_Init)
 <LI><a href="#[30]">LPTIM1_IRQHandler</a> from startup_stm32wle5xx.o(.text) referenced from startup_stm32wle5xx.o(RESET)
 <LI><a href="#[31]">LPTIM2_IRQHandler</a> from startup_stm32wle5xx.o(.text) referenced from startup_stm32wle5xx.o(RESET)
 <LI><a href="#[34]">LPTIM3_IRQHandler</a> from startup_stm32wle5xx.o(.text) referenced from startup_stm32wle5xx.o(RESET)
 <LI><a href="#[2f]">LPUART1_IRQHandler</a> from startup_stm32wle5xx.o(.text) referenced from startup_stm32wle5xx.o(RESET)
 <LI><a href="#[3]">MemManage_Handler</a> from stm32wlxx_it.o(.text.MemManage_Handler) referenced from startup_stm32wle5xx.o(RESET)
 <LI><a href="#[1]">NMI_Handler</a> from stm32wlxx_it.o(.text.NMI_Handler) referenced from startup_stm32wle5xx.o(RESET)
 <LI><a href="#[5a]">OnRxDone</a> from subghz_phy_app.o(.text.OnRxDone) referenced from subghz_phy_app.o(.text.SubghzApp_Init)
 <LI><a href="#[5c]">OnRxError</a> from subghz_phy_app.o(.text.OnRxError) referenced from subghz_phy_app.o(.text.SubghzApp_Init)
 <LI><a href="#[5d]">OnRxTimeout</a> from subghz_phy_app.o(.text.OnRxTimeout) referenced from subghz_phy_app.o(.text.SubghzApp_Init)
 <LI><a href="#[5b]">OnTxDone</a> from subghz_phy_app.o(.text.OnTxDone) referenced from subghz_phy_app.o(.text.SubghzApp_Init)
 <LI><a href="#[5e]">OnTxTimeout</a> from subghz_phy_app.o(.text.OnTxTimeout) referenced from subghz_phy_app.o(.text.SubghzApp_Init)
 <LI><a href="#[3c]">PKA_IRQHandler</a> from startup_stm32wle5xx.o(.text) referenced from startup_stm32wle5xx.o(RESET)
 <LI><a href="#[b]">PVD_PVM_IRQHandler</a> from startup_stm32wle5xx.o(.text) referenced from startup_stm32wle5xx.o(RESET)
 <LI><a href="#[8]">PendSV_Handler</a> from stm32wlxx_it.o(.text.PendSV_Handler) referenced from startup_stm32wle5xx.o(RESET)
 <LI><a href="#[f]">RCC_IRQHandler</a> from startup_stm32wle5xx.o(.text) referenced from startup_stm32wle5xx.o(RESET)
 <LI><a href="#[86]">RFW_ReceiveLongPacket</a> from radio_fw.o(.text.RFW_ReceiveLongPacket) referenced from radio.o(.rodata.Radio)
 <LI><a href="#[85]">RFW_TransmitLongPacket</a> from radio_fw.o(.text.RFW_TransmitLongPacket) referenced from radio.o(.rodata.Radio)
 <LI><a href="#[3b]">RNG_IRQHandler</a> from startup_stm32wle5xx.o(.text) referenced from startup_stm32wle5xx.o(RESET)
 <LI><a href="#[33]">RTC_Alarm_IRQHandler</a> from stm32wlxx_it.o(.text.RTC_Alarm_IRQHandler) referenced from startup_stm32wle5xx.o(RESET)
 <LI><a href="#[4f]">RTC_ByteToBcd2</a> from stm32wlxx_hal_rtc.o(.text.RTC_ByteToBcd2) referenced from stm32wlxx_hal_rtc.o(.text.HAL_RTC_SetAlarm_IT)
 <LI><a href="#[d]">RTC_WKUP_IRQHandler</a> from startup_stm32wle5xx.o(.text) referenced from startup_stm32wle5xx.o(RESET)
 <LI><a href="#[6e]">RadioCheckRfFrequency</a> from radio.o(.text.RadioCheckRfFrequency) referenced from radio.o(.rodata.Radio)
 <LI><a href="#[67]">RadioGetStatus</a> from radio.o(.text.RadioGetStatus) referenced from radio.o(.rodata.Radio)
 <LI><a href="#[7d]">RadioGetWakeupTime</a> from radio.o(.text.RadioGetWakeupTime) referenced from radio.o(.rodata.Radio)
 <LI><a href="#[66]">RadioInit</a> from radio.o(.text.RadioInit) referenced from radio.o(.rodata.Radio)
 <LI><a href="#[7e]">RadioIrqProcess</a> from radio.o(.text.RadioIrqProcess) referenced from radio.o(.rodata.Radio)
 <LI><a href="#[6a]">RadioIsChannelFree</a> from radio.o(.text.RadioIsChannelFree) referenced from radio.o(.rodata.Radio)
 <LI><a href="#[55]">RadioOnDioIrq</a> from radio.o(.text.RadioOnDioIrq) referenced from radio.o(.text.RadioInit)
 <LI><a href="#[57]">RadioOnRxTimeoutIrq</a> from radio.o(.text.RadioOnRxTimeoutIrq) referenced from radio.o(.text.RadioInit)
 <LI><a href="#[56]">RadioOnTxTimeoutIrq</a> from radio.o(.text.RadioOnTxTimeoutIrq) referenced from radio.o(.text.RadioInit)
 <LI><a href="#[6b]">RadioRandom</a> from radio.o(.text.RadioRandom) referenced from radio.o(.rodata.Radio)
 <LI><a href="#[78]">RadioRead</a> from radio.o(.text.RadioRead) referenced from radio.o(.rodata.Radio)
 <LI><a href="#[7a]">RadioReadRegisters</a> from radio.o(.text.RadioReadRegisters) referenced from radio.o(.rodata.Radio)
 <LI><a href="#[76]">RadioRssi</a> from radio.o(.text.RadioRssi) referenced from radio.o(.rodata.Radio)
 <LI><a href="#[73]">RadioRx</a> from radio.o(.text.RadioRx) referenced from radio.o(.rodata.Radio)
 <LI><a href="#[7f]">RadioRxBoosted</a> from radio.o(.text.RadioRxBoosted) referenced from radio.o(.rodata.Radio)
 <LI><a href="#[70]">RadioSend</a> from radio.o(.text.RadioSend) referenced from radio.o(.rodata.Radio)
 <LI><a href="#[69]">RadioSetChannel</a> from radio.o(.text.RadioSetChannel) referenced from radio.o(.rodata.Radio)
 <LI><a href="#[7b]">RadioSetMaxPayloadLength</a> from radio.o(.text.RadioSetMaxPayloadLength) referenced from radio.o(.rodata.Radio)
 <LI><a href="#[68]">RadioSetModem</a> from radio.o(.text.RadioSetModem) referenced from radio.o(.rodata.Radio)
 <LI><a href="#[7c]">RadioSetPublicNetwork</a> from radio.o(.text.RadioSetPublicNetwork) referenced from radio.o(.rodata.Radio)
 <LI><a href="#[6c]">RadioSetRxConfig</a> from radio.o(.text.RadioSetRxConfig) referenced from radio.o(.rodata.Radio)
 <LI><a href="#[80]">RadioSetRxDutyCycle</a> from radio.o(.text.RadioSetRxDutyCycle) referenced from radio.o(.rodata.Radio)
 <LI><a href="#[83]">RadioSetRxGenericConfig</a> from radio.o(.text.RadioSetRxGenericConfig) referenced from radio.o(.rodata.Radio)
 <LI><a href="#[6d]">RadioSetTxConfig</a> from radio.o(.text.RadioSetTxConfig) referenced from radio.o(.rodata.Radio)
 <LI><a href="#[75]">RadioSetTxContinuousWave</a> from radio.o(.text.RadioSetTxContinuousWave) referenced from radio.o(.rodata.Radio)
 <LI><a href="#[84]">RadioSetTxGenericConfig</a> from radio.o(.text.RadioSetTxGenericConfig) referenced from radio.o(.rodata.Radio)
 <LI><a href="#[71]">RadioSleep</a> from radio.o(.text.RadioSleep) referenced from radio.o(.rodata.Radio)
 <LI><a href="#[72]">RadioStandby</a> from radio.o(.text.RadioStandby) referenced from radio.o(.rodata.Radio)
 <LI><a href="#[74]">RadioStartCad</a> from radio.o(.text.RadioStartCad) referenced from radio.o(.rodata.Radio)
 <LI><a href="#[6f]">RadioTimeOnAir</a> from radio.o(.text.RadioTimeOnAir) referenced from radio.o(.rodata.Radio)
 <LI><a href="#[82]">RadioTxCw</a> from radio.o(.text.RadioTxCw) referenced from radio.o(.rodata.Radio)
 <LI><a href="#[81]">RadioTxPrbs</a> from radio.o(.text.RadioTxPrbs) referenced from radio.o(.rodata.Radio)
 <LI><a href="#[77]">RadioWrite</a> from radio.o(.text.RadioWrite) referenced from radio.o(.rodata.Radio)
 <LI><a href="#[79]">RadioWriteRegisters</a> from radio.o(.text.RadioWriteRegisters) referenced from radio.o(.rodata.Radio)
 <LI><a href="#[0]">Reset_Handler</a> from startup_stm32wle5xx.o(.text) referenced from startup_stm32wle5xx.o(RESET)
 <LI><a href="#[2b]">SPI1_IRQHandler</a> from startup_stm32wle5xx.o(.text) referenced from startup_stm32wle5xx.o(RESET)
 <LI><a href="#[2c]">SPI2_IRQHandler</a> from startup_stm32wle5xx.o(.text) referenced from startup_stm32wle5xx.o(RESET)
 <LI><a href="#[35]">SUBGHZSPI_IRQHandler</a> from startup_stm32wle5xx.o(.text) referenced from startup_stm32wle5xx.o(RESET)
 <LI><a href="#[50]">SUBGHZSPI_Transmit</a> from stm32wlxx_hal_subghz.o(.text.SUBGHZSPI_Transmit) referenced from stm32wlxx_hal_subghz.o(.text.HAL_SUBGHZ_WriteRegisters)
 <LI><a href="#[39]">SUBGHZ_Radio_IRQHandler</a> from stm32wlxx_it.o(.text.SUBGHZ_Radio_IRQHandler) referenced from startup_stm32wle5xx.o(RESET)
 <LI><a href="#[59]">SUBGRF_ReadRegister</a> from radio_driver.o(.text.SUBGRF_ReadRegister) referenced from radio.o(.text.RadioSetRxConfig)
 <LI><a href="#[59]">SUBGRF_ReadRegister</a> from radio_driver.o(.text.SUBGRF_ReadRegister) referenced from radio_driver.o(.text.SUBGRF_GetCFO)
 <LI><a href="#[58]">SUBGRF_WriteRegister</a> from radio_driver.o(.text.SUBGRF_WriteRegister) referenced from radio.o(.text.RadioSend)
 <LI><a href="#[58]">SUBGRF_WriteRegister</a> from radio_driver.o(.text.SUBGRF_WriteRegister) referenced from radio.o(.text.RadioSetRxConfig)
 <LI><a href="#[58]">SUBGRF_WriteRegister</a> from radio_driver.o(.text.SUBGRF_WriteRegister) referenced from radio_driver.o(.text.SUBGRF_GetRandom)
 <LI><a href="#[6]">SVC_Handler</a> from stm32wlxx_it.o(.text.SVC_Handler) referenced from startup_stm32wle5xx.o(RESET)
 <LI><a href="#[9]">SysTick_Handler</a> from stm32wlxx_it.o(.text.SysTick_Handler) referenced from startup_stm32wle5xx.o(RESET)
 <LI><a href="#[45]">SystemInit</a> from system_stm32wlxx.o(.text.SystemInit) referenced from startup_stm32wle5xx.o(.text)
 <LI><a href="#[c]">TAMP_STAMP_LSECSS_SSRU_IRQHandler</a> from stm32wlxx_it.o(.text.TAMP_STAMP_LSECSS_SSRU_IRQHandler) referenced from startup_stm32wle5xx.o(RESET)
 <LI><a href="#[25]">TIM16_IRQHandler</a> from startup_stm32wle5xx.o(.text) referenced from startup_stm32wle5xx.o(RESET)
 <LI><a href="#[26]">TIM17_IRQHandler</a> from startup_stm32wle5xx.o(.text) referenced from startup_stm32wle5xx.o(RESET)
 <LI><a href="#[20]">TIM1_BRK_IRQHandler</a> from startup_stm32wle5xx.o(.text) referenced from startup_stm32wle5xx.o(RESET)
 <LI><a href="#[23]">TIM1_CC_IRQHandler</a> from startup_stm32wle5xx.o(.text) referenced from startup_stm32wle5xx.o(RESET)
 <LI><a href="#[22]">TIM1_TRG_COM_IRQHandler</a> from startup_stm32wle5xx.o(.text) referenced from startup_stm32wle5xx.o(RESET)
 <LI><a href="#[21]">TIM1_UP_IRQHandler</a> from startup_stm32wle5xx.o(.text) referenced from startup_stm32wle5xx.o(RESET)
 <LI><a href="#[24]">TIM2_IRQHandler</a> from startup_stm32wle5xx.o(.text) referenced from startup_stm32wle5xx.o(RESET)
 <LI><a href="#[88]">TIMER_IF_BkUp_Read_Seconds</a> from timer_if.o(.text.TIMER_IF_BkUp_Read_Seconds) referenced from timer_if.o(.rodata.UTIL_SYSTIMDriver)
 <LI><a href="#[8a]">TIMER_IF_BkUp_Read_SubSeconds</a> from timer_if.o(.text.TIMER_IF_BkUp_Read_SubSeconds) referenced from timer_if.o(.rodata.UTIL_SYSTIMDriver)
 <LI><a href="#[87]">TIMER_IF_BkUp_Write_Seconds</a> from timer_if.o(.text.TIMER_IF_BkUp_Write_Seconds) referenced from timer_if.o(.rodata.UTIL_SYSTIMDriver)
 <LI><a href="#[89]">TIMER_IF_BkUp_Write_SubSeconds</a> from timer_if.o(.text.TIMER_IF_BkUp_Write_SubSeconds) referenced from timer_if.o(.rodata.UTIL_SYSTIMDriver)
 <LI><a href="#[95]">TIMER_IF_Convert_Tick2ms</a> from timer_if.o(.text.TIMER_IF_Convert_Tick2ms) referenced from timer_if.o(.rodata.UTIL_TimerDriver)
 <LI><a href="#[94]">TIMER_IF_Convert_ms2Tick</a> from timer_if.o(.text.TIMER_IF_Convert_ms2Tick) referenced from timer_if.o(.rodata.UTIL_TimerDriver)
 <LI><a href="#[93]">TIMER_IF_GetMinimumTimeout</a> from timer_if.o(.text.TIMER_IF_GetMinimumTimeout) referenced from timer_if.o(.rodata.UTIL_TimerDriver)
 <LI><a href="#[8b]">TIMER_IF_GetTime</a> from timer_if.o(.text.TIMER_IF_GetTime) referenced from timer_if.o(.rodata.UTIL_SYSTIMDriver)
 <LI><a href="#[90]">TIMER_IF_GetTimerContext</a> from timer_if.o(.text.TIMER_IF_GetTimerContext) referenced from timer_if.o(.rodata.UTIL_TimerDriver)
 <LI><a href="#[91]">TIMER_IF_GetTimerElapsedTime</a> from timer_if.o(.text.TIMER_IF_GetTimerElapsedTime) referenced from timer_if.o(.rodata.UTIL_TimerDriver)
 <LI><a href="#[92]">TIMER_IF_GetTimerValue</a> from timer_if.o(.text.TIMER_IF_GetTimerValue) referenced from timer_if.o(.rodata.UTIL_TimerDriver)
 <LI><a href="#[8c]">TIMER_IF_Init</a> from timer_if.o(.text.TIMER_IF_Init) referenced from timer_if.o(.rodata.UTIL_TimerDriver)
 <LI><a href="#[8f]">TIMER_IF_SetTimerContext</a> from timer_if.o(.text.TIMER_IF_SetTimerContext) referenced from timer_if.o(.rodata.UTIL_TimerDriver)
 <LI><a href="#[8d]">TIMER_IF_StartTimer</a> from timer_if.o(.text.TIMER_IF_StartTimer) referenced from timer_if.o(.rodata.UTIL_TimerDriver)
 <LI><a href="#[8e]">TIMER_IF_StopTimer</a> from timer_if.o(.text.TIMER_IF_StopTimer) referenced from timer_if.o(.rodata.UTIL_TimerDriver)
 <LI><a href="#[65]">TRACE_TxCpltCallback</a> from stm32_adv_trace.o(.text.TRACE_TxCpltCallback) referenced from stm32_adv_trace.o(.text.UTIL_ADV_TRACE_Init)
 <LI><a href="#[60]">TimestampNow</a> from sys_app.o(.text.TimestampNow) referenced from sys_app.o(.text.SystemApp_Init)
 <LI><a href="#[51]">UART_DMAAbortOnError</a> from stm32wlxx_hal_uart.o(.text.UART_DMAAbortOnError) referenced from stm32wlxx_hal_uart.o(.text.HAL_UART_IRQHandler)
 <LI><a href="#[52]">UART_DMAError</a> from stm32wlxx_hal_uart.o(.text.UART_DMAError) referenced from stm32wlxx_hal_uart.o(.text.HAL_UART_Transmit_DMA)
 <LI><a href="#[54]">UART_DMATransmitCplt</a> from stm32wlxx_hal_uart.o(.text.UART_DMATransmitCplt) referenced from stm32wlxx_hal_uart.o(.text.HAL_UART_Transmit_DMA)
 <LI><a href="#[53]">UART_DMATxHalfCplt</a> from stm32wlxx_hal_uart.o(.text.UART_DMATxHalfCplt) referenced from stm32wlxx_hal_uart.o(.text.HAL_UART_Transmit_DMA)
 <LI><a href="#[61]">UART_RxISR_16BIT</a> from stm32wlxx_hal_uart.o(.text.UART_RxISR_16BIT) referenced from stm32wlxx_hal_uart.o(.text.UART_RxISR_16BIT_FIFOEN)
 <LI><a href="#[61]">UART_RxISR_16BIT</a> from stm32wlxx_hal_uart.o(.text.UART_RxISR_16BIT) referenced from stm32wlxx_hal_uart.o(.text.UART_Start_Receive_IT)
 <LI><a href="#[62]">UART_RxISR_16BIT_FIFOEN</a> from stm32wlxx_hal_uart.o(.text.UART_RxISR_16BIT_FIFOEN) referenced from stm32wlxx_hal_uart.o(.text.UART_Start_Receive_IT)
 <LI><a href="#[64]">UART_RxISR_8BIT</a> from stm32wlxx_hal_uart.o(.text.UART_RxISR_8BIT) referenced from stm32wlxx_hal_uart.o(.text.UART_Start_Receive_IT)
 <LI><a href="#[63]">UART_RxISR_8BIT_FIFOEN</a> from stm32wlxx_hal_uart.o(.text.UART_RxISR_8BIT_FIFOEN) referenced from stm32wlxx_hal_uart.o(.text.UART_Start_Receive_IT)
 <LI><a href="#[2d]">USART1_IRQHandler</a> from stm32wlxx_it.o(.text.USART1_IRQHandler) referenced from startup_stm32wle5xx.o(RESET)
 <LI><a href="#[2e]">USART2_IRQHandler</a> from startup_stm32wle5xx.o(.text) referenced from startup_stm32wle5xx.o(RESET)
 <LI><a href="#[5f]">UTIL_ADV_TRACE_COND_FSend</a> from stm32_adv_trace.o(.text.UTIL_ADV_TRACE_COND_FSend) referenced from subghz_phy_app.o(.text.SubghzApp_Init)
 <LI><a href="#[5]">UsageFault_Handler</a> from stm32wlxx_it.o(.text.UsageFault_Handler) referenced from startup_stm32wle5xx.o(RESET)
 <LI><a href="#[a]">WWDG_IRQHandler</a> from startup_stm32wle5xx.o(.text) referenced from startup_stm32wle5xx.o(RESET)
 <LI><a href="#[46]">__main</a> from __main.o(!!!main) referenced from startup_stm32wle5xx.o(.text)
 <LI><a href="#[4b]">_get_lc_ctype</a> from lc_ctype_c.o(locale$$code) referenced from rt_ctype_table.o(.text)
 <LI><a href="#[48]">_sbackspace</a> from _sgetc.o(.text) referenced from __0sscanf.o(.text)
 <LI><a href="#[49]">_scanf_char_input</a> from scanf_char.o(.text) referenced from scanf_char.o(.text)
 <LI><a href="#[47]">_sgetc</a> from _sgetc.o(.text) referenced from __0sscanf.o(.text)
 <LI><a href="#[4a]">isspace</a> from isspace.o(.text) referenced from scanf_char.o(.text)
 <LI><a href="#[97]">vcom_DeInit</a> from usart_if.o(.text.vcom_DeInit) referenced from usart_if.o(.rodata.UTIL_TraceDriver)
 <LI><a href="#[96]">vcom_Init</a> from usart_if.o(.text.vcom_Init) referenced from usart_if.o(.rodata.UTIL_TraceDriver)
 <LI><a href="#[98]">vcom_ReceiveInit</a> from usart_if.o(.text.vcom_ReceiveInit) referenced from usart_if.o(.rodata.UTIL_TraceDriver)
 <LI><a href="#[99]">vcom_Trace_DMA</a> from usart_if.o(.text.vcom_Trace_DMA) referenced from usart_if.o(.rodata.UTIL_TraceDriver)
</UL>
<P>
<H3>
Global Symbols
</H3>
<P><STRONG><a name="[46]"></a>__main</STRONG> (Thumb, 8 bytes, Stack size 0 bytes, __main.o(!!!main))
<BR><BR>[Calls]<UL><LI><a href="#[9b]">&gt;&gt;</a>&nbsp;&nbsp;&nbsp;__rt_entry
<LI><a href="#[9a]">&gt;&gt;</a>&nbsp;&nbsp;&nbsp;__scatterload
</UL>
<BR>[Address Reference Count : 1]<UL><LI> startup_stm32wle5xx.o(.text)
</UL>
<P><STRONG><a name="[9a]"></a>__scatterload</STRONG> (Thumb, 0 bytes, Stack size unknown bytes, __scatter.o(!!!scatter))
<BR><BR>[Called By]<UL><LI><a href="#[46]">&gt;&gt;</a>&nbsp;&nbsp;&nbsp;__main
</UL>

<P><STRONG><a name="[9c]"></a>__scatterload_rt2</STRONG> (Thumb, 44 bytes, Stack size unknown bytes, __scatter.o(!!!scatter), UNUSED)
<BR><BR>[Calls]<UL><LI><a href="#[9b]">&gt;&gt;</a>&nbsp;&nbsp;&nbsp;__rt_entry
</UL>

<P><STRONG><a name="[193]"></a>__scatterload_rt2_thumb_only</STRONG> (Thumb, 0 bytes, Stack size unknown bytes, __scatter.o(!!!scatter), UNUSED)

<P><STRONG><a name="[194]"></a>__scatterload_null</STRONG> (Thumb, 0 bytes, Stack size unknown bytes, __scatter.o(!!!scatter), UNUSED)

<P><STRONG><a name="[9d]"></a>__scatterload_copy</STRONG> (Thumb, 26 bytes, Stack size unknown bytes, __scatter_copy.o(!!handler_copy), UNUSED)
<BR><BR>[Calls]<UL><LI><a href="#[9d]">&gt;&gt;</a>&nbsp;&nbsp;&nbsp;__scatterload_copy
</UL>
<BR>[Called By]<UL><LI><a href="#[9d]">&gt;&gt;</a>&nbsp;&nbsp;&nbsp;__scatterload_copy
</UL>

<P><STRONG><a name="[195]"></a>__scatterload_zeroinit</STRONG> (Thumb, 28 bytes, Stack size unknown bytes, __scatter_zi.o(!!handler_zi), UNUSED)

<P><STRONG><a name="[a4]"></a>__rt_lib_init</STRONG> (Thumb, 0 bytes, Stack size unknown bytes, libinit.o(.ARM.Collect$$libinit$$00000000))
<BR><BR>[Called By]<UL><LI><a href="#[a3]">&gt;&gt;</a>&nbsp;&nbsp;&nbsp;__rt_entry_li
</UL>

<P><STRONG><a name="[196]"></a>__rt_lib_init_fp_1</STRONG> (Thumb, 0 bytes, Stack size unknown bytes, libinit2.o(.ARM.Collect$$libinit$$00000002))

<P><STRONG><a name="[197]"></a>__rt_lib_init_heap_1</STRONG> (Thumb, 0 bytes, Stack size unknown bytes, libinit2.o(.ARM.Collect$$libinit$$0000000A))

<P><STRONG><a name="[9e]"></a>__rt_lib_init_lc_common</STRONG> (Thumb, 0 bytes, Stack size unknown bytes, libinit2.o(.ARM.Collect$$libinit$$0000000F))
<BR><BR>[Calls]<UL><LI><a href="#[9f]">&gt;&gt;</a>&nbsp;&nbsp;&nbsp;__rt_locale
</UL>

<P><STRONG><a name="[198]"></a>__rt_lib_init_preinit_1</STRONG> (Thumb, 0 bytes, Stack size unknown bytes, libinit2.o(.ARM.Collect$$libinit$$00000004))

<P><STRONG><a name="[199]"></a>__rt_lib_init_rand_1</STRONG> (Thumb, 0 bytes, Stack size unknown bytes, libinit2.o(.ARM.Collect$$libinit$$0000000E))

<P><STRONG><a name="[19a]"></a>__rt_lib_init_user_alloc_1</STRONG> (Thumb, 0 bytes, Stack size unknown bytes, libinit2.o(.ARM.Collect$$libinit$$0000000C))

<P><STRONG><a name="[19b]"></a>__rt_lib_init_lc_collate_1</STRONG> (Thumb, 0 bytes, Stack size unknown bytes, libinit2.o(.ARM.Collect$$libinit$$00000011))

<P><STRONG><a name="[a0]"></a>__rt_lib_init_lc_ctype_2</STRONG> (Thumb, 0 bytes, Stack size unknown bytes, libinit2.o(.ARM.Collect$$libinit$$00000012))
<BR><BR>[Stack]<UL><LI>Max Depth = 16 + Unknown Stack Size
<LI>Call Chain = __rt_lib_init_lc_ctype_2 &rArr; _get_lc_ctype &rArr; strcmp
</UL>
<BR>[Calls]<UL><LI><a href="#[4b]">&gt;&gt;</a>&nbsp;&nbsp;&nbsp;_get_lc_ctype
</UL>

<P><STRONG><a name="[19c]"></a>__rt_lib_init_alloca_1</STRONG> (Thumb, 0 bytes, Stack size unknown bytes, libinit2.o(.ARM.Collect$$libinit$$0000002E))

<P><STRONG><a name="[19d]"></a>__rt_lib_init_argv_1</STRONG> (Thumb, 0 bytes, Stack size unknown bytes, libinit2.o(.ARM.Collect$$libinit$$0000002C))

<P><STRONG><a name="[19e]"></a>__rt_lib_init_atexit_1</STRONG> (Thumb, 0 bytes, Stack size unknown bytes, libinit2.o(.ARM.Collect$$libinit$$0000001B))

<P><STRONG><a name="[19f]"></a>__rt_lib_init_clock_1</STRONG> (Thumb, 0 bytes, Stack size unknown bytes, libinit2.o(.ARM.Collect$$libinit$$00000021))

<P><STRONG><a name="[1a0]"></a>__rt_lib_init_cpp_1</STRONG> (Thumb, 0 bytes, Stack size unknown bytes, libinit2.o(.ARM.Collect$$libinit$$00000032))

<P><STRONG><a name="[1a1]"></a>__rt_lib_init_exceptions_1</STRONG> (Thumb, 0 bytes, Stack size unknown bytes, libinit2.o(.ARM.Collect$$libinit$$00000030))

<P><STRONG><a name="[1a2]"></a>__rt_lib_init_fp_trap_1</STRONG> (Thumb, 0 bytes, Stack size unknown bytes, libinit2.o(.ARM.Collect$$libinit$$0000001F))

<P><STRONG><a name="[1a3]"></a>__rt_lib_init_getenv_1</STRONG> (Thumb, 0 bytes, Stack size unknown bytes, libinit2.o(.ARM.Collect$$libinit$$00000023))

<P><STRONG><a name="[1a4]"></a>__rt_lib_init_lc_ctype_1</STRONG> (Thumb, 0 bytes, Stack size unknown bytes, libinit2.o(.ARM.Collect$$libinit$$00000013))

<P><STRONG><a name="[1a5]"></a>__rt_lib_init_lc_monetary_1</STRONG> (Thumb, 0 bytes, Stack size unknown bytes, libinit2.o(.ARM.Collect$$libinit$$00000015))

<P><STRONG><a name="[1a6]"></a>__rt_lib_init_lc_numeric_1</STRONG> (Thumb, 0 bytes, Stack size unknown bytes, libinit2.o(.ARM.Collect$$libinit$$00000017))

<P><STRONG><a name="[1a7]"></a>__rt_lib_init_lc_time_1</STRONG> (Thumb, 0 bytes, Stack size unknown bytes, libinit2.o(.ARM.Collect$$libinit$$00000019))

<P><STRONG><a name="[1a8]"></a>__rt_lib_init_return</STRONG> (Thumb, 0 bytes, Stack size unknown bytes, libinit2.o(.ARM.Collect$$libinit$$00000033))

<P><STRONG><a name="[1a9]"></a>__rt_lib_init_signal_1</STRONG> (Thumb, 0 bytes, Stack size unknown bytes, libinit2.o(.ARM.Collect$$libinit$$0000001D))

<P><STRONG><a name="[1aa]"></a>__rt_lib_init_stdio_1</STRONG> (Thumb, 0 bytes, Stack size unknown bytes, libinit2.o(.ARM.Collect$$libinit$$00000025))

<P><STRONG><a name="[a9]"></a>__rt_lib_shutdown</STRONG> (Thumb, 0 bytes, Stack size unknown bytes, libshutdown.o(.ARM.Collect$$libshutdown$$00000000))
<BR><BR>[Called By]<UL><LI><a href="#[a8]">&gt;&gt;</a>&nbsp;&nbsp;&nbsp;__rt_exit_ls
</UL>

<P><STRONG><a name="[1ab]"></a>__rt_lib_shutdown_cpp_1</STRONG> (Thumb, 0 bytes, Stack size unknown bytes, libshutdown2.o(.ARM.Collect$$libshutdown$$00000002))

<P><STRONG><a name="[1ac]"></a>__rt_lib_shutdown_fp_trap_1</STRONG> (Thumb, 0 bytes, Stack size unknown bytes, libshutdown2.o(.ARM.Collect$$libshutdown$$00000007))

<P><STRONG><a name="[1ad]"></a>__rt_lib_shutdown_heap_1</STRONG> (Thumb, 0 bytes, Stack size unknown bytes, libshutdown2.o(.ARM.Collect$$libshutdown$$0000000F))

<P><STRONG><a name="[1ae]"></a>__rt_lib_shutdown_return</STRONG> (Thumb, 0 bytes, Stack size unknown bytes, libshutdown2.o(.ARM.Collect$$libshutdown$$00000010))

<P><STRONG><a name="[1af]"></a>__rt_lib_shutdown_signal_1</STRONG> (Thumb, 0 bytes, Stack size unknown bytes, libshutdown2.o(.ARM.Collect$$libshutdown$$0000000A))

<P><STRONG><a name="[1b0]"></a>__rt_lib_shutdown_stdio_1</STRONG> (Thumb, 0 bytes, Stack size unknown bytes, libshutdown2.o(.ARM.Collect$$libshutdown$$00000004))

<P><STRONG><a name="[1b1]"></a>__rt_lib_shutdown_user_alloc_1</STRONG> (Thumb, 0 bytes, Stack size unknown bytes, libshutdown2.o(.ARM.Collect$$libshutdown$$0000000C))

<P><STRONG><a name="[9b]"></a>__rt_entry</STRONG> (Thumb, 0 bytes, Stack size unknown bytes, __rtentry.o(.ARM.Collect$$rtentry$$00000000))
<BR><BR>[Called By]<UL><LI><a href="#[46]">&gt;&gt;</a>&nbsp;&nbsp;&nbsp;__main
<LI><a href="#[9c]">&gt;&gt;</a>&nbsp;&nbsp;&nbsp;__scatterload_rt2
</UL>

<P><STRONG><a name="[1b2]"></a>__rt_entry_presh_1</STRONG> (Thumb, 0 bytes, Stack size unknown bytes, __rtentry2.o(.ARM.Collect$$rtentry$$00000002))

<P><STRONG><a name="[a1]"></a>__rt_entry_sh</STRONG> (Thumb, 0 bytes, Stack size unknown bytes, __rtentry4.o(.ARM.Collect$$rtentry$$00000004))
<BR><BR>[Stack]<UL><LI>Max Depth = 8 + Unknown Stack Size
<LI>Call Chain = __rt_entry_sh &rArr; __user_setup_stackheap
</UL>
<BR>[Calls]<UL><LI><a href="#[a2]">&gt;&gt;</a>&nbsp;&nbsp;&nbsp;__user_setup_stackheap
</UL>

<P><STRONG><a name="[a3]"></a>__rt_entry_li</STRONG> (Thumb, 0 bytes, Stack size unknown bytes, __rtentry2.o(.ARM.Collect$$rtentry$$0000000A))
<BR><BR>[Calls]<UL><LI><a href="#[a4]">&gt;&gt;</a>&nbsp;&nbsp;&nbsp;__rt_lib_init
</UL>

<P><STRONG><a name="[1b3]"></a>__rt_entry_postsh_1</STRONG> (Thumb, 0 bytes, Stack size unknown bytes, __rtentry2.o(.ARM.Collect$$rtentry$$00000009))

<P><STRONG><a name="[a5]"></a>__rt_entry_main</STRONG> (Thumb, 0 bytes, Stack size unknown bytes, __rtentry2.o(.ARM.Collect$$rtentry$$0000000D))
<BR><BR>[Stack]<UL><LI>Max Depth = 424 + Unknown Stack Size
<LI>Call Chain = __rt_entry_main &rArr; main &rArr; UTIL_ADV_TRACE_FSend &rArr; tiny_vsnprintf_like &rArr; strlen
</UL>
<BR>[Calls]<UL><LI><a href="#[a7]">&gt;&gt;</a>&nbsp;&nbsp;&nbsp;exit
<LI><a href="#[a6]">&gt;&gt;</a>&nbsp;&nbsp;&nbsp;main
</UL>

<P><STRONG><a name="[1b4]"></a>__rt_entry_postli_1</STRONG> (Thumb, 0 bytes, Stack size unknown bytes, __rtentry2.o(.ARM.Collect$$rtentry$$0000000C))

<P><STRONG><a name="[b6]"></a>__rt_exit</STRONG> (Thumb, 0 bytes, Stack size unknown bytes, rtexit.o(.ARM.Collect$$rtexit$$00000000))
<BR><BR>[Called By]<UL><LI><a href="#[a7]">&gt;&gt;</a>&nbsp;&nbsp;&nbsp;exit
</UL>

<P><STRONG><a name="[a8]"></a>__rt_exit_ls</STRONG> (Thumb, 0 bytes, Stack size unknown bytes, rtexit2.o(.ARM.Collect$$rtexit$$00000003))
<BR><BR>[Calls]<UL><LI><a href="#[a9]">&gt;&gt;</a>&nbsp;&nbsp;&nbsp;__rt_lib_shutdown
</UL>

<P><STRONG><a name="[1b5]"></a>__rt_exit_prels_1</STRONG> (Thumb, 0 bytes, Stack size unknown bytes, rtexit2.o(.ARM.Collect$$rtexit$$00000002))

<P><STRONG><a name="[aa]"></a>__rt_exit_exit</STRONG> (Thumb, 0 bytes, Stack size unknown bytes, rtexit2.o(.ARM.Collect$$rtexit$$00000004))
<BR><BR>[Calls]<UL><LI><a href="#[ab]">&gt;&gt;</a>&nbsp;&nbsp;&nbsp;_sys_exit
</UL>

<P><STRONG><a name="[0]"></a>Reset_Handler</STRONG> (Thumb, 8 bytes, Stack size 0 bytes, startup_stm32wle5xx.o(.text))
<BR>[Address Reference Count : 1]<UL><LI> startup_stm32wle5xx.o(RESET)
</UL>
<P><STRONG><a name="[1c]"></a>ADC_IRQHandler</STRONG> (Thumb, 0 bytes, Stack size 0 bytes, startup_stm32wle5xx.o(.text))
<BR><BR>[Calls]<UL><LI><a href="#[1c]">&gt;&gt;</a>&nbsp;&nbsp;&nbsp;ADC_IRQHandler
</UL>
<BR>[Called By]<UL><LI><a href="#[1c]">&gt;&gt;</a>&nbsp;&nbsp;&nbsp;ADC_IRQHandler
</UL>
<BR>[Address Reference Count : 1]<UL><LI> startup_stm32wle5xx.o(RESET)
</UL>
<P><STRONG><a name="[3a]"></a>AES_IRQHandler</STRONG> (Thumb, 0 bytes, Stack size 0 bytes, startup_stm32wle5xx.o(.text))
<BR>[Address Reference Count : 1]<UL><LI> startup_stm32wle5xx.o(RESET)
</UL>
<P><STRONG><a name="[1e]"></a>COMP_IRQHandler</STRONG> (Thumb, 0 bytes, Stack size 0 bytes, startup_stm32wle5xx.o(.text))
<BR>[Address Reference Count : 1]<UL><LI> startup_stm32wle5xx.o(RESET)
</UL>
<P><STRONG><a name="[1d]"></a>DAC_IRQHandler</STRONG> (Thumb, 0 bytes, Stack size 0 bytes, startup_stm32wle5xx.o(.text))
<BR>[Address Reference Count : 1]<UL><LI> startup_stm32wle5xx.o(RESET)
</UL>
<P><STRONG><a name="[16]"></a>DMA1_Channel2_IRQHandler</STRONG> (Thumb, 0 bytes, Stack size 0 bytes, startup_stm32wle5xx.o(.text))
<BR>[Address Reference Count : 1]<UL><LI> startup_stm32wle5xx.o(RESET)
</UL>
<P><STRONG><a name="[17]"></a>DMA1_Channel3_IRQHandler</STRONG> (Thumb, 0 bytes, Stack size 0 bytes, startup_stm32wle5xx.o(.text))
<BR>[Address Reference Count : 1]<UL><LI> startup_stm32wle5xx.o(RESET)
</UL>
<P><STRONG><a name="[18]"></a>DMA1_Channel4_IRQHandler</STRONG> (Thumb, 0 bytes, Stack size 0 bytes, startup_stm32wle5xx.o(.text))
<BR>[Address Reference Count : 1]<UL><LI> startup_stm32wle5xx.o(RESET)
</UL>
<P><STRONG><a name="[19]"></a>DMA1_Channel5_IRQHandler</STRONG> (Thumb, 0 bytes, Stack size 0 bytes, startup_stm32wle5xx.o(.text))
<BR>[Address Reference Count : 1]<UL><LI> startup_stm32wle5xx.o(RESET)
</UL>
<P><STRONG><a name="[1a]"></a>DMA1_Channel6_IRQHandler</STRONG> (Thumb, 0 bytes, Stack size 0 bytes, startup_stm32wle5xx.o(.text))
<BR>[Address Reference Count : 1]<UL><LI> startup_stm32wle5xx.o(RESET)
</UL>
<P><STRONG><a name="[1b]"></a>DMA1_Channel7_IRQHandler</STRONG> (Thumb, 0 bytes, Stack size 0 bytes, startup_stm32wle5xx.o(.text))
<BR>[Address Reference Count : 1]<UL><LI> startup_stm32wle5xx.o(RESET)
</UL>
<P><STRONG><a name="[3d]"></a>DMA2_Channel1_IRQHandler</STRONG> (Thumb, 0 bytes, Stack size 0 bytes, startup_stm32wle5xx.o(.text))
<BR>[Address Reference Count : 1]<UL><LI> startup_stm32wle5xx.o(RESET)
</UL>
<P><STRONG><a name="[3e]"></a>DMA2_Channel2_IRQHandler</STRONG> (Thumb, 0 bytes, Stack size 0 bytes, startup_stm32wle5xx.o(.text))
<BR>[Address Reference Count : 1]<UL><LI> startup_stm32wle5xx.o(RESET)
</UL>
<P><STRONG><a name="[3f]"></a>DMA2_Channel3_IRQHandler</STRONG> (Thumb, 0 bytes, Stack size 0 bytes, startup_stm32wle5xx.o(.text))
<BR>[Address Reference Count : 1]<UL><LI> startup_stm32wle5xx.o(RESET)
</UL>
<P><STRONG><a name="[40]"></a>DMA2_Channel4_IRQHandler</STRONG> (Thumb, 0 bytes, Stack size 0 bytes, startup_stm32wle5xx.o(.text))
<BR>[Address Reference Count : 1]<UL><LI> startup_stm32wle5xx.o(RESET)
</UL>
<P><STRONG><a name="[41]"></a>DMA2_Channel5_IRQHandler</STRONG> (Thumb, 0 bytes, Stack size 0 bytes, startup_stm32wle5xx.o(.text))
<BR>[Address Reference Count : 1]<UL><LI> startup_stm32wle5xx.o(RESET)
</UL>
<P><STRONG><a name="[42]"></a>DMA2_Channel6_IRQHandler</STRONG> (Thumb, 0 bytes, Stack size 0 bytes, startup_stm32wle5xx.o(.text))
<BR>[Address Reference Count : 1]<UL><LI> startup_stm32wle5xx.o(RESET)
</UL>
<P><STRONG><a name="[43]"></a>DMA2_Channel7_IRQHandler</STRONG> (Thumb, 0 bytes, Stack size 0 bytes, startup_stm32wle5xx.o(.text))
<BR>[Address Reference Count : 1]<UL><LI> startup_stm32wle5xx.o(RESET)
</UL>
<P><STRONG><a name="[44]"></a>DMAMUX1_OVR_IRQHandler</STRONG> (Thumb, 0 bytes, Stack size 0 bytes, startup_stm32wle5xx.o(.text))
<BR>[Address Reference Count : 1]<UL><LI> startup_stm32wle5xx.o(RESET)
</UL>
<P><STRONG><a name="[32]"></a>EXTI15_10_IRQHandler</STRONG> (Thumb, 0 bytes, Stack size 0 bytes, startup_stm32wle5xx.o(.text))
<BR>[Address Reference Count : 1]<UL><LI> startup_stm32wle5xx.o(RESET)
</UL>
<P><STRONG><a name="[12]"></a>EXTI2_IRQHandler</STRONG> (Thumb, 0 bytes, Stack size 0 bytes, startup_stm32wle5xx.o(.text))
<BR>[Address Reference Count : 1]<UL><LI> startup_stm32wle5xx.o(RESET)
</UL>
<P><STRONG><a name="[13]"></a>EXTI3_IRQHandler</STRONG> (Thumb, 0 bytes, Stack size 0 bytes, startup_stm32wle5xx.o(.text))
<BR>[Address Reference Count : 1]<UL><LI> startup_stm32wle5xx.o(RESET)
</UL>
<P><STRONG><a name="[1f]"></a>EXTI9_5_IRQHandler</STRONG> (Thumb, 0 bytes, Stack size 0 bytes, startup_stm32wle5xx.o(.text))
<BR>[Address Reference Count : 1]<UL><LI> startup_stm32wle5xx.o(RESET)
</UL>
<P><STRONG><a name="[e]"></a>FLASH_IRQHandler</STRONG> (Thumb, 0 bytes, Stack size 0 bytes, startup_stm32wle5xx.o(.text))
<BR>[Address Reference Count : 1]<UL><LI> startup_stm32wle5xx.o(RESET)
</UL>
<P><STRONG><a name="[36]"></a>HSEM_IRQHandler</STRONG> (Thumb, 0 bytes, Stack size 0 bytes, startup_stm32wle5xx.o(.text))
<BR>[Address Reference Count : 1]<UL><LI> startup_stm32wle5xx.o(RESET)
</UL>
<P><STRONG><a name="[28]"></a>I2C1_ER_IRQHandler</STRONG> (Thumb, 0 bytes, Stack size 0 bytes, startup_stm32wle5xx.o(.text))
<BR>[Address Reference Count : 1]<UL><LI> startup_stm32wle5xx.o(RESET)
</UL>
<P><STRONG><a name="[27]"></a>I2C1_EV_IRQHandler</STRONG> (Thumb, 0 bytes, Stack size 0 bytes, startup_stm32wle5xx.o(.text))
<BR>[Address Reference Count : 1]<UL><LI> startup_stm32wle5xx.o(RESET)
</UL>
<P><STRONG><a name="[2a]"></a>I2C2_ER_IRQHandler</STRONG> (Thumb, 0 bytes, Stack size 0 bytes, startup_stm32wle5xx.o(.text))
<BR>[Address Reference Count : 1]<UL><LI> startup_stm32wle5xx.o(RESET)
</UL>
<P><STRONG><a name="[29]"></a>I2C2_EV_IRQHandler</STRONG> (Thumb, 0 bytes, Stack size 0 bytes, startup_stm32wle5xx.o(.text))
<BR>[Address Reference Count : 1]<UL><LI> startup_stm32wle5xx.o(RESET)
</UL>
<P><STRONG><a name="[38]"></a>I2C3_ER_IRQHandler</STRONG> (Thumb, 0 bytes, Stack size 0 bytes, startup_stm32wle5xx.o(.text))
<BR>[Address Reference Count : 1]<UL><LI> startup_stm32wle5xx.o(RESET)
</UL>
<P><STRONG><a name="[37]"></a>I2C3_EV_IRQHandler</STRONG> (Thumb, 0 bytes, Stack size 0 bytes, startup_stm32wle5xx.o(.text))
<BR>[Address Reference Count : 1]<UL><LI> startup_stm32wle5xx.o(RESET)
</UL>
<P><STRONG><a name="[30]"></a>LPTIM1_IRQHandler</STRONG> (Thumb, 0 bytes, Stack size 0 bytes, startup_stm32wle5xx.o(.text))
<BR>[Address Reference Count : 1]<UL><LI> startup_stm32wle5xx.o(RESET)
</UL>
<P><STRONG><a name="[31]"></a>LPTIM2_IRQHandler</STRONG> (Thumb, 0 bytes, Stack size 0 bytes, startup_stm32wle5xx.o(.text))
<BR>[Address Reference Count : 1]<UL><LI> startup_stm32wle5xx.o(RESET)
</UL>
<P><STRONG><a name="[34]"></a>LPTIM3_IRQHandler</STRONG> (Thumb, 0 bytes, Stack size 0 bytes, startup_stm32wle5xx.o(.text))
<BR>[Address Reference Count : 1]<UL><LI> startup_stm32wle5xx.o(RESET)
</UL>
<P><STRONG><a name="[2f]"></a>LPUART1_IRQHandler</STRONG> (Thumb, 0 bytes, Stack size 0 bytes, startup_stm32wle5xx.o(.text))
<BR>[Address Reference Count : 1]<UL><LI> startup_stm32wle5xx.o(RESET)
</UL>
<P><STRONG><a name="[3c]"></a>PKA_IRQHandler</STRONG> (Thumb, 0 bytes, Stack size 0 bytes, startup_stm32wle5xx.o(.text))
<BR>[Address Reference Count : 1]<UL><LI> startup_stm32wle5xx.o(RESET)
</UL>
<P><STRONG><a name="[b]"></a>PVD_PVM_IRQHandler</STRONG> (Thumb, 0 bytes, Stack size 0 bytes, startup_stm32wle5xx.o(.text))
<BR>[Address Reference Count : 1]<UL><LI> startup_stm32wle5xx.o(RESET)
</UL>
<P><STRONG><a name="[f]"></a>RCC_IRQHandler</STRONG> (Thumb, 0 bytes, Stack size 0 bytes, startup_stm32wle5xx.o(.text))
<BR>[Address Reference Count : 1]<UL><LI> startup_stm32wle5xx.o(RESET)
</UL>
<P><STRONG><a name="[3b]"></a>RNG_IRQHandler</STRONG> (Thumb, 0 bytes, Stack size 0 bytes, startup_stm32wle5xx.o(.text))
<BR>[Address Reference Count : 1]<UL><LI> startup_stm32wle5xx.o(RESET)
</UL>
<P><STRONG><a name="[d]"></a>RTC_WKUP_IRQHandler</STRONG> (Thumb, 0 bytes, Stack size 0 bytes, startup_stm32wle5xx.o(.text))
<BR>[Address Reference Count : 1]<UL><LI> startup_stm32wle5xx.o(RESET)
</UL>
<P><STRONG><a name="[2b]"></a>SPI1_IRQHandler</STRONG> (Thumb, 0 bytes, Stack size 0 bytes, startup_stm32wle5xx.o(.text))
<BR>[Address Reference Count : 1]<UL><LI> startup_stm32wle5xx.o(RESET)
</UL>
<P><STRONG><a name="[2c]"></a>SPI2_IRQHandler</STRONG> (Thumb, 0 bytes, Stack size 0 bytes, startup_stm32wle5xx.o(.text))
<BR>[Address Reference Count : 1]<UL><LI> startup_stm32wle5xx.o(RESET)
</UL>
<P><STRONG><a name="[35]"></a>SUBGHZSPI_IRQHandler</STRONG> (Thumb, 0 bytes, Stack size 0 bytes, startup_stm32wle5xx.o(.text))
<BR>[Address Reference Count : 1]<UL><LI> startup_stm32wle5xx.o(RESET)
</UL>
<P><STRONG><a name="[25]"></a>TIM16_IRQHandler</STRONG> (Thumb, 0 bytes, Stack size 0 bytes, startup_stm32wle5xx.o(.text))
<BR>[Address Reference Count : 1]<UL><LI> startup_stm32wle5xx.o(RESET)
</UL>
<P><STRONG><a name="[26]"></a>TIM17_IRQHandler</STRONG> (Thumb, 0 bytes, Stack size 0 bytes, startup_stm32wle5xx.o(.text))
<BR>[Address Reference Count : 1]<UL><LI> startup_stm32wle5xx.o(RESET)
</UL>
<P><STRONG><a name="[20]"></a>TIM1_BRK_IRQHandler</STRONG> (Thumb, 0 bytes, Stack size 0 bytes, startup_stm32wle5xx.o(.text))
<BR>[Address Reference Count : 1]<UL><LI> startup_stm32wle5xx.o(RESET)
</UL>
<P><STRONG><a name="[23]"></a>TIM1_CC_IRQHandler</STRONG> (Thumb, 0 bytes, Stack size 0 bytes, startup_stm32wle5xx.o(.text))
<BR>[Address Reference Count : 1]<UL><LI> startup_stm32wle5xx.o(RESET)
</UL>
<P><STRONG><a name="[22]"></a>TIM1_TRG_COM_IRQHandler</STRONG> (Thumb, 0 bytes, Stack size 0 bytes, startup_stm32wle5xx.o(.text))
<BR>[Address Reference Count : 1]<UL><LI> startup_stm32wle5xx.o(RESET)
</UL>
<P><STRONG><a name="[21]"></a>TIM1_UP_IRQHandler</STRONG> (Thumb, 0 bytes, Stack size 0 bytes, startup_stm32wle5xx.o(.text))
<BR>[Address Reference Count : 1]<UL><LI> startup_stm32wle5xx.o(RESET)
</UL>
<P><STRONG><a name="[24]"></a>TIM2_IRQHandler</STRONG> (Thumb, 0 bytes, Stack size 0 bytes, startup_stm32wle5xx.o(.text))
<BR>[Address Reference Count : 1]<UL><LI> startup_stm32wle5xx.o(RESET)
</UL>
<P><STRONG><a name="[2e]"></a>USART2_IRQHandler</STRONG> (Thumb, 0 bytes, Stack size 0 bytes, startup_stm32wle5xx.o(.text))
<BR>[Address Reference Count : 1]<UL><LI> startup_stm32wle5xx.o(RESET)
</UL>
<P><STRONG><a name="[a]"></a>WWDG_IRQHandler</STRONG> (Thumb, 0 bytes, Stack size 0 bytes, startup_stm32wle5xx.o(.text))
<BR>[Address Reference Count : 1]<UL><LI> startup_stm32wle5xx.o(RESET)
</UL>
<P><STRONG><a name="[b5]"></a>__user_initial_stackheap</STRONG> (Thumb, 0 bytes, Stack size unknown bytes, startup_stm32wle5xx.o(.text))
<BR><BR>[Called By]<UL><LI><a href="#[a2]">&gt;&gt;</a>&nbsp;&nbsp;&nbsp;__user_setup_stackheap
</UL>

<P><STRONG><a name="[170]"></a>__aeabi_uldivmod</STRONG> (Thumb, 0 bytes, Stack size 48 bytes, lludivv7m.o(.text))
<BR><BR>[Stack]<UL><LI>Max Depth = 48<LI>Call Chain = __aeabi_uldivmod
</UL>
<BR>[Called By]<UL><LI><a href="#[10e]">&gt;&gt;</a>&nbsp;&nbsp;&nbsp;UART_SetConfig
<LI><a href="#[143]">&gt;&gt;</a>&nbsp;&nbsp;&nbsp;SUBGRF_SetRfFrequency
<LI><a href="#[157]">&gt;&gt;</a>&nbsp;&nbsp;&nbsp;SUBGRF_SetModulationParams
<LI><a href="#[94]">&gt;&gt;</a>&nbsp;&nbsp;&nbsp;TIMER_IF_Convert_ms2Tick
<LI><a href="#[c3]">&gt;&gt;</a>&nbsp;&nbsp;&nbsp;TIMER_IF_DelayMs
</UL>

<P><STRONG><a name="[1b6]"></a>_ll_udiv</STRONG> (Thumb, 240 bytes, Stack size 48 bytes, lludivv7m.o(.text), UNUSED)

<P><STRONG><a name="[ac]"></a>__0sscanf</STRONG> (Thumb, 52 bytes, Stack size 72 bytes, __0sscanf.o(.text))
<BR><BR>[Stack]<UL><LI>Max Depth = 224<LI>Call Chain = __0sscanf &rArr; __vfscanf_char &rArr; __vfscanf &rArr; _scanf_int
</UL>
<BR>[Calls]<UL><LI><a href="#[ad]">&gt;&gt;</a>&nbsp;&nbsp;&nbsp;__vfscanf_char
</UL>
<BR>[Called By]<UL><LI><a href="#[b9]">&gt;&gt;</a>&nbsp;&nbsp;&nbsp;Config_POWER
<LI><a href="#[b7]">&gt;&gt;</a>&nbsp;&nbsp;&nbsp;Config_FREQ
</UL>

<P><STRONG><a name="[ae]"></a>_scanf_int</STRONG> (Thumb, 332 bytes, Stack size 56 bytes, _scanf_int.o(.text))
<BR><BR>[Stack]<UL><LI>Max Depth = 56<LI>Call Chain = _scanf_int
</UL>
<BR>[Calls]<UL><LI><a href="#[af]">&gt;&gt;</a>&nbsp;&nbsp;&nbsp;_chval
</UL>
<BR>[Called By]<UL><LI><a href="#[b2]">&gt;&gt;</a>&nbsp;&nbsp;&nbsp;__vfscanf
</UL>

<P><STRONG><a name="[187]"></a>strlen</STRONG> (Thumb, 62 bytes, Stack size 8 bytes, strlen.o(.text))
<BR><BR>[Stack]<UL><LI>Max Depth = 8<LI>Call Chain = strlen
</UL>
<BR>[Called By]<UL><LI><a href="#[18a]">&gt;&gt;</a>&nbsp;&nbsp;&nbsp;tiny_vsnprintf_like
<LI><a href="#[60]">&gt;&gt;</a>&nbsp;&nbsp;&nbsp;TimestampNow
</UL>

<P><STRONG><a name="[b8]"></a>strncmp</STRONG> (Thumb, 150 bytes, Stack size 16 bytes, strncmp.o(.text))
<BR><BR>[Stack]<UL><LI>Max Depth = 16<LI>Call Chain = strncmp
</UL>
<BR>[Called By]<UL><LI><a href="#[b9]">&gt;&gt;</a>&nbsp;&nbsp;&nbsp;Config_POWER
<LI><a href="#[b7]">&gt;&gt;</a>&nbsp;&nbsp;&nbsp;Config_FREQ
</UL>

<P><STRONG><a name="[122]"></a>__aeabi_memcpy</STRONG> (Thumb, 0 bytes, Stack size 0 bytes, rt_memcpy_v6.o(.text))
<BR><BR>[Called By]<UL><LI><a href="#[5a]">&gt;&gt;</a>&nbsp;&nbsp;&nbsp;OnRxDone
</UL>

<P><STRONG><a name="[b0]"></a>__rt_memcpy</STRONG> (Thumb, 138 bytes, Stack size 0 bytes, rt_memcpy_v6.o(.text), UNUSED)
<BR><BR>[Calls]<UL><LI><a href="#[b1]">&gt;&gt;</a>&nbsp;&nbsp;&nbsp;__aeabi_memcpy4
</UL>

<P><STRONG><a name="[1b7]"></a>_memcpy_lastbytes</STRONG> (Thumb, 0 bytes, Stack size unknown bytes, rt_memcpy_v6.o(.text), UNUSED)

<P><STRONG><a name="[e0]"></a>__aeabi_memclr4</STRONG> (Thumb, 0 bytes, Stack size 4 bytes, rt_memclr_w.o(.text))
<BR><BR>[Stack]<UL><LI>Max Depth = 4<LI>Call Chain = __aeabi_memclr4
</UL>
<BR>[Called By]<UL><LI><a href="#[119]">&gt;&gt;</a>&nbsp;&nbsp;&nbsp;MX_RTC_Init
<LI><a href="#[dd]">&gt;&gt;</a>&nbsp;&nbsp;&nbsp;HAL_RTC_MspInit
<LI><a href="#[a6]">&gt;&gt;</a>&nbsp;&nbsp;&nbsp;main
<LI><a href="#[17a]">&gt;&gt;</a>&nbsp;&nbsp;&nbsp;SystemClock_Config
<LI><a href="#[120]">&gt;&gt;</a>&nbsp;&nbsp;&nbsp;MX_USART1_UART_Init
<LI><a href="#[8d]">&gt;&gt;</a>&nbsp;&nbsp;&nbsp;TIMER_IF_StartTimer
<LI><a href="#[5a]">&gt;&gt;</a>&nbsp;&nbsp;&nbsp;OnRxDone
<LI><a href="#[10d]">&gt;&gt;</a>&nbsp;&nbsp;&nbsp;HAL_UART_MspInit
</UL>

<P><STRONG><a name="[1b8]"></a>__aeabi_memclr8</STRONG> (Thumb, 0 bytes, Stack size 4 bytes, rt_memclr_w.o(.text), UNUSED)

<P><STRONG><a name="[1b9]"></a>__rt_memclr_w</STRONG> (Thumb, 78 bytes, Stack size 4 bytes, rt_memclr_w.o(.text), UNUSED)

<P><STRONG><a name="[1ba]"></a>_memset_w</STRONG> (Thumb, 0 bytes, Stack size unknown bytes, rt_memclr_w.o(.text), UNUSED)

<P><STRONG><a name="[1bb]"></a>__use_two_region_memory</STRONG> (Thumb, 2 bytes, Stack size 0 bytes, heapauxi.o(.text), UNUSED)

<P><STRONG><a name="[1bc]"></a>__rt_heap_escrow$2region</STRONG> (Thumb, 2 bytes, Stack size 0 bytes, heapauxi.o(.text), UNUSED)

<P><STRONG><a name="[1bd]"></a>__rt_heap_expand$2region</STRONG> (Thumb, 2 bytes, Stack size 0 bytes, heapauxi.o(.text), UNUSED)

<P><STRONG><a name="[af]"></a>_chval</STRONG> (Thumb, 28 bytes, Stack size 0 bytes, _chval.o(.text))
<BR><BR>[Called By]<UL><LI><a href="#[ae]">&gt;&gt;</a>&nbsp;&nbsp;&nbsp;_scanf_int
</UL>

<P><STRONG><a name="[ad]"></a>__vfscanf_char</STRONG> (Thumb, 24 bytes, Stack size 0 bytes, scanf_char.o(.text))
<BR><BR>[Stack]<UL><LI>Max Depth = 152<LI>Call Chain = __vfscanf_char &rArr; __vfscanf &rArr; _scanf_int
</UL>
<BR>[Calls]<UL><LI><a href="#[b2]">&gt;&gt;</a>&nbsp;&nbsp;&nbsp;__vfscanf
</UL>
<BR>[Called By]<UL><LI><a href="#[ac]">&gt;&gt;</a>&nbsp;&nbsp;&nbsp;__0sscanf
</UL>

<P><STRONG><a name="[47]"></a>_sgetc</STRONG> (Thumb, 30 bytes, Stack size 0 bytes, _sgetc.o(.text))
<BR>[Address Reference Count : 1]<UL><LI> __0sscanf.o(.text)
</UL>
<P><STRONG><a name="[48]"></a>_sbackspace</STRONG> (Thumb, 34 bytes, Stack size 0 bytes, _sgetc.o(.text))
<BR>[Address Reference Count : 1]<UL><LI> __0sscanf.o(.text)
</UL>
<P><STRONG><a name="[b1]"></a>__aeabi_memcpy4</STRONG> (Thumb, 0 bytes, Stack size 8 bytes, rt_memcpy_w.o(.text), UNUSED)
<BR><BR>[Called By]<UL><LI><a href="#[b0]">&gt;&gt;</a>&nbsp;&nbsp;&nbsp;__rt_memcpy
</UL>

<P><STRONG><a name="[1be]"></a>__aeabi_memcpy8</STRONG> (Thumb, 0 bytes, Stack size 8 bytes, rt_memcpy_w.o(.text), UNUSED)

<P><STRONG><a name="[1bf]"></a>__rt_memcpy_w</STRONG> (Thumb, 100 bytes, Stack size 8 bytes, rt_memcpy_w.o(.text), UNUSED)

<P><STRONG><a name="[1c0]"></a>_memcpy_lastbytes_aligned</STRONG> (Thumb, 0 bytes, Stack size unknown bytes, rt_memcpy_w.o(.text), UNUSED)

<P><STRONG><a name="[4a]"></a>isspace</STRONG> (Thumb, 18 bytes, Stack size 8 bytes, isspace.o(.text))
<BR><BR>[Stack]<UL><LI>Max Depth = 16<LI>Call Chain = isspace &rArr; __rt_ctype_table
</UL>
<BR>[Calls]<UL><LI><a href="#[b3]">&gt;&gt;</a>&nbsp;&nbsp;&nbsp;__rt_ctype_table
</UL>
<BR>[Address Reference Count : 1]<UL><LI> scanf_char.o(.text)
</UL>
<P><STRONG><a name="[b2]"></a>__vfscanf</STRONG> (Thumb, 878 bytes, Stack size 96 bytes, _scanf.o(.text))
<BR><BR>[Stack]<UL><LI>Max Depth = 152<LI>Call Chain = __vfscanf &rArr; _scanf_int
</UL>
<BR>[Calls]<UL><LI><a href="#[ae]">&gt;&gt;</a>&nbsp;&nbsp;&nbsp;_scanf_int
</UL>
<BR>[Called By]<UL><LI><a href="#[ad]">&gt;&gt;</a>&nbsp;&nbsp;&nbsp;__vfscanf_char
</UL>

<P><STRONG><a name="[a2]"></a>__user_setup_stackheap</STRONG> (Thumb, 74 bytes, Stack size 8 bytes, sys_stackheap_outer.o(.text))
<BR><BR>[Stack]<UL><LI>Max Depth = 8 + Unknown Stack Size
<LI>Call Chain = __user_setup_stackheap
</UL>
<BR>[Calls]<UL><LI><a href="#[b4]">&gt;&gt;</a>&nbsp;&nbsp;&nbsp;__user_perproc_libspace
<LI><a href="#[b5]">&gt;&gt;</a>&nbsp;&nbsp;&nbsp;__user_initial_stackheap
</UL>
<BR>[Called By]<UL><LI><a href="#[a1]">&gt;&gt;</a>&nbsp;&nbsp;&nbsp;__rt_entry_sh
</UL>

<P><STRONG><a name="[b3]"></a>__rt_ctype_table</STRONG> (Thumb, 16 bytes, Stack size 8 bytes, rt_ctype_table.o(.text))
<BR><BR>[Stack]<UL><LI>Max Depth = 8<LI>Call Chain = __rt_ctype_table
</UL>
<BR>[Calls]<UL><LI><a href="#[9f]">&gt;&gt;</a>&nbsp;&nbsp;&nbsp;__rt_locale
</UL>
<BR>[Called By]<UL><LI><a href="#[4a]">&gt;&gt;</a>&nbsp;&nbsp;&nbsp;isspace
</UL>

<P><STRONG><a name="[a7]"></a>exit</STRONG> (Thumb, 18 bytes, Stack size 8 bytes, exit.o(.text))
<BR><BR>[Stack]<UL><LI>Max Depth = 8 + Unknown Stack Size
<LI>Call Chain = exit
</UL>
<BR>[Calls]<UL><LI><a href="#[b6]">&gt;&gt;</a>&nbsp;&nbsp;&nbsp;__rt_exit
</UL>
<BR>[Called By]<UL><LI><a href="#[a5]">&gt;&gt;</a>&nbsp;&nbsp;&nbsp;__rt_entry_main
</UL>

<P><STRONG><a name="[1c1]"></a>__user_libspace</STRONG> (Thumb, 8 bytes, Stack size 0 bytes, libspace.o(.text), UNUSED)

<P><STRONG><a name="[b4]"></a>__user_perproc_libspace</STRONG> (Thumb, 0 bytes, Stack size 0 bytes, libspace.o(.text))
<BR><BR>[Called By]<UL><LI><a href="#[a2]">&gt;&gt;</a>&nbsp;&nbsp;&nbsp;__user_setup_stackheap
</UL>

<P><STRONG><a name="[1c2]"></a>__user_perthread_libspace</STRONG> (Thumb, 0 bytes, Stack size 0 bytes, libspace.o(.text), UNUSED)

<P><STRONG><a name="[9f]"></a>__rt_locale</STRONG> (Thumb, 8 bytes, Stack size 0 bytes, rt_locale_intlibspace.o(.text))
<BR><BR>[Called By]<UL><LI><a href="#[9e]">&gt;&gt;</a>&nbsp;&nbsp;&nbsp;__rt_lib_init_lc_common
<LI><a href="#[b3]">&gt;&gt;</a>&nbsp;&nbsp;&nbsp;__rt_ctype_table
</UL>

<P><STRONG><a name="[ab]"></a>_sys_exit</STRONG> (Thumb, 8 bytes, Stack size 0 bytes, sys_exit.o(.text))
<BR><BR>[Called By]<UL><LI><a href="#[aa]">&gt;&gt;</a>&nbsp;&nbsp;&nbsp;__rt_exit_exit
</UL>

<P><STRONG><a name="[192]"></a>strcmp</STRONG> (Thumb, 124 bytes, Stack size 8 bytes, strcmpv7em.o(.text))
<BR><BR>[Stack]<UL><LI>Max Depth = 8<LI>Call Chain = strcmp
</UL>
<BR>[Called By]<UL><LI><a href="#[4b]">&gt;&gt;</a>&nbsp;&nbsp;&nbsp;_get_lc_ctype
</UL>

<P><STRONG><a name="[1c3]"></a>__I$use$semihosting</STRONG> (Thumb, 0 bytes, Stack size 0 bytes, use_no_semi.o(.text), UNUSED)

<P><STRONG><a name="[1c4]"></a>__use_no_semihosting_swi</STRONG> (Thumb, 2 bytes, Stack size 0 bytes, use_no_semi.o(.text), UNUSED)

<P><STRONG><a name="[1c5]"></a>__semihosting_library_function</STRONG> (Thumb, 0 bytes, Stack size unknown bytes, indicate_semi.o(.text), UNUSED)

<P><STRONG><a name="[125]"></a>BSP_RADIO_ConfigRFSwitch</STRONG> (Thumb, 96 bytes, Stack size 16 bytes, stm32wlxx_lm401_radio.o(.text.BSP_RADIO_ConfigRFSwitch))
<BR><BR>[Stack]<UL><LI>Max Depth = 16<LI>Call Chain = BSP_RADIO_ConfigRFSwitch
</UL>
<BR>[Called By]<UL><LI><a href="#[124]">&gt;&gt;</a>&nbsp;&nbsp;&nbsp;RBI_ConfigRFSwitch
</UL>

<P><STRONG><a name="[127]"></a>BSP_RADIO_GetTxConfig</STRONG> (Thumb, 4 bytes, Stack size 0 bytes, stm32wlxx_lm401_radio.o(.text.BSP_RADIO_GetTxConfig))
<BR><BR>[Called By]<UL><LI><a href="#[126]">&gt;&gt;</a>&nbsp;&nbsp;&nbsp;RBI_GetTxConfig
</UL>

<P><STRONG><a name="[129]"></a>BSP_RADIO_Init</STRONG> (Thumb, 128 bytes, Stack size 40 bytes, stm32wlxx_lm401_radio.o(.text.BSP_RADIO_Init))
<BR><BR>[Stack]<UL><LI>Max Depth = 40<LI>Call Chain = BSP_RADIO_Init
</UL>
<BR>[Called By]<UL><LI><a href="#[128]">&gt;&gt;</a>&nbsp;&nbsp;&nbsp;RBI_Init
</UL>

<P><STRONG><a name="[12b]"></a>BSP_RADIO_IsDCDC</STRONG> (Thumb, 4 bytes, Stack size 0 bytes, stm32wlxx_lm401_radio.o(.text.BSP_RADIO_IsDCDC))
<BR><BR>[Called By]<UL><LI><a href="#[12a]">&gt;&gt;</a>&nbsp;&nbsp;&nbsp;RBI_IsDCDC
</UL>

<P><STRONG><a name="[12d]"></a>BSP_RADIO_IsTCXO</STRONG> (Thumb, 4 bytes, Stack size 0 bytes, stm32wlxx_lm401_radio.o(.text.BSP_RADIO_IsTCXO))
<BR><BR>[Called By]<UL><LI><a href="#[12c]">&gt;&gt;</a>&nbsp;&nbsp;&nbsp;RBI_IsTCXO
</UL>

<P><STRONG><a name="[4]"></a>BusFault_Handler</STRONG> (Thumb, 2 bytes, Stack size 0 bytes, stm32wlxx_it.o(.text.BusFault_Handler))
<BR><BR>[Calls]<UL><LI><a href="#[4]">&gt;&gt;</a>&nbsp;&nbsp;&nbsp;BusFault_Handler
</UL>
<BR>[Called By]<UL><LI><a href="#[4]">&gt;&gt;</a>&nbsp;&nbsp;&nbsp;BusFault_Handler
</UL>
<BR>[Address Reference Count : 1]<UL><LI> startup_stm32wle5xx.o(RESET)
</UL>
<P><STRONG><a name="[b7]"></a>Config_FREQ</STRONG> (Thumb, 92 bytes, Stack size 16 bytes, main.o(.text.Config_FREQ))
<BR><BR>[Stack]<UL><LI>Max Depth = 240<LI>Call Chain = Config_FREQ &rArr; __0sscanf &rArr; __vfscanf_char &rArr; __vfscanf &rArr; _scanf_int
</UL>
<BR>[Calls]<UL><LI><a href="#[b8]">&gt;&gt;</a>&nbsp;&nbsp;&nbsp;strncmp
<LI><a href="#[ac]">&gt;&gt;</a>&nbsp;&nbsp;&nbsp;__0sscanf
</UL>
<BR>[Called By]<UL><LI><a href="#[a6]">&gt;&gt;</a>&nbsp;&nbsp;&nbsp;main
</UL>

<P><STRONG><a name="[b9]"></a>Config_POWER</STRONG> (Thumb, 84 bytes, Stack size 16 bytes, main.o(.text.Config_POWER))
<BR><BR>[Stack]<UL><LI>Max Depth = 240<LI>Call Chain = Config_POWER &rArr; __0sscanf &rArr; __vfscanf_char &rArr; __vfscanf &rArr; _scanf_int
</UL>
<BR>[Calls]<UL><LI><a href="#[b8]">&gt;&gt;</a>&nbsp;&nbsp;&nbsp;strncmp
<LI><a href="#[ac]">&gt;&gt;</a>&nbsp;&nbsp;&nbsp;__0sscanf
</UL>
<BR>[Called By]<UL><LI><a href="#[a6]">&gt;&gt;</a>&nbsp;&nbsp;&nbsp;main
</UL>

<P><STRONG><a name="[176]"></a>DBG_ProbesInit</STRONG> (Thumb, 2 bytes, Stack size 0 bytes, sys_debug.o(.text.DBG_ProbesInit))
<BR><BR>[Called By]<UL><LI><a href="#[11e]">&gt;&gt;</a>&nbsp;&nbsp;&nbsp;SystemApp_Init
</UL>

<P><STRONG><a name="[15]"></a>DMA1_Channel1_IRQHandler</STRONG> (Thumb, 12 bytes, Stack size 0 bytes, stm32wlxx_it.o(.text.DMA1_Channel1_IRQHandler))
<BR><BR>[Stack]<UL><LI>Max Depth = 20<LI>Call Chain = DMA1_Channel1_IRQHandler &rArr; HAL_DMA_IRQHandler
</UL>
<BR>[Calls]<UL><LI><a href="#[ba]">&gt;&gt;</a>&nbsp;&nbsp;&nbsp;HAL_DMA_IRQHandler
</UL>
<BR>[Address Reference Count : 1]<UL><LI> startup_stm32wle5xx.o(RESET)
</UL>
<P><STRONG><a name="[7]"></a>DebugMon_Handler</STRONG> (Thumb, 2 bytes, Stack size 0 bytes, stm32wlxx_it.o(.text.DebugMon_Handler))
<BR>[Address Reference Count : 1]<UL><LI> startup_stm32wle5xx.o(RESET)
</UL>
<P><STRONG><a name="[10]"></a>EXTI0_IRQHandler</STRONG> (Thumb, 6 bytes, Stack size 0 bytes, stm32wlxx_it.o(.text.EXTI0_IRQHandler))
<BR><BR>[Calls]<UL><LI><a href="#[bb]">&gt;&gt;</a>&nbsp;&nbsp;&nbsp;HAL_GPIO_EXTI_IRQHandler
</UL>
<BR>[Address Reference Count : 1]<UL><LI> startup_stm32wle5xx.o(RESET)
</UL>
<P><STRONG><a name="[11]"></a>EXTI1_IRQHandler</STRONG> (Thumb, 6 bytes, Stack size 0 bytes, stm32wlxx_it.o(.text.EXTI1_IRQHandler))
<BR><BR>[Calls]<UL><LI><a href="#[bb]">&gt;&gt;</a>&nbsp;&nbsp;&nbsp;HAL_GPIO_EXTI_IRQHandler
</UL>
<BR>[Address Reference Count : 1]<UL><LI> startup_stm32wle5xx.o(RESET)
</UL>
<P><STRONG><a name="[14]"></a>EXTI4_IRQHandler</STRONG> (Thumb, 6 bytes, Stack size 0 bytes, stm32wlxx_it.o(.text.EXTI4_IRQHandler))
<BR><BR>[Calls]<UL><LI><a href="#[bb]">&gt;&gt;</a>&nbsp;&nbsp;&nbsp;HAL_GPIO_EXTI_IRQHandler
</UL>
<BR>[Address Reference Count : 1]<UL><LI> startup_stm32wle5xx.o(RESET)
</UL>
<P><STRONG><a name="[e1]"></a>Error_Handler</STRONG> (Thumb, 8 bytes, Stack size 0 bytes, main.o(.text.Error_Handler))
<BR><BR>[Called By]<UL><LI><a href="#[11c]">&gt;&gt;</a>&nbsp;&nbsp;&nbsp;MX_SUBGHZ_Init
<LI><a href="#[119]">&gt;&gt;</a>&nbsp;&nbsp;&nbsp;MX_RTC_Init
<LI><a href="#[dd]">&gt;&gt;</a>&nbsp;&nbsp;&nbsp;HAL_RTC_MspInit
<LI><a href="#[120]">&gt;&gt;</a>&nbsp;&nbsp;&nbsp;MX_USART1_UART_Init
<LI><a href="#[8d]">&gt;&gt;</a>&nbsp;&nbsp;&nbsp;TIMER_IF_StartTimer
<LI><a href="#[10d]">&gt;&gt;</a>&nbsp;&nbsp;&nbsp;HAL_UART_MspInit
</UL>

<P><STRONG><a name="[105]"></a>HAL_DMA_Abort</STRONG> (Thumb, 106 bytes, Stack size 16 bytes, stm32wlxx_hal_dma.o(.text.HAL_DMA_Abort))
<BR><BR>[Stack]<UL><LI>Max Depth = 16<LI>Call Chain = HAL_DMA_Abort
</UL>
<BR>[Called By]<UL><LI><a href="#[102]">&gt;&gt;</a>&nbsp;&nbsp;&nbsp;HAL_UART_IRQHandler
</UL>

<P><STRONG><a name="[10a]"></a>HAL_DMA_Abort_IT</STRONG> (Thumb, 102 bytes, Stack size 16 bytes, stm32wlxx_hal_dma.o(.text.HAL_DMA_Abort_IT))
<BR><BR>[Stack]<UL><LI>Max Depth = 16<LI>Call Chain = HAL_DMA_Abort_IT
</UL>
<BR>[Called By]<UL><LI><a href="#[102]">&gt;&gt;</a>&nbsp;&nbsp;&nbsp;HAL_UART_IRQHandler
</UL>

<P><STRONG><a name="[bc]"></a>HAL_DMA_DeInit</STRONG> (Thumb, 136 bytes, Stack size 16 bytes, stm32wlxx_hal_dma.o(.text.HAL_DMA_DeInit))
<BR><BR>[Stack]<UL><LI>Max Depth = 24<LI>Call Chain = HAL_DMA_DeInit &rArr; DMA_CalcDMAMUXRequestGenBaseAndMask
</UL>
<BR>[Calls]<UL><LI><a href="#[be]">&gt;&gt;</a>&nbsp;&nbsp;&nbsp;DMA_CalcDMAMUXRequestGenBaseAndMask
<LI><a href="#[bd]">&gt;&gt;</a>&nbsp;&nbsp;&nbsp;DMA_CalcDMAMUXChannelBaseAndMask
</UL>
<BR>[Called By]<UL><LI><a href="#[111]">&gt;&gt;</a>&nbsp;&nbsp;&nbsp;HAL_UART_MspDeInit
</UL>

<P><STRONG><a name="[ba]"></a>HAL_DMA_IRQHandler</STRONG> (Thumb, 160 bytes, Stack size 20 bytes, stm32wlxx_hal_dma.o(.text.HAL_DMA_IRQHandler))
<BR><BR>[Stack]<UL><LI>Max Depth = 20<LI>Call Chain = HAL_DMA_IRQHandler
</UL>
<BR>[Called By]<UL><LI><a href="#[15]">&gt;&gt;</a>&nbsp;&nbsp;&nbsp;DMA1_Channel1_IRQHandler
</UL>

<P><STRONG><a name="[bf]"></a>HAL_DMA_Init</STRONG> (Thumb, 188 bytes, Stack size 24 bytes, stm32wlxx_hal_dma.o(.text.HAL_DMA_Init))
<BR><BR>[Stack]<UL><LI>Max Depth = 32<LI>Call Chain = HAL_DMA_Init &rArr; DMA_CalcDMAMUXRequestGenBaseAndMask
</UL>
<BR>[Calls]<UL><LI><a href="#[be]">&gt;&gt;</a>&nbsp;&nbsp;&nbsp;DMA_CalcDMAMUXRequestGenBaseAndMask
<LI><a href="#[bd]">&gt;&gt;</a>&nbsp;&nbsp;&nbsp;DMA_CalcDMAMUXChannelBaseAndMask
</UL>
<BR>[Called By]<UL><LI><a href="#[10d]">&gt;&gt;</a>&nbsp;&nbsp;&nbsp;HAL_UART_MspInit
</UL>

<P><STRONG><a name="[c0]"></a>HAL_DMA_Start_IT</STRONG> (Thumb, 128 bytes, Stack size 16 bytes, stm32wlxx_hal_dma.o(.text.HAL_DMA_Start_IT))
<BR><BR>[Stack]<UL><LI>Max Depth = 36<LI>Call Chain = HAL_DMA_Start_IT &rArr; DMA_SetConfig
</UL>
<BR>[Calls]<UL><LI><a href="#[c1]">&gt;&gt;</a>&nbsp;&nbsp;&nbsp;DMA_SetConfig
</UL>
<BR>[Called By]<UL><LI><a href="#[116]">&gt;&gt;</a>&nbsp;&nbsp;&nbsp;HAL_UART_Transmit_DMA
</UL>

<P><STRONG><a name="[c2]"></a>HAL_Delay</STRONG> (Thumb, 12 bytes, Stack size 4 bytes, sys_app.o(.text.HAL_Delay))
<BR><BR>[Stack]<UL><LI>Max Depth = 60<LI>Call Chain = HAL_Delay &rArr; TIMER_IF_DelayMs &rArr; __aeabi_uldivmod
</UL>
<BR>[Calls]<UL><LI><a href="#[c3]">&gt;&gt;</a>&nbsp;&nbsp;&nbsp;TIMER_IF_DelayMs
</UL>
<BR>[Called By]<UL><LI><a href="#[71]">&gt;&gt;</a>&nbsp;&nbsp;&nbsp;RadioSleep
<LI><a href="#[6a]">&gt;&gt;</a>&nbsp;&nbsp;&nbsp;RadioIsChannelFree
<LI><a href="#[12f]">&gt;&gt;</a>&nbsp;&nbsp;&nbsp;RF_Send
</UL>

<P><STRONG><a name="[112]"></a>HAL_GPIO_DeInit</STRONG> (Thumb, 236 bytes, Stack size 44 bytes, stm32wlxx_hal_gpio.o(.text.HAL_GPIO_DeInit))
<BR><BR>[Stack]<UL><LI>Max Depth = 44<LI>Call Chain = HAL_GPIO_DeInit
</UL>
<BR>[Called By]<UL><LI><a href="#[111]">&gt;&gt;</a>&nbsp;&nbsp;&nbsp;HAL_UART_MspDeInit
</UL>

<P><STRONG><a name="[c4]"></a>HAL_GPIO_EXTI_Callback</STRONG> (Thumb, 2 bytes, Stack size 0 bytes, stm32wlxx_hal_gpio.o(.text.HAL_GPIO_EXTI_Callback))
<BR><BR>[Called By]<UL><LI><a href="#[bb]">&gt;&gt;</a>&nbsp;&nbsp;&nbsp;HAL_GPIO_EXTI_IRQHandler
</UL>

<P><STRONG><a name="[bb]"></a>HAL_GPIO_EXTI_IRQHandler</STRONG> (Thumb, 20 bytes, Stack size 0 bytes, stm32wlxx_hal_gpio.o(.text.HAL_GPIO_EXTI_IRQHandler))
<BR><BR>[Calls]<UL><LI><a href="#[c4]">&gt;&gt;</a>&nbsp;&nbsp;&nbsp;HAL_GPIO_EXTI_Callback
</UL>
<BR>[Called By]<UL><LI><a href="#[14]">&gt;&gt;</a>&nbsp;&nbsp;&nbsp;EXTI4_IRQHandler
<LI><a href="#[11]">&gt;&gt;</a>&nbsp;&nbsp;&nbsp;EXTI1_IRQHandler
<LI><a href="#[10]">&gt;&gt;</a>&nbsp;&nbsp;&nbsp;EXTI0_IRQHandler
</UL>

<P><STRONG><a name="[4e]"></a>HAL_GPIO_Init</STRONG> (Thumb, 400 bytes, Stack size 40 bytes, stm32wlxx_hal_gpio.o(.text.HAL_GPIO_Init))
<BR><BR>[Stack]<UL><LI>Max Depth = 40<LI>Call Chain = HAL_GPIO_Init
</UL>
<BR>[Called By]<UL><LI><a href="#[10d]">&gt;&gt;</a>&nbsp;&nbsp;&nbsp;HAL_UART_MspInit
</UL>
<BR>[Address Reference Count : 1]<UL><LI> stm32wlxx_lm401_radio.o(.text.BSP_RADIO_Init)
</UL>
<P><STRONG><a name="[4c]"></a>HAL_GPIO_WritePin</STRONG> (Thumb, 12 bytes, Stack size 0 bytes, stm32wlxx_hal_gpio.o(.text.HAL_GPIO_WritePin))
<BR>[Address Reference Count : 2]<UL><LI> stm32wlxx_lm401_radio.o(.text.BSP_RADIO_ConfigRFSwitch)
<LI> stm32wlxx_lm401_radio.o(.text.BSP_RADIO_Init)
</UL>
<P><STRONG><a name="[c5]"></a>HAL_GetTick</STRONG> (Thumb, 4 bytes, Stack size 0 bytes, sys_app.o(.text.HAL_GetTick))
<BR><BR>[Calls]<UL><LI><a href="#[92]">&gt;&gt;</a>&nbsp;&nbsp;&nbsp;TIMER_IF_GetTimerValue
</UL>
<BR>[Called By]<UL><LI><a href="#[de]">&gt;&gt;</a>&nbsp;&nbsp;&nbsp;RTC_EnterInitMode
<LI><a href="#[e4]">&gt;&gt;</a>&nbsp;&nbsp;&nbsp;HAL_RTC_WaitForSynchro
<LI><a href="#[101]">&gt;&gt;</a>&nbsp;&nbsp;&nbsp;UART_WaitOnFlagUntilTimeout
<LI><a href="#[110]">&gt;&gt;</a>&nbsp;&nbsp;&nbsp;UART_CheckIdleState
<LI><a href="#[cb]">&gt;&gt;</a>&nbsp;&nbsp;&nbsp;HAL_RCCEx_PeriphCLKConfig
<LI><a href="#[d2]">&gt;&gt;</a>&nbsp;&nbsp;&nbsp;HAL_RCC_OscConfig
<LI><a href="#[ce]">&gt;&gt;</a>&nbsp;&nbsp;&nbsp;HAL_RCC_ClockConfig
<LI><a href="#[100]">&gt;&gt;</a>&nbsp;&nbsp;&nbsp;HAL_UARTEx_StopModeWakeUpSourceConfig
<LI><a href="#[d3]">&gt;&gt;</a>&nbsp;&nbsp;&nbsp;RCC_SetFlashLatencyFromMSIRange
</UL>

<P><STRONG><a name="[c6]"></a>HAL_Init</STRONG> (Thumb, 40 bytes, Stack size 8 bytes, stm32wlxx_hal.o(.text.HAL_Init))
<BR><BR>[Stack]<UL><LI>Max Depth = 24<LI>Call Chain = HAL_Init &rArr; HAL_RCC_GetHCLKFreq &rArr; HAL_RCC_GetSysClockFreq
</UL>
<BR>[Calls]<UL><LI><a href="#[c8]">&gt;&gt;</a>&nbsp;&nbsp;&nbsp;HAL_RCC_GetHCLKFreq
<LI><a href="#[c7]">&gt;&gt;</a>&nbsp;&nbsp;&nbsp;HAL_NVIC_SetPriorityGrouping
<LI><a href="#[c9]">&gt;&gt;</a>&nbsp;&nbsp;&nbsp;HAL_InitTick
<LI><a href="#[ca]">&gt;&gt;</a>&nbsp;&nbsp;&nbsp;HAL_MspInit
</UL>
<BR>[Called By]<UL><LI><a href="#[a6]">&gt;&gt;</a>&nbsp;&nbsp;&nbsp;main
</UL>

<P><STRONG><a name="[c9]"></a>HAL_InitTick</STRONG> (Thumb, 4 bytes, Stack size 0 bytes, sys_app.o(.text.HAL_InitTick))
<BR><BR>[Called By]<UL><LI><a href="#[d2]">&gt;&gt;</a>&nbsp;&nbsp;&nbsp;HAL_RCC_OscConfig
<LI><a href="#[ce]">&gt;&gt;</a>&nbsp;&nbsp;&nbsp;HAL_RCC_ClockConfig
<LI><a href="#[c6]">&gt;&gt;</a>&nbsp;&nbsp;&nbsp;HAL_Init
</UL>

<P><STRONG><a name="[ca]"></a>HAL_MspInit</STRONG> (Thumb, 2 bytes, Stack size 0 bytes, stm32wlxx_hal_msp.o(.text.HAL_MspInit))
<BR><BR>[Called By]<UL><LI><a href="#[c6]">&gt;&gt;</a>&nbsp;&nbsp;&nbsp;HAL_Init
</UL>

<P><STRONG><a name="[113]"></a>HAL_NVIC_DisableIRQ</STRONG> (Thumb, 36 bytes, Stack size 0 bytes, stm32wlxx_hal_cortex.o(.text.HAL_NVIC_DisableIRQ))
<BR><BR>[Called By]<UL><LI><a href="#[97]">&gt;&gt;</a>&nbsp;&nbsp;&nbsp;vcom_DeInit
<LI><a href="#[111]">&gt;&gt;</a>&nbsp;&nbsp;&nbsp;HAL_UART_MspDeInit
</UL>

<P><STRONG><a name="[e3]"></a>HAL_NVIC_EnableIRQ</STRONG> (Thumb, 28 bytes, Stack size 0 bytes, stm32wlxx_hal_cortex.o(.text.HAL_NVIC_EnableIRQ))
<BR><BR>[Called By]<UL><LI><a href="#[f5]">&gt;&gt;</a>&nbsp;&nbsp;&nbsp;HAL_SUBGHZ_MspInit
<LI><a href="#[dd]">&gt;&gt;</a>&nbsp;&nbsp;&nbsp;HAL_RTC_MspInit
<LI><a href="#[117]">&gt;&gt;</a>&nbsp;&nbsp;&nbsp;MX_DMA_Init
<LI><a href="#[10d]">&gt;&gt;</a>&nbsp;&nbsp;&nbsp;HAL_UART_MspInit
</UL>

<P><STRONG><a name="[e2]"></a>HAL_NVIC_SetPriority</STRONG> (Thumb, 88 bytes, Stack size 20 bytes, stm32wlxx_hal_cortex.o(.text.HAL_NVIC_SetPriority))
<BR><BR>[Stack]<UL><LI>Max Depth = 20<LI>Call Chain = HAL_NVIC_SetPriority
</UL>
<BR>[Called By]<UL><LI><a href="#[f5]">&gt;&gt;</a>&nbsp;&nbsp;&nbsp;HAL_SUBGHZ_MspInit
<LI><a href="#[dd]">&gt;&gt;</a>&nbsp;&nbsp;&nbsp;HAL_RTC_MspInit
<LI><a href="#[117]">&gt;&gt;</a>&nbsp;&nbsp;&nbsp;MX_DMA_Init
<LI><a href="#[10d]">&gt;&gt;</a>&nbsp;&nbsp;&nbsp;HAL_UART_MspInit
</UL>

<P><STRONG><a name="[c7]"></a>HAL_NVIC_SetPriorityGrouping</STRONG> (Thumb, 32 bytes, Stack size 0 bytes, stm32wlxx_hal_cortex.o(.text.HAL_NVIC_SetPriorityGrouping))
<BR><BR>[Called By]<UL><LI><a href="#[c6]">&gt;&gt;</a>&nbsp;&nbsp;&nbsp;HAL_Init
</UL>

<P><STRONG><a name="[12e]"></a>HAL_PWREx_GetVoltageRange</STRONG> (Thumb, 12 bytes, Stack size 0 bytes, stm32wlxx_hal_pwr_ex.o(.text.HAL_PWREx_GetVoltageRange))
<BR><BR>[Called By]<UL><LI><a href="#[d3]">&gt;&gt;</a>&nbsp;&nbsp;&nbsp;RCC_SetFlashLatencyFromMSIRange
</UL>

<P><STRONG><a name="[cc]"></a>HAL_PWR_EnableBkUpAccess</STRONG> (Thumb, 16 bytes, Stack size 0 bytes, stm32wlxx_hal_pwr.o(.text.HAL_PWR_EnableBkUpAccess))
<BR><BR>[Called By]<UL><LI><a href="#[cb]">&gt;&gt;</a>&nbsp;&nbsp;&nbsp;HAL_RCCEx_PeriphCLKConfig
<LI><a href="#[17a]">&gt;&gt;</a>&nbsp;&nbsp;&nbsp;SystemClock_Config
<LI><a href="#[d2]">&gt;&gt;</a>&nbsp;&nbsp;&nbsp;HAL_RCC_OscConfig
</UL>

<P><STRONG><a name="[cb]"></a>HAL_RCCEx_PeriphCLKConfig</STRONG> (Thumb, 412 bytes, Stack size 24 bytes, stm32wlxx_hal_rcc_ex.o(.text.HAL_RCCEx_PeriphCLKConfig))
<BR><BR>[Stack]<UL><LI>Max Depth = 24<LI>Call Chain = HAL_RCCEx_PeriphCLKConfig
</UL>
<BR>[Calls]<UL><LI><a href="#[cd]">&gt;&gt;</a>&nbsp;&nbsp;&nbsp;LL_RCC_SetI2CClockSource
<LI><a href="#[cc]">&gt;&gt;</a>&nbsp;&nbsp;&nbsp;HAL_PWR_EnableBkUpAccess
<LI><a href="#[c5]">&gt;&gt;</a>&nbsp;&nbsp;&nbsp;HAL_GetTick
</UL>
<BR>[Called By]<UL><LI><a href="#[dd]">&gt;&gt;</a>&nbsp;&nbsp;&nbsp;HAL_RTC_MspInit
<LI><a href="#[10d]">&gt;&gt;</a>&nbsp;&nbsp;&nbsp;HAL_UART_MspInit
</UL>

<P><STRONG><a name="[ce]"></a>HAL_RCC_ClockConfig</STRONG> (Thumb, 448 bytes, Stack size 32 bytes, stm32wlxx_hal_rcc.o(.text.HAL_RCC_ClockConfig))
<BR><BR>[Stack]<UL><LI>Max Depth = 48<LI>Call Chain = HAL_RCC_ClockConfig &rArr; HAL_RCC_GetHCLKFreq &rArr; HAL_RCC_GetSysClockFreq
</UL>
<BR>[Calls]<UL><LI><a href="#[c8]">&gt;&gt;</a>&nbsp;&nbsp;&nbsp;HAL_RCC_GetHCLKFreq
<LI><a href="#[c9]">&gt;&gt;</a>&nbsp;&nbsp;&nbsp;HAL_InitTick
<LI><a href="#[c5]">&gt;&gt;</a>&nbsp;&nbsp;&nbsp;HAL_GetTick
</UL>
<BR>[Called By]<UL><LI><a href="#[17a]">&gt;&gt;</a>&nbsp;&nbsp;&nbsp;SystemClock_Config
</UL>

<P><STRONG><a name="[c8]"></a>HAL_RCC_GetHCLKFreq</STRONG> (Thumb, 32 bytes, Stack size 8 bytes, stm32wlxx_hal_rcc.o(.text.HAL_RCC_GetHCLKFreq))
<BR><BR>[Stack]<UL><LI>Max Depth = 16<LI>Call Chain = HAL_RCC_GetHCLKFreq &rArr; HAL_RCC_GetSysClockFreq
</UL>
<BR>[Calls]<UL><LI><a href="#[cf]">&gt;&gt;</a>&nbsp;&nbsp;&nbsp;HAL_RCC_GetSysClockFreq
</UL>
<BR>[Called By]<UL><LI><a href="#[d1]">&gt;&gt;</a>&nbsp;&nbsp;&nbsp;HAL_RCC_GetPCLK2Freq
<LI><a href="#[d0]">&gt;&gt;</a>&nbsp;&nbsp;&nbsp;HAL_RCC_GetPCLK1Freq
<LI><a href="#[d2]">&gt;&gt;</a>&nbsp;&nbsp;&nbsp;HAL_RCC_OscConfig
<LI><a href="#[ce]">&gt;&gt;</a>&nbsp;&nbsp;&nbsp;HAL_RCC_ClockConfig
<LI><a href="#[c6]">&gt;&gt;</a>&nbsp;&nbsp;&nbsp;HAL_Init
</UL>

<P><STRONG><a name="[d0]"></a>HAL_RCC_GetPCLK1Freq</STRONG> (Thumb, 24 bytes, Stack size 8 bytes, stm32wlxx_hal_rcc.o(.text.HAL_RCC_GetPCLK1Freq))
<BR><BR>[Stack]<UL><LI>Max Depth = 24<LI>Call Chain = HAL_RCC_GetPCLK1Freq &rArr; HAL_RCC_GetHCLKFreq &rArr; HAL_RCC_GetSysClockFreq
</UL>
<BR>[Calls]<UL><LI><a href="#[c8]">&gt;&gt;</a>&nbsp;&nbsp;&nbsp;HAL_RCC_GetHCLKFreq
</UL>
<BR>[Called By]<UL><LI><a href="#[10e]">&gt;&gt;</a>&nbsp;&nbsp;&nbsp;UART_SetConfig
</UL>

<P><STRONG><a name="[d1]"></a>HAL_RCC_GetPCLK2Freq</STRONG> (Thumb, 32 bytes, Stack size 8 bytes, stm32wlxx_hal_rcc.o(.text.HAL_RCC_GetPCLK2Freq))
<BR><BR>[Stack]<UL><LI>Max Depth = 24<LI>Call Chain = HAL_RCC_GetPCLK2Freq &rArr; HAL_RCC_GetHCLKFreq &rArr; HAL_RCC_GetSysClockFreq
</UL>
<BR>[Calls]<UL><LI><a href="#[c8]">&gt;&gt;</a>&nbsp;&nbsp;&nbsp;HAL_RCC_GetHCLKFreq
</UL>
<BR>[Called By]<UL><LI><a href="#[10e]">&gt;&gt;</a>&nbsp;&nbsp;&nbsp;UART_SetConfig
</UL>

<P><STRONG><a name="[cf]"></a>HAL_RCC_GetSysClockFreq</STRONG> (Thumb, 232 bytes, Stack size 8 bytes, stm32wlxx_hal_rcc.o(.text.HAL_RCC_GetSysClockFreq))
<BR><BR>[Stack]<UL><LI>Max Depth = 8<LI>Call Chain = HAL_RCC_GetSysClockFreq
</UL>
<BR>[Called By]<UL><LI><a href="#[c8]">&gt;&gt;</a>&nbsp;&nbsp;&nbsp;HAL_RCC_GetHCLKFreq
<LI><a href="#[10e]">&gt;&gt;</a>&nbsp;&nbsp;&nbsp;UART_SetConfig
</UL>

<P><STRONG><a name="[d2]"></a>HAL_RCC_OscConfig</STRONG> (Thumb, 1480 bytes, Stack size 40 bytes, stm32wlxx_hal_rcc.o(.text.HAL_RCC_OscConfig))
<BR><BR>[Stack]<UL><LI>Max Depth = 56<LI>Call Chain = HAL_RCC_OscConfig &rArr; HAL_RCC_GetHCLKFreq &rArr; HAL_RCC_GetSysClockFreq
</UL>
<BR>[Calls]<UL><LI><a href="#[c8]">&gt;&gt;</a>&nbsp;&nbsp;&nbsp;HAL_RCC_GetHCLKFreq
<LI><a href="#[cc]">&gt;&gt;</a>&nbsp;&nbsp;&nbsp;HAL_PWR_EnableBkUpAccess
<LI><a href="#[c9]">&gt;&gt;</a>&nbsp;&nbsp;&nbsp;HAL_InitTick
<LI><a href="#[c5]">&gt;&gt;</a>&nbsp;&nbsp;&nbsp;HAL_GetTick
<LI><a href="#[d3]">&gt;&gt;</a>&nbsp;&nbsp;&nbsp;RCC_SetFlashLatencyFromMSIRange
</UL>
<BR>[Called By]<UL><LI><a href="#[17a]">&gt;&gt;</a>&nbsp;&nbsp;&nbsp;SystemClock_Config
</UL>

<P><STRONG><a name="[db]"></a>HAL_RTCEx_AlarmBEventCallback</STRONG> (Thumb, 2 bytes, Stack size 0 bytes, stm32wlxx_hal_rtc_ex.o(.text.HAL_RTCEx_AlarmBEventCallback))
<BR><BR>[Called By]<UL><LI><a href="#[da]">&gt;&gt;</a>&nbsp;&nbsp;&nbsp;HAL_RTC_AlarmIRQHandler
</UL>

<P><STRONG><a name="[17b]"></a>HAL_RTCEx_BKUPRead</STRONG> (Thumb, 8 bytes, Stack size 0 bytes, stm32wlxx_hal_rtc_ex.o(.text.HAL_RTCEx_BKUPRead))
<BR><BR>[Called By]<UL><LI><a href="#[8a]">&gt;&gt;</a>&nbsp;&nbsp;&nbsp;TIMER_IF_BkUp_Read_SubSeconds
<LI><a href="#[88]">&gt;&gt;</a>&nbsp;&nbsp;&nbsp;TIMER_IF_BkUp_Read_Seconds
<LI><a href="#[d5]">&gt;&gt;</a>&nbsp;&nbsp;&nbsp;TIMER_IF_BkUp_Read_MSBticks
</UL>

<P><STRONG><a name="[17c]"></a>HAL_RTCEx_BKUPWrite</STRONG> (Thumb, 12 bytes, Stack size 0 bytes, stm32wlxx_hal_rtc_ex.o(.text.HAL_RTCEx_BKUPWrite))
<BR><BR>[Called By]<UL><LI><a href="#[89]">&gt;&gt;</a>&nbsp;&nbsp;&nbsp;TIMER_IF_BkUp_Write_SubSeconds
<LI><a href="#[87]">&gt;&gt;</a>&nbsp;&nbsp;&nbsp;TIMER_IF_BkUp_Write_Seconds
<LI><a href="#[d6]">&gt;&gt;</a>&nbsp;&nbsp;&nbsp;TIMER_IF_BkUp_Write_MSBticks
</UL>

<P><STRONG><a name="[17e]"></a>HAL_RTCEx_EnableBypassShadow</STRONG> (Thumb, 44 bytes, Stack size 0 bytes, stm32wlxx_hal_rtc_ex.o(.text.HAL_RTCEx_EnableBypassShadow))
<BR><BR>[Called By]<UL><LI><a href="#[8c]">&gt;&gt;</a>&nbsp;&nbsp;&nbsp;TIMER_IF_Init
</UL>

<P><STRONG><a name="[d4]"></a>HAL_RTCEx_SSRUEventCallback</STRONG> (Thumb, 16 bytes, Stack size 8 bytes, timer_if.o(.text.HAL_RTCEx_SSRUEventCallback))
<BR><BR>[Stack]<UL><LI>Max Depth = 8<LI>Call Chain = HAL_RTCEx_SSRUEventCallback
</UL>
<BR>[Calls]<UL><LI><a href="#[d6]">&gt;&gt;</a>&nbsp;&nbsp;&nbsp;TIMER_IF_BkUp_Write_MSBticks
<LI><a href="#[d5]">&gt;&gt;</a>&nbsp;&nbsp;&nbsp;TIMER_IF_BkUp_Read_MSBticks
</UL>
<BR>[Called By]<UL><LI><a href="#[d7]">&gt;&gt;</a>&nbsp;&nbsp;&nbsp;HAL_RTCEx_SSRUIRQHandler
</UL>

<P><STRONG><a name="[d7]"></a>HAL_RTCEx_SSRUIRQHandler</STRONG> (Thumb, 28 bytes, Stack size 8 bytes, stm32wlxx_hal_rtc_ex.o(.text.HAL_RTCEx_SSRUIRQHandler))
<BR><BR>[Stack]<UL><LI>Max Depth = 16<LI>Call Chain = HAL_RTCEx_SSRUIRQHandler &rArr; HAL_RTCEx_SSRUEventCallback
</UL>
<BR>[Calls]<UL><LI><a href="#[d4]">&gt;&gt;</a>&nbsp;&nbsp;&nbsp;HAL_RTCEx_SSRUEventCallback
</UL>
<BR>[Called By]<UL><LI><a href="#[c]">&gt;&gt;</a>&nbsp;&nbsp;&nbsp;TAMP_STAMP_LSECSS_SSRU_IRQHandler
</UL>

<P><STRONG><a name="[11a]"></a>HAL_RTCEx_SetSSRU_IT</STRONG> (Thumb, 56 bytes, Stack size 0 bytes, stm32wlxx_hal_rtc_ex.o(.text.HAL_RTCEx_SetSSRU_IT))
<BR><BR>[Called By]<UL><LI><a href="#[119]">&gt;&gt;</a>&nbsp;&nbsp;&nbsp;MX_RTC_Init
</UL>

<P><STRONG><a name="[d8]"></a>HAL_RTC_AlarmAEventCallback</STRONG> (Thumb, 4 bytes, Stack size 0 bytes, timer_if.o(.text.HAL_RTC_AlarmAEventCallback))
<BR><BR>[Stack]<UL><LI>Max Depth = 80<LI>Call Chain = HAL_RTC_AlarmAEventCallback &rArr; UTIL_TIMER_IRQ_Handler &rArr; UTIL_TIMER_Start &rArr; TimerInsertNewHeadTimer &rArr; TimerSetTimeout
</UL>
<BR>[Calls]<UL><LI><a href="#[d9]">&gt;&gt;</a>&nbsp;&nbsp;&nbsp;UTIL_TIMER_IRQ_Handler
</UL>
<BR>[Called By]<UL><LI><a href="#[da]">&gt;&gt;</a>&nbsp;&nbsp;&nbsp;HAL_RTC_AlarmIRQHandler
</UL>

<P><STRONG><a name="[da]"></a>HAL_RTC_AlarmIRQHandler</STRONG> (Thumb, 52 bytes, Stack size 16 bytes, stm32wlxx_hal_rtc.o(.text.HAL_RTC_AlarmIRQHandler))
<BR><BR>[Stack]<UL><LI>Max Depth = 96<LI>Call Chain = HAL_RTC_AlarmIRQHandler &rArr; HAL_RTC_AlarmAEventCallback &rArr; UTIL_TIMER_IRQ_Handler &rArr; UTIL_TIMER_Start &rArr; TimerInsertNewHeadTimer &rArr; TimerSetTimeout
</UL>
<BR>[Calls]<UL><LI><a href="#[db]">&gt;&gt;</a>&nbsp;&nbsp;&nbsp;HAL_RTCEx_AlarmBEventCallback
<LI><a href="#[d8]">&gt;&gt;</a>&nbsp;&nbsp;&nbsp;HAL_RTC_AlarmAEventCallback
</UL>
<BR>[Called By]<UL><LI><a href="#[33]">&gt;&gt;</a>&nbsp;&nbsp;&nbsp;RTC_Alarm_IRQHandler
</UL>

<P><STRONG><a name="[17d]"></a>HAL_RTC_DeactivateAlarm</STRONG> (Thumb, 116 bytes, Stack size 16 bytes, stm32wlxx_hal_rtc.o(.text.HAL_RTC_DeactivateAlarm))
<BR><BR>[Stack]<UL><LI>Max Depth = 16<LI>Call Chain = HAL_RTC_DeactivateAlarm
</UL>
<BR>[Called By]<UL><LI><a href="#[8e]">&gt;&gt;</a>&nbsp;&nbsp;&nbsp;TIMER_IF_StopTimer
<LI><a href="#[8c]">&gt;&gt;</a>&nbsp;&nbsp;&nbsp;TIMER_IF_Init
</UL>

<P><STRONG><a name="[dc]"></a>HAL_RTC_Init</STRONG> (Thumb, 144 bytes, Stack size 16 bytes, stm32wlxx_hal_rtc.o(.text.HAL_RTC_Init))
<BR><BR>[Stack]<UL><LI>Max Depth = 112<LI>Call Chain = HAL_RTC_Init &rArr; HAL_RTC_MspInit &rArr; HAL_RCCEx_PeriphCLKConfig
</UL>
<BR>[Calls]<UL><LI><a href="#[df]">&gt;&gt;</a>&nbsp;&nbsp;&nbsp;RTC_ExitInitMode
<LI><a href="#[de]">&gt;&gt;</a>&nbsp;&nbsp;&nbsp;RTC_EnterInitMode
<LI><a href="#[dd]">&gt;&gt;</a>&nbsp;&nbsp;&nbsp;HAL_RTC_MspInit
</UL>
<BR>[Called By]<UL><LI><a href="#[119]">&gt;&gt;</a>&nbsp;&nbsp;&nbsp;MX_RTC_Init
</UL>

<P><STRONG><a name="[dd]"></a>HAL_RTC_MspInit</STRONG> (Thumb, 120 bytes, Stack size 72 bytes, rtc.o(.text.HAL_RTC_MspInit))
<BR><BR>[Stack]<UL><LI>Max Depth = 96<LI>Call Chain = HAL_RTC_MspInit &rArr; HAL_RCCEx_PeriphCLKConfig
</UL>
<BR>[Calls]<UL><LI><a href="#[e0]">&gt;&gt;</a>&nbsp;&nbsp;&nbsp;__aeabi_memclr4
<LI><a href="#[cb]">&gt;&gt;</a>&nbsp;&nbsp;&nbsp;HAL_RCCEx_PeriphCLKConfig
<LI><a href="#[e2]">&gt;&gt;</a>&nbsp;&nbsp;&nbsp;HAL_NVIC_SetPriority
<LI><a href="#[e3]">&gt;&gt;</a>&nbsp;&nbsp;&nbsp;HAL_NVIC_EnableIRQ
<LI><a href="#[e1]">&gt;&gt;</a>&nbsp;&nbsp;&nbsp;Error_Handler
</UL>
<BR>[Called By]<UL><LI><a href="#[dc]">&gt;&gt;</a>&nbsp;&nbsp;&nbsp;HAL_RTC_Init
</UL>

<P><STRONG><a name="[11b]"></a>HAL_RTC_SetAlarm_IT</STRONG> (Thumb, 328 bytes, Stack size 40 bytes, stm32wlxx_hal_rtc.o(.text.HAL_RTC_SetAlarm_IT))
<BR><BR>[Stack]<UL><LI>Max Depth = 40<LI>Call Chain = HAL_RTC_SetAlarm_IT
</UL>
<BR>[Called By]<UL><LI><a href="#[119]">&gt;&gt;</a>&nbsp;&nbsp;&nbsp;MX_RTC_Init
<LI><a href="#[8d]">&gt;&gt;</a>&nbsp;&nbsp;&nbsp;TIMER_IF_StartTimer
</UL>

<P><STRONG><a name="[e4]"></a>HAL_RTC_WaitForSynchro</STRONG> (Thumb, 48 bytes, Stack size 16 bytes, stm32wlxx_hal_rtc.o(.text.HAL_RTC_WaitForSynchro))
<BR><BR>[Stack]<UL><LI>Max Depth = 16<LI>Call Chain = HAL_RTC_WaitForSynchro
</UL>
<BR>[Calls]<UL><LI><a href="#[c5]">&gt;&gt;</a>&nbsp;&nbsp;&nbsp;HAL_GetTick
</UL>
<BR>[Called By]<UL><LI><a href="#[df]">&gt;&gt;</a>&nbsp;&nbsp;&nbsp;RTC_ExitInitMode
</UL>

<P><STRONG><a name="[f2]"></a>HAL_SUBGHZ_CADStatusCallback</STRONG> (Thumb, 28 bytes, Stack size 0 bytes, radio_driver.o(.text.HAL_SUBGHZ_CADStatusCallback))
<BR><BR>[Called By]<UL><LI><a href="#[ea]">&gt;&gt;</a>&nbsp;&nbsp;&nbsp;HAL_SUBGHZ_IRQHandler
</UL>

<P><STRONG><a name="[f1]"></a>HAL_SUBGHZ_CRCErrorCallback</STRONG> (Thumb, 8 bytes, Stack size 0 bytes, radio_driver.o(.text.HAL_SUBGHZ_CRCErrorCallback))
<BR><BR>[Called By]<UL><LI><a href="#[ea]">&gt;&gt;</a>&nbsp;&nbsp;&nbsp;HAL_SUBGHZ_IRQHandler
</UL>

<P><STRONG><a name="[e5]"></a>HAL_SUBGHZ_ExecGetCmd</STRONG> (Thumb, 128 bytes, Stack size 24 bytes, stm32wlxx_hal_subghz.o(.text.HAL_SUBGHZ_ExecGetCmd))
<BR><BR>[Stack]<UL><LI>Max Depth = 44<LI>Call Chain = HAL_SUBGHZ_ExecGetCmd &rArr; SUBGHZSPI_Receive
</UL>
<BR>[Calls]<UL><LI><a href="#[e8]">&gt;&gt;</a>&nbsp;&nbsp;&nbsp;SUBGHZ_WaitOnBusy
<LI><a href="#[e6]">&gt;&gt;</a>&nbsp;&nbsp;&nbsp;SUBGHZ_CheckDeviceReady
<LI><a href="#[50]">&gt;&gt;</a>&nbsp;&nbsp;&nbsp;SUBGHZSPI_Transmit
<LI><a href="#[e7]">&gt;&gt;</a>&nbsp;&nbsp;&nbsp;SUBGHZSPI_Receive
</UL>
<BR>[Called By]<UL><LI><a href="#[169]">&gt;&gt;</a>&nbsp;&nbsp;&nbsp;SUBGRF_ReadCommand
<LI><a href="#[ea]">&gt;&gt;</a>&nbsp;&nbsp;&nbsp;HAL_SUBGHZ_IRQHandler
</UL>

<P><STRONG><a name="[e9]"></a>HAL_SUBGHZ_ExecSetCmd</STRONG> (Thumb, 132 bytes, Stack size 24 bytes, stm32wlxx_hal_subghz.o(.text.HAL_SUBGHZ_ExecSetCmd))
<BR><BR>[Stack]<UL><LI>Max Depth = 36<LI>Call Chain = HAL_SUBGHZ_ExecSetCmd &rArr; SUBGHZSPI_Transmit
</UL>
<BR>[Calls]<UL><LI><a href="#[e8]">&gt;&gt;</a>&nbsp;&nbsp;&nbsp;SUBGHZ_WaitOnBusy
<LI><a href="#[e6]">&gt;&gt;</a>&nbsp;&nbsp;&nbsp;SUBGHZ_CheckDeviceReady
<LI><a href="#[50]">&gt;&gt;</a>&nbsp;&nbsp;&nbsp;SUBGHZSPI_Transmit
</UL>
<BR>[Called By]<UL><LI><a href="#[167]">&gt;&gt;</a>&nbsp;&nbsp;&nbsp;SUBGRF_WriteCommand
<LI><a href="#[ea]">&gt;&gt;</a>&nbsp;&nbsp;&nbsp;HAL_SUBGHZ_IRQHandler
</UL>

<P><STRONG><a name="[f0]"></a>HAL_SUBGHZ_HeaderErrorCallback</STRONG> (Thumb, 8 bytes, Stack size 0 bytes, radio_driver.o(.text.HAL_SUBGHZ_HeaderErrorCallback))
<BR><BR>[Called By]<UL><LI><a href="#[ea]">&gt;&gt;</a>&nbsp;&nbsp;&nbsp;HAL_SUBGHZ_IRQHandler
</UL>

<P><STRONG><a name="[ef]"></a>HAL_SUBGHZ_HeaderValidCallback</STRONG> (Thumb, 8 bytes, Stack size 0 bytes, radio_driver.o(.text.HAL_SUBGHZ_HeaderValidCallback))
<BR><BR>[Called By]<UL><LI><a href="#[ea]">&gt;&gt;</a>&nbsp;&nbsp;&nbsp;HAL_SUBGHZ_IRQHandler
</UL>

<P><STRONG><a name="[ea]"></a>HAL_SUBGHZ_IRQHandler</STRONG> (Thumb, 142 bytes, Stack size 24 bytes, stm32wlxx_hal_subghz.o(.text.HAL_SUBGHZ_IRQHandler))
<BR><BR>[Stack]<UL><LI>Max Depth = 68<LI>Call Chain = HAL_SUBGHZ_IRQHandler &rArr; HAL_SUBGHZ_ExecGetCmd &rArr; SUBGHZSPI_Receive
</UL>
<BR>[Calls]<UL><LI><a href="#[e9]">&gt;&gt;</a>&nbsp;&nbsp;&nbsp;HAL_SUBGHZ_ExecSetCmd
<LI><a href="#[e5]">&gt;&gt;</a>&nbsp;&nbsp;&nbsp;HAL_SUBGHZ_ExecGetCmd
<LI><a href="#[eb]">&gt;&gt;</a>&nbsp;&nbsp;&nbsp;HAL_SUBGHZ_TxCpltCallback
<LI><a href="#[ee]">&gt;&gt;</a>&nbsp;&nbsp;&nbsp;HAL_SUBGHZ_SyncWordValidCallback
<LI><a href="#[f3]">&gt;&gt;</a>&nbsp;&nbsp;&nbsp;HAL_SUBGHZ_RxTxTimeoutCallback
<LI><a href="#[ec]">&gt;&gt;</a>&nbsp;&nbsp;&nbsp;HAL_SUBGHZ_RxCpltCallback
<LI><a href="#[ed]">&gt;&gt;</a>&nbsp;&nbsp;&nbsp;HAL_SUBGHZ_PreambleDetectedCallback
[...]
</UL>
<BR>[Calls]<UL><LI><a href="#[146]">&gt;&gt;</a>&nbsp;&nbsp;&nbsp;SUBGRF_GetRssiInst
</UL>
<BR>[Address Reference Count : 1]<UL><LI> radio.o(.rodata.Radio)
</UL>
<P><STRONG><a name="[73]"></a>RadioRx</STRONG> (Thumb, 92 bytes, Stack size 16 bytes, radio.o(.text.RadioRx))
<BR><BR>[Stack]<UL><LI>Max Depth = 100<LI>Call Chain = RadioRx &rArr; SUBGRF_SetSwitch &rArr; Radio_SMPS_Set &rArr; SUBGRF_ReadRegister &rArr; HAL_SUBGHZ_ReadRegisters &rArr; SUBGHZSPI_Receive
</UL>
<BR>[Calls]<UL><LI><a href="#[149]">&gt;&gt;</a>&nbsp;&nbsp;&nbsp;RFW_ReceiveInit
<LI><a href="#[140]">&gt;&gt;</a>&nbsp;&nbsp;&nbsp;RFW_Is_Init
<LI><a href="#[14c]">&gt;&gt;</a>&nbsp;&nbsp;&nbsp;SUBGRF_SetSwitch
<LI><a href="#[14d]">&gt;&gt;</a>&nbsp;&nbsp;&nbsp;SUBGRF_SetRx
<LI><a href="#[138]">&gt;&gt;</a>&nbsp;&nbsp;&nbsp;SUBGRF_SetDioIrqParams
<LI><a href="#[14b]">&gt;&gt;</a>&nbsp;&nbsp;&nbsp;UTIL_TIMER_Start
<LI><a href="#[14a]">&gt;&gt;</a>&nbsp;&nbsp;&nbsp;UTIL_TIMER_SetPeriod
</UL>
<BR>[Called By]<UL><LI><a href="#[6a]">&gt;&gt;</a>&nbsp;&nbsp;&nbsp;RadioIsChannelFree
</UL>
<BR>[Address Reference Count : 1]<UL><LI> radio.o(.rodata.Radio)
</UL>
<P><STRONG><a name="[7f]"></a>RadioRxBoosted</STRONG> (Thumb, 92 bytes, Stack size 16 bytes, radio.o(.text.RadioRxBoosted))
<BR><BR>[Stack]<UL><LI>Max Depth = 100<LI>Call Chain = RadioRxBoosted &rArr; SUBGRF_SetSwitch &rArr; Radio_SMPS_Set &rArr; SUBGRF_ReadRegister &rArr; HAL_SUBGHZ_ReadRegisters &rArr; SUBGHZSPI_Receive
</UL>
<BR>[Calls]<UL><LI><a href="#[149]">&gt;&gt;</a>&nbsp;&nbsp;&nbsp;RFW_ReceiveInit
<LI><a href="#[140]">&gt;&gt;</a>&nbsp;&nbsp;&nbsp;RFW_Is_Init
<LI><a href="#[14c]">&gt;&gt;</a>&nbsp;&nbsp;&nbsp;SUBGRF_SetSwitch
<LI><a href="#[14e]">&gt;&gt;</a>&nbsp;&nbsp;&nbsp;SUBGRF_SetRxBoosted
<LI><a href="#[138]">&gt;&gt;</a>&nbsp;&nbsp;&nbsp;SUBGRF_SetDioIrqParams
<LI><a href="#[14b]">&gt;&gt;</a>&nbsp;&nbsp;&nbsp;UTIL_TIMER_Start
<LI><a href="#[14a]">&gt;&gt;</a>&nbsp;&nbsp;&nbsp;UTIL_TIMER_SetPeriod
</UL>
<BR>[Address Reference Count : 1]<UL><LI> radio.o(.rodata.Radio)
</UL>
<P><STRONG><a name="[70]"></a>RadioSend</STRONG> (Thumb, 476 bytes, Stack size 40 bytes, radio.o(.text.RadioSend))
<BR><BR>[Stack]<UL><LI>Max Depth = 216<LI>Call Chain = RadioSend &rArr; UTIL_ADV_TRACE_COND_FSend &rArr; tiny_vsnprintf_like &rArr; strlen
</UL>
<BR>[Calls]<UL><LI><a href="#[14f]">&gt;&gt;</a>&nbsp;&nbsp;&nbsp;RFW_TransmitInit
<LI><a href="#[140]">&gt;&gt;</a>&nbsp;&nbsp;&nbsp;RFW_Is_Init
<LI><a href="#[58]">&gt;&gt;</a>&nbsp;&nbsp;&nbsp;SUBGRF_WriteRegister
<LI><a href="#[14c]">&gt;&gt;</a>&nbsp;&nbsp;&nbsp;SUBGRF_SetSwitch
<LI><a href="#[150]">&gt;&gt;</a>&nbsp;&nbsp;&nbsp;SUBGRF_SetPacketParams
<LI><a href="#[138]">&gt;&gt;</a>&nbsp;&nbsp;&nbsp;SUBGRF_SetDioIrqParams
<LI><a href="#[151]">&gt;&gt;</a>&nbsp;&nbsp;&nbsp;SUBGRF_SendPayload
<LI><a href="#[59]">&gt;&gt;</a>&nbsp;&nbsp;&nbsp;SUBGRF_ReadRegister
<LI><a href="#[14b]">&gt;&gt;</a>&nbsp;&nbsp;&nbsp;UTIL_TIMER_Start
<LI><a href="#[14a]">&gt;&gt;</a>&nbsp;&nbsp;&nbsp;UTIL_TIMER_SetPeriod
<LI><a href="#[5f]">&gt;&gt;</a>&nbsp;&nbsp;&nbsp;UTIL_ADV_TRACE_COND_FSend
</UL>
<BR>[Address Reference Count : 1]<UL><LI> radio.o(.rodata.Radio)
</UL>
<P><STRONG><a name="[69]"></a>RadioSetChannel</STRONG> (Thumb, 4 bytes, Stack size 0 bytes, radio.o(.text.RadioSetChannel))
<BR><BR>[Stack]<UL><LI>Max Depth = 84<LI>Call Chain = RadioSetChannel &rArr; SUBGRF_SetRfFrequency &rArr; SUBGRF_CalibrateImage &rArr; SUBGRF_WriteCommand &rArr; HAL_SUBGHZ_ExecSetCmd &rArr; SUBGHZSPI_Transmit
</UL>
<BR>[Calls]<UL><LI><a href="#[143]">&gt;&gt;</a>&nbsp;&nbsp;&nbsp;SUBGRF_SetRfFrequency
</UL>
<BR>[Address Reference Count : 1]<UL><LI> radio.o(.rodata.Radio)
</UL>
<P><STRONG><a name="[7b]"></a>RadioSetMaxPayloadLength</STRONG> (Thumb, 40 bytes, Stack size 0 bytes, radio.o(.text.RadioSetMaxPayloadLength))
<BR><BR>[Stack]<UL><LI>Max Depth = 108<LI>Call Chain = RadioSetMaxPayloadLength &rArr; SUBGRF_SetPacketParams &rArr; SUBGRF_SetPacketType &rArr; SUBGRF_WriteRegister &rArr; HAL_SUBGHZ_WriteRegisters &rArr; SUBGHZSPI_Transmit
</UL>
<BR>[Calls]<UL><LI><a href="#[150]">&gt;&gt;</a>&nbsp;&nbsp;&nbsp;SUBGRF_SetPacketParams
</UL>
<BR>[Address Reference Count : 1]<UL><LI> radio.o(.rodata.Radio)
</UL>
<P><STRONG><a name="[68]"></a>RadioSetModem</STRONG> (Thumb, 80 bytes, Stack size 16 bytes, radio.o(.text.RadioSetModem))
<BR><BR>[Stack]<UL><LI>Max Depth = 92<LI>Call Chain = RadioSetModem &rArr; SUBGRF_SetPacketType &rArr; SUBGRF_WriteRegister &rArr; HAL_SUBGHZ_WriteRegisters &rArr; SUBGHZSPI_Transmit
</UL>
<BR>[Calls]<UL><LI><a href="#[152]">&gt;&gt;</a>&nbsp;&nbsp;&nbsp;RFW_SetRadioModem
<LI><a href="#[153]">&gt;&gt;</a>&nbsp;&nbsp;&nbsp;SUBGRF_SetPacketType
</UL>
<BR>[Called By]<UL><LI><a href="#[84]">&gt;&gt;</a>&nbsp;&nbsp;&nbsp;RadioSetTxGenericConfig
<LI><a href="#[6d]">&gt;&gt;</a>&nbsp;&nbsp;&nbsp;RadioSetTxConfig
<LI><a href="#[83]">&gt;&gt;</a>&nbsp;&nbsp;&nbsp;RadioSetRxGenericConfig
<LI><a href="#[6c]">&gt;&gt;</a>&nbsp;&nbsp;&nbsp;RadioSetRxConfig
<LI><a href="#[7c]">&gt;&gt;</a>&nbsp;&nbsp;&nbsp;RadioSetPublicNetwork
<LI><a href="#[6b]">&gt;&gt;</a>&nbsp;&nbsp;&nbsp;RadioRandom
<LI><a href="#[6a]">&gt;&gt;</a>&nbsp;&nbsp;&nbsp;RadioIsChannelFree
</UL>
<BR>[Address Reference Count : 1]<UL><LI> radio.o(.rodata.Radio)
</UL>
<P><STRONG><a name="[7c]"></a>RadioSetPublicNetwork</STRONG> (Thumb, 56 bytes, Stack size 8 bytes, radio.o(.text.RadioSetPublicNetwork))
<BR><BR>[Stack]<UL><LI>Max Depth = 100<LI>Call Chain = RadioSetPublicNetwork &rArr; RadioSetModem &rArr; SUBGRF_SetPacketType &rArr; SUBGRF_WriteRegister &rArr; HAL_SUBGHZ_WriteRegisters &rArr; SUBGHZSPI_Transmit
</UL>
<BR>[Calls]<UL><LI><a href="#[58]">&gt;&gt;</a>&nbsp;&nbsp;&nbsp;SUBGRF_WriteRegister
<LI><a href="#[68]">&gt;&gt;</a>&nbsp;&nbsp;&nbsp;RadioSetModem
</UL>
<BR>[Called By]<UL><LI><a href="#[66]">&gt;&gt;</a>&nbsp;&nbsp;&nbsp;RadioInit
</UL>
<BR>[Address Reference Count : 1]<UL><LI> radio.o(.rodata.Radio)
</UL>
<P><STRONG><a name="[6c]"></a>RadioSetRxConfig</STRONG> (Thumb, 700 bytes, Stack size 56 bytes, radio.o(.text.RadioSetRxConfig))
<BR><BR>[Stack]<UL><LI>Max Depth = 164<LI>Call Chain = RadioSetRxConfig &rArr; SUBGRF_SetPacketParams &rArr; SUBGRF_SetPacketType &rArr; SUBGRF_WriteRegister &rArr; HAL_SUBGHZ_WriteRegisters &rArr; SUBGHZSPI_Transmit
</UL>
<BR>[Calls]<UL><LI><a href="#[154]">&gt;&gt;</a>&nbsp;&nbsp;&nbsp;RFW_DeInit
<LI><a href="#[58]">&gt;&gt;</a>&nbsp;&nbsp;&nbsp;SUBGRF_WriteRegister
<LI><a href="#[159]">&gt;&gt;</a>&nbsp;&nbsp;&nbsp;SUBGRF_SetWhiteningSeed
<LI><a href="#[158]">&gt;&gt;</a>&nbsp;&nbsp;&nbsp;SUBGRF_SetSyncWord
<LI><a href="#[155]">&gt;&gt;</a>&nbsp;&nbsp;&nbsp;SUBGRF_SetStopRxTimerOnPreambleDetect
<LI><a href="#[150]">&gt;&gt;</a>&nbsp;&nbsp;&nbsp;SUBGRF_SetPacketParams
<LI><a href="#[157]">&gt;&gt;</a>&nbsp;&nbsp;&nbsp;SUBGRF_SetModulationParams
<LI><a href="#[15a]">&gt;&gt;</a>&nbsp;&nbsp;&nbsp;SUBGRF_SetLoRaSymbNumTimeout
<LI><a href="#[59]">&gt;&gt;</a>&nbsp;&nbsp;&nbsp;SUBGRF_ReadRegister
<LI><a href="#[156]">&gt;&gt;</a>&nbsp;&nbsp;&nbsp;SUBGRF_GetFskBandwidthRegValue
<LI><a href="#[72]">&gt;&gt;</a>&nbsp;&nbsp;&nbsp;RadioStandby
<LI><a href="#[68]">&gt;&gt;</a>&nbsp;&nbsp;&nbsp;RadioSetModem
</UL>
<BR>[Called By]<UL><LI><a href="#[6a]">&gt;&gt;</a>&nbsp;&nbsp;&nbsp;RadioIsChannelFree
</UL>
<BR>[Address Reference Count : 1]<UL><LI> radio.o(.rodata.Radio)
</UL>
<P><STRONG><a name="[80]"></a>RadioSetRxDutyCycle</STRONG> (Thumb, 36 bytes, Stack size 16 bytes, radio.o(.text.RadioSetRxDutyCycle))
<BR><BR>[Stack]<UL><LI>Max Depth = 100<LI>Call Chain = RadioSetRxDutyCycle &rArr; SUBGRF_SetSwitch &rArr; Radio_SMPS_Set &rArr; SUBGRF_ReadRegister &rArr; HAL_SUBGHZ_ReadRegisters &rArr; SUBGHZSPI_Receive
</UL>
<BR>[Calls]<UL><LI><a href="#[14c]">&gt;&gt;</a>&nbsp;&nbsp;&nbsp;SUBGRF_SetSwitch
<LI><a href="#[15b]">&gt;&gt;</a>&nbsp;&nbsp;&nbsp;SUBGRF_SetRxDutyCycle
</UL>
<BR>[Address Reference Count : 1]<UL><LI> radio.o(.rodata.Radio)
</UL>
<P><STRONG><a name="[83]"></a>RadioSetRxGenericConfig</STRONG> (Thumb, 520 bytes, Stack size 56 bytes, radio.o(.text.RadioSetRxGenericConfig))
<BR><BR>[Stack]<UL><LI>Max Depth = 164<LI>Call Chain = RadioSetRxGenericConfig &rArr; SUBGRF_SetPacketParams &rArr; SUBGRF_SetPacketType &rArr; SUBGRF_WriteRegister &rArr; HAL_SUBGHZ_WriteRegisters &rArr; SUBGHZSPI_Transmit
</UL>
<BR>[Calls]<UL><LI><a href="#[15c]">&gt;&gt;</a>&nbsp;&nbsp;&nbsp;RFW_Init
<LI><a href="#[154]">&gt;&gt;</a>&nbsp;&nbsp;&nbsp;RFW_DeInit
<LI><a href="#[58]">&gt;&gt;</a>&nbsp;&nbsp;&nbsp;SUBGRF_WriteRegister
<LI><a href="#[159]">&gt;&gt;</a>&nbsp;&nbsp;&nbsp;SUBGRF_SetWhiteningSeed
<LI><a href="#[158]">&gt;&gt;</a>&nbsp;&nbsp;&nbsp;SUBGRF_SetSyncWord
<LI><a href="#[155]">&gt;&gt;</a>&nbsp;&nbsp;&nbsp;SUBGRF_SetStopRxTimerOnPreambleDetect
<LI><a href="#[150]">&gt;&gt;</a>&nbsp;&nbsp;&nbsp;SUBGRF_SetPacketParams
<LI><a href="#[157]">&gt;&gt;</a>&nbsp;&nbsp;&nbsp;SUBGRF_SetModulationParams
<LI><a href="#[15a]">&gt;&gt;</a>&nbsp;&nbsp;&nbsp;SUBGRF_SetLoRaSymbNumTimeout
<LI><a href="#[15d]">&gt;&gt;</a>&nbsp;&nbsp;&nbsp;SUBGRF_SetCrcPolynomial
<LI><a href="#[59]">&gt;&gt;</a>&nbsp;&nbsp;&nbsp;SUBGRF_ReadRegister
<LI><a href="#[156]">&gt;&gt;</a>&nbsp;&nbsp;&nbsp;SUBGRF_GetFskBandwidthRegValue
<LI><a href="#[72]">&gt;&gt;</a>&nbsp;&nbsp;&nbsp;RadioStandby
<LI><a href="#[68]">&gt;&gt;</a>&nbsp;&nbsp;&nbsp;RadioSetModem
</UL>
<BR>[Address Reference Count : 1]<UL><LI> radio.o(.rodata.Radio)
</UL>
<P><STRONG><a name="[6d]"></a>RadioSetTxConfig</STRONG> (Thumb, 392 bytes, Stack size 48 bytes, radio.o(.text.RadioSetTxConfig))
<BR><BR>[Stack]<UL><LI>Max Depth = 156<LI>Call Chain = RadioSetTxConfig &rArr; SUBGRF_SetRfTxPower &rArr; SUBGRF_SetTxParams &rArr; SUBGRF_ReadRegister &rArr; HAL_SUBGHZ_ReadRegisters &rArr; SUBGHZSPI_Receive
</UL>
<BR>[Calls]<UL><LI><a href="#[15e]">&gt;&gt;</a>&nbsp;&nbsp;&nbsp;RFW_SetAntSwitch
<LI><a href="#[154]">&gt;&gt;</a>&nbsp;&nbsp;&nbsp;RFW_DeInit
<LI><a href="#[159]">&gt;&gt;</a>&nbsp;&nbsp;&nbsp;SUBGRF_SetWhiteningSeed
<LI><a href="#[158]">&gt;&gt;</a>&nbsp;&nbsp;&nbsp;SUBGRF_SetSyncWord
<LI><a href="#[131]">&gt;&gt;</a>&nbsp;&nbsp;&nbsp;SUBGRF_SetRfTxPower
<LI><a href="#[150]">&gt;&gt;</a>&nbsp;&nbsp;&nbsp;SUBGRF_SetPacketParams
<LI><a href="#[157]">&gt;&gt;</a>&nbsp;&nbsp;&nbsp;SUBGRF_SetModulationParams
<LI><a href="#[156]">&gt;&gt;</a>&nbsp;&nbsp;&nbsp;SUBGRF_GetFskBandwidthRegValue
<LI><a href="#[72]">&gt;&gt;</a>&nbsp;&nbsp;&nbsp;RadioStandby
<LI><a href="#[68]">&gt;&gt;</a>&nbsp;&nbsp;&nbsp;RadioSetModem
</UL>
<BR>[Address Reference Count : 1]<UL><LI> radio.o(.rodata.Radio)
</UL>
<P><STRONG><a name="[75]"></a>RadioSetTxContinuousWave</STRONG> (Thumb, 56 bytes, Stack size 16 bytes, radio.o(.text.RadioSetTxContinuousWave))
<BR><BR>[Stack]<UL><LI>Max Depth = 124<LI>Call Chain = RadioSetTxContinuousWave &rArr; SUBGRF_SetRfTxPower &rArr; SUBGRF_SetTxParams &rArr; SUBGRF_ReadRegister &rArr; HAL_SUBGHZ_ReadRegisters &rArr; SUBGHZSPI_Receive
</UL>
<BR>[Calls]<UL><LI><a href="#[15f]">&gt;&gt;</a>&nbsp;&nbsp;&nbsp;SUBGRF_SetTxContinuousWave
<LI><a href="#[14c]">&gt;&gt;</a>&nbsp;&nbsp;&nbsp;SUBGRF_SetSwitch
<LI><a href="#[131]">&gt;&gt;</a>&nbsp;&nbsp;&nbsp;SUBGRF_SetRfTxPower
<LI><a href="#[143]">&gt;&gt;</a>&nbsp;&nbsp;&nbsp;SUBGRF_SetRfFrequency
<LI><a href="#[14b]">&gt;&gt;</a>&nbsp;&nbsp;&nbsp;UTIL_TIMER_Start
<LI><a href="#[14a]">&gt;&gt;</a>&nbsp;&nbsp;&nbsp;UTIL_TIMER_SetPeriod
</UL>
<BR>[Address Reference Count : 1]<UL><LI> radio.o(.rodata.Radio)
</UL>
<P><STRONG><a name="[84]"></a>RadioSetTxGenericConfig</STRONG> (Thumb, 448 bytes, Stack size 48 bytes, radio.o(.text.RadioSetTxGenericConfig))
<BR><BR>[Stack]<UL><LI>Max Depth = 156<LI>Call Chain = RadioSetTxGenericConfig &rArr; SUBGRF_SetRfTxPower &rArr; SUBGRF_SetTxParams &rArr; SUBGRF_ReadRegister &rArr; HAL_SUBGHZ_ReadRegisters &rArr; SUBGHZSPI_Receive
</UL>
<BR>[Calls]<UL><LI><a href="#[15e]">&gt;&gt;</a>&nbsp;&nbsp;&nbsp;RFW_SetAntSwitch
<LI><a href="#[15c]">&gt;&gt;</a>&nbsp;&nbsp;&nbsp;RFW_Init
<LI><a href="#[154]">&gt;&gt;</a>&nbsp;&nbsp;&nbsp;RFW_DeInit
<LI><a href="#[58]">&gt;&gt;</a>&nbsp;&nbsp;&nbsp;SUBGRF_WriteRegister
<LI><a href="#[159]">&gt;&gt;</a>&nbsp;&nbsp;&nbsp;SUBGRF_SetWhiteningSeed
<LI><a href="#[158]">&gt;&gt;</a>&nbsp;&nbsp;&nbsp;SUBGRF_SetSyncWord
<LI><a href="#[131]">&gt;&gt;</a>&nbsp;&nbsp;&nbsp;SUBGRF_SetRfTxPower
<LI><a href="#[150]">&gt;&gt;</a>&nbsp;&nbsp;&nbsp;SUBGRF_SetPacketParams
<LI><a href="#[157]">&gt;&gt;</a>&nbsp;&nbsp;&nbsp;SUBGRF_SetModulationParams
<LI><a href="#[15d]">&gt;&gt;</a>&nbsp;&nbsp;&nbsp;SUBGRF_SetCrcPolynomial
<LI><a href="#[59]">&gt;&gt;</a>&nbsp;&nbsp;&nbsp;SUBGRF_ReadRegister
<LI><a href="#[156]">&gt;&gt;</a>&nbsp;&nbsp;&nbsp;SUBGRF_GetFskBandwidthRegValue
<LI><a href="#[72]">&gt;&gt;</a>&nbsp;&nbsp;&nbsp;RadioStandby
<LI><a href="#[68]">&gt;&gt;</a>&nbsp;&nbsp;&nbsp;RadioSetModem
</UL>
<BR>[Address Reference Count : 1]<UL><LI> radio.o(.rodata.Radio)
</UL>
<P><STRONG><a name="[71]"></a>RadioSleep</STRONG> (Thumb, 18 bytes, Stack size 8 bytes, radio.o(.text.RadioSleep))
<BR><BR>[Stack]<UL><LI>Max Depth = 108<LI>Call Chain = RadioSleep &rArr; SUBGRF_SetSleep &rArr; Radio_SMPS_Set &rArr; SUBGRF_ReadRegister &rArr; HAL_SUBGHZ_ReadRegisters &rArr; SUBGHZSPI_Receive
</UL>
<BR>[Calls]<UL><LI><a href="#[160]">&gt;&gt;</a>&nbsp;&nbsp;&nbsp;SUBGRF_SetSleep
<LI><a href="#[c2]">&gt;&gt;</a>&nbsp;&nbsp;&nbsp;HAL_Delay
</UL>
<BR>[Called By]<UL><LI><a href="#[66]">&gt;&gt;</a>&nbsp;&nbsp;&nbsp;RadioInit
</UL>
<BR>[Address Reference Count : 1]<UL><LI> radio.o(.rodata.Radio)
</UL>
<P><STRONG><a name="[72]"></a>RadioStandby</STRONG> (Thumb, 6 bytes, Stack size 0 bytes, radio.o(.text.RadioStandby))
<BR><BR>[Stack]<UL><LI>Max Depth = 60<LI>Call Chain = RadioStandby &rArr; SUBGRF_SetStandby &rArr; SUBGRF_WriteCommand &rArr; HAL_SUBGHZ_ExecSetCmd &rArr; SUBGHZSPI_Transmit
</UL>
<BR>[Calls]<UL><LI><a href="#[13b]">&gt;&gt;</a>&nbsp;&nbsp;&nbsp;SUBGRF_SetStandby
</UL>
<BR>[Called By]<UL><LI><a href="#[84]">&gt;&gt;</a>&nbsp;&nbsp;&nbsp;RadioSetTxGenericConfig
<LI><a href="#[6d]">&gt;&gt;</a>&nbsp;&nbsp;&nbsp;RadioSetTxConfig
<LI><a href="#[83]">&gt;&gt;</a>&nbsp;&nbsp;&nbsp;RadioSetRxGenericConfig
<LI><a href="#[6c]">&gt;&gt;</a>&nbsp;&nbsp;&nbsp;RadioSetRxConfig
<LI><a href="#[6a]">&gt;&gt;</a>&nbsp;&nbsp;&nbsp;RadioIsChannelFree
</UL>
<BR>[Address Reference Count : 1]<UL><LI> radio.o(.rodata.Radio)
</UL>
<P><STRONG><a name="[74]"></a>RadioStartCad</STRONG> (Thumb, 44 bytes, Stack size 8 bytes, radio.o(.text.RadioStartCad))
<BR><BR>[Stack]<UL><LI>Max Depth = 92<LI>Call Chain = RadioStartCad &rArr; SUBGRF_SetSwitch &rArr; Radio_SMPS_Set &rArr; SUBGRF_ReadRegister &rArr; HAL_SUBGHZ_ReadRegisters &rArr; SUBGHZSPI_Receive
</UL>
<BR>[Calls]<UL><LI><a href="#[14c]">&gt;&gt;</a>&nbsp;&nbsp;&nbsp;SUBGRF_SetSwitch
<LI><a href="#[138]">&gt;&gt;</a>&nbsp;&nbsp;&nbsp;SUBGRF_SetDioIrqParams
<LI><a href="#[161]">&gt;&gt;</a>&nbsp;&nbsp;&nbsp;SUBGRF_SetCad
</UL>
<BR>[Address Reference Count : 1]<UL><LI> radio.o(.rodata.Radio)
</UL>
<P><STRONG><a name="[6f]"></a>RadioTimeOnAir</STRONG> (Thumb, 328 bytes, Stack size 24 bytes, radio.o(.text.RadioTimeOnAir))
<BR><BR>[Stack]<UL><LI>Max Depth = 24<LI>Call Chain = RadioTimeOnAir
</UL>
<BR>[Address Reference Count : 1]<UL><LI> radio.o(.rodata.Radio)
</UL>
<P><STRONG><a name="[82]"></a>RadioTxCw</STRONG> (Thumb, 20 bytes, Stack size 8 bytes, radio.o(.text.RadioTxCw))
<BR><BR>[Stack]<UL><LI>Max Depth = 116<LI>Call Chain = RadioTxCw &rArr; SUBGRF_SetRfTxPower &rArr; SUBGRF_SetTxParams &rArr; SUBGRF_ReadRegister &rArr; HAL_SUBGHZ_ReadRegisters &rArr; SUBGHZSPI_Receive
</UL>
<BR>[Calls]<UL><LI><a href="#[15f]">&gt;&gt;</a>&nbsp;&nbsp;&nbsp;SUBGRF_SetTxContinuousWave
<LI><a href="#[14c]">&gt;&gt;</a>&nbsp;&nbsp;&nbsp;SUBGRF_SetSwitch
<LI><a href="#[131]">&gt;&gt;</a>&nbsp;&nbsp;&nbsp;SUBGRF_SetRfTxPower
</UL>
<BR>[Address Reference Count : 1]<UL><LI> radio.o(.rodata.Radio)
</UL>
<P><STRONG><a name="[81]"></a>RadioTxPrbs</STRONG> (Thumb, 48 bytes, Stack size 8 bytes, radio.o(.text.RadioTxPrbs))
<BR><BR>[Stack]<UL><LI>Max Depth = 92<LI>Call Chain = RadioTxPrbs &rArr; SUBGRF_SetSwitch &rArr; Radio_SMPS_Set &rArr; SUBGRF_ReadRegister &rArr; HAL_SUBGHZ_ReadRegisters &rArr; SUBGHZSPI_Receive
</UL>
<BR>[Calls]<UL><LI><a href="#[58]">&gt;&gt;</a>&nbsp;&nbsp;&nbsp;SUBGRF_WriteRegister
<LI><a href="#[162]">&gt;&gt;</a>&nbsp;&nbsp;&nbsp;SUBGRF_SetTxInfinitePreamble
<LI><a href="#[163]">&gt;&gt;</a>&nbsp;&nbsp;&nbsp;SUBGRF_SetTx
<LI><a href="#[14c]">&gt;&gt;</a>&nbsp;&nbsp;&nbsp;SUBGRF_SetSwitch
</UL>
<BR>[Address Reference Count : 1]<UL><LI> radio.o(.rodata.Radio)
</UL>
<P><STRONG><a name="[77]"></a>RadioWrite</STRONG> (Thumb, 4 bytes, Stack size 0 bytes, radio.o(.text.RadioWrite))
<BR><BR>[Stack]<UL><LI>Max Depth = 60<LI>Call Chain = RadioWrite &rArr; SUBGRF_WriteRegister &rArr; HAL_SUBGHZ_WriteRegisters &rArr; SUBGHZSPI_Transmit
</UL>
<BR>[Calls]<UL><LI><a href="#[58]">&gt;&gt;</a>&nbsp;&nbsp;&nbsp;SUBGRF_WriteRegister
</UL>
<BR>[Address Reference Count : 1]<UL><LI> radio.o(.rodata.Radio)
</UL>
<P><STRONG><a name="[79]"></a>RadioWriteRegisters</STRONG> (Thumb, 4 bytes, Stack size 0 bytes, radio.o(.text.RadioWriteRegisters))
<BR><BR>[Stack]<UL><LI>Max Depth = 52<LI>Call Chain = RadioWriteRegisters &rArr; SUBGRF_WriteRegisters &rArr; HAL_SUBGHZ_WriteRegisters &rArr; SUBGHZSPI_Transmit
</UL>
<BR>[Calls]<UL><LI><a href="#[164]">&gt;&gt;</a>&nbsp;&nbsp;&nbsp;SUBGRF_WriteRegisters
</UL>
<BR>[Address Reference Count : 1]<UL><LI> radio.o(.rodata.Radio)
</UL>
<P><STRONG><a name="[18b]"></a>TRACE_AllocateBufer</STRONG> (Thumb, 124 bytes, Stack size 20 bytes, stm32_adv_trace.o(.text.TRACE_AllocateBufer))
<BR><BR>[Stack]<UL><LI>Max Depth = 20<LI>Call Chain = TRACE_AllocateBufer
</UL>
<BR>[Called By]<UL><LI><a href="#[123]">&gt;&gt;</a>&nbsp;&nbsp;&nbsp;UTIL_ADV_TRACE_Send
<LI><a href="#[5f]">&gt;&gt;</a>&nbsp;&nbsp;&nbsp;UTIL_ADV_TRACE_COND_FSend
</UL>

<P><STRONG><a name="[180]"></a>TRACE_Lock</STRONG> (Thumb, 24 bytes, Stack size 0 bytes, stm32_adv_trace.o(.text.TRACE_Lock))
<BR><BR>[Called By]<UL><LI><a href="#[17f]">&gt;&gt;</a>&nbsp;&nbsp;&nbsp;TRACE_Send
<LI><a href="#[123]">&gt;&gt;</a>&nbsp;&nbsp;&nbsp;UTIL_ADV_TRACE_Send
<LI><a href="#[5f]">&gt;&gt;</a>&nbsp;&nbsp;&nbsp;UTIL_ADV_TRACE_COND_FSend
</UL>

<P><STRONG><a name="[17f]"></a>TRACE_Send</STRONG> (Thumb, 124 bytes, Stack size 16 bytes, stm32_adv_trace.o(.text.TRACE_Send))
<BR><BR>[Stack]<UL><LI>Max Depth = 16<LI>Call Chain = TRACE_Send
</UL>
<BR>[Calls]<UL><LI><a href="#[181]">&gt;&gt;</a>&nbsp;&nbsp;&nbsp;TRACE_UnLock
<LI><a href="#[180]">&gt;&gt;</a>&nbsp;&nbsp;&nbsp;TRACE_Lock
<LI><a href="#[182]">&gt;&gt;</a>&nbsp;&nbsp;&nbsp;UTIL_ADV_TRACE_PreSendHook
</UL>
<BR>[Called By]<UL><LI><a href="#[123]">&gt;&gt;</a>&nbsp;&nbsp;&nbsp;UTIL_ADV_TRACE_Send
<LI><a href="#[5f]">&gt;&gt;</a>&nbsp;&nbsp;&nbsp;UTIL_ADV_TRACE_COND_FSend
</UL>

<P><STRONG><a name="[65]"></a>TRACE_TxCpltCallback</STRONG> (Thumb, 144 bytes, Stack size 16 bytes, stm32_adv_trace.o(.text.TRACE_TxCpltCallback))
<BR><BR>[Stack]<UL><LI>Max Depth = 16<LI>Call Chain = TRACE_TxCpltCallback
</UL>
<BR>[Calls]<UL><LI><a href="#[181]">&gt;&gt;</a>&nbsp;&nbsp;&nbsp;TRACE_UnLock
<LI><a href="#[183]">&gt;&gt;</a>&nbsp;&nbsp;&nbsp;UTIL_ADV_TRACE_PostSendHook
</UL>
<BR>[Address Reference Count : 1]<UL><LI> stm32_adv_trace.o(.text.UTIL_ADV_TRACE_Init)
</UL>
<P><STRONG><a name="[181]"></a>TRACE_UnLock</STRONG> (Thumb, 28 bytes, Stack size 0 bytes, stm32_adv_trace.o(.text.TRACE_UnLock))
<BR><BR>[Called By]<UL><LI><a href="#[65]">&gt;&gt;</a>&nbsp;&nbsp;&nbsp;TRACE_TxCpltCallback
<LI><a href="#[17f]">&gt;&gt;</a>&nbsp;&nbsp;&nbsp;TRACE_Send
<LI><a href="#[123]">&gt;&gt;</a>&nbsp;&nbsp;&nbsp;UTIL_ADV_TRACE_Send
<LI><a href="#[5f]">&gt;&gt;</a>&nbsp;&nbsp;&nbsp;UTIL_ADV_TRACE_COND_FSend
</UL>

<P><STRONG><a name="[49]"></a>_scanf_char_input</STRONG> (Thumb, 12 bytes, Stack size 0 bytes, scanf_char.o(.text))
<BR>[Address Reference Count : 1]<UL><LI> scanf_char.o(.text)
</UL><P>
<H3>
Undefined Global Symbols
</H3><HR></body></html>
