<html>
<body>
<pre>
<h1>µVision Build Log</h1>
<h2>Tool Versions:</h2>
IDE-Version: ¦ÌVision V5.31.0.0
Copyright (C) 2020 ARM Ltd and ARM Germany GmbH. All rights reserved.
License Information: 1 CDLX, HP Inc., LIC=32B1Q-NQXDY-BS6YX-HSNVM-BEKBI-05H54
 
Tool Versions:
Toolchain:       MDK-ARM Plus  Version: 5.31.0.0
Toolchain Path:  D:\Keil_v5\ARM\ARMCLANG\Bin
C Compiler:      ArmClang.exe V6.14
Assembler:       Armasm.exe V6.14
Linker/Locator:  ArmLink.exe V6.14
Library Manager: ArmAr.exe V6.14
Hex Converter:   FromElf.exe V6.14
CPU DLL:         SARMCM3.DLL V5.31.0.0
Dialog DLL:      DCM.DLL V1.17.3.0
Target DLL:      STLink\ST-LINKIII-KEIL_SWO.dll V3.0.7.0
Dialog DLL:      TCM.DLL V1.46.0.0
 
<h2>Project:</h2>
D:\workspace\LoRa\lorawan\E77\trans test - 1\PingPong_V1.1\PingPong_V1.1\MDK-ARM\PingPong.uvprojx
Project File Date:  05/20/2022

<h2>Output:</h2>
*** Using Compiler 'V6.14', folder: 'D:\Keil_v5\ARM\ARMCLANG\Bin'
Rebuild target 'PingPong'
assembling startup_stm32wle5xx.s...
compiling rtc.c...
compiling sys_app.c...
compiling dma.c...
compiling subghz.c...
compiling main.c...
compiling stm32_lpm_if.c...
compiling sys_debug.c...
compiling usart_if.c...
compiling app_subghz_phy.c...
compiling stm32wlxx_hal_msp.c...
compiling stm32wlxx_it.c...
compiling usart.c...
compiling timer_if.c...
compiling subghz_phy_app.c...
compiling radio_board_if.c...
compiling stm32wlxx_LM401_radio.c...
compiling stm32wlxx_LM401.c...
compiling stm32wlxx_hal_flash.c...
compiling stm32wlxx_hal_rcc_ex.c...
compiling stm32wlxx_hal_rcc.c...
compiling stm32wlxx_hal_flash_ex.c...
compiling stm32wlxx_hal_dma.c...
compiling stm32wlxx_hal_dma_ex.c...
compiling stm32wlxx_hal_gpio.c...
compiling stm32wlxx_hal_pwr.c...
compiling stm32wlxx_hal_pwr_ex.c...
compiling stm32wlxx_hal_cortex.c...
compiling stm32wlxx_hal.c...
compiling stm32wlxx_hal_exti.c...
compiling stm32wlxx_hal_rtc.c...
compiling stm32wlxx_hal_rtc_ex.c...
compiling stm32wlxx_hal_tim_ex.c...
compiling stm32wlxx_hal_tim.c...
compiling stm32wlxx_hal_subghz.c...
compiling stm32wlxx_hal_uart_ex.c...
compiling system_stm32wlxx.c...
compiling stm32wlxx_hal_uart.c...
compiling radio_fw.c...
compiling stm32_adv_trace.c...
compiling radio_driver.c...
compiling stm32_mem.c...
compiling radio.c...
compiling stm32_systime.c...
compiling stm32_tiny_sscanf.c...
compiling stm32_tiny_vsnprintf.c...
compiling stm32_seq.c...
compiling stm32_timer.c...
compiling stm32_lpm.c...
linking...
Program Size: Code=26768 RO-data=1264 RW-data=20 ZI-data=37468  
FromELF: creating hex file...
"PingPong\trans-400.axf" - 0 Error(s), 0 Warning(s).

<h2>Software Packages used:</h2>

Package Vendor: ARM
                http://www.keil.com/pack/ARM.CMSIS.5.7.0.pack
                ARM.CMSIS.5.7.0
                CMSIS (Cortex Microcontroller Software Interface Standard)
   * Component: CORE Version: 5.4.0

Package Vendor: Keil
                http://www.keil.com/pack/Keil.STM32WLxx_DFP.1.1.0.pack
                Keil.STM32WLxx_DFP.1.1.0
                STMicroelectronics STM32WL Series Device Support

<h2>Collection of Component include folders:</h2>
  .\RTE\_PingPong
  D:\Keil_v5\Arm\Packs\ARM\CMSIS\5.7.0\CMSIS\Core\Include
  D:\Keil_v5\Arm\Packs\Keil\STM32WLxx_DFP\1.1.0\Drivers\CMSIS\Device\ST\STM32WLxx\Include

<h2>Collection of Component Files used:</h2>

   * Component: ARM::CMSIS:CORE:5.4.0
      Include file:  CMSIS\Core\Include\tz_context.h
Build Time Elapsed:  00:00:08
</pre>
</body>
</html>
