Component: ARM Compiler 6.14 Tool: armlink [5db06800]

==============================================================================

Section Cross References

    startup_stm32wle5xx.o(STACK) refers (Special) to heapauxi.o(.text) for __use_two_region_memory
    startup_stm32wle5xx.o(HEAP) refers (Special) to heapauxi.o(.text) for __use_two_region_memory
    startup_stm32wle5xx.o(RESET) refers (Special) to heapauxi.o(.text) for __use_two_region_memory
    startup_stm32wle5xx.o(RESET) refers to startup_stm32wle5xx.o(STACK) for __initial_sp
    startup_stm32wle5xx.o(RESET) refers to startup_stm32wle5xx.o(.text) for Reset_Handler
    startup_stm32wle5xx.o(RESET) refers to stm32wlxx_it.o(.text.NMI_Handler) for NMI_Handler
    startup_stm32wle5xx.o(RESET) refers to stm32wlxx_it.o(.text.HardFault_Handler) for HardFault_Handler
    startup_stm32wle5xx.o(RESET) refers to stm32wlxx_it.o(.text.MemManage_Handler) for MemManage_Handler
    startup_stm32wle5xx.o(RESET) refers to stm32wlxx_it.o(.text.BusFault_Handler) for BusFault_Handler
    startup_stm32wle5xx.o(RESET) refers to stm32wlxx_it.o(.text.UsageFault_Handler) for UsageFault_Handler
    startup_stm32wle5xx.o(RESET) refers to stm32wlxx_it.o(.text.SVC_Handler) for SVC_Handler
    startup_stm32wle5xx.o(RESET) refers to stm32wlxx_it.o(.text.DebugMon_Handler) for DebugMon_Handler
    startup_stm32wle5xx.o(RESET) refers to stm32wlxx_it.o(.text.PendSV_Handler) for PendSV_Handler
    startup_stm32wle5xx.o(RESET) refers to stm32wlxx_it.o(.text.SysTick_Handler) for SysTick_Handler
    startup_stm32wle5xx.o(RESET) refers to stm32wlxx_it.o(.text.TAMP_STAMP_LSECSS_SSRU_IRQHandler) for TAMP_STAMP_LSECSS_SSRU_IRQHandler
    startup_stm32wle5xx.o(RESET) refers to stm32wlxx_it.o(.text.DMA1_Channel5_IRQHandler) for DMA1_Channel5_IRQHandler
    startup_stm32wle5xx.o(RESET) refers to stm32wlxx_it.o(.text.USART2_IRQHandler) for USART2_IRQHandler
    startup_stm32wle5xx.o(RESET) refers to stm32wlxx_it.o(.text.RTC_Alarm_IRQHandler) for RTC_Alarm_IRQHandler
    startup_stm32wle5xx.o(RESET) refers to stm32wlxx_it.o(.text.SUBGHZ_Radio_IRQHandler) for SUBGHZ_Radio_IRQHandler
    startup_stm32wle5xx.o(.text) refers (Special) to heapauxi.o(.text) for __use_two_region_memory
    startup_stm32wle5xx.o(.text) refers to system_stm32wlxx.o(.text.SystemInit) for SystemInit
    startup_stm32wle5xx.o(.text) refers to __main.o(!!!main) for __main
    startup_stm32wle5xx.o(.text) refers to startup_stm32wle5xx.o(HEAP) for Heap_Mem
    startup_stm32wle5xx.o(.text) refers to startup_stm32wle5xx.o(STACK) for Stack_Mem
    main.o(.text.main) refers to stm32wlxx_hal.o(.text.HAL_Init) for HAL_Init
    main.o(.text.main) refers to rt_memclr_w.o(.text) for __aeabi_memclr4
    main.o(.text.main) refers to stm32wlxx_hal_pwr.o(.text.HAL_PWR_EnableBkUpAccess) for HAL_PWR_EnableBkUpAccess
    main.o(.text.main) refers to stm32wlxx_hal_rcc.o(.text.HAL_RCC_OscConfig) for HAL_RCC_OscConfig
    main.o(.text.main) refers to stm32wlxx_hal_rcc.o(.text.HAL_RCC_ClockConfig) for HAL_RCC_ClockConfig
    main.o(.text.main) refers to gpio.o(.text.MX_GPIO_Init) for MX_GPIO_Init
    main.o(.text.main) refers to app_subghz_phy.o(.text.MX_SubGHz_Phy_Init) for MX_SubGHz_Phy_Init
    main.o(.text.main) refers to app_subghz_phy.o(.text.MX_SubGHz_Phy_Process) for MX_SubGHz_Phy_Process
    main.o(.ARM.exidx.text.main) refers to main.o(.text.main) for [Anonymous Symbol]
    main.o(.text.SystemClock_Config) refers to rt_memclr_w.o(.text) for __aeabi_memclr4
    main.o(.text.SystemClock_Config) refers to stm32wlxx_hal_pwr.o(.text.HAL_PWR_EnableBkUpAccess) for HAL_PWR_EnableBkUpAccess
    main.o(.text.SystemClock_Config) refers to stm32wlxx_hal_rcc.o(.text.HAL_RCC_OscConfig) for HAL_RCC_OscConfig
    main.o(.text.SystemClock_Config) refers to stm32wlxx_hal_rcc.o(.text.HAL_RCC_ClockConfig) for HAL_RCC_ClockConfig
    main.o(.ARM.exidx.text.SystemClock_Config) refers to main.o(.text.SystemClock_Config) for [Anonymous Symbol]
    main.o(.ARM.exidx.text.Error_Handler) refers to main.o(.text.Error_Handler) for [Anonymous Symbol]
    gpio.o(.text.MX_GPIO_Init) refers to stm32wlxx_hal_gpio.o(.text.HAL_GPIO_WritePin) for HAL_GPIO_WritePin
    gpio.o(.text.MX_GPIO_Init) refers to stm32wlxx_hal_gpio.o(.text.HAL_GPIO_Init) for HAL_GPIO_Init
    gpio.o(.ARM.exidx.text.MX_GPIO_Init) refers to gpio.o(.text.MX_GPIO_Init) for [Anonymous Symbol]
    dma.o(.text.MX_DMA_Init) refers to stm32wlxx_hal_cortex.o(.text.HAL_NVIC_SetPriority) for HAL_NVIC_SetPriority
    dma.o(.text.MX_DMA_Init) refers to stm32wlxx_hal_cortex.o(.text.HAL_NVIC_EnableIRQ) for HAL_NVIC_EnableIRQ
    dma.o(.ARM.exidx.text.MX_DMA_Init) refers to dma.o(.text.MX_DMA_Init) for [Anonymous Symbol]
    rtc.o(.text.MX_RTC_Init) refers to rt_memclr_w.o(.text) for __aeabi_memclr4
    rtc.o(.text.MX_RTC_Init) refers to rtc.o(.bss.hrtc) for hrtc
    rtc.o(.text.MX_RTC_Init) refers to stm32wlxx_hal_rtc.o(.text.HAL_RTC_Init) for HAL_RTC_Init
[...]
    _ll_udiv                                 0x08000219   Thumb Code   240  lludivv7m.o(.text)
    strlen                                   0x08000309   Thumb Code    62  strlen.o(.text)
    __aeabi_memcpy                           0x08000347   Thumb Code     0  rt_memcpy_v6.o(.text)
    __rt_memcpy                              0x08000347   Thumb Code   138  rt_memcpy_v6.o(.text)
    _memcpy_lastbytes                        0x080003ad   Thumb Code     0  rt_memcpy_v6.o(.text)
    __aeabi_memset                           0x080003d1   Thumb Code    16  aeabi_memset.o(.text)
    __aeabi_memclr4                          0x080003e1   Thumb Code     0  rt_memclr_w.o(.text)
    __aeabi_memclr8                          0x080003e1   Thumb Code     0  rt_memclr_w.o(.text)
    __rt_memclr_w                            0x080003e1   Thumb Code    78  rt_memclr_w.o(.text)
    _memset_w                                0x080003e5   Thumb Code     0  rt_memclr_w.o(.text)
    __use_two_region_memory                  0x0800042f   Thumb Code     2  heapauxi.o(.text)
    __rt_heap_escrow$2region                 0x08000431   Thumb Code     2  heapauxi.o(.text)
    __rt_heap_expand$2region                 0x08000433   Thumb Code     2  heapauxi.o(.text)
    __aeabi_memcpy4                          0x08000435   Thumb Code     0  rt_memcpy_w.o(.text)
    __aeabi_memcpy8                          0x08000435   Thumb Code     0  rt_memcpy_w.o(.text)
    __rt_memcpy_w                            0x08000435   Thumb Code   100  rt_memcpy_w.o(.text)
    _memcpy_lastbytes_aligned                0x0800047d   Thumb Code     0  rt_memcpy_w.o(.text)
    __aeabi_memclr                           0x08000499   Thumb Code     0  rt_memclr.o(.text)
    __rt_memclr                              0x08000499   Thumb Code    68  rt_memclr.o(.text)
    _memset                                  0x0800049d   Thumb Code     0  rt_memclr.o(.text)
    __user_setup_stackheap                   0x080004dd   Thumb Code    74  sys_stackheap_outer.o(.text)
    exit                                     0x08000527   Thumb Code    18  exit.o(.text)
    __user_libspace                          0x08000539   Thumb Code     8  libspace.o(.text)
    __user_perproc_libspace                  0x08000539   Thumb Code     0  libspace.o(.text)
    __user_perthread_libspace                0x08000539   Thumb Code     0  libspace.o(.text)
    _sys_exit                                0x08000541   Thumb Code     8  sys_exit.o(.text)
    __I$use$semihosting                      0x0800054d   Thumb Code     0  use_no_semi.o(.text)
    __use_no_semihosting_swi                 0x0800054d   Thumb Code     2  use_no_semi.o(.text)
    __semihosting_library_function           0x0800054f   Thumb Code     0  indicate_semi.o(.text)
    __rt_fp_status_addr                      0x08000551   Thumb Code     8  rt_fp_status_addr_intlibspace.o(.text)
    BSP_RADIO_ConfigRFSwitch                 0x08000559   Thumb Code    74  stm32wlxx_nucleo_radio.o(.text.BSP_RADIO_ConfigRFSwitch)
    BSP_RADIO_GetRFOMaxPowerConfig           0x080005a5   Thumb Code    12  stm32wlxx_nucleo_radio.o(.text.BSP_RADIO_GetRFOMaxPowerConfig)
    BSP_RADIO_GetTxConfig                    0x080005b1   Thumb Code     4  stm32wlxx_nucleo_radio.o(.text.BSP_RADIO_GetTxConfig)
    BSP_RADIO_Init                           0x080005b5   Thumb Code   132  stm32wlxx_nucleo_radio.o(.text.BSP_RADIO_Init)
    BSP_RADIO_IsDCDC                         0x08000639   Thumb Code     4  stm32wlxx_nucleo_radio.o(.text.BSP_RADIO_IsDCDC)
    BSP_RADIO_IsTCXO                         0x0800063d   Thumb Code     4  stm32wlxx_nucleo_radio.o(.text.BSP_RADIO_IsTCXO)
    BusFault_Handler                         0x08000641   Thumb Code     2  stm32wlxx_it.o(.text.BusFault_Handler)
    DBG_Init                                 0x08000645   Thumb Code    18  sys_debug.o(.text.DBG_Init)
    DMA1_Channel5_IRQHandler                 0x08000659   Thumb Code    12  stm32wlxx_it.o(.text.DMA1_Channel5_IRQHandler)
    DebugMon_Handler                         0x08000665   Thumb Code     2  stm32wlxx_it.o(.text.DebugMon_Handler)
    Error_Handler                            0x08000669   Thumb Code    10  main.o(.text.Error_Handler)
    HAL_DBGMCU_DisableDBGSleepMode           0x08000675   Thumb Code    18  stm32wlxx_hal.o(.text.HAL_DBGMCU_DisableDBGSleepMode)
    HAL_DBGMCU_DisableDBGStandbyMode         0x08000689   Thumb Code    18  stm32wlxx_hal.o(.text.HAL_DBGMCU_DisableDBGStandbyMode)
    HAL_DBGMCU_DisableDBGStopMode            0x0800069d   Thumb Code    18  stm32wlxx_hal.o(.text.HAL_DBGMCU_DisableDBGStopMode)
    HAL_DMA_Abort                            0x080006b1   Thumb Code   116  stm32wlxx_hal_dma.o(.text.HAL_DMA_Abort)
    HAL_DMA_Abort_IT                         0x08000725   Thumb Code   112  stm32wlxx_hal_dma.o(.text.HAL_DMA_Abort_IT)
    HAL_DMA_DeInit                           0x08000795   Thumb Code   248  stm32wlxx_hal_dma.o(.text.HAL_DMA_DeInit)
    HAL_DMA_IRQHandler                       0x0800088d   Thumb Code   194  stm32wlxx_hal_dma.o(.text.HAL_DMA_IRQHandler)
    HAL_DMA_Init                             0x08000951   Thumb Code   308  stm32wlxx_hal_dma.o(.text.HAL_DMA_Init)
    HAL_DMA_Start_IT                         0x08000a85   Thumb Code   238  stm32wlxx_hal_dma.o(.text.HAL_DMA_Start_IT)
    HAL_Delay                                0x08000b75   Thumb Code    12  sys_app.o(.text.HAL_Delay)
    HAL_GPIO_DeInit                          0x08000b81   Thumb Code   478  stm32wlxx_hal_gpio.o(.text.HAL_GPIO_DeInit)
    HAL_GPIO_Init                            0x08000d61   Thumb Code   468  stm32wlxx_hal_gpio.o(.text.HAL_GPIO_Init)
    HAL_GPIO_TogglePin                       0x08000f35   Thumb Code    16  stm32wlxx_hal_gpio.o(.text.HAL_GPIO_TogglePin)
    HAL_GPIO_WritePin                        0x08000f45   Thumb Code    12  stm32wlxx_hal_gpio.o(.text.HAL_GPIO_WritePin)
    HAL_GetTick                              0x08000f51   Thumb Code    22  sys_app.o(.text.HAL_GetTick)
    HAL_Init                                 0x08000f69   Thumb Code    44  stm32wlxx_hal.o(.text.HAL_Init)
    HAL_InitTick                             0x08000f95   Thumb Code     4  sys_app.o(.text.HAL_InitTick)
    HAL_MspInit                              0x08000f99   Thumb Code     2  stm32wlxx_hal_msp.o(.text.HAL_MspInit)
    HAL_NVIC_DisableIRQ                      0x08000f9d   Thumb Code    40  stm32wlxx_hal_cortex.o(.text.HAL_NVIC_DisableIRQ)
    HAL_NVIC_EnableIRQ                       0x08000fc5   Thumb Code    32  stm32wlxx_hal_cortex.o(.text.HAL_NVIC_EnableIRQ)
    HAL_NVIC_SetPriority                     0x08000fe5   Thumb Code    86  stm32wlxx_hal_cortex.o(.text.HAL_NVIC_SetPriority)
    HAL_NVIC_SetPriorityGrouping             0x0800103d   Thumb Code    32  stm32wlxx_hal_cortex.o(.text.HAL_NVIC_SetPriorityGrouping)
    HAL_PWREx_DisableLowPowerRunMode         0x0800105d   Thumb Code   112  stm32wlxx_hal_pwr_ex.o(.text.HAL_PWREx_DisableLowPowerRunMode)
    HAL_PWREx_EnableLowPowerRunMode          0x080010cd   Thumb Code    18  stm32wlxx_hal_pwr_ex.o(.text.HAL_PWREx_EnableLowPowerRunMode)
    HAL_PWREx_EnterSTOP2Mode                 0x080010e1   Thumb Code    60  stm32wlxx_hal_pwr_ex.o(.text.HAL_PWREx_EnterSTOP2Mode)
    HAL_PWREx_GetVoltageRange                0x0800111d   Thumb Code    16  stm32wlxx_hal_pwr_ex.o(.text.HAL_PWREx_GetVoltageRange)
    HAL_PWR_EnableBkUpAccess                 0x0800112d   Thumb Code    18  stm32wlxx_hal_pwr.o(.text.HAL_PWR_EnableBkUpAccess)
    HAL_PWR_EnterSLEEPMode                   0x08001141   Thumb Code    76  stm32wlxx_hal_pwr.o(.text.HAL_PWR_EnterSLEEPMode)
    HAL_RCCEx_PeriphCLKConfig                0x0800118d   Thumb Code   522  stm32wlxx_hal_rcc_ex.o(.text.HAL_RCCEx_PeriphCLKConfig)
    HAL_RCC_ClockConfig                      0x08001399   Thumb Code   502  stm32wlxx_hal_rcc.o(.text.HAL_RCC_ClockConfig)
    HAL_RCC_GetHCLKFreq                      0x08001591   Thumb Code    36  stm32wlxx_hal_rcc.o(.text.HAL_RCC_GetHCLKFreq)
    HAL_RCC_GetPCLK1Freq                     0x080015b5   Thumb Code    56  stm32wlxx_hal_rcc.o(.text.HAL_RCC_GetPCLK1Freq)
    HAL_RCC_GetPCLK2Freq                     0x080015ed   Thumb Code    56  stm32wlxx_hal_rcc.o(.text.HAL_RCC_GetPCLK2Freq)
    HAL_RCC_GetSysClockFreq                  0x08001625   Thumb Code   238  stm32wlxx_hal_rcc.o(.text.HAL_RCC_GetSysClockFreq)
    HAL_RCC_OscConfig                        0x08001715   Thumb Code  1916  stm32wlxx_hal_rcc.o(.text.HAL_RCC_OscConfig)
    HAL_RTCEx_AlarmBEventCallback            0x08001e91   Thumb Code     2  stm32wlxx_hal_rtc_ex.o(.text.HAL_RTCEx_AlarmBEventCallback)
    HAL_RTCEx_BKUPRead                       0x08001e95   Thumb Code    14  stm32wlxx_hal_rtc_ex.o(.text.HAL_RTCEx_BKUPRead)
    HAL_RTCEx_BKUPWrite                      0x08001ea5   Thumb Code    14  stm32wlxx_hal_rtc_ex.o(.text.HAL_RTCEx_BKUPWrite)
    HAL_RTCEx_EnableBypassShadow             0x08001eb5   Thumb Code    64  stm32wlxx_hal_rtc_ex.o(.text.HAL_RTCEx_EnableBypassShadow)
    HAL_RTCEx_SSRUEventCallback              0x08001ef5   Thumb Code    32  timer_if.o(.text.HAL_RTCEx_SSRUEventCallback)
    HAL_RTCEx_SSRUIRQHandler                 0x08001f15   Thumb Code    36  stm32wlxx_hal_rtc_ex.o(.text.HAL_RTCEx_SSRUIRQHandler)
    HAL_RTCEx_SetSSRU_IT                     0x08001f39   Thumb Code    80  stm32wlxx_hal_rtc_ex.o(.text.HAL_RTCEx_SetSSRU_IT)
    HAL_RTC_AlarmAEventCallback              0x08001f89   Thumb Code     4  timer_if.o(.text.HAL_RTC_AlarmAEventCallback)
    HAL_RTC_AlarmIRQHandler                  0x08001f8d   Thumb Code    70  stm32wlxx_hal_rtc.o(.text.HAL_RTC_AlarmIRQHandler)
    HAL_RTC_DeactivateAlarm                  0x08001fd5   Thumb Code   134  stm32wlxx_hal_rtc.o(.text.HAL_RTC_DeactivateAlarm)
    HAL_RTC_Init                             0x0800205d   Thumb Code   214  stm32wlxx_hal_rtc.o(.text.HAL_RTC_Init)
    HAL_RTC_MspInit                          0x08002135   Thumb Code   126  rtc.o(.text.HAL_RTC_MspInit)
    HAL_RTC_SetAlarm_IT                      0x080021b5   Thumb Code   502  stm32wlxx_hal_rtc.o(.text.HAL_RTC_SetAlarm_IT)
    HAL_ResumeTick                           0x080023ad   Thumb Code    18  stm32wlxx_hal.o(.text.HAL_ResumeTick)
    HAL_SUBGHZ_CADStatusCallback             0x080023c1   Thumb Code    40  radio_driver.o(.text.HAL_SUBGHZ_CADStatusCallback)
    HAL_SUBGHZ_CRCErrorCallback              0x080023e9   Thumb Code    14  radio_driver.o(.text.HAL_SUBGHZ_CRCErrorCallback)
    HAL_SUBGHZ_ExecGetCmd                    0x080023f9   Thumb Code   842  stm32wlxx_hal_subghz.o(.text.HAL_SUBGHZ_ExecGetCmd)
    HAL_SUBGHZ_ExecSetCmd                    0x08002745   Thumb Code   702  stm32wlxx_hal_subghz.o(.text.HAL_SUBGHZ_ExecSetCmd)
    HAL_SUBGHZ_HeaderErrorCallback           0x08002a05   Thumb Code    14  radio_driver.o(.text.HAL_SUBGHZ_HeaderErrorCallback)
    HAL_SUBGHZ_HeaderValidCallback           0x08002a15   Thumb Code    14  radio_driver.o(.text.HAL_SUBGHZ_HeaderValidCallback)
    HAL_SUBGHZ_IRQHandler                    0x08002a25   Thumb Code   180  stm32wlxx_hal_subghz.o(.text.HAL_SUBGHZ_IRQHandler)
    HAL_SUBGHZ_Init                          0x08002ad9   Thumb Code   254  stm32wlxx_hal_subghz.o(.text.HAL_SUBGHZ_Init)
    HAL_SUBGHZ_MspInit                       0x08002bd9   Thumb Code    50  subghz.o(.text.HAL_SUBGHZ_MspInit)
    HAL_SUBGHZ_PreambleDetectedCallback      0x08002c0d   Thumb Code    14  radio_driver.o(.text.HAL_SUBGHZ_PreambleDetectedCallback)
    HAL_SUBGHZ_ReadBuffer                    0x08002c1d   Thumb Code  1010  stm32wlxx_hal_subghz.o(.text.HAL_SUBGHZ_ReadBuffer)
    HAL_SUBGHZ_ReadRegisters                 0x08003011   Thumb Code  1174  stm32wlxx_hal_subghz.o(.text.HAL_SUBGHZ_ReadRegisters)
    HAL_SUBGHZ_RxCpltCallback                0x080034a9   Thumb Code    14  radio_driver.o(.text.HAL_SUBGHZ_RxCpltCallback)
    HAL_SUBGHZ_RxTxTimeoutCallback           0x080034b9   Thumb Code    16  radio_driver.o(.text.HAL_SUBGHZ_RxTxTimeoutCallback)
    HAL_SUBGHZ_SyncWordValidCallback         0x080034c9   Thumb Code    14  radio_driver.o(.text.HAL_SUBGHZ_SyncWordValidCallback)
    HAL_SUBGHZ_TxCpltCallback                0x080034d9   Thumb Code    14  radio_driver.o(.text.HAL_SUBGHZ_TxCpltCallback)
    HAL_SUBGHZ_WriteBuffer                   0x080034e9   Thumb Code   842  stm32wlxx_hal_subghz.o(.text.HAL_SUBGHZ_WriteBuffer)
    HAL_SUBGHZ_WriteRegisters                0x08003835   Thumb Code  1028  stm32wlxx_hal_subghz.o(.text.HAL_SUBGHZ_WriteRegisters)
    HAL_SuspendTick                          0x08003c39   Thumb Code    18  stm32wlxx_hal.o(.text.HAL_SuspendTick)
    HAL_UARTEx_EnableFifoMode                0x08003c4d   Thumb Code   122  stm32wlxx_hal_uart_ex.o(.text.HAL_UARTEx_EnableFifoMode)
    HAL_UARTEx_EnableStopMode                0x08003cc9   Thumb Code   104  stm32wlxx_hal_uart_ex.o(.text.HAL_UARTEx_EnableStopMode)
    HAL_UARTEx_RxEventCallback               0x08003d31   Thumb Code     2  stm32wlxx_hal_uart.o(.text.HAL_UARTEx_RxEventCallback)
    HAL_UARTEx_RxFifoFullCallback            0x08003d35   Thumb Code     2  stm32wlxx_hal_uart_ex.o(.text.HAL_UARTEx_RxFifoFullCallback)
    HAL_UARTEx_SetRxFifoThreshold            0x08003d39   Thumb Code   144  stm32wlxx_hal_uart_ex.o(.text.HAL_UARTEx_SetRxFifoThreshold)
    HAL_UARTEx_SetTxFifoThreshold            0x08003dc9   Thumb Code   144  stm32wlxx_hal_uart_ex.o(.text.HAL_UARTEx_SetTxFifoThreshold)
    HAL_UARTEx_StopModeWakeUpSourceConfig    0x08003e59   Thumb Code   142  stm32wlxx_hal_uart_ex.o(.text.HAL_UARTEx_StopModeWakeUpSourceConfig)
    HAL_UARTEx_TxFifoEmptyCallback           0x08003ee9   Thumb Code     2  stm32wlxx_hal_uart_ex.o(.text.HAL_UARTEx_TxFifoEmptyCallback)
    HAL_UARTEx_WakeupCallback                0x08003eed   Thumb Code     2  stm32wlxx_hal_uart_ex.o(.text.HAL_UARTEx_WakeupCallback)
    HAL_UART_ErrorCallback                   0x08003ef1   Thumb Code     2  stm32wlxx_hal_uart.o(.text.HAL_UART_ErrorCallback)
    HAL_UART_IRQHandler                      0x08003ef5   Thumb Code  1582  stm32wlxx_hal_uart.o(.text.HAL_UART_IRQHandler)
    HAL_UART_Init                            0x08004525   Thumb Code   198  stm32wlxx_hal_uart.o(.text.HAL_UART_Init)
    HAL_UART_MspDeInit                       0x080045ed   Thumb Code    60  usart.o(.text.HAL_UART_MspDeInit)
    HAL_UART_MspInit                         0x08004629   Thumb Code   212  usart.o(.text.HAL_UART_MspInit)
    HAL_UART_Receive_IT                      0x080046fd   Thumb Code   184  stm32wlxx_hal_uart.o(.text.HAL_UART_Receive_IT)
    HAL_UART_RxCpltCallback                  0x080047b5   Thumb Code    72  usart_if.o(.text.HAL_UART_RxCpltCallback)
    HAL_UART_Transmit_DMA                    0x080047fd   Thumb Code   248  stm32wlxx_hal_uart.o(.text.HAL_UART_Transmit_DMA)
    HAL_UART_TxCpltCallback                  0x080048f5   Thumb Code    30  usart_if.o(.text.HAL_UART_TxCpltCallback)
    HAL_UART_TxHalfCpltCallback              0x08004915   Thumb Code     2  stm32wlxx_hal_uart.o(.text.HAL_UART_TxHalfCpltCallback)
    HardFault_Handler                        0x08004919   Thumb Code     2  stm32wlxx_it.o(.text.HardFault_Handler)
    MX_DMA_Init                              0x0800491d   Thumb Code    68  dma.o(.text.MX_DMA_Init)
    MX_GPIO_Init                             0x08004961   Thumb Code   164  gpio.o(.text.MX_GPIO_Init)
    MX_RTC_Init                              0x08004a05   Thumb Code   136  rtc.o(.text.MX_RTC_Init)
    MX_SUBGHZ_Init                           0x08004a8d   Thumb Code    32  subghz.o(.text.MX_SUBGHZ_Init)
    MX_SubGHz_Phy_Init                       0x08004aad   Thumb Code    14  app_subghz_phy.o(.text.MX_SubGHz_Phy_Init)
    MX_SubGHz_Phy_Process                    0x08004abd   Thumb Code     8  app_subghz_phy.o(.text.MX_SubGHz_Phy_Process)
    MX_USART2_UART_Init                      0x08004ac5   Thumb Code   130  usart.o(.text.MX_USART2_UART_Init)
    MemManage_Handler                        0x08004b49   Thumb Code     2  stm32wlxx_it.o(.text.MemManage_Handler)
    NMI_Handler                              0x08004b4d   Thumb Code     2  stm32wlxx_it.o(.text.NMI_Handler)
    PWR_EnterOffMode                         0x08004d6d   Thumb Code     2  stm32_lpm_if.o(.text.PWR_EnterOffMode)
    PWR_EnterSleepMode                       0x08004d71   Thumb Code    18  stm32_lpm_if.o(.text.PWR_EnterSleepMode)
    PWR_EnterStopMode                        0x08004d85   Thumb Code    28  stm32_lpm_if.o(.text.PWR_EnterStopMode)
    PWR_ExitOffMode                          0x08004da1   Thumb Code     2  stm32_lpm_if.o(.text.PWR_ExitOffMode)
    PWR_ExitSleepMode                        0x08004da5   Thumb Code     4  stm32_lpm_if.o(.text.PWR_ExitSleepMode)
    PWR_ExitStopMode                         0x08004da9   Thumb Code    14  stm32_lpm_if.o(.text.PWR_ExitStopMode)
    PendSV_Handler                           0x08004db9   Thumb Code     2  stm32wlxx_it.o(.text.PendSV_Handler)
    RBI_ConfigRFSwitch                       0x08004fb1   Thumb Code     4  radio_board_if.o(.text.RBI_ConfigRFSwitch)
    RBI_GetRFOMaxPowerConfig                 0x08004fb5   Thumb Code     4  radio_board_if.o(.text.RBI_GetRFOMaxPowerConfig)
    RBI_GetTxConfig                          0x08004fb9   Thumb Code     4  radio_board_if.o(.text.RBI_GetTxConfig)
    RBI_Init                                 0x08004fbd   Thumb Code     4  radio_board_if.o(.text.RBI_Init)
    RBI_IsDCDC                               0x08004fc1   Thumb Code     4  radio_board_if.o(.text.RBI_IsDCDC)
    RBI_IsTCXO                               0x08004fc5   Thumb Code     4  radio_board_if.o(.text.RBI_IsTCXO)
    RFW_DeInit                               0x08004fc9   Thumb Code     2  radio_fw.o(.text.RFW_DeInit)
    RFW_DeInit_TxLongPacket                  0x08004fcd   Thumb Code     2  radio_fw.o(.text.RFW_DeInit_TxLongPacket)
    RFW_Init                                 0x08004fd1   Thumb Code     6  radio_fw.o(.text.RFW_Init)
    RFW_Is_Init                              0x08004fd9   Thumb Code     4  radio_fw.o(.text.RFW_Is_Init)
    RFW_Is_LongPacketModeEnabled             0x08004fdd   Thumb Code     4  radio_fw.o(.text.RFW_Is_LongPacketModeEnabled)
    RFW_ReceiveInit                          0x08004fe1   Thumb Code     6  radio_fw.o(.text.RFW_ReceiveInit)
    RFW_ReceiveLongPacket                    0x08004fe9   Thumb Code     6  radio_fw.o(.text.RFW_ReceiveLongPacket)
    RFW_ReceivePayload                       0x08004ff1   Thumb Code     2  radio_fw.o(.text.RFW_ReceivePayload)
    RFW_SetAntSwitch                         0x08004ff5   Thumb Code     2  radio_fw.o(.text.RFW_SetAntSwitch)
    RFW_SetRadioModem                        0x08004ff9   Thumb Code     2  radio_fw.o(.text.RFW_SetRadioModem)
    RFW_TransmitInit                         0x08004ffd   Thumb Code     6  radio_fw.o(.text.RFW_TransmitInit)
    RFW_TransmitLongPacket                   0x08005005   Thumb Code     6  radio_fw.o(.text.RFW_TransmitLongPacket)
    RTC_Alarm_IRQHandler                     0x0800500d   Thumb Code    12  stm32wlxx_it.o(.text.RTC_Alarm_IRQHandler)
    RTC_ExitInitMode                         0x08005019   Thumb Code   138  stm32wlxx_hal_rtc.o(.text.RTC_ExitInitMode)
    SUBGHZ_Radio_IRQHandler                  0x080067b5   Thumb Code    12  stm32wlxx_it.o(.text.SUBGHZ_Radio_IRQHandler)
    SUBGRF_GetCFO                            0x080067c1   Thumb Code   176  radio_driver.o(.text.SUBGRF_GetCFO)
    SUBGRF_GetFskBandwidthRegValue           0x08006871   Thumb Code   326  radio_driver.o(.text.SUBGRF_GetFskBandwidthRegValue)
    SUBGRF_GetOperatingMode                  0x080069b9   Thumb Code    12  radio_driver.o(.text.SUBGRF_GetOperatingMode)
    SUBGRF_GetPacketStatus                   0x080069c5   Thumb Code   148  radio_driver.o(.text.SUBGRF_GetPacketStatus)
    SUBGRF_GetPayload                        0x08006a59   Thumb Code   150  radio_driver.o(.text.SUBGRF_GetPayload)
    SUBGRF_GetRadioWakeUpTime                0x08006af1   Thumb Code     4  radio_driver.o(.text.SUBGRF_GetRadioWakeUpTime)
    SUBGRF_GetRandom                         0x08006af5   Thumb Code   288  radio_driver.o(.text.SUBGRF_GetRandom)
    SUBGRF_GetRssiInst                       0x08006c15   Thumb Code    50  radio_driver.o(.text.SUBGRF_GetRssiInst)
    SUBGRF_Init                              0x08006c49   Thumb Code   306  radio_driver.o(.text.SUBGRF_Init)
    SUBGRF_ReadRegister                      0x08006d7d   Thumb Code    32  radio_driver.o(.text.SUBGRF_ReadRegister)
    SUBGRF_ReadRegisters                     0x08006d9d   Thumb Code    36  radio_driver.o(.text.SUBGRF_ReadRegisters)
    SUBGRF_SendPayload                       0x08006dc1   Thumb Code   100  radio_driver.o(.text.SUBGRF_SendPayload)
    SUBGRF_SetBufferBaseAddress              0x08006e25   Thumb Code    50  radio_driver.o(.text.SUBGRF_SetBufferBaseAddress)
    SUBGRF_SetCad                            0x08006e59   Thumb Code    48  radio_driver.o(.text.SUBGRF_SetCad)
    SUBGRF_SetCrcPolynomial                  0x08006e89   Thumb Code    66  radio_driver.o(.text.SUBGRF_SetCrcPolynomial)
    SUBGRF_SetDioIrqParams                   0x08006ecd   Thumb Code    82  radio_driver.o(.text.SUBGRF_SetDioIrqParams)
    SUBGRF_SetLoRaSymbNumTimeout             0x08006f21   Thumb Code    86  radio_driver.o(.text.SUBGRF_SetLoRaSymbNumTimeout)
    SUBGRF_SetModulationParams               0x08006f79   Thumb Code   400  radio_driver.o(.text.SUBGRF_SetModulationParams)
    SUBGRF_SetPacketParams                   0x08007109   Thumb Code   440  radio_driver.o(.text.SUBGRF_SetPacketParams)
    SUBGRF_SetPacketType                     0x080072c1   Thumb Code    86  radio_driver.o(.text.SUBGRF_SetPacketType)
    SUBGRF_SetRegulatorMode                  0x08007319   Thumb Code    58  radio_driver.o(.text.SUBGRF_SetRegulatorMode)
    SUBGRF_SetRfFrequency                    0x08007355   Thumb Code   232  radio_driver.o(.text.SUBGRF_SetRfFrequency)
    SUBGRF_SetRfTxPower                      0x0800743d   Thumb Code    40  radio_driver.o(.text.SUBGRF_SetRfTxPower)
    SUBGRF_SetRx                             0x08007465   Thumb Code    70  radio_driver.o(.text.SUBGRF_SetRx)
    SUBGRF_SetRxBoosted                      0x080074ad   Thumb Code    94  radio_driver.o(.text.SUBGRF_SetRxBoosted)
    SUBGRF_SetRxDutyCycle                    0x0800750d   Thumb Code    86  radio_driver.o(.text.SUBGRF_SetRxDutyCycle)
    SUBGRF_SetSleep                          0x08007565   Thumb Code   132  radio_driver.o(.text.SUBGRF_SetSleep)
    SUBGRF_SetStandby                        0x080075e9   Thumb Code    68  radio_driver.o(.text.SUBGRF_SetStandby)
    SUBGRF_SetStopRxTimerOnPreambleDetect    0x0800762d   Thumb Code    46  radio_driver.o(.text.SUBGRF_SetStopRxTimerOnPreambleDetect)
    SUBGRF_SetSwitch                         0x0800765d   Thumb Code   106  radio_driver.o(.text.SUBGRF_SetSwitch)
    SUBGRF_SetSyncWord                       0x080076c9   Thumb Code    40  radio_driver.o(.text.SUBGRF_SetSyncWord)
    SUBGRF_SetTx                             0x080076f1   Thumb Code    70  radio_driver.o(.text.SUBGRF_SetTx)
    SUBGRF_SetTxContinuousWave               0x08007739   Thumb Code    36  radio_driver.o(.text.SUBGRF_SetTxContinuousWave)
    SUBGRF_SetTxInfinitePreamble             0x0800775d   Thumb Code    36  radio_driver.o(.text.SUBGRF_SetTxInfinitePreamble)
    SUBGRF_SetTxParams                       0x08007781   Thumb Code   562  radio_driver.o(.text.SUBGRF_SetTxParams)
    SUBGRF_SetWhiteningSeed                  0x080079b5   Thumb Code   104  radio_driver.o(.text.SUBGRF_SetWhiteningSeed)
    SUBGRF_WriteRegister                     0x08007a1d   Thumb Code    34  radio_driver.o(.text.SUBGRF_WriteRegister)
    SUBGRF_WriteRegisters                    0x08007a41   Thumb Code    36  radio_driver.o(.text.SUBGRF_WriteRegisters)
    SVC_Handler                              0x08007a65   Thumb Code     2  stm32wlxx_it.o(.text.SVC_Handler)
    SubghzApp_Init                           0x08007a69   Thumb Code   544  subghz_phy_app.o(.text.SubghzApp_Init)
    SysTick_Handler                          0x08007c89   Thumb Code     2  stm32wlxx_it.o(.text.SysTick_Handler)
    SysTimeGet                               0x08007c8d   Thumb Code    78  stm32_systime.o(.text.SysTimeGet)
    SystemApp_Init                           0x08007cdd   Thumb Code    82  sys_app.o(.text.SystemApp_Init)
    SystemInit                               0x08007d31   Thumb Code     2  system_stm32wlxx.o(.text.SystemInit)
    TAMP_STAMP_LSECSS_SSRU_IRQHandler        0x08007d35   Thumb Code    12  stm32wlxx_it.o(.text.TAMP_STAMP_LSECSS_SSRU_IRQHandler)
    TIMER_IF_BkUp_Read_Seconds               0x08007d41   Thumb Code    14  timer_if.o(.text.TIMER_IF_BkUp_Read_Seconds)
    TIMER_IF_BkUp_Read_SubSeconds            0x08007d51   Thumb Code    14  timer_if.o(.text.TIMER_IF_BkUp_Read_SubSeconds)
    TIMER_IF_BkUp_Write_Seconds              0x08007d61   Thumb Code    16  timer_if.o(.text.TIMER_IF_BkUp_Write_Seconds)
    TIMER_IF_BkUp_Write_SubSeconds           0x08007d71   Thumb Code    16  timer_if.o(.text.TIMER_IF_BkUp_Write_SubSeconds)
    TIMER_IF_Convert_Tick2ms                 0x08007d81   Thumb Code    16  timer_if.o(.text.TIMER_IF_Convert_Tick2ms)
    TIMER_IF_Convert_ms2Tick                 0x08007d91   Thumb Code    20  timer_if.o(.text.TIMER_IF_Convert_ms2Tick)
    TIMER_IF_DelayMs                         0x08007da5   Thumb Code    80  timer_if.o(.text.TIMER_IF_DelayMs)
    TIMER_IF_GetMinimumTimeout               0x08007df5   Thumb Code     4  timer_if.o(.text.TIMER_IF_GetMinimumTimeout)
    TIMER_IF_GetTime                         0x08007df9   Thumb Code    84  timer_if.o(.text.TIMER_IF_GetTime)
    TIMER_IF_GetTimerContext                 0x08007e4d   Thumb Code    12  timer_if.o(.text.TIMER_IF_GetTimerContext)
    TIMER_IF_GetTimerElapsedTime             0x08007e59   Thumb Code    56  timer_if.o(.text.TIMER_IF_GetTimerElapsedTime)
    TIMER_IF_GetTimerValue                   0x08007e91   Thumb Code    64  timer_if.o(.text.TIMER_IF_GetTimerValue)
    TIMER_IF_Init                            0x08007ed1   Thumb Code   134  timer_if.o(.text.TIMER_IF_Init)
    TIMER_IF_SetTimerContext                 0x08007f59   Thumb Code    54  timer_if.o(.text.TIMER_IF_SetTimerContext)
    TIMER_IF_StartTimer                      0x08007f91   Thumb Code   110  timer_if.o(.text.TIMER_IF_StartTimer)
    TIMER_IF_StopTimer                       0x08008001   Thumb Code    42  timer_if.o(.text.TIMER_IF_StopTimer)
    UART_AdvFeatureConfig                    0x080081ad   Thumb Code   230  stm32wlxx_hal_uart.o(.text.UART_AdvFeatureConfig)
    UART_SetConfig                           0x08008d85   Thumb Code   600  stm32wlxx_hal_uart.o(.text.UART_SetConfig)
    UART_Start_Receive_IT                    0x08008fdd   Thumb Code   638  stm32wlxx_hal_uart.o(.text.UART_Start_Receive_IT)
    UART_WaitOnFlagUntilTimeout              0x0800925d   Thumb Code   532  stm32wlxx_hal_uart.o(.text.UART_WaitOnFlagUntilTimeout)
    USART2_IRQHandler                        0x08009471   Thumb Code    12  stm32wlxx_it.o(.text.USART2_IRQHandler)
    UTIL_ADV_TRACE_COND_FSend                0x0800947d   Thumb Code   544  stm32_adv_trace.o(.text.UTIL_ADV_TRACE_COND_FSend)
    UTIL_ADV_TRACE_Init                      0x0800969d   Thumb Code    60  stm32_adv_trace.o(.text.UTIL_ADV_TRACE_Init)
    UTIL_ADV_TRACE_PostSendHook              0x080096d9   Thumb Code     8  sys_app.o(.text.UTIL_ADV_TRACE_PostSendHook)
    UTIL_ADV_TRACE_PreSendHook               0x080096e1   Thumb Code     8  sys_app.o(.text.UTIL_ADV_TRACE_PreSendHook)
    UTIL_ADV_TRACE_RegisterTimeStampFunction 0x080096e9   Thumb Code    12  stm32_adv_trace.o(.text.UTIL_ADV_TRACE_RegisterTimeStampFunction)
    UTIL_ADV_TRACE_SetVerboseLevel           0x080096f5   Thumb Code    12  stm32_adv_trace.o(.text.UTIL_ADV_TRACE_SetVerboseLevel)
    UTIL_LPM_EnterLowPower                   0x08009701   Thumb Code    94  stm32_lpm.o(.text.UTIL_LPM_EnterLowPower)
    UTIL_LPM_Init                            0x08009761   Thumb Code    16  stm32_lpm.o(.text.UTIL_LPM_Init)
    UTIL_LPM_SetOffMode                      0x08009771   Thumb Code    44  stm32_lpm.o(.text.UTIL_LPM_SetOffMode)
    UTIL_LPM_SetStopMode                     0x0800979d   Thumb Code    44  stm32_lpm.o(.text.UTIL_LPM_SetStopMode)
    UTIL_MEM_cpy_8                           0x080097c9   Thumb Code   112  stm32_mem.o(.text.UTIL_MEM_cpy_8)
    UTIL_MEM_set_8                           0x08009839   Thumb Code    24  stm32_mem.o(.text.UTIL_MEM_set_8)
    UTIL_SEQ_Idle                            0x08009851   Thumb Code     4  sys_app.o(.text.UTIL_SEQ_Idle)
    UTIL_SEQ_PostIdle                        0x08009855   Thumb Code     2  stm32_seq.o(.text.UTIL_SEQ_PostIdle)
    UTIL_SEQ_PreIdle                         0x08009859   Thumb Code     2  stm32_seq.o(.text.UTIL_SEQ_PreIdle)
    UTIL_SEQ_RegTask                         0x0800985d   Thumb Code    88  stm32_seq.o(.text.UTIL_SEQ_RegTask)
    UTIL_SEQ_Run                             0x080098b5   Thumb Code   404  stm32_seq.o(.text.UTIL_SEQ_Run)
    UTIL_SEQ_SetTask                         0x08009a49   Thumb Code    40  stm32_seq.o(.text.UTIL_SEQ_SetTask)
    UTIL_TIMER_Create                        0x08009a71   Thumb Code    60  stm32_timer.o(.text.UTIL_TIMER_Create)
    UTIL_TIMER_GetCurrentTime                0x08009aad   Thumb Code    24  stm32_timer.o(.text.UTIL_TIMER_GetCurrentTime)
    UTIL_TIMER_GetElapsedTime                0x08009ac5   Thumb Code    40  stm32_timer.o(.text.UTIL_TIMER_GetElapsedTime)
    UTIL_TIMER_IRQ_Handler                   0x08009aed   Thumb Code   228  stm32_timer.o(.text.UTIL_TIMER_IRQ_Handler)
    UTIL_TIMER_Init                          0x08009bd1   Thumb Code    24  stm32_timer.o(.text.UTIL_TIMER_Init)
    UTIL_TIMER_SetPeriod                     0x08009be9   Thumb Code   268  stm32_timer.o(.text.UTIL_TIMER_SetPeriod)
    UTIL_TIMER_Start                         0x08009cf5   Thumb Code   326  stm32_timer.o(.text.UTIL_TIMER_Start)
    UTIL_TIMER_Stop                          0x08009e3d   Thumb Code   210  stm32_timer.o(.text.UTIL_TIMER_Stop)
    UsageFault_Handler                       0x08009f11   Thumb Code     2  stm32wlxx_it.o(.text.UsageFault_Handler)
    main                                     0x08009f15   Thumb Code   162  main.o(.text.main)
    tiny_vsnprintf_like                      0x08009fe5   Thumb Code  1824  stm32_tiny_vsnprintf.o(.text.tiny_vsnprintf_like)
    vcom_DeInit                              0x0800a705   Thumb Code    46  usart_if.o(.text.vcom_DeInit)
    vcom_Init                                0x0800a735   Thumb Code    40  usart_if.o(.text.vcom_Init)
    vcom_ReceiveInit                         0x0800a75d   Thumb Code   128  usart_if.o(.text.vcom_ReceiveInit)
    vcom_Resume                              0x0800a7dd   Thumb Code    48  usart_if.o(.text.vcom_Resume)
    vcom_Trace_DMA                           0x0800a80d   Thumb Code    22  usart_if.o(.text.vcom_Trace_DMA)
    _fp_init                                 0x0800a823   Thumb Code    14  fpinit.o(x$fpl$fpinit)
    __fplib_config_pureend_doubles           0x0800a82f   Thumb Code     0  fpinit.o(x$fpl$fpinit)
    AHBPrescTable                            0x0800a83c   Data          64  system_stm32wlxx.o(.rodata.AHBPrescTable)
    APBPrescTable                            0x0800a87c   Data          32  system_stm32wlxx.o(.rodata.APBPrescTable)
    Bandwidths                               0x0800a89c   Data           3  radio.o(.rodata.Bandwidths)
    MSIRangeTable                            0x0800a950   Data          64  system_stm32wlxx.o(.rodata.MSIRangeTable)
    Radio                                    0x0800a990   Data         132  radio.o(.rodata.Radio)
    SEQ_clz_table_4bit                       0x0800aa14   Data          16  stm32_seq.o(.rodata.SEQ_clz_table_4bit)
    UARTPrescTable                           0x0800aa24   Data          24  stm32wlxx_hal_uart.o(.rodata.UARTPrescTable)
    UTIL_PowerDriver                         0x0800aa3c   Data          24  stm32_lpm_if.o(.rodata.UTIL_PowerDriver)
    UTIL_SYSTIMDriver                        0x0800aa54   Data          20  timer_if.o(.rodata.UTIL_SYSTIMDriver)
    UTIL_TimerDriver                         0x0800aa68   Data          44  timer_if.o(.rodata.UTIL_TimerDriver)
    UTIL_TraceDriver                         0x0800aa94   Data          16  usart_if.o(.rodata.UTIL_TraceDriver)
    Region$$Table$$Base                      0x0800ab24   Number         0  anon$$obj.o(Region$$Table)
    Region$$Table$$Limit                     0x0800ab44   Number         0  anon$$obj.o(Region$$Table)
    uwTickFreq                               0x20000000   Data           1  stm32wlxx_hal.o(.data..L_MergedGlobals)
    uwTickPrio                               0x20000004   Data           4  stm32wlxx_hal.o(.data..L_MergedGlobals)
    SystemCoreClock                          0x20000014   Data           4  system_stm32wlxx.o(.data.SystemCoreClock)
    isMaster                                 0x20000018   Data           1  subghz_phy_app.o(.data.isMaster)
    __libspace_start                         0x20000020   Data          96  libspace.o(.bss)
    __temporary_stack_top$libspace           0x20000080   Data           0  libspace.o(.bss)
    charRx                                   0x20000088   Data           1  usart_if.o(.bss..L_MergedGlobals)
    RssiValue                                0x20000090   Data           1  subghz_phy_app.o(.bss..L_MergedGlobals)
    SnrValue                                 0x20000091   Data           1  subghz_phy_app.o(.bss..L_MergedGlobals)
    RxBufferSize                             0x20000094   Data           2  subghz_phy_app.o(.bss..L_MergedGlobals)
    FrequencyError                           0x200000d4   Data           4  radio_driver.o(.bss..L_MergedGlobals)
    TxTimeoutTimer                           0x200000e0   Data          24  radio.o(.bss..L_MergedGlobals)
    RxTimeoutTimer                           0x200000f8   Data          24  radio.o(.bss..L_MergedGlobals)
    SubgRf                                   0x2000064c   Data          92  radio.o(.bss.SubgRf)
    hdma_usart2_tx                           0x200006b0   Data          96  usart.o(.bss.hdma_usart2_tx)
    hrtc                                     0x20000710   Data          56  rtc.o(.bss.hrtc)
    hsubghz                                  0x20000748   Data          12  subghz.o(.bss.hsubghz)
    huart2                                   0x20000754   Data         144  usart.o(.bss.huart2)



==============================================================================

Memory Map of the image

  Image Entry point : 0x08000139

  Load Region LR_IROM1 (Base: 0x08000000, Size: 0x0000ab68, Max: 0x00040000, ABSOLUTE)

    Execution Region ER_IROM1 (Exec base: 0x08000000, Load base: 0x08000000, Size: 0x0000ab44, Max: 0x00040000, ABSOLUTE)

    Exec Addr    Load Addr    Size         Type   Attr      Idx    E Section Name        Object

    0x08000000   0x08000000   0x00000138   Data   RO            4    RESET               startup_stm32wle5xx.o
    0x08000138   0x08000138   0x00000008   Code   RO         1811  * !!!main             c_w.l(__main.o)
    0x08000140   0x08000140   0x00000034   Code   RO         1993    !!!scatter          c_w.l(__scatter.o)
    0x08000174   0x08000174   0x0000001a   Code   RO         1995    !!handler_copy      c_w.l(__scatter_copy.o)
    0x0800018e   0x0800018e   0x00000002   PAD
    0x08000190   0x08000190   0x0000001c   Code   RO         1997    !!handler_zi        c_w.l(__scatter_zi.o)
    0x080001ac   0x080001ac   0x00000002   Code   RO         1852    .ARM.Collect$$libinit$$00000000  c_w.l(libinit.o)
    0x080001ae   0x080001ae   0x00000004   Code   RO         1864    .ARM.Collect$$libinit$$00000001  c_w.l(libinit2.o)
    0x080001b2   0x080001b2   0x00000000   Code   RO         1867    .ARM.Collect$$libinit$$00000004  c_w.l(libinit2.o)
    0x080001b2   0x080001b2   0x00000000   Code   RO         1870    .ARM.Collect$$libinit$$0000000A  c_w.l(libinit2.o)
    0x080001b2   0x080001b2   0x00000000   Code   RO         1872    .ARM.Collect$$libinit$$0000000C  c_w.l(libinit2.o)
    0x080001b2   0x080001b2   0x00000000   Code   RO         1874    .ARM.Collect$$libinit$$0000000E  c_w.l(libinit2.o)
    0x080001b2   0x080001b2   0x00000000   Code   RO         1877    .ARM.Collect$$libinit$$00000011  c_w.l(libinit2.o)
    0x080001b2   0x080001b2   0x00000000   Code   RO         1879    .ARM.Collect$$libinit$$00000013  c_w.l(libinit2.o)
    0x080001b2   0x080001b2   0x00000000   Code   RO         1881    .ARM.Collect$$libinit$$00000015  c_w.l(libinit2.o)
    0x080001b2   0x080001b2   0x00000000   Code   RO         1883    .ARM.Collect$$libinit$$00000017  c_w.l(libinit2.o)
    0x080001b2   0x080001b2   0x00000000   Code   RO         1885    .ARM.Collect$$libinit$$00000019  c_w.l(libinit2.o)
    0x080001b2   0x080001b2   0x00000000   Code   RO         1887    .ARM.Collect$$libinit$$0000001B  c_w.l(libinit2.o)
    0x080001b2   0x080001b2   0x00000000   Code   RO         1889    .ARM.Collect$$libinit$$0000001D  c_w.l(libinit2.o)
    0x080001b2   0x080001b2   0x00000000   Code   RO         1891    .ARM.Collect$$libinit$$0000001F  c_w.l(libinit2.o)
    0x080001b2   0x080001b2   0x00000000   Code   RO         1893    .ARM.Collect$$libinit$$00000021  c_w.l(libinit2.o)
    0x080001b2   0x080001b2   0x00000000   Code   RO         1895    .ARM.Collect$$libinit$$00000023  c_w.l(libinit2.o)
    0x080001b2   0x080001b2   0x00000000   Code   RO         1897    .ARM.Collect$$libinit$$00000025  c_w.l(libinit2.o)
    0x080001b2   0x080001b2   0x00000000   Code   RO         1901    .ARM.Collect$$libinit$$0000002C  c_w.l(libinit2.o)
    0x080001b2   0x080001b2   0x00000000   Code   RO         1903    .ARM.Collect$$libinit$$0000002E  c_w.l(libinit2.o)
    0x080001b2   0x080001b2   0x00000000   Code   RO         1905    .ARM.Collect$$libinit$$00000030  c_w.l(libinit2.o)
    0x080001b2   0x080001b2   0x00000000   Code   RO         1907    .ARM.Collect$$libinit$$00000032  c_w.l(libinit2.o)
    0x080001b2   0x080001b2   0x00000002   Code   RO         1908    .ARM.Collect$$libinit$$00000033  c_w.l(libinit2.o)
    0x080001b4   0x080001b4   0x00000002   Code   RO         1948    .ARM.Collect$$libshutdown$$00000000  c_w.l(libshutdown.o)
    0x080001b6   0x080001b6   0x00000000   Code   RO         1976    .ARM.Collect$$libshutdown$$00000002  c_w.l(libshutdown2.o)
    0x080001b6   0x080001b6   0x00000000   Code   RO         1978    .ARM.Collect$$libshutdown$$00000004  c_w.l(libshutdown2.o)
    0x080001b6   0x080001b6   0x00000000   Code   RO         1981    .ARM.Collect$$libshutdown$$00000007  c_w.l(libshutdown2.o)
    0x080001b6   0x080001b6   0x00000000   Code   RO         1984    .ARM.Collect$$libshutdown$$0000000A  c_w.l(libshutdown2.o)
    0x080001b6   0x080001b6   0x00000000   Code   RO         1986    .ARM.Collect$$libshutdown$$0000000C  c_w.l(libshutdown2.o)
    0x080001b6   0x080001b6   0x00000000   Code   RO         1989    .ARM.Collect$$libshutdown$$0000000F  c_w.l(libshutdown2.o)
    0x080001b6   0x080001b6   0x00000002   Code   RO         1990    .ARM.Collect$$libshutdown$$00000010  c_w.l(libshutdown2.o)
    0x080001b8   0x080001b8   0x00000000   Code   RO         1813    .ARM.Collect$$rtentry$$00000000  c_w.l(__rtentry.o)
    0x080001b8   0x080001b8   0x00000000   Code   RO         1823    .ARM.Collect$$rtentry$$00000002  c_w.l(__rtentry2.o)
    0x080001b8   0x080001b8   0x00000006   Code   RO         1835    .ARM.Collect$$rtentry$$00000004  c_w.l(__rtentry4.o)
    0x080001be   0x080001be   0x00000000   Code   RO         1825    .ARM.Collect$$rtentry$$00000009  c_w.l(__rtentry2.o)
    0x080001be   0x080001be   0x00000004   Code   RO         1826    .ARM.Collect$$rtentry$$0000000A  c_w.l(__rtentry2.o)
    0x080001c2   0x080001c2   0x00000000   Code   RO         1828    .ARM.Collect$$rtentry$$0000000C  c_w.l(__rtentry2.o)
    0x080001c2   0x080001c2   0x00000008   Code   RO         1829    .ARM.Collect$$rtentry$$0000000D  c_w.l(__rtentry2.o)
    0x080001ca   0x080001ca   0x00000002   Code   RO         1856    .ARM.Collect$$rtexit$$00000000  c_w.l(rtexit.o)
    0x080001cc   0x080001cc   0x00000000   Code   RO         1914    .ARM.Collect$$rtexit$$00000002  c_w.l(rtexit2.o)
    0x080001cc   0x080001cc   0x00000004   Code   RO         1915    .ARM.Collect$$rtexit$$00000003  c_w.l(rtexit2.o)
    0x080001d0   0x080001d0   0x00000006   Code   RO         1916    .ARM.Collect$$rtexit$$00000004  c_w.l(rtexit2.o)
    0x080001d6   0x080001d6   0x00000002   PAD
    0x080001d8   0x080001d8   0x00000040   Code   RO            5    .text               startup_stm32wle5xx.o
    0x08000218   0x08000218   0x000000f0   Code   RO         1799    .text               c_w.l(lludivv7m.o)
    0x08000308   0x08000308   0x0000003e   Code   RO         1801    .text               c_w.l(strlen.o)
    0x08000346   0x08000346   0x0000008a   Code   RO         1803    .text               c_w.l(rt_memcpy_v6.o)
    0x080003d0   0x080003d0   0x00000010   Code   RO         1805    .text               c_w.l(aeabi_memset.o)
    0x080003e0   0x080003e0   0x0000004e   Code   RO         1807    .text               c_w.l(rt_memclr_w.o)
    0x0800042e   0x0800042e   0x00000006   Code   RO         1809    .text               c_w.l(heapauxi.o)
    0x08000434   0x08000434   0x00000064   Code   RO         1818    .text               c_w.l(rt_memcpy_w.o)
    0x08000498   0x08000498   0x00000044   Code   RO         1820    .text               c_w.l(rt_memclr.o)
    0x080004dc   0x080004dc   0x0000004a   Code   RO         1839    .text               c_w.l(sys_stackheap_outer.o)
    0x08000526   0x08000526   0x00000012   Code   RO         1841    .text               c_w.l(exit.o)
    0x08000538   0x08000538   0x00000008   Code   RO         1853    .text               c_w.l(libspace.o)
    0x08000540   0x08000540   0x0000000c   Code   RO         1909    .text               c_w.l(sys_exit.o)
    0x0800054c   0x0800054c   0x00000002   Code   RO         1932    .text               c_w.l(use_no_semi.o)
    0x0800054e   0x0800054e   0x00000000   Code   RO         1934    .text               c_w.l(indicate_semi.o)
    0x0800054e   0x0800054e   0x00000002   PAD
    0x08000550   0x08000550   0x00000008   Code   RO         1938    .text               c_w.l(rt_fp_status_addr_intlibspace.o)
    0x08000558   0x08000558   0x0000004a   Code   RO         1780    .text.BSP_RADIO_ConfigRFSwitch  stm32wlxx_nucleo_radio.o
    0x080005a2   0x080005a2   0x00000002   PAD
    0x080005a4   0x080005a4   0x0000000c   Code   RO         1788    .text.BSP_RADIO_GetRFOMaxPowerConfig  stm32wlxx_nucleo_radio.o
    0x080005b0   0x080005b0   0x00000004   Code   RO         1782    .text.BSP_RADIO_GetTxConfig  stm32wlxx_nucleo_radio.o
    0x080005b4   0x080005b4   0x00000084   Code   RO         1776    .text.BSP_RADIO_Init  stm32wlxx_nucleo_radio.o
    0x08000638   0x08000638   0x00000004   Code   RO         1786    .text.BSP_RADIO_IsDCDC  stm32wlxx_nucleo_radio.o
    0x0800063c   0x0800063c   0x00000004   Code   RO         1784    .text.BSP_RADIO_IsTCXO  stm32wlxx_nucleo_radio.o
    0x08000640   0x08000640   0x00000002   Code   RO          227    .text.BusFault_Handler  stm32wlxx_it.o
    0x08000642   0x08000642   0x00000002   PAD
    0x08000644   0x08000644   0x00000012   Code   RO          123    .text.DBG_Init      sys_debug.o
    0x08000656   0x08000656   0x00000002   PAD
    0x08000658   0x08000658   0x0000000c   Code   RO          241    .text.DMA1_Channel5_IRQHandler  stm32wlxx_it.o
    0x08000664   0x08000664   0x00000002   Code   RO          233    .text.DebugMon_Handler  stm32wlxx_it.o
    0x08000666   0x08000666   0x00000002   PAD
    0x08000668   0x08000668   0x0000000a   Code   RO           16    .text.Error_Handler  main.o
    0x08000672   0x08000672   0x00000002   PAD
    0x08000674   0x08000674   0x00000012   Code   RO          745    .text.HAL_DBGMCU_DisableDBGSleepMode  stm32wlxx_hal.o
    0x08000686   0x08000686   0x00000002   PAD
    0x08000688   0x08000688   0x00000012   Code   RO          753    .text.HAL_DBGMCU_DisableDBGStandbyMode  stm32wlxx_hal.o
    0x0800069a   0x0800069a   0x00000002   PAD
    0x0800069c   0x0800069c   0x00000012   Code   RO          749    .text.HAL_DBGMCU_DisableDBGStopMode  stm32wlxx_hal.o
    0x080006ae   0x080006ae   0x00000002   PAD
    0x080006b0   0x080006b0   0x00000074   Code   RO          495    .text.HAL_DMA_Abort  stm32wlxx_hal_dma.o
    0x08000724   0x08000724   0x00000070   Code   RO          497    .text.HAL_DMA_Abort_IT  stm32wlxx_hal_dma.o
    0x08000794   0x08000794   0x000000f8   Code   RO          489    .text.HAL_DMA_DeInit  stm32wlxx_hal_dma.o
    0x0800088c   0x0800088c   0x000000c2   Code   RO          501    .text.HAL_DMA_IRQHandler  stm32wlxx_hal_dma.o
    0x0800094e   0x0800094e   0x00000002   PAD
    0x08000950   0x08000950   0x00000134   Code   RO          487    .text.HAL_DMA_Init  stm32wlxx_hal_dma.o
    0x08000a84   0x08000a84   0x000000ee   Code   RO          493    .text.HAL_DMA_Start_IT  stm32wlxx_hal_dma.o
    0x08000b72   0x08000b72   0x00000002   PAD
    0x08000b74   0x08000b74   0x0000000c   Code   RO          110    .text.HAL_Delay     sys_app.o
    0x08000b80   0x08000b80   0x000001de   Code   RO          463    .text.HAL_GPIO_DeInit  stm32wlxx_hal_gpio.o
    0x08000d5e   0x08000d5e   0x00000002   PAD
    0x08000d60   0x08000d60   0x000001d4   Code   RO          461    .text.HAL_GPIO_Init  stm32wlxx_hal_gpio.o
    0x08000f34   0x08000f34   0x00000010   Code   RO          471    .text.HAL_GPIO_TogglePin  stm32wlxx_hal_gpio.o
    0x08000f44   0x08000f44   0x0000000c   Code   RO          467    .text.HAL_GPIO_WritePin  stm32wlxx_hal_gpio.o
    0x08000f50   0x08000f50   0x00000016   Code   RO          108    .text.HAL_GetTick   sys_app.o
    0x08000f66   0x08000f66   0x00000002   PAD
    0x08000f68   0x08000f68   0x0000002c   Code   RO          705    .text.HAL_Init      stm32wlxx_hal.o
    0x08000f94   0x08000f94   0x00000004   Code   RO          106    .text.HAL_InitTick  sys_app.o
    0x08000f98   0x08000f98   0x00000002   Code   RO          256    .text.HAL_MspInit   stm32wlxx_hal_msp.o
    0x08000f9a   0x08000f9a   0x00000002   PAD
    0x08000f9c   0x08000f9c   0x00000028   Code   RO          665    .text.HAL_NVIC_DisableIRQ  stm32wlxx_hal_cortex.o
    0x08000fc4   0x08000fc4   0x00000020   Code   RO          663    .text.HAL_NVIC_EnableIRQ  stm32wlxx_hal_cortex.o
    0x08000fe4   0x08000fe4   0x00000056   Code   RO          661    .text.HAL_NVIC_SetPriority  stm32wlxx_hal_cortex.o
    0x0800103a   0x0800103a   0x00000002   PAD
    0x0800103c   0x0800103c   0x00000020   Code   RO          659    .text.HAL_NVIC_SetPriorityGrouping  stm32wlxx_hal_cortex.o
    0x0800105c   0x0800105c   0x00000070   Code   RO          637    .text.HAL_PWREx_DisableLowPowerRunMode  stm32wlxx_hal_pwr_ex.o
    0x080010cc   0x080010cc   0x00000012   Code   RO          635    .text.HAL_PWREx_EnableLowPowerRunMode  stm32wlxx_hal_pwr_ex.o
    0x080010de   0x080010de   0x00000002   PAD
    0x080010e0   0x080010e0   0x0000003c   Code   RO          643    .text.HAL_PWREx_EnterSTOP2Mode  stm32wlxx_hal_pwr_ex.o
    0x0800111c   0x0800111c   0x00000010   Code   RO          577    .text.HAL_PWREx_GetVoltageRange  stm32wlxx_hal_pwr_ex.o
    0x0800112c   0x0800112c   0x00000012   Code   RO          539    .text.HAL_PWR_EnableBkUpAccess  stm32wlxx_hal_pwr.o
    0x0800113e   0x0800113e   0x00000002   PAD
    0x08001140   0x08001140   0x0000004c   Code   RO          553    .text.HAL_PWR_EnterSLEEPMode  stm32wlxx_hal_pwr.o
    0x0800118c   0x0800118c   0x0000020a   Code   RO          364    .text.HAL_RCCEx_PeriphCLKConfig  stm32wlxx_hal_rcc_ex.o
    0x08001396   0x08001396   0x00000002   PAD
    0x08001398   0x08001398   0x000001f6   Code   RO          331    .text.HAL_RCC_ClockConfig  stm32wlxx_hal_rcc.o
    0x0800158e   0x0800158e   0x00000002   PAD
    0x08001590   0x08001590   0x00000024   Code   RO          329    .text.HAL_RCC_GetHCLKFreq  stm32wlxx_hal_rcc.o
    0x080015b4   0x080015b4   0x00000038   Code   RO          339    .text.HAL_RCC_GetPCLK1Freq  stm32wlxx_hal_rcc.o
    0x080015ec   0x080015ec   0x00000038   Code   RO          341    .text.HAL_RCC_GetPCLK2Freq  stm32wlxx_hal_rcc.o
    0x08001624   0x08001624   0x000000ee   Code   RO          335    .text.HAL_RCC_GetSysClockFreq  stm32wlxx_hal_rcc.o
    0x08001712   0x08001712   0x00000002   PAD
    0x08001714   0x08001714   0x0000077c   Code   RO          327    .text.HAL_RCC_OscConfig  stm32wlxx_hal_rcc.o
    0x08001e90   0x08001e90   0x00000002   Code   RO          929    .text.HAL_RTCEx_AlarmBEventCallback  stm32wlxx_hal_rtc_ex.o
    0x08001e92   0x08001e92   0x00000002   PAD
    0x08001e94   0x08001e94   0x0000000e   Code   RO          967    .text.HAL_RTCEx_BKUPRead  stm32wlxx_hal_rtc_ex.o
    0x08001ea2   0x08001ea2   0x00000002   PAD
    0x08001ea4   0x08001ea4   0x0000000e   Code   RO          965    .text.HAL_RTCEx_BKUPWrite  stm32wlxx_hal_rtc_ex.o
    0x08001eb2   0x08001eb2   0x00000002   PAD
    0x08001eb4   0x08001eb4   0x00000040   Code   RO          913    .text.HAL_RTCEx_EnableBypassShadow  stm32wlxx_hal_rtc_ex.o
    0x08001ef4   0x08001ef4   0x00000020   Code   RO          165    .text.HAL_RTCEx_SSRUEventCallback  timer_if.o
    0x08001f14   0x08001f14   0x00000024   Code   RO          925    .text.HAL_RTCEx_SSRUIRQHandler  stm32wlxx_hal_rtc_ex.o
    0x08001f38   0x08001f38   0x00000050   Code   RO          921    .text.HAL_RTCEx_SetSSRU_IT  stm32wlxx_hal_rtc_ex.o
    0x08001f88   0x08001f88   0x00000004   Code   RO          163    .text.HAL_RTC_AlarmAEventCallback  timer_if.o
    0x08001f8c   0x08001f8c   0x00000046   Code   RO          849    .text.HAL_RTC_AlarmIRQHandler  stm32wlxx_hal_rtc.o
    0x08001fd2   0x08001fd2   0x00000002   PAD
    0x08001fd4   0x08001fd4   0x00000086   Code   RO          845    .text.HAL_RTC_DeactivateAlarm  stm32wlxx_hal_rtc.o
    0x0800205a   0x0800205a   0x00000002   PAD
    0x0800205c   0x0800205c   0x000000d6   Code   RO          807    .text.HAL_RTC_Init  stm32wlxx_hal_rtc.o
    0x08002132   0x08002132   0x00000002   PAD
    0x08002134   0x08002134   0x0000007e   Code   RO           48    .text.HAL_RTC_MspInit  rtc.o
    0x080021b2   0x080021b2   0x00000002   PAD
    0x080021b4   0x080021b4   0x000001f6   Code   RO          843    .text.HAL_RTC_SetAlarm_IT  stm32wlxx_hal_rtc.o
    0x080023aa   0x080023aa   0x00000002   PAD
    0x080023ac   0x080023ac   0x00000012   Code   RO          729    .text.HAL_ResumeTick  stm32wlxx_hal.o
    0x080023be   0x080023be   0x00000002   PAD
    0x080023c0   0x080023c0   0x00000028   Code   RO         1360    .text.HAL_SUBGHZ_CADStatusCallback  radio_driver.o
    0x080023e8   0x080023e8   0x0000000e   Code   RO         1358    .text.HAL_SUBGHZ_CRCErrorCallback  radio_driver.o
    0x080023f6   0x080023f6   0x00000002   PAD
    0x080023f8   0x080023f8   0x0000034a   Code   RO         1007    .text.HAL_SUBGHZ_ExecGetCmd  stm32wlxx_hal_subghz.o
    0x08002742   0x08002742   0x00000002   PAD
    0x08002744   0x08002744   0x000002be   Code   RO         1005    .text.HAL_SUBGHZ_ExecSetCmd  stm32wlxx_hal_subghz.o
    0x08002a02   0x08002a02   0x00000002   PAD
    0x08002a04   0x08002a04   0x0000000e   Code   RO         1364    .text.HAL_SUBGHZ_HeaderErrorCallback  radio_driver.o
    0x08002a12   0x08002a12   0x00000002   PAD
    0x08002a14   0x08002a14   0x0000000e   Code   RO         1370    .text.HAL_SUBGHZ_HeaderValidCallback  radio_driver.o
    0x08002a22   0x08002a22   0x00000002   PAD
    0x08002a24   0x08002a24   0x000000b4   Code   RO         1013    .text.HAL_SUBGHZ_IRQHandler  stm32wlxx_hal_subghz.o
    0x08002ad8   0x08002ad8   0x000000fe   Code   RO          977    .text.HAL_SUBGHZ_Init  stm32wlxx_hal_subghz.o
    0x08002bd6   0x08002bd6   0x00000002   PAD
    0x08002bd8   0x08002bd8   0x00000032   Code   RO           63    .text.HAL_SUBGHZ_MspInit  subghz.o
    0x08002c0a   0x08002c0a   0x00000002   PAD
    0x08002c0c   0x08002c0c   0x0000000e   Code   RO         1366    .text.HAL_SUBGHZ_PreambleDetectedCallback  radio_driver.o
    0x08002c1a   0x08002c1a   0x00000002   PAD
    0x08002c1c   0x08002c1c   0x000003f2   Code   RO         1011    .text.HAL_SUBGHZ_ReadBuffer  stm32wlxx_hal_subghz.o
    0x0800300e   0x0800300e   0x00000002   PAD
    0x08003010   0x08003010   0x00000496   Code   RO          997    .text.HAL_SUBGHZ_ReadRegisters  stm32wlxx_hal_subghz.o
    0x080034a6   0x080034a6   0x00000002   PAD
    0x080034a8   0x080034a8   0x0000000e   Code   RO         1356    .text.HAL_SUBGHZ_RxCpltCallback  radio_driver.o
    0x080034b6   0x080034b6   0x00000002   PAD
    0x080034b8   0x080034b8   0x00000010   Code   RO         1362    .text.HAL_SUBGHZ_RxTxTimeoutCallback  radio_driver.o
    0x080034c8   0x080034c8   0x0000000e   Code   RO         1368    .text.HAL_SUBGHZ_SyncWordValidCallback  radio_driver.o
    0x080034d6   0x080034d6   0x00000002   PAD
    0x080034d8   0x080034d8   0x0000000e   Code   RO         1354    .text.HAL_SUBGHZ_TxCpltCallback  radio_driver.o
    0x080034e6   0x080034e6   0x00000002   PAD
    0x080034e8   0x080034e8   0x0000034a   Code   RO         1009    .text.HAL_SUBGHZ_WriteBuffer  stm32wlxx_hal_subghz.o
    0x08003832   0x08003832   0x00000002   PAD
    0x08003834   0x08003834   0x00000404   Code   RO          989    .text.HAL_SUBGHZ_WriteRegisters  stm32wlxx_hal_subghz.o
    0x08003c38   0x08003c38   0x00000012   Code   RO          727    .text.HAL_SuspendTick  stm32wlxx_hal.o
    0x08003c4a   0x08003c4a   0x00000002   PAD
    0x08003c4c   0x08003c4c   0x0000007a   Code   RO         1207    .text.HAL_UARTEx_EnableFifoMode  stm32wlxx_hal_uart_ex.o
    0x08003cc6   0x08003cc6   0x00000002   PAD
    0x08003cc8   0x08003cc8   0x00000068   Code   RO         1203    .text.HAL_UARTEx_EnableStopMode  stm32wlxx_hal_uart_ex.o
    0x08003d30   0x08003d30   0x00000002   Code   RO         1137    .text.HAL_UARTEx_RxEventCallback  stm32wlxx_hal_uart.o
    0x08003d32   0x08003d32   0x00000002   PAD
    0x08003d34   0x08003d34   0x00000002   Code   RO         1195    .text.HAL_UARTEx_RxFifoFullCallback  stm32wlxx_hal_uart_ex.o
    0x08003d36   0x08003d36   0x00000002   PAD
    0x08003d38   0x08003d38   0x00000090   Code   RO         1213    .text.HAL_UARTEx_SetRxFifoThreshold  stm32wlxx_hal_uart_ex.o
    0x08003dc8   0x08003dc8   0x00000090   Code   RO         1211    .text.HAL_UARTEx_SetTxFifoThreshold  stm32wlxx_hal_uart_ex.o
    0x08003e58   0x08003e58   0x0000008e   Code   RO         1201    .text.HAL_UARTEx_StopModeWakeUpSourceConfig  stm32wlxx_hal_uart_ex.o
    0x08003ee6   0x08003ee6   0x00000002   PAD
    0x08003ee8   0x08003ee8   0x00000002   Code   RO         1197    .text.HAL_UARTEx_TxFifoEmptyCallback  stm32wlxx_hal_uart_ex.o
    0x08003eea   0x08003eea   0x00000002   PAD
    0x08003eec   0x08003eec   0x00000002   Code   RO         1193    .text.HAL_UARTEx_WakeupCallback  stm32wlxx_hal_uart_ex.o
    0x08003eee   0x08003eee   0x00000002   PAD
    0x08003ef0   0x08003ef0   0x00000002   Code   RO         1135    .text.HAL_UART_ErrorCallback  stm32wlxx_hal_uart.o
    0x08003ef2   0x08003ef2   0x00000002   PAD
    0x08003ef4   0x08003ef4   0x0000062e   Code   RO         1131    .text.HAL_UART_IRQHandler  stm32wlxx_hal_uart.o
    0x08004522   0x08004522   0x00000002   PAD
    0x08004524   0x08004524   0x000000c6   Code   RO         1047    .text.HAL_UART_Init  stm32wlxx_hal_uart.o
    0x080045ea   0x080045ea   0x00000002   PAD
    0x080045ec   0x080045ec   0x0000003c   Code   RO          209    .text.HAL_UART_MspDeInit  usart.o
    0x08004628   0x08004628   0x000000d4   Code   RO          207    .text.HAL_UART_MspInit  usart.o
    0x080046fc   0x080046fc   0x000000b8   Code   RO         1083    .text.HAL_UART_Receive_IT  stm32wlxx_hal_uart.o
    0x080047b4   0x080047b4   0x00000048   Code   RO          192    .text.HAL_UART_RxCpltCallback  usart_if.o
    0x080047fc   0x080047fc   0x000000f8   Code   RO         1087    .text.HAL_UART_Transmit_DMA  stm32wlxx_hal_uart.o
    0x080048f4   0x080048f4   0x0000001e   Code   RO          190    .text.HAL_UART_TxCpltCallback  usart_if.o
    0x08004912   0x08004912   0x00000002   PAD
    0x08004914   0x08004914   0x00000002   Code   RO         1141    .text.HAL_UART_TxHalfCpltCallback  stm32wlxx_hal_uart.o
    0x08004916   0x08004916   0x00000002   PAD
    0x08004918   0x08004918   0x00000002   Code   RO          223    .text.HardFault_Handler  stm32wlxx_it.o
    0x0800491a   0x0800491a   0x00000002   PAD
    0x0800491c   0x0800491c   0x00000044   Code   RO           36    .text.MX_DMA_Init   dma.o
    0x08004960   0x08004960   0x000000a4   Code   RO           26    .text.MX_GPIO_Init  gpio.o
    0x08004a04   0x08004a04   0x00000088   Code   RO           46    .text.MX_RTC_Init   rtc.o
    0x08004a8c   0x08004a8c   0x00000020   Code   RO           61    .text.MX_SUBGHZ_Init  subghz.o
    0x08004aac   0x08004aac   0x0000000e   Code   RO          264    .text.MX_SubGHz_Phy_Init  app_subghz_phy.o
    0x08004aba   0x08004aba   0x00000002   PAD
    0x08004abc   0x08004abc   0x00000008   Code   RO          266    .text.MX_SubGHz_Phy_Process  app_subghz_phy.o
    0x08004ac4   0x08004ac4   0x00000082   Code   RO          205    .text.MX_USART2_UART_Init  usart.o
    0x08004b46   0x08004b46   0x00000002   PAD
    0x08004b48   0x08004b48   0x00000002   Code   RO          225    .text.MemManage_Handler  stm32wlxx_it.o
    0x08004b4a   0x08004b4a   0x00000002   PAD
    0x08004b4c   0x08004b4c   0x00000002   Code   RO          221    .text.NMI_Handler   stm32wlxx_it.o
    0x08004b4e   0x08004b4e   0x00000002   PAD
    0x08004b50   0x08004b50   0x00000118   Code   RO          281    .text.OnRxDone      subghz_phy_app.o
    0x08004c68   0x08004c68   0x00000034   Code   RO          287    .text.OnRxError     subghz_phy_app.o
    0x08004c9c   0x08004c9c   0x00000038   Code   RO          285    .text.OnRxTimeout   subghz_phy_app.o
    0x08004cd4   0x08004cd4   0x00000034   Code   RO          279    .text.OnTxDone      subghz_phy_app.o
    0x08004d08   0x08004d08   0x00000038   Code   RO          283    .text.OnTxTimeout   subghz_phy_app.o
    0x08004d40   0x08004d40   0x0000002c   Code   RO          277    .text.OnledEvent    subghz_phy_app.o
    0x08004d6c   0x08004d6c   0x00000002   Code   RO           84    .text.PWR_EnterOffMode  stm32_lpm_if.o
    0x08004d6e   0x08004d6e   0x00000002   PAD
    0x08004d70   0x08004d70   0x00000012   Code   RO           76    .text.PWR_EnterSleepMode  stm32_lpm_if.o
    0x08004d82   0x08004d82   0x00000002   PAD
    0x08004d84   0x08004d84   0x0000001c   Code   RO           80    .text.PWR_EnterStopMode  stm32_lpm_if.o
    0x08004da0   0x08004da0   0x00000002   Code   RO           86    .text.PWR_ExitOffMode  stm32_lpm_if.o
    0x08004da2   0x08004da2   0x00000002   PAD
    0x08004da4   0x08004da4   0x00000004   Code   RO           78    .text.PWR_ExitSleepMode  stm32_lpm_if.o
    0x08004da8   0x08004da8   0x0000000e   Code   RO           82    .text.PWR_ExitStopMode  stm32_lpm_if.o
    0x08004db6   0x08004db6   0x00000002   PAD
    0x08004db8   0x08004db8   0x00000002   Code   RO          235    .text.PendSV_Handler  stm32wlxx_it.o
    0x08004dba   0x08004dba   0x00000002   PAD
    0x08004dbc   0x08004dbc   0x000001f4   Code   RO          289    .text.PingPong_Process  subghz_phy_app.o
    0x08004fb0   0x08004fb0   0x00000004   Code   RO          308    .text.RBI_ConfigRFSwitch  radio_board_if.o
    0x08004fb4   0x08004fb4   0x00000004   Code   RO          316    .text.RBI_GetRFOMaxPowerConfig  radio_board_if.o
    0x08004fb8   0x08004fb8   0x00000004   Code   RO          310    .text.RBI_GetTxConfig  radio_board_if.o
    0x08004fbc   0x08004fbc   0x00000004   Code   RO          304    .text.RBI_Init      radio_board_if.o
    0x08004fc0   0x08004fc0   0x00000004   Code   RO          314    .text.RBI_IsDCDC    radio_board_if.o
    0x08004fc4   0x08004fc4   0x00000004   Code   RO          312    .text.RBI_IsTCXO    radio_board_if.o
    0x08004fc8   0x08004fc8   0x00000002   Code   RO         1392    .text.RFW_DeInit    radio_fw.o
    0x08004fca   0x08004fca   0x00000002   PAD
    0x08004fcc   0x08004fcc   0x00000002   Code   RO         1404    .text.RFW_DeInit_TxLongPacket  radio_fw.o
    0x08004fce   0x08004fce   0x00000002   PAD
    0x08004fd0   0x08004fd0   0x00000006   Code   RO         1390    .text.RFW_Init      radio_fw.o
    0x08004fd6   0x08004fd6   0x00000002   PAD
    0x08004fd8   0x08004fd8   0x00000004   Code   RO         1394    .text.RFW_Is_Init   radio_fw.o
    0x08004fdc   0x08004fdc   0x00000004   Code   RO         1396    .text.RFW_Is_LongPacketModeEnabled  radio_fw.o
    0x08004fe0   0x08004fe0   0x00000006   Code   RO         1402    .text.RFW_ReceiveInit  radio_fw.o
    0x08004fe6   0x08004fe6   0x00000002   PAD
    0x08004fe8   0x08004fe8   0x00000006   Code   RO         1388    .text.RFW_ReceiveLongPacket  radio_fw.o
    0x08004fee   0x08004fee   0x00000002   PAD
    0x08004ff0   0x08004ff0   0x00000002   Code   RO         1406    .text.RFW_ReceivePayload  radio_fw.o
    0x08004ff2   0x08004ff2   0x00000002   PAD
    0x08004ff4   0x08004ff4   0x00000002   Code   RO         1398    .text.RFW_SetAntSwitch  radio_fw.o
    0x08004ff6   0x08004ff6   0x00000002   PAD
    0x08004ff8   0x08004ff8   0x00000002   Code   RO         1408    .text.RFW_SetRadioModem  radio_fw.o
    0x08004ffa   0x08004ffa   0x00000002   PAD
    0x08004ffc   0x08004ffc   0x00000006   Code   RO         1400    .text.RFW_TransmitInit  radio_fw.o
    0x08005002   0x08005002   0x00000002   PAD
    0x08005004   0x08005004   0x00000006   Code   RO         1386    .text.RFW_TransmitLongPacket  radio_fw.o
    0x0800500a   0x0800500a   0x00000002   PAD
    0x0800500c   0x0800500c   0x0000000c   Code   RO          245    .text.RTC_Alarm_IRQHandler  stm32wlxx_it.o
    0x08005018   0x08005018   0x0000008a   Code   RO          813    .text.RTC_ExitInitMode  stm32wlxx_hal_rtc.o
    0x080050a2   0x080050a2   0x00000002   PAD
    0x080050a4   0x080050a4   0x00000004   Code   RO         1434    .text.RadioCheckRfFrequency  radio.o
    0x080050a8   0x080050a8   0x00000024   Code   RO         1420    .text.RadioGetStatus  radio.o
    0x080050cc   0x080050cc   0x0000000a   Code   RO         1464    .text.RadioGetWakeupTime  radio.o
    0x080050d6   0x080050d6   0x00000002   PAD
    0x080050d8   0x080050d8   0x000000a4   Code   RO         1418    .text.RadioInit     radio.o
    0x0800517c   0x0800517c   0x000003b0   Code   RO         1466    .text.RadioIrqProcess  radio.o
    0x0800552c   0x0800552c   0x0000015a   Code   RO         1426    .text.RadioIsChannelFree  radio.o
    0x08005686   0x08005686   0x00000002   PAD
    0x08005688   0x08005688   0x00000010   Code   RO         1480    .text.RadioOnDioIrq  radio.o
    0x08005698   0x08005698   0x00000018   Code   RO         1484    .text.RadioOnRxTimeoutIrq  radio.o
    0x080056b0   0x080056b0   0x00000018   Code   RO         1482    .text.RadioOnTxTimeoutIrq  radio.o
    0x080056c8   0x080056c8   0x00000016   Code   RO         1428    .text.RadioRandom   radio.o
    0x080056de   0x080056de   0x00000002   PAD
    0x080056e0   0x080056e0   0x00000004   Code   RO         1454    .text.RadioRead     radio.o
    0x080056e4   0x080056e4   0x00000004   Code   RO         1458    .text.RadioReadRegisters  radio.o
    0x080056e8   0x080056e8   0x00000008   Code   RO         1450    .text.RadioRssi     radio.o
    0x080056f0   0x080056f0   0x0000006c   Code   RO         1444    .text.RadioRx       radio.o
    0x0800575c   0x0800575c   0x0000006c   Code   RO         1468    .text.RadioRxBoosted  radio.o
    0x080057c8   0x080057c8   0x0000027c   Code   RO         1438    .text.RadioSend     radio.o
    0x08005a44   0x08005a44   0x00000004   Code   RO         1424    .text.RadioSetChannel  radio.o
    0x08005a48   0x08005a48   0x00000038   Code   RO         1460    .text.RadioSetMaxPayloadLength  radio.o
    0x08005a80   0x08005a80   0x0000008e   Code   RO         1422    .text.RadioSetModem  radio.o
    0x08005b0e   0x08005b0e   0x00000002   PAD
    0x08005b10   0x08005b10   0x0000003a   Code   RO         1462    .text.RadioSetPublicNetwork  radio.o
    0x08005b4a   0x08005b4a   0x00000002   PAD
    0x08005b4c   0x08005b4c   0x000002e0   Code   RO         1430    .text.RadioSetRxConfig  radio.o
    0x08005e2c   0x08005e2c   0x0000003a   Code   RO         1470    .text.RadioSetRxDutyCycle  radio.o
    0x08005e66   0x08005e66   0x00000002   PAD
    0x08005e68   0x08005e68   0x00000228   Code   RO         1476    .text.RadioSetRxGenericConfig  radio.o
    0x08006090   0x08006090   0x000001b8   Code   RO         1432    .text.RadioSetTxConfig  radio.o
    0x08006248   0x08006248   0x0000003c   Code   RO         1448    .text.RadioSetTxContinuousWave  radio.o
    0x08006284   0x08006284   0x000002c0   Code   RO         1478    .text.RadioSetTxGenericConfig  radio.o
    0x08006544   0x08006544   0x00000012   Code   RO         1440    .text.RadioSleep    radio.o
    0x08006556   0x08006556   0x00000002   PAD
    0x08006558   0x08006558   0x00000006   Code   RO         1442    .text.RadioStandby  radio.o
    0x0800655e   0x0800655e   0x00000002   PAD
    0x08006560   0x08006560   0x0000002c   Code   RO         1446    .text.RadioStartCad  radio.o
    0x0800658c   0x0800658c   0x000001d8   Code   RO         1436    .text.RadioTimeOnAir  radio.o
    0x08006764   0x08006764   0x00000014   Code   RO         1474    .text.RadioTxCw     radio.o
    0x08006778   0x08006778   0x00000032   Code   RO         1472    .text.RadioTxPrbs   radio.o
    0x080067aa   0x080067aa   0x00000002   PAD
    0x080067ac   0x080067ac   0x00000004   Code   RO         1452    .text.RadioWrite    radio.o
    0x080067b0   0x080067b0   0x00000004   Code   RO         1456    .text.RadioWriteRegisters  radio.o
    0x080067b4   0x080067b4   0x0000000c   Code   RO          247    .text.SUBGHZ_Radio_IRQHandler  stm32wlxx_it.o
    0x080067c0   0x080067c0   0x000000b0   Code   RO         1374    .text.SUBGRF_GetCFO  radio_driver.o
    0x08006870   0x08006870   0x00000146   Code   RO         1372    .text.SUBGRF_GetFskBandwidthRegValue  radio_driver.o
    0x080069b6   0x080069b6   0x00000002   PAD
    0x080069b8   0x080069b8   0x0000000c   Code   RO         1256    .text.SUBGRF_GetOperatingMode  radio_driver.o
    0x080069c4   0x080069c4   0x00000094   Code   RO         1340    .text.SUBGRF_GetPacketStatus  radio_driver.o
    0x08006a58   0x08006a58   0x00000096   Code   RO         1262    .text.SUBGRF_GetPayload  radio_driver.o
    0x08006aee   0x08006aee   0x00000002   PAD
    0x08006af0   0x08006af0   0x00000004   Code   RO         1352    .text.SUBGRF_GetRadioWakeUpTime  radio_driver.o
    0x08006af4   0x08006af4   0x00000120   Code   RO         1286    .text.SUBGRF_GetRandom  radio_driver.o
    0x08006c14   0x08006c14   0x00000032   Code   RO         1338    .text.SUBGRF_GetRssiInst  radio_driver.o
    0x08006c46   0x08006c46   0x00000002   PAD
    0x08006c48   0x08006c48   0x00000132   Code   RO         1246    .text.SUBGRF_Init   radio_driver.o
    0x08006d7a   0x08006d7a   0x00000002   PAD
    0x08006d7c   0x08006d7c   0x00000020   Code   RO         1284    .text.SUBGRF_ReadRegister  radio_driver.o
    0x08006d9c   0x08006d9c   0x00000024   Code   RO         1290    .text.SUBGRF_ReadRegisters  radio_driver.o
    0x08006dc0   0x08006dc0   0x00000064   Code   RO         1268    .text.SUBGRF_SendPayload  radio_driver.o
    0x08006e24   0x08006e24   0x00000032   Code   RO         1334    .text.SUBGRF_SetBufferBaseAddress  radio_driver.o
    0x08006e56   0x08006e56   0x00000002   PAD
    0x08006e58   0x08006e58   0x00000030   Code   RO         1300    .text.SUBGRF_SetCad  radio_driver.o
    0x08006e88   0x08006e88   0x00000042   Code   RO         1280    .text.SUBGRF_SetCrcPolynomial  radio_driver.o
    0x08006eca   0x08006eca   0x00000002   PAD
    0x08006ecc   0x08006ecc   0x00000052   Code   RO         1318    .text.SUBGRF_SetDioIrqParams  radio_driver.o
    0x08006f1e   0x08006f1e   0x00000002   PAD
    0x08006f20   0x08006f20   0x00000056   Code   RO         1308    .text.SUBGRF_SetLoRaSymbNumTimeout  radio_driver.o
    0x08006f76   0x08006f76   0x00000002   PAD
    0x08006f78   0x08006f78   0x00000190   Code   RO         1328    .text.SUBGRF_SetModulationParams  radio_driver.o
    0x08007108   0x08007108   0x000001b8   Code   RO         1330    .text.SUBGRF_SetPacketParams  radio_driver.o
    0x080072c0   0x080072c0   0x00000056   Code   RO         1324    .text.SUBGRF_SetPacketType  radio_driver.o
    0x08007316   0x08007316   0x00000002   PAD
    0x08007318   0x08007318   0x0000003a   Code   RO         1310    .text.SUBGRF_SetRegulatorMode  radio_driver.o
    0x08007352   0x08007352   0x00000002   PAD
    0x08007354   0x08007354   0x000000e8   Code   RO         1322    .text.SUBGRF_SetRfFrequency  radio_driver.o
    0x0800743c   0x0800743c   0x00000028   Code   RO         1350    .text.SUBGRF_SetRfTxPower  radio_driver.o
    0x08007464   0x08007464   0x00000046   Code   RO         1288    .text.SUBGRF_SetRx  radio_driver.o
    0x080074aa   0x080074aa   0x00000002   PAD
    0x080074ac   0x080074ac   0x0000005e   Code   RO         1296    .text.SUBGRF_SetRxBoosted  radio_driver.o
    0x0800750a   0x0800750a   0x00000002   PAD
    0x0800750c   0x0800750c   0x00000056   Code   RO         1298    .text.SUBGRF_SetRxDutyCycle  radio_driver.o
    0x08007562   0x08007562   0x00000002   PAD
    0x08007564   0x08007564   0x00000084   Code   RO         1292    .text.SUBGRF_SetSleep  radio_driver.o
    0x080075e8   0x080075e8   0x00000044   Code   RO         1248    .text.SUBGRF_SetStandby  radio_driver.o
    0x0800762c   0x0800762c   0x0000002e   Code   RO         1306    .text.SUBGRF_SetStopRxTimerOnPreambleDetect  radio_driver.o
    0x0800765a   0x0800765a   0x00000002   PAD
    0x0800765c   0x0800765c   0x0000006a   Code   RO         1348    .text.SUBGRF_SetSwitch  radio_driver.o
    0x080076c6   0x080076c6   0x00000002   PAD
    0x080076c8   0x080076c8   0x00000028   Code   RO         1272    .text.SUBGRF_SetSyncWord  radio_driver.o
    0x080076f0   0x080076f0   0x00000046   Code   RO         1270    .text.SUBGRF_SetTx  radio_driver.o
    0x08007736   0x08007736   0x00000002   PAD
    0x08007738   0x08007738   0x00000024   Code   RO         1302    .text.SUBGRF_SetTxContinuousWave  radio_driver.o
    0x0800775c   0x0800775c   0x00000024   Code   RO         1304    .text.SUBGRF_SetTxInfinitePreamble  radio_driver.o
    0x08007780   0x08007780   0x00000232   Code   RO         1326    .text.SUBGRF_SetTxParams  radio_driver.o
    0x080079b2   0x080079b2   0x00000002   PAD
    0x080079b4   0x080079b4   0x00000068   Code   RO         1282    .text.SUBGRF_SetWhiteningSeed  radio_driver.o
    0x08007a1c   0x08007a1c   0x00000022   Code   RO         1252    .text.SUBGRF_WriteRegister  radio_driver.o
    0x08007a3e   0x08007a3e   0x00000002   PAD
    0x08007a40   0x08007a40   0x00000024   Code   RO         1274    .text.SUBGRF_WriteRegisters  radio_driver.o
    0x08007a64   0x08007a64   0x00000002   Code   RO          231    .text.SVC_Handler   stm32wlxx_it.o
    0x08007a66   0x08007a66   0x00000002   PAD
    0x08007a68   0x08007a68   0x00000220   Code   RO          275    .text.SubghzApp_Init  subghz_phy_app.o
    0x08007c88   0x08007c88   0x00000002   Code   RO          237    .text.SysTick_Handler  stm32wlxx_it.o
    0x08007c8a   0x08007c8a   0x00000002   PAD
    0x08007c8c   0x08007c8c   0x0000004e   Code   RO         1575    .text.SysTimeGet    stm32_systime.o
    0x08007cda   0x08007cda   0x00000002   PAD
    0x08007cdc   0x08007cdc   0x00000052   Code   RO           96    .text.SystemApp_Init  sys_app.o
    0x08007d2e   0x08007d2e   0x00000002   PAD
    0x08007d30   0x08007d30   0x00000002   Code   RO         1230    .text.SystemInit    system_stm32wlxx.o
    0x08007d32   0x08007d32   0x00000002   PAD
    0x08007d34   0x08007d34   0x0000000c   Code   RO          239    .text.TAMP_STAMP_LSECSS_SSRU_IRQHandler  stm32wlxx_it.o
    0x08007d40   0x08007d40   0x0000000e   Code   RO          153    .text.TIMER_IF_BkUp_Read_Seconds  timer_if.o
    0x08007d4e   0x08007d4e   0x00000002   PAD
    0x08007d50   0x08007d50   0x0000000e   Code   RO          157    .text.TIMER_IF_BkUp_Read_SubSeconds  timer_if.o
    0x08007d5e   0x08007d5e   0x00000002   PAD
    0x08007d60   0x08007d60   0x00000010   Code   RO          151    .text.TIMER_IF_BkUp_Write_Seconds  timer_if.o
    0x08007d70   0x08007d70   0x00000010   Code   RO          155    .text.TIMER_IF_BkUp_Write_SubSeconds  timer_if.o
    0x08007d80   0x08007d80   0x00000010   Code   RO          149    .text.TIMER_IF_Convert_Tick2ms  timer_if.o
    0x08007d90   0x08007d90   0x00000014   Code   RO          147    .text.TIMER_IF_Convert_ms2Tick  timer_if.o
    0x08007da4   0x08007da4   0x00000050   Code   RO          161    .text.TIMER_IF_DelayMs  timer_if.o
    0x08007df4   0x08007df4   0x00000004   Code   RO          145    .text.TIMER_IF_GetMinimumTimeout  timer_if.o
    0x08007df8   0x08007df8   0x00000054   Code   RO          159    .text.TIMER_IF_GetTime  timer_if.o
    0x08007e4c   0x08007e4c   0x0000000c   Code   RO          139    .text.TIMER_IF_GetTimerContext  timer_if.o
    0x08007e58   0x08007e58   0x00000038   Code   RO          141    .text.TIMER_IF_GetTimerElapsedTime  timer_if.o
    0x08007e90   0x08007e90   0x00000040   Code   RO          143    .text.TIMER_IF_GetTimerValue  timer_if.o
    0x08007ed0   0x08007ed0   0x00000086   Code   RO          131    .text.TIMER_IF_Init  timer_if.o
    0x08007f56   0x08007f56   0x00000002   PAD
    0x08007f58   0x08007f58   0x00000036   Code   RO          137    .text.TIMER_IF_SetTimerContext  timer_if.o
    0x08007f8e   0x08007f8e   0x00000002   PAD
    0x08007f90   0x08007f90   0x0000006e   Code   RO          133    .text.TIMER_IF_StartTimer  timer_if.o
    0x08007ffe   0x08007ffe   0x00000002   PAD
    0x08008000   0x08008000   0x0000002a   Code   RO          135    .text.TIMER_IF_StopTimer  timer_if.o
    0x0800802a   0x0800802a   0x00000002   PAD
    0x0800802c   0x0800802c   0x000000aa   Code   RO         1512    .text.TRACE_Send    stm32_adv_trace.o
    0x080080d6   0x080080d6   0x00000002   PAD
    0x080080d8   0x080080d8   0x000000ac   Code   RO         1502    .text.TRACE_TxCpltCallback  stm32_adv_trace.o
    0x08008184   0x08008184   0x00000028   Code   RO           98    .text.TimestampNow  sys_app.o
    0x080081ac   0x080081ac   0x000000e6   Code   RO         1053    .text.UART_AdvFeatureConfig  stm32wlxx_hal_uart.o
    0x08008292   0x08008292   0x00000002   PAD
    0x08008294   0x08008294   0x00000010   Code   RO         1133    .text.UART_DMAAbortOnError  stm32wlxx_hal_uart.o
    0x080082a4   0x080082a4   0x000001ea   Code   RO         1093    .text.UART_DMAError  stm32wlxx_hal_uart.o
    0x0800848e   0x0800848e   0x00000002   PAD
    0x08008490   0x08008490   0x000000b0   Code   RO         1089    .text.UART_DMATransmitCplt  stm32wlxx_hal_uart.o
    0x08008540   0x08008540   0x00000006   Code   RO         1091    .text.UART_DMATxHalfCplt  stm32wlxx_hal_uart.o
    0x08008546   0x08008546   0x00000002   PAD
    0x08008548   0x08008548   0x00000148   Code   RO         1173    .text.UART_RxISR_16BIT  stm32wlxx_hal_uart.o
    0x08008690   0x08008690   0x000002d2   Code   RO         1169    .text.UART_RxISR_16BIT_FIFOEN  stm32wlxx_hal_uart.o
    0x08008962   0x08008962   0x00000002   PAD
    0x08008964   0x08008964   0x00000148   Code   RO         1175    .text.UART_RxISR_8BIT  stm32wlxx_hal_uart.o
    0x08008aac   0x08008aac   0x000002d6   Code   RO         1171    .text.UART_RxISR_8BIT_FIFOEN  stm32wlxx_hal_uart.o
    0x08008d82   0x08008d82   0x00000002   PAD
    0x08008d84   0x08008d84   0x00000258   Code   RO         1051    .text.UART_SetConfig  stm32wlxx_hal_uart.o
    0x08008fdc   0x08008fdc   0x0000027e   Code   RO         1085    .text.UART_Start_Receive_IT  stm32wlxx_hal_uart.o
    0x0800925a   0x0800925a   0x00000002   PAD
    0x0800925c   0x0800925c   0x00000214   Code   RO         1069    .text.UART_WaitOnFlagUntilTimeout  stm32wlxx_hal_uart.o
    0x08009470   0x08009470   0x0000000c   Code   RO          243    .text.USART2_IRQHandler  stm32wlxx_it.o
    0x0800947c   0x0800947c   0x00000220   Code   RO         1510    .text.UTIL_ADV_TRACE_COND_FSend  stm32_adv_trace.o
    0x0800969c   0x0800969c   0x0000003c   Code   RO         1500    .text.UTIL_ADV_TRACE_Init  stm32_adv_trace.o
    0x080096d8   0x080096d8   0x00000008   Code   RO          104    .text.UTIL_ADV_TRACE_PostSendHook  sys_app.o
    0x080096e0   0x080096e0   0x00000008   Code   RO          102    .text.UTIL_ADV_TRACE_PreSendHook  sys_app.o
    0x080096e8   0x080096e8   0x0000000c   Code   RO         1528    .text.UTIL_ADV_TRACE_RegisterTimeStampFunction  stm32_adv_trace.o
    0x080096f4   0x080096f4   0x0000000c   Code   RO         1530    .text.UTIL_ADV_TRACE_SetVerboseLevel  stm32_adv_trace.o
    0x08009700   0x08009700   0x0000005e   Code   RO         1721    .text.UTIL_LPM_EnterLowPower  stm32_lpm.o
    0x0800975e   0x0800975e   0x00000002   PAD
    0x08009760   0x08009760   0x00000010   Code   RO         1711    .text.UTIL_LPM_Init  stm32_lpm.o
    0x08009770   0x08009770   0x0000002c   Code   RO         1717    .text.UTIL_LPM_SetOffMode  stm32_lpm.o
    0x0800979c   0x0800979c   0x0000002c   Code   RO         1715    .text.UTIL_LPM_SetStopMode  stm32_lpm.o
    0x080097c8   0x080097c8   0x00000070   Code   RO         1555    .text.UTIL_MEM_cpy_8  stm32_mem.o
    0x08009838   0x08009838   0x00000018   Code   RO         1559    .text.UTIL_MEM_set_8  stm32_mem.o
    0x08009850   0x08009850   0x00000004   Code   RO          100    .text.UTIL_SEQ_Idle  sys_app.o
    0x08009854   0x08009854   0x00000002   Code   RO         1631    .text.UTIL_SEQ_PostIdle  stm32_seq.o
    0x08009856   0x08009856   0x00000002   PAD
    0x08009858   0x08009858   0x00000002   Code   RO         1627    .text.UTIL_SEQ_PreIdle  stm32_seq.o
    0x0800985a   0x0800985a   0x00000002   PAD
    0x0800985c   0x0800985c   0x00000058   Code   RO         1633    .text.UTIL_SEQ_RegTask  stm32_seq.o
    0x080098b4   0x080098b4   0x00000194   Code   RO         1623    .text.UTIL_SEQ_Run  stm32_seq.o
    0x08009a48   0x08009a48   0x00000028   Code   RO         1635    .text.UTIL_SEQ_SetTask  stm32_seq.o
    0x08009a70   0x08009a70   0x0000003c   Code   RO         1670    .text.UTIL_TIMER_Create  stm32_timer.o
    0x08009aac   0x08009aac   0x00000018   Code   RO         1698    .text.UTIL_TIMER_GetCurrentTime  stm32_timer.o
    0x08009ac4   0x08009ac4   0x00000028   Code   RO         1700    .text.UTIL_TIMER_GetElapsedTime  stm32_timer.o
    0x08009aec   0x08009aec   0x000000e4   Code   RO         1696    .text.UTIL_TIMER_IRQ_Handler  stm32_timer.o
    0x08009bd0   0x08009bd0   0x00000018   Code   RO         1666    .text.UTIL_TIMER_Init  stm32_timer.o
    0x08009be8   0x08009be8   0x0000010c   Code   RO         1686    .text.UTIL_TIMER_SetPeriod  stm32_timer.o
    0x08009cf4   0x08009cf4   0x00000146   Code   RO         1672    .text.UTIL_TIMER_Start  stm32_timer.o
    0x08009e3a   0x08009e3a   0x00000002   PAD
    0x08009e3c   0x08009e3c   0x000000d2   Code   RO         1682    .text.UTIL_TIMER_Stop  stm32_timer.o
    0x08009f0e   0x08009f0e   0x00000002   PAD
    0x08009f10   0x08009f10   0x00000002   Code   RO          229    .text.UsageFault_Handler  stm32wlxx_it.o
    0x08009f12   0x08009f12   0x00000002   PAD
    0x08009f14   0x08009f14   0x000000a2   Code   RO           12    .text.main          main.o
    0x08009fb6   0x08009fb6   0x00000002   PAD
    0x08009fb8   0x08009fb8   0x0000002c   Code   RO          112    .text.tiny_snprintf_like  sys_app.o
    0x08009fe4   0x08009fe4   0x00000720   Code   RO         1608    .text.tiny_vsnprintf_like  stm32_tiny_vsnprintf.o
    0x0800a704   0x0800a704   0x0000002e   Code   RO          180    .text.vcom_DeInit   usart_if.o
    0x0800a732   0x0800a732   0x00000002   PAD
    0x0800a734   0x0800a734   0x00000028   Code   RO          178    .text.vcom_Init     usart_if.o
    0x0800a75c   0x0800a75c   0x00000080   Code   RO          182    .text.vcom_ReceiveInit  usart_if.o
    0x0800a7dc   0x0800a7dc   0x00000030   Code   RO          188    .text.vcom_Resume   usart_if.o
    0x0800a80c   0x0800a80c   0x00000016   Code   RO          184    .text.vcom_Trace_DMA  usart_if.o
    0x0800a822   0x0800a822   0x0000000e   Code   RO         1926    x$fpl$fpinit        f_ws.l(fpinit.o)
    0x0800a830   0x0800a830   0x0000000c   Data   RO          355    .rodata..L__const.RCC_SetFlashLatency.FLASH_LATENCY_RANGE  stm32wlxx_hal_rcc.o
    0x0800a83c   0x0800a83c   0x00000040   Data   RO         1235    .rodata.AHBPrescTable  system_stm32wlxx.o
    0x0800a87c   0x0800a87c   0x00000020   Data   RO         1236    .rodata.APBPrescTable  system_stm32wlxx.o
    0x0800a89c   0x0800a89c   0x00000003   Data   RO         1487    .rodata.Bandwidths  radio.o
    0x0800a89f   0x0800a89f   0x00000001   PAD
    0x0800a8a0   0x0800a8a0   0x000000b0   Data   RO         1376    .rodata.FskBandwidths  radio_driver.o
    0x0800a950   0x0800a950   0x00000040   Data   RO         1237    .rodata.MSIRangeTable  system_stm32wlxx.o
    0x0800a990   0x0800a990   0x00000084   Data   RO         1486    .rodata.Radio       radio.o
    0x0800aa14   0x0800aa14   0x00000010   Data   RO         1655    .rodata.SEQ_clz_table_4bit  stm32_seq.o
    0x0800aa24   0x0800aa24   0x00000018   Data   RO         1181    .rodata.UARTPrescTable  stm32wlxx_hal_uart.o
    0x0800aa3c   0x0800aa3c   0x00000018   Data   RO           88    .rodata.UTIL_PowerDriver  stm32_lpm_if.o
    0x0800aa54   0x0800aa54   0x00000014   Data   RO          168    .rodata.UTIL_SYSTIMDriver  timer_if.o
    0x0800aa68   0x0800aa68   0x0000002c   Data   RO          167    .rodata.UTIL_TimerDriver  timer_if.o
    0x0800aa94   0x0800aa94   0x00000010   Data   RO          194    .rodata.UTIL_TraceDriver  usart_if.o
    0x0800aaa4   0x0800aaa4   0x00000010   Data   RO         1182    .rodata.cst16       stm32wlxx_hal_uart.o
    0x0800aab4   0x0800aab4   0x00000010   Data   RO         1221    .rodata.cst8        stm32wlxx_hal_uart_ex.o
    0x0800aac4   0x0800aac4   0x00000056   Data   RO          292    .rodata.str1.1      subghz_phy_app.o
    0x0800ab1a   0x0800ab1a   0x00000007   Data   RO         1610    .rodata.str1.1      stm32_tiny_vsnprintf.o
    0x0800ab21   0x0800ab21   0x00000003   PAD
    0x0800ab24   0x0800ab24   0x00000020   Data   RO         1992    Region$$Table       anon$$obj.o


    Execution Region RW_IRAM1 (Exec base: 0x20000000, Load base: 0x0800ab48, Size: 0x000012e8, Max: 0x00008000, ABSOLUTE)

    Exec Addr    Load Addr    Size         Type   Attr      Idx    E Section Name        Object

    0x20000000   0x0800ab48   0x00000008   Data   RW          772    .data..L_MergedGlobals  stm32wlxx_hal.o
    0x20000008   0x0800ab50   0x00000008   Data   RW         1656    .data..L_MergedGlobals  stm32_seq.o
    0x20000010   0x0800ab58   0x00000001   Data   RW         1489    .data.MaxPayloadLength  radio.o
    0x20000011   0x0800ab59   0x00000003   PAD
    0x20000014   0x0800ab5c   0x00000004   Data   RW         1234    .data.SystemCoreClock  system_stm32wlxx.o
    0x20000018   0x0800ab60   0x00000001   Data   RW          291    .data.isMaster      subghz_phy_app.o
    0x20000019   0x0800ab61   0x00000007   PAD
    0x20000020        -       0x00000060   Zero   RW         1854    .bss                c_w.l(libspace.o)
    0x20000080        -       0x00000008   Zero   RW          169    .bss..L_MergedGlobals  timer_if.o
    0x20000088        -       0x00000008   Zero   RW          196    .bss..L_MergedGlobals  usart_if.o
    0x20000090        -       0x00000040   Zero   RW          295    .bss..L_MergedGlobals  subghz_phy_app.o
    0x200000d0        -       0x0000000c   Zero   RW         1377    .bss..L_MergedGlobals  radio_driver.o
    0x200000dc        -       0x00000034   Zero   RW         1491    .bss..L_MergedGlobals  radio.o
    0x20000110        -       0x00000008   Zero   RW         1723    .bss..L_MergedGlobals  stm32_lpm.o
    0x20000118        -       0x0000001c   Zero   RW         1657    .bss..L_MergedGlobals.1  stm32_seq.o
    0x20000134        -       0x00000200   Zero   RW         1545    .bss.ADV_TRACE_Buffer  stm32_adv_trace.o
    0x20000334        -       0x00000018   Zero   RW         1544    .bss.ADV_TRACE_Ctx  stm32_adv_trace.o
    0x2000034c        -       0x000000ff   Zero   RW          294    .bss.BufferRx       subghz_phy_app.o
    0x2000044b   0x0800ab61   0x00000001   PAD
    0x2000044c        -       0x000000ff   Zero   RW          293    .bss.BufferTx       subghz_phy_app.o
    0x2000054b        -       0x000000ff   Zero   RW         1490    .bss.RadioBuffer    radio.o
    0x2000064a        -       0x00000001   Zero   RW          114    .bss.SYS_TimerInitialisedFlag  sys_app.o
    0x2000064b   0x0800ab61   0x00000001   PAD
    0x2000064c        -       0x0000005c   Zero   RW         1488    .bss.SubgRf         radio.o
    0x200006a8        -       0x00000004   Zero   RW         1702    .bss.TimerListHead  stm32_timer.o
    0x200006ac        -       0x00000004   Zero   RW          195    .bss.TxCpltCallback  usart_if.o
    0x200006b0        -       0x00000060   Zero   RW          212    .bss.hdma_usart2_tx  usart.o
    0x20000710        -       0x00000038   Zero   RW           52    .bss.hrtc           rtc.o
    0x20000748        -       0x0000000c   Zero   RW           67    .bss.hsubghz        subghz.o
    0x20000754        -       0x00000090   Zero   RW          211    .bss.huart2         usart.o
    0x200007e4        -       0x00000100   Zero   RW         1546    .bss.sztmp          stm32_adv_trace.o
    0x200008e4   0x0800ab61   0x00000004   PAD
    0x200008e8        -       0x00000200   Zero   RW            3    HEAP                startup_stm32wle5xx.o
    0x20000ae8        -       0x00000800   Zero   RW            2    STACK               startup_stm32wle5xx.o


    Execution Region RW_IRAM2 (Exec base: 0x20008000, Load base: 0x0800ab68, Size: 0x00008000, Max: 0x00008000, ABSOLUTE)

    Exec Addr    Load Addr    Size         Type   Attr      Idx    E Section Name        Object

    0x20008000        -       0x00008000   Zero   RW            1    RW_IRAM2.bss        anon$$obj.o


==============================================================================

Image component sizes


      Code (inc. data)   RO Data    RW Data    ZI Data      Debug   Object Name

        22          0          0          0          0        485   app_subghz_phy.o
        68          0          0          0          0       3390   dma.o
       164          0          0          0          0       2697   gpio.o
       172          0          0          0          0       3812   main.o
      5886        264        135          1        399      30509   radio.o
        24          0          0          0          0       1696   radio_board_if.o
      4890         12        176          0         12      49712   radio_driver.o
        48          0          0          0          0       7412   radio_fw.o
       262          0          0          0         56       6547   rtc.o
        64         26        312          0       2560        780   startup_stm32wle5xx.o
       970          0          0          0        792      17398   stm32_adv_trace.o
       198          0          0          0          8       2748   stm32_lpm.o
        68          0         24          0          0       2108   stm32_lpm_if.o
       136          0          0          0          0       1826   stm32_mem.o
       536          0         16          8         28       7540   stm32_seq.o
        78          0          0          0          0       9492   stm32_systime.o
      1180          0          0          0          4      13633   stm32_timer.o
      1824        146          7          0          0       5502   stm32_tiny_vsnprintf.o
       134          0          0          8          0      10924   stm32wlxx_hal.o
       190          0          0          0          0       9750   stm32wlxx_hal_cortex.o
      1216          0          0          0          0       8846   stm32wlxx_hal_dma.o
       974          0          0          0          0       4935   stm32wlxx_hal_gpio.o
         2          0          0          0          0        364   stm32wlxx_hal_msp.o
        94          0          0          0          0       5137   stm32wlxx_hal_pwr.o
       206          0          0          0          0      10523   stm32wlxx_hal_pwr_ex.o
      2804          0         12          0          0      16718   stm32wlxx_hal_rcc.o
       522          0          0          0          0      14275   stm32wlxx_hal_rcc_ex.o
      1058          0          0          0          0      16276   stm32wlxx_hal_rtc.o
       210          0          0          0          0      16627   stm32wlxx_hal_rtc_ex.o
      6032          0          0          0          0      26829   stm32wlxx_hal_subghz.o
      7010         46         40          0          0      40816   stm32wlxx_hal_uart.o
       662          0         16          0          0      10979   stm32wlxx_hal_uart_ex.o
        78          0          0          0          0       1464   stm32wlxx_it.o
       230          0          0          0          0       3749   stm32wlxx_nucleo_radio.o
        82          0          0          0         12       4427   subghz.o
      1584        334         86          1        574       4304   subghz_phy_app.o
       224         12          0          0          1       3882   sys_app.o
        18          0          0          0          0        349   sys_debug.o
         2          0        160          4          0       2403   system_stm32wlxx.o
       772          0         64          0          8       9541   timer_if.o
       402          0          0          0        240       8234   usart.o
       386          0         16          0         12       9241   usart_if.o

    ----------------------------------------------------------------------
     41738        840       1100         28      37484     407880   Object Totals
         0          0         32          0      32768          0   (incl. Generated)
       256          0          4          6         10          0   (incl. Padding)

    ----------------------------------------------------------------------

      Code (inc. data)   RO Data    RW Data    ZI Data      Debug   Library Member Name

         8          0          0          0          0         68   __main.o
         0          0          0          0          0          0   __rtentry.o
        12          0          0          0          0          0   __rtentry2.o
         6          0          0          0          0          0   __rtentry4.o
        52          8          0          0          0          0   __scatter.o
        26          0          0          0          0          0   __scatter_copy.o
        28          0          0          0          0          0   __scatter_zi.o
        16          0          0          0          0         68   aeabi_memset.o
        18          0          0          0          0         80   exit.o
         6          0          0          0          0        152   heapauxi.o
         0          0          0          0          0          0   indicate_semi.o
         2          0          0          0          0          0   libinit.o
         6          0          0          0          0          0   libinit2.o
         2          0          0          0          0          0   libshutdown.o
         2          0          0          0          0          0   libshutdown2.o
         8          4          0          0         96         68   libspace.o
       240          0          0          0          0        100   lludivv7m.o
         8          4          0          0          0         68   rt_fp_status_addr_intlibspace.o
        68          0          0          0          0         68   rt_memclr.o
        78          0          0          0          0         80   rt_memclr_w.o
       138          0          0          0          0         68   rt_memcpy_v6.o
       100          0          0          0          0         80   rt_memcpy_w.o
         2          0          0          0          0          0   rtexit.o
        10          0          0          0          0          0   rtexit2.o
        62          0          0          0          0         76   strlen.o
        12          4          0          0          0         68   sys_exit.o
        74          0          0          0          0         80   sys_stackheap_outer.o
         2          0          0          0          0         68   use_no_semi.o
        14          0          0          0          0         76   fpinit.o

    ----------------------------------------------------------------------
      1006         20          0          0         96       1268   Library Totals
         6          0          0          0          0          0   (incl. Padding)

    ----------------------------------------------------------------------

      Code (inc. data)   RO Data    RW Data    ZI Data      Debug   Library Name

       986         20          0          0         96       1192   c_w.l
        14          0          0          0          0         76   f_ws.l

    ----------------------------------------------------------------------
      1006         20          0          0         96       1268   Library Totals

    ----------------------------------------------------------------------

==============================================================================


      Code (inc. data)   RO Data    RW Data    ZI Data      Debug   

     42744        860       1100         28      37580     407932   Grand Totals
     42744        860       1100         28      37580     407932   ELF Image Totals
     42744        860       1100         28          0          0   ROM Totals

==============================================================================

    Total RO  Size (Code + RO Data)                43844 (  42.82kB)
    Total RW  Size (RW Data + ZI Data)             37608 (  36.73kB)
    Total ROM Size (Code + RO Data + RW Data)      43872 (  42.84kB)

==============================================================================

