<!doctype html public "-//w3c//dtd html 4.0 transitional//en">
<html><head>
<title>Static Call Graph - [LoRaWAN_End_Node_v1.2\LoRaWAN_End_Node_v1.2]</title></head>
<body><HR>
<H1>Static Call Graph for image LoRaWAN_End_Node_v1.2\LoRaWAN_End_Node_v1.2</H1><HR>
<BR><P>#&#060CALLGRAPH&#062# ARM Linker, 6140002: Last Updated: Thu Nov 23 14:56:13 2023
<BR><P>
<H3>Maximum Stack Usage =       1096 bytes + Unknown(Functions without stacksize, Cycles, Untraceable Function Pointers)</H3><H3>
Call chain for Maximum Stack Depth:</H3>
LmHandlerProcess &rArr; LoRaMacProcess &rArr; LoRaMacCryptoUnsecureMessage &rArr; SecureElementVerifyAesCmac &rArr; ComputeCmac &rArr; AES_CMAC_Final &rArr; lorawan_aes_encrypt
<P>
<H3>
Functions with no stack information
</H3><UL>
 <LI><a href="#[d7]">__user_initial_stackheap</a>
</UL>
</UL>
<P>
<H3>
Mutually Recursive functions
</H3> <LI><a href="#[1c]">ADC_IRQHandler</a>&nbsp;&nbsp;&nbsp;&rArr;&nbsp;&nbsp;&nbsp;<a href="#[1c]">ADC_IRQHandler</a><BR>
 <LI><a href="#[4]">BusFault_Handler</a>&nbsp;&nbsp;&nbsp;&rArr;&nbsp;&nbsp;&nbsp;<a href="#[4]">BusFault_Handler</a><BR>
 <LI><a href="#[2]">HardFault_Handler</a>&nbsp;&nbsp;&nbsp;&rArr;&nbsp;&nbsp;&nbsp;<a href="#[2]">HardFault_Handler</a><BR>
 <LI><a href="#[3]">MemManage_Handler</a>&nbsp;&nbsp;&nbsp;&rArr;&nbsp;&nbsp;&nbsp;<a href="#[3]">MemManage_Handler</a><BR>
 <LI><a href="#[1]">NMI_Handler</a>&nbsp;&nbsp;&nbsp;&rArr;&nbsp;&nbsp;&nbsp;<a href="#[1]">NMI_Handler</a><BR>
 <LI><a href="#[5]">UsageFault_Handler</a>&nbsp;&nbsp;&nbsp;&rArr;&nbsp;&nbsp;&nbsp;<a href="#[5]">UsageFault_Handler</a><BR>
 <LI><a href="#[71]">RadioSetModem</a>&nbsp;&nbsp;&nbsp;&rArr;&nbsp;&nbsp;&nbsp;<a href="#[71]">RadioSetModem</a><BR>
</UL>
<P>
<H3>
Function Pointers
</H3><UL>
 <LI><a href="#[1c]">ADC_IRQHandler</a> from startup_stm32wle5xx.o(.text) referenced from startup_stm32wle5xx.o(RESET)
 <LI><a href="#[3a]">AES_IRQHandler</a> from startup_stm32wle5xx.o(.text) referenced from startup_stm32wle5xx.o(RESET)
 <LI><a href="#[4]">BusFault_Handler</a> from stm32wlxx_it.o(.text.BusFault_Handler) referenced from startup_stm32wle5xx.o(RESET)
 <LI><a href="#[1e]">COMP_IRQHandler</a> from startup_stm32wle5xx.o(.text) referenced from startup_stm32wle5xx.o(RESET)
 <LI><a href="#[1d]">DAC_IRQHandler</a> from startup_stm32wle5xx.o(.text) referenced from startup_stm32wle5xx.o(RESET)
 <LI><a href="#[15]">DMA1_Channel1_IRQHandler</a> from startup_stm32wle5xx.o(.text) referenced from startup_stm32wle5xx.o(RESET)
 <LI><a href="#[16]">DMA1_Channel2_IRQHandler</a> from startup_stm32wle5xx.o(.text) referenced from startup_stm32wle5xx.o(RESET)
 <LI><a href="#[17]">DMA1_Channel3_IRQHandler</a> from startup_stm32wle5xx.o(.text) referenced from startup_stm32wle5xx.o(RESET)
 <LI><a href="#[18]">DMA1_Channel4_IRQHandler</a> from startup_stm32wle5xx.o(.text) referenced from startup_stm32wle5xx.o(RESET)
 <LI><a href="#[19]">DMA1_Channel5_IRQHandler</a> from stm32wlxx_it.o(.text.DMA1_Channel5_IRQHandler) referenced from startup_stm32wle5xx.o(RESET)
 <LI><a href="#[1a]">DMA1_Channel6_IRQHandler</a> from startup_stm32wle5xx.o(.text) referenced from startup_stm32wle5xx.o(RESET)
 <LI><a href="#[1b]">DMA1_Channel7_IRQHandler</a> from startup_stm32wle5xx.o(.text) referenced from startup_stm32wle5xx.o(RESET)
 <LI><a href="#[3d]">DMA2_Channel1_IRQHandler</a> from startup_stm32wle5xx.o(.text) referenced from startup_stm32wle5xx.o(RESET)
 <LI><a href="#[3e]">DMA2_Channel2_IRQHandler</a> from startup_stm32wle5xx.o(.text) referenced from startup_stm32wle5xx.o(RESET)
 <LI><a href="#[3f]">DMA2_Channel3_IRQHandler</a> from startup_stm32wle5xx.o(.text) referenced from startup_stm32wle5xx.o(RESET)
 <LI><a href="#[40]">DMA2_Channel4_IRQHandler</a> from startup_stm32wle5xx.o(.text) referenced from startup_stm32wle5xx.o(RESET)
 <LI><a href="#[41]">DMA2_Channel5_IRQHandler</a> from startup_stm32wle5xx.o(.text) referenced from startup_stm32wle5xx.o(RESET)
 <LI><a href="#[42]">DMA2_Channel6_IRQHandler</a> from startup_stm32wle5xx.o(.text) referenced from startup_stm32wle5xx.o(RESET)
 <LI><a href="#[43]">DMA2_Channel7_IRQHandler</a> from startup_stm32wle5xx.o(.text) referenced from startup_stm32wle5xx.o(RESET)
 <LI><a href="#[44]">DMAMUX1_OVR_IRQHandler</a> from startup_stm32wle5xx.o(.text) referenced from startup_stm32wle5xx.o(RESET)
 <LI><a href="#[7]">DebugMon_Handler</a> from stm32wlxx_it.o(.text.DebugMon_Handler) referenced from startup_stm32wle5xx.o(RESET)
 <LI><a href="#[10]">EXTI0_IRQHandler</a> from stm32wlxx_it.o(.text.EXTI0_IRQHandler) referenced from startup_stm32wle5xx.o(RESET)
 <LI><a href="#[32]">EXTI15_10_IRQHandler</a> from startup_stm32wle5xx.o(.text) referenced from startup_stm32wle5xx.o(RESET)
 <LI><a href="#[11]">EXTI1_IRQHandler</a> from stm32wlxx_it.o(.text.EXTI1_IRQHandler) referenced from startup_stm32wle5xx.o(RESET)
 <LI><a href="#[12]">EXTI2_IRQHandler</a> from startup_stm32wle5xx.o(.text) referenced from startup_stm32wle5xx.o(RESET)
 <LI><a href="#[13]">EXTI3_IRQHandler</a> from startup_stm32wle5xx.o(.text) referenced from startup_stm32wle5xx.o(RESET)
 <LI><a href="#[14]">EXTI4_IRQHandler</a> from startup_stm32wle5xx.o(.text) referenced from startup_stm32wle5xx.o(RESET)
 <LI><a href="#[1f]">EXTI9_5_IRQHandler</a> from startup_stm32wle5xx.o(.text) referenced from startup_stm32wle5xx.o(RESET)
 <LI><a href="#[e]">FLASH_IRQHandler</a> from startup_stm32wle5xx.o(.text) referenced from startup_stm32wle5xx.o(RESET)
 <LI><a href="#[a9]">GetBatteryLevel</a> from sys_app.o(.text.GetBatteryLevel) referenced from lora_app.o(.data..L_MergedGlobals)
 <LI><a href="#[ac]">GetDevAddr</a> from sys_app.o(.text.GetDevAddr) referenced from lora_app.o(.data..L_MergedGlobals)
 <LI><a href="#[aa]">GetTemperatureLevel</a> from sys_app.o(.text.GetTemperatureLevel) referenced from lora_app.o(.data..L_MergedGlobals)
 <LI><a href="#[ab]">GetUniqueId</a> from sys_app.o(.text.GetUniqueId) referenced from lora_app.o(.data..L_MergedGlobals)
 <LI><a href="#[36]">HSEM_IRQHandler</a> from startup_stm32wle5xx.o(.text) referenced from startup_stm32wle5xx.o(RESET)
 <LI><a href="#[2]">HardFault_Handler</a> from stm32wlxx_it.o(.text.HardFault_Handler) referenced from startup_stm32wle5xx.o(RESET)
 <LI><a href="#[28]">I2C1_ER_IRQHandler</a> from startup_stm32wle5xx.o(.text) referenced from startup_stm32wle5xx.o(RESET)
 <LI><a href="#[27]">I2C1_EV_IRQHandler</a> from startup_stm32wle5xx.o(.text) referenced from startup_stm32wle5xx.o(RESET)
 <LI><a href="#[2a]">I2C2_ER_IRQHandler</a> from startup_stm32wle5xx.o(.text) referenced from startup_stm32wle5xx.o(RESET)
 <LI><a href="#[29]">I2C2_EV_IRQHandler</a> from startup_stm32wle5xx.o(.text) referenced from startup_stm32wle5xx.o(RESET)
 <LI><a href="#[38]">I2C3_ER_IRQHandler</a> from startup_stm32wle5xx.o(.text) referenced from startup_stm32wle5xx.o(RESET)
 <LI><a href="#[37]">I2C3_EV_IRQHandler</a> from startup_stm32wle5xx.o(.text) referenced from startup_stm32wle5xx.o(RESET)
 <LI><a href="#[30]">LPTIM1_IRQHandler</a> from startup_stm32wle5xx.o(.text) referenced from startup_stm32wle5xx.o(RESET)
 <LI><a href="#[31]">LPTIM2_IRQHandler</a> from startup_stm32wle5xx.o(.text) referenced from startup_stm32wle5xx.o(RESET)
 <LI><a href="#[34]">LPTIM3_IRQHandler</a> from startup_stm32wle5xx.o(.text) referenced from startup_stm32wle5xx.o(RESET)
 <LI><a href="#[2f]">LPUART1_IRQHandler</a> from startup_stm32wle5xx.o(.text) referenced from startup_stm32wle5xx.o(RESET)
 <LI><a href="#[52]">LmHandlerDeviceTimeReq</a> from lmhandler.o(.text.LmHandlerDeviceTimeReq) referenced 2 times from lmhandler.o(.text.LmHandlerInit)
 <LI><a href="#[50]">LmHandlerJoin</a> from lmhandler.o(.text.LmHandlerJoin) referenced 2 times from lmhandler.o(.text.LmHandlerInit)
 <LI><a href="#[61]">LmHandlerProcess</a> from lmhandler.o(.text.LmHandlerProcess) referenced 2 times from lora_app.o(.text.LoRaWAN_Init)
 <LI><a href="#[51]">LmHandlerSend</a> from lmhandler.o(.text.LmHandlerSend) referenced 2 times from lmhandler.o(.text.LmHandlerInit)
 <LI><a href="#[ba]">LmhpComplianceInit</a> from lmhpcompliance.o(.text.LmhpComplianceInit) referenced from lmhpcompliance.o(.data.LmhpCompliancePackage)
 <LI><a href="#[bb]">LmhpComplianceIsInitialized</a> from lmhpcompliance.o(.text.LmhpComplianceIsInitialized) referenced from lmhpcompliance.o(.data.LmhpCompliancePackage)
 <LI><a href="#[bc]">LmhpComplianceIsRunning</a> from lmhpcompliance.o(.text.LmhpComplianceIsRunning) referenced from lmhpcompliance.o(.data.LmhpCompliancePackage)
 <LI><a href="#[be]">LmhpComplianceOnMcpsConfirm</a> from lmhpcompliance.o(.text.LmhpComplianceOnMcpsConfirm) referenced from lmhpcompliance.o(.data.LmhpCompliancePackage)
 <LI><a href="#[bf]">LmhpComplianceOnMcpsIndication</a> from lmhpcompliance.o(.text.LmhpComplianceOnMcpsIndication) referenced from lmhpcompliance.o(.data.LmhpCompliancePackage)
 <LI><a href="#[c0]">LmhpComplianceOnMlmeConfirm</a> from lmhpcompliance.o(.text.LmhpComplianceOnMlmeConfirm) referenced from lmhpcompliance.o(.data.LmhpCompliancePackage)
 <LI><a href="#[bd]">LmhpComplianceProcess</a> from lmhpcompliance.o(.text.LmhpComplianceProcess) referenced from lmhpcompliance.o(.data.LmhpCompliancePackage)
 <LI><a href="#[4b]">McpsConfirm</a> from lmhandler.o(.text.McpsConfirm) referenced 2 times from lmhandler.o(.text.LmHandlerInit)
 <LI><a href="#[4c]">McpsIndication</a> from lmhandler.o(.text.McpsIndication) referenced 2 times from lmhandler.o(.text.LmHandlerInit)
 <LI><a href="#[3]">MemManage_Handler</a> from stm32wlxx_it.o(.text.MemManage_Handler) referenced from startup_stm32wle5xx.o(RESET)
 <LI><a href="#[4d]">MlmeConfirm</a> from lmhandler.o(.text.MlmeConfirm) referenced 2 times from lmhandler.o(.text.LmHandlerInit)
 <LI><a href="#[4e]">MlmeIndication</a> from lmhandler.o(.text.MlmeIndication) referenced 2 times from lmhandler.o(.text.LmHandlerInit)
 <LI><a href="#[1]">NMI_Handler</a> from stm32wlxx_it.o(.text.NMI_Handler) referenced from startup_stm32wle5xx.o(RESET)
 <LI><a href="#[4f]">NvmDataMgmtEvent</a> from nvmdatamgmt.o(.text.NvmDataMgmtEvent) referenced 2 times from lmhandler.o(.text.LmHandlerInit)
 <LI><a href="#[57]">OnAckTimeoutTimerEvent</a> from loramac.o(.text.OnAckTimeoutTimerEvent) referenced 2 times from loramac.o(.text.LoRaMacInitialization)
 <LI><a href="#[b5]">OnBeaconStatusChange</a> from lora_app.o(.text.OnBeaconStatusChange) referenced from lora_app.o(.data..L_MergedGlobals)
 <LI><a href="#[b4]">OnClassChange</a> from lora_app.o(.text.OnClassChange) referenced from lora_app.o(.data..L_MergedGlobals)
 <LI><a href="#[53]">OnComplianceTxNextPacketTimerEvent</a> from lmhpcompliance.o(.text.OnComplianceTxNextPacketTimerEvent) referenced 2 times from lmhpcompliance.o(.text.LmhpComplianceOnMcpsIndication)
 <LI><a href="#[b1]">OnJoinRequest</a> from lora_app.o(.text.OnJoinRequest) referenced from lora_app.o(.data..L_MergedGlobals)
 <LI><a href="#[5f]">OnJoinTimerLedEvent</a> from lora_app.o(.text.OnJoinTimerLedEvent) referenced 2 times from lora_app.o(.text.LoRaWAN_Init)
 <LI><a href="#[af]">OnMacProcessNotify</a> from lora_app.o(.text.OnMacProcessNotify) referenced from lora_app.o(.data..L_MergedGlobals)
 <LI><a href="#[b0]">OnNvmDataChange</a> from lora_app.o(.text.OnNvmDataChange) referenced from lora_app.o(.data..L_MergedGlobals)
 <LI><a href="#[b8]">OnPingSlotPeriodicityChanged</a> from lora_app.o(.text.OnPingSlotPeriodicityChanged) referenced from lora_app.o(.data..L_MergedGlobals)
 <LI><a href="#[5a]">OnRadioRxDone</a> from loramac.o(.text.OnRadioRxDone) referenced 2 times from loramac.o(.text.LoRaMacInitialization)
 <LI><a href="#[5b]">OnRadioRxError</a> from loramac.o(.text.OnRadioRxError) referenced 2 times from loramac.o(.text.LoRaMacInitialization)
 <LI><a href="#[5c]">OnRadioRxTimeout</a> from loramac.o(.text.OnRadioRxTimeout) referenced 2 times from loramac.o(.text.LoRaMacInitialization)
 <LI><a href="#[59]">OnRadioTxDone</a> from loramac.o(.text.OnRadioTxDone) referenced 2 times from loramac.o(.text.LoRaMacInitialization)
 <LI><a href="#[58]">OnRadioTxTimeout</a> from loramac.o(.text.OnRadioTxTimeout) referenced 2 times from loramac.o(.text.LoRaMacInitialization)
 <LI><a href="#[ad]">OnRestoreContextRequest</a> from lora_app.o(.text.OnRestoreContextRequest) referenced from lora_app.o(.data..L_MergedGlobals)
 <LI><a href="#[b3]">OnRxData</a> from lora_app.o(.text.OnRxData) referenced from lora_app.o(.data..L_MergedGlobals)
 <LI><a href="#[5e]">OnRxTimerLedEvent</a> from lora_app.o(.text.OnRxTimerLedEvent) referenced 2 times from lora_app.o(.text.LoRaWAN_Init)
 <LI><a href="#[55]">OnRxWindow1TimerEvent</a> from loramac.o(.text.OnRxWindow1TimerEvent) referenced 2 times from loramac.o(.text.LoRaMacInitialization)
 <LI><a href="#[56]">OnRxWindow2TimerEvent</a> from loramac.o(.text.OnRxWindow2TimerEvent) referenced 2 times from loramac.o(.text.LoRaMacInitialization)
 <LI><a href="#[60]">OnStopJoinTimerEvent</a> from lora_app.o(.text.OnStopJoinTimerEvent) referenced 2 times from lora_app.o(.text.LoRaWAN_Init)
 <LI><a href="#[ae]">OnStoreContextRequest</a> from lora_app.o(.text.OnStoreContextRequest) referenced from lora_app.o(.data..L_MergedGlobals)
 <LI><a href="#[b9]">OnSystemReset</a> from lora_app.o(.text.OnSystemReset) referenced from lora_app.o(.data..L_MergedGlobals)
 <LI><a href="#[b2]">OnTxData</a> from lora_app.o(.text.OnTxData) referenced from lora_app.o(.data..L_MergedGlobals)
 <LI><a href="#[54]">OnTxDelayedTimerEvent</a> from loramac.o(.text.OnTxDelayedTimerEvent) referenced 2 times from loramac.o(.text.LoRaMacInitialization)
 <LI><a href="#[b7]">OnTxFrameCtrlChanged</a> from lora_app.o(.text.OnTxFrameCtrlChanged) referenced from lora_app.o(.data..L_MergedGlobals)
 <LI><a href="#[b6]">OnTxPeriodicityChanged</a> from lora_app.o(.text.OnTxPeriodicityChanged) referenced from lora_app.o(.data..L_MergedGlobals)
 <LI><a href="#[65]">OnTxTimerEvent</a> from lora_app.o(.text.OnTxTimerEvent) referenced 2 times from lora_app.o(.text.LoRaWAN_Init)
 <LI><a href="#[5d]">OnTxTimerLedEvent</a> from lora_app.o(.text.OnTxTimerLedEvent) referenced 2 times from lora_app.o(.text.LoRaWAN_Init)
 <LI><a href="#[3c]">PKA_IRQHandler</a> from startup_stm32wle5xx.o(.text) referenced from startup_stm32wle5xx.o(RESET)
 <LI><a href="#[b]">PVD_PVM_IRQHandler</a> from startup_stm32wle5xx.o(.text) referenced from startup_stm32wle5xx.o(RESET)
 <LI><a href="#[94]">PWR_EnterOffMode</a> from stm32_lpm_if.o(.text.PWR_EnterOffMode) referenced from stm32_lpm_if.o(.rodata.UTIL_PowerDriver)
 <LI><a href="#[90]">PWR_EnterSleepMode</a> from stm32_lpm_if.o(.text.PWR_EnterSleepMode) referenced from stm32_lpm_if.o(.rodata.UTIL_PowerDriver)
 <LI><a href="#[92]">PWR_EnterStopMode</a> from stm32_lpm_if.o(.text.PWR_EnterStopMode) referenced from stm32_lpm_if.o(.rodata.UTIL_PowerDriver)
 <LI><a href="#[95]">PWR_ExitOffMode</a> from stm32_lpm_if.o(.text.PWR_ExitOffMode) referenced from stm32_lpm_if.o(.rodata.UTIL_PowerDriver)
 <LI><a href="#[91]">PWR_ExitSleepMode</a> from stm32_lpm_if.o(.text.PWR_ExitSleepMode) referenced from stm32_lpm_if.o(.rodata.UTIL_PowerDriver)
 <LI><a href="#[93]">PWR_ExitStopMode</a> from stm32_lpm_if.o(.text.PWR_ExitStopMode) referenced from stm32_lpm_if.o(.rodata.UTIL_PowerDriver)
 <LI><a href="#[8]">PendSV_Handler</a> from stm32wlxx_it.o(.text.PendSV_Handler) referenced from startup_stm32wle5xx.o(RESET)
 <LI><a href="#[f]">RCC_IRQHandler</a> from startup_stm32wle5xx.o(.text) referenced from startup_stm32wle5xx.o(RESET)
 <LI><a href="#[8f]">RFW_ReceiveLongPacket</a> from radio_fw.o(.text.RFW_ReceiveLongPacket) referenced from radio.o(.rodata.Radio)
 <LI><a href="#[8e]">RFW_TransmitLongPacket</a> from radio_fw.o(.text.RFW_TransmitLongPacket) referenced from radio.o(.rodata.Radio)
 <LI><a href="#[3b]">RNG_IRQHandler</a> from startup_stm32wle5xx.o(.text) referenced from startup_stm32wle5xx.o(RESET)
 <LI><a href="#[33]">RTC_Alarm_IRQHandler</a> from stm32wlxx_it.o(.text.RTC_Alarm_IRQHandler) referenced from startup_stm32wle5xx.o(RESET)
 <LI><a href="#[d]">RTC_WKUP_IRQHandler</a> from startup_stm32wle5xx.o(.text) referenced from startup_stm32wle5xx.o(RESET)
 <LI><a href="#[77]">RadioCheckRfFrequency</a> from radio.o(.text.RadioCheckRfFrequency) referenced from radio.o(.rodata.Radio)
 <LI><a href="#[70]">RadioGetStatus</a> from radio.o(.text.RadioGetStatus) referenced from radio.o(.rodata.Radio)
 <LI><a href="#[86]">RadioGetWakeupTime</a> from radio.o(.text.RadioGetWakeupTime) referenced from radio.o(.rodata.Radio)
 <LI><a href="#[6f]">RadioInit</a> from radio.o(.text.RadioInit) referenced from radio.o(.rodata.Radio)
 <LI><a href="#[87]">RadioIrqProcess</a> from radio.o(.text.RadioIrqProcess) referenced from radio.o(.rodata.Radio)
 <LI><a href="#[73]">RadioIsChannelFree</a> from radio.o(.text.RadioIsChannelFree) referenced from radio.o(.rodata.Radio)
 <LI><a href="#[66]">RadioOnDioIrq</a> from radio.o(.text.RadioOnDioIrq) referenced 2 times from radio.o(.text.RadioInit)
 <LI><a href="#[68]">RadioOnRxTimeoutIrq</a> from radio.o(.text.RadioOnRxTimeoutIrq) referenced 2 times from radio.o(.text.RadioInit)
 <LI><a href="#[67]">RadioOnTxTimeoutIrq</a> from radio.o(.text.RadioOnTxTimeoutIrq) referenced 2 times from radio.o(.text.RadioInit)
 <LI><a href="#[74]">RadioRandom</a> from radio.o(.text.RadioRandom) referenced from radio.o(.rodata.Radio)
 <LI><a href="#[81]">RadioRead</a> from radio.o(.text.RadioRead) referenced from radio.o(.rodata.Radio)
 <LI><a href="#[83]">RadioReadRegisters</a> from radio.o(.text.RadioReadRegisters) referenced from radio.o(.rodata.Radio)
 <LI><a href="#[7f]">RadioRssi</a> from radio.o(.text.RadioRssi) referenced from radio.o(.rodata.Radio)
 <LI><a href="#[7c]">RadioRx</a> from radio.o(.text.RadioRx) referenced from radio.o(.rodata.Radio)
 <LI><a href="#[88]">RadioRxBoosted</a> from radio.o(.text.RadioRxBoosted) referenced from radio.o(.rodata.Radio)
 <LI><a href="#[79]">RadioSend</a> from radio.o(.text.RadioSend) referenced from radio.o(.rodata.Radio)
 <LI><a href="#[72]">RadioSetChannel</a> from radio.o(.text.RadioSetChannel) referenced from radio.o(.rodata.Radio)
 <LI><a href="#[84]">RadioSetMaxPayloadLength</a> from radio.o(.text.RadioSetMaxPayloadLength) referenced from radio.o(.rodata.Radio)
 <LI><a href="#[71]">RadioSetModem</a> from radio.o(.text.RadioSetModem) referenced from radio.o(.rodata.Radio)
 <LI><a href="#[85]">RadioSetPublicNetwork</a> from radio.o(.text.RadioSetPublicNetwork) referenced from radio.o(.rodata.Radio)
 <LI><a href="#[75]">RadioSetRxConfig</a> from radio.o(.text.RadioSetRxConfig) referenced from radio.o(.rodata.Radio)
 <LI><a href="#[89]">RadioSetRxDutyCycle</a> from radio.o(.text.RadioSetRxDutyCycle) referenced from radio.o(.rodata.Radio)
 <LI><a href="#[8c]">RadioSetRxGenericConfig</a> from radio.o(.text.RadioSetRxGenericConfig) referenced from radio.o(.rodata.Radio)
 <LI><a href="#[76]">RadioSetTxConfig</a> from radio.o(.text.RadioSetTxConfig) referenced from radio.o(.rodata.Radio)
 <LI><a href="#[7e]">RadioSetTxContinuousWave</a> from radio.o(.text.RadioSetTxContinuousWave) referenced from radio.o(.rodata.Radio)
 <LI><a href="#[8d]">RadioSetTxGenericConfig</a> from radio.o(.text.RadioSetTxGenericConfig) referenced from radio.o(.rodata.Radio)
 <LI><a href="#[7a]">RadioSleep</a> from radio.o(.text.RadioSleep) referenced from radio.o(.rodata.Radio)
 <LI><a href="#[7b]">RadioStandby</a> from radio.o(.text.RadioStandby) referenced from radio.o(.rodata.Radio)
 <LI><a href="#[7d]">RadioStartCad</a> from radio.o(.text.RadioStartCad) referenced from radio.o(.rodata.Radio)
 <LI><a href="#[78]">RadioTimeOnAir</a> from radio.o(.text.RadioTimeOnAir) referenced from radio.o(.rodata.Radio)
 <LI><a href="#[8b]">RadioTxCw</a> from radio.o(.text.RadioTxCw) referenced from radio.o(.rodata.Radio)
 <LI><a href="#[8a]">RadioTxPrbs</a> from radio.o(.text.RadioTxPrbs) referenced from radio.o(.rodata.Radio)
 <LI><a href="#[80]">RadioWrite</a> from radio.o(.text.RadioWrite) referenced from radio.o(.rodata.Radio)
 <LI><a href="#[82]">RadioWriteRegisters</a> from radio.o(.text.RadioWriteRegisters) referenced from radio.o(.rodata.Radio)
 <LI><a href="#[0]">Reset_Handler</a> from startup_stm32wle5xx.o(.text) referenced from startup_stm32wle5xx.o(RESET)
 <LI><a href="#[2b]">SPI1_IRQHandler</a> from startup_stm32wle5xx.o(.text) referenced from startup_stm32wle5xx.o(RESET)
 <LI><a href="#[2c]">SPI2_IRQHandler</a> from startup_stm32wle5xx.o(.text) referenced from startup_stm32wle5xx.o(RESET)
 <LI><a href="#[35]">SUBGHZSPI_IRQHandler</a> from startup_stm32wle5xx.o(.text) referenced from startup_stm32wle5xx.o(RESET)
 <LI><a href="#[39]">SUBGHZ_Radio_IRQHandler</a> from stm32wlxx_it.o(.text.SUBGHZ_Radio_IRQHandler) referenced from startup_stm32wle5xx.o(RESET)
 <LI><a href="#[6]">SVC_Handler</a> from stm32wlxx_it.o(.text.SVC_Handler) referenced from startup_stm32wle5xx.o(RESET)
 <LI><a href="#[62]">SendTxData</a> from lora_app.o(.text.SendTxData) referenced 2 times from lora_app.o(.text.LoRaWAN_Init)
 <LI><a href="#[64]">StopJoin</a> from lora_app.o(.text.StopJoin) referenced 2 times from lora_app.o(.text.LoRaWAN_Init)
 <LI><a href="#[63]">StoreContext</a> from lora_app.o(.text.StoreContext) referenced 2 times from lora_app.o(.text.LoRaWAN_Init)
 <LI><a href="#[9]">SysTick_Handler</a> from stm32wlxx_it.o(.text.SysTick_Handler) referenced from startup_stm32wle5xx.o(RESET)
 <LI><a href="#[45]">SystemInit</a> from system_stm32wlxx.o(.text.SystemInit) referenced from startup_stm32wle5xx.o(.text)
 <LI><a href="#[c]">TAMP_STAMP_LSECSS_SSRU_IRQHandler</a> from stm32wlxx_it.o(.text.TAMP_STAMP_LSECSS_SSRU_IRQHandler) referenced from startup_stm32wle5xx.o(RESET)
 <LI><a href="#[25]">TIM16_IRQHandler</a> from startup_stm32wle5xx.o(.text) referenced from startup_stm32wle5xx.o(RESET)
 <LI><a href="#[26]">TIM17_IRQHandler</a> from startup_stm32wle5xx.o(.text) referenced from startup_stm32wle5xx.o(RESET)
 <LI><a href="#[20]">TIM1_BRK_IRQHandler</a> from startup_stm32wle5xx.o(.text) referenced from startup_stm32wle5xx.o(RESET)
 <LI><a href="#[23]">TIM1_CC_IRQHandler</a> from startup_stm32wle5xx.o(.text) referenced from startup_stm32wle5xx.o(RESET)
 <LI><a href="#[22]">TIM1_TRG_COM_IRQHandler</a> from startup_stm32wle5xx.o(.text) referenced from startup_stm32wle5xx.o(RESET)
 <LI><a href="#[21]">TIM1_UP_IRQHandler</a> from startup_stm32wle5xx.o(.text) referenced from startup_stm32wle5xx.o(RESET)
 <LI><a href="#[24]">TIM2_IRQHandler</a> from startup_stm32wle5xx.o(.text) referenced from startup_stm32wle5xx.o(RESET)
 <LI><a href="#[97]">TIMER_IF_BkUp_Read_Seconds</a> from timer_if.o(.text.TIMER_IF_BkUp_Read_Seconds) referenced from timer_if.o(.rodata.UTIL_SYSTIMDriver)
 <LI><a href="#[99]">TIMER_IF_BkUp_Read_SubSeconds</a> from timer_if.o(.text.TIMER_IF_BkUp_Read_SubSeconds) referenced from timer_if.o(.rodata.UTIL_SYSTIMDriver)
 <LI><a href="#[96]">TIMER_IF_BkUp_Write_Seconds</a> from timer_if.o(.text.TIMER_IF_BkUp_Write_Seconds) referenced from timer_if.o(.rodata.UTIL_SYSTIMDriver)
 <LI><a href="#[98]">TIMER_IF_BkUp_Write_SubSeconds</a> from timer_if.o(.text.TIMER_IF_BkUp_Write_SubSeconds) referenced from timer_if.o(.rodata.UTIL_SYSTIMDriver)
 <LI><a href="#[a4]">TIMER_IF_Convert_Tick2ms</a> from timer_if.o(.text.TIMER_IF_Convert_Tick2ms) referenced from timer_if.o(.rodata.UTIL_TimerDriver)
 <LI><a href="#[a3]">TIMER_IF_Convert_ms2Tick</a> from timer_if.o(.text.TIMER_IF_Convert_ms2Tick) referenced from timer_if.o(.rodata.UTIL_TimerDriver)
 <LI><a href="#[a2]">TIMER_IF_GetMinimumTimeout</a> from timer_if.o(.text.TIMER_IF_GetMinimumTimeout) referenced from timer_if.o(.rodata.UTIL_TimerDriver)
 <LI><a href="#[9a]">TIMER_IF_GetTime</a> from timer_if.o(.text.TIMER_IF_GetTime) referenced from timer_if.o(.rodata.UTIL_SYSTIMDriver)
 <LI><a href="#[9f]">TIMER_IF_GetTimerContext</a> from timer_if.o(.text.TIMER_IF_GetTimerContext) referenced from timer_if.o(.rodata.UTIL_TimerDriver)
 <LI><a href="#[a0]">TIMER_IF_GetTimerElapsedTime</a> from timer_if.o(.text.TIMER_IF_GetTimerElapsedTime) referenced from timer_if.o(.rodata.UTIL_TimerDriver)
 <LI><a href="#[a1]">TIMER_IF_GetTimerValue</a> from timer_if.o(.text.TIMER_IF_GetTimerValue) referenced from timer_if.o(.rodata.UTIL_TimerDriver)
 <LI><a href="#[9b]">TIMER_IF_Init</a> from timer_if.o(.text.TIMER_IF_Init) referenced from timer_if.o(.rodata.UTIL_TimerDriver)
 <LI><a href="#[9e]">TIMER_IF_SetTimerContext</a> from timer_if.o(.text.TIMER_IF_SetTimerContext) referenced from timer_if.o(.rodata.UTIL_TimerDriver)
 <LI><a href="#[9c]">TIMER_IF_StartTimer</a> from timer_if.o(.text.TIMER_IF_StartTimer) referenced from timer_if.o(.rodata.UTIL_TimerDriver)
 <LI><a href="#[9d]">TIMER_IF_StopTimer</a> from timer_if.o(.text.TIMER_IF_StopTimer) referenced from timer_if.o(.rodata.UTIL_TimerDriver)
 <LI><a href="#[6e]">TRACE_TxCpltCallback</a> from stm32_adv_trace.o(.text.TRACE_TxCpltCallback) referenced 2 times from stm32_adv_trace.o(.text.UTIL_ADV_TRACE_Init)
 <LI><a href="#[69]">TimestampNow</a> from sys_app.o(.text.TimestampNow) referenced 2 times from sys_app.o(.text.SystemApp_Init)
 <LI><a href="#[47]">UART_DMAAbortOnError</a> from stm32wlxx_hal_uart.o(.text.UART_DMAAbortOnError) referenced 2 times from stm32wlxx_hal_uart.o(.text.HAL_UART_IRQHandler)
 <LI><a href="#[4a]">UART_DMAError</a> from stm32wlxx_hal_uart.o(.text.UART_DMAError) referenced 2 times from stm32wlxx_hal_uart.o(.text.HAL_UART_Transmit_DMA)
 <LI><a href="#[48]">UART_DMATransmitCplt</a> from stm32wlxx_hal_uart.o(.text.UART_DMATransmitCplt) referenced 2 times from stm32wlxx_hal_uart.o(.text.HAL_UART_Transmit_DMA)
 <LI><a href="#[49]">UART_DMATxHalfCplt</a> from stm32wlxx_hal_uart.o(.text.UART_DMATxHalfCplt) referenced 2 times from stm32wlxx_hal_uart.o(.text.HAL_UART_Transmit_DMA)
 <LI><a href="#[6a]">UART_RxISR_16BIT</a> from stm32wlxx_hal_uart.o(.text.UART_RxISR_16BIT) referenced 2 times from stm32wlxx_hal_uart.o(.text.UART_RxISR_16BIT_FIFOEN)
 <LI><a href="#[6a]">UART_RxISR_16BIT</a> from stm32wlxx_hal_uart.o(.text.UART_RxISR_16BIT) referenced 2 times from stm32wlxx_hal_uart.o(.text.UART_Start_Receive_IT)
 <LI><a href="#[6d]">UART_RxISR_16BIT_FIFOEN</a> from stm32wlxx_hal_uart.o(.text.UART_RxISR_16BIT_FIFOEN) referenced 2 times from stm32wlxx_hal_uart.o(.text.UART_Start_Receive_IT)
 <LI><a href="#[6b]">UART_RxISR_8BIT</a> from stm32wlxx_hal_uart.o(.text.UART_RxISR_8BIT) referenced 2 times from stm32wlxx_hal_uart.o(.text.UART_RxISR_8BIT_FIFOEN)
 <LI><a href="#[6b]">UART_RxISR_8BIT</a> from stm32wlxx_hal_uart.o(.text.UART_RxISR_8BIT) referenced 4 times from stm32wlxx_hal_uart.o(.text.UART_Start_Receive_IT)
 <LI><a href="#[6c]">UART_RxISR_8BIT_FIFOEN</a> from stm32wlxx_hal_uart.o(.text.UART_RxISR_8BIT_FIFOEN) referenced 4 times from stm32wlxx_hal_uart.o(.text.UART_Start_Receive_IT)
 <LI><a href="#[2d]">USART1_IRQHandler</a> from startup_stm32wle5xx.o(.text) referenced from startup_stm32wle5xx.o(RESET)
 <LI><a href="#[2e]">USART2_IRQHandler</a> from stm32wlxx_it.o(.text.USART2_IRQHandler) referenced from startup_stm32wle5xx.o(RESET)
 <LI><a href="#[5]">UsageFault_Handler</a> from stm32wlxx_it.o(.text.UsageFault_Handler) referenced from startup_stm32wle5xx.o(RESET)
 <LI><a href="#[a]">WWDG_IRQHandler</a> from startup_stm32wle5xx.o(.text) referenced from startup_stm32wle5xx.o(RESET)
 <LI><a href="#[46]">__main</a> from __main.o(!!!main) referenced from startup_stm32wle5xx.o(.text)
 <LI><a href="#[a6]">vcom_DeInit</a> from usart_if.o(.text.vcom_DeInit) referenced from usart_if.o(.rodata.UTIL_TraceDriver)
 <LI><a href="#[a5]">vcom_Init</a> from usart_if.o(.text.vcom_Init) referenced from usart_if.o(.rodata.UTIL_TraceDriver)
 <LI><a href="#[a7]">vcom_ReceiveInit</a> from usart_if.o(.text.vcom_ReceiveInit) referenced from usart_if.o(.rodata.UTIL_TraceDriver)
 <LI><a href="#[a8]">vcom_Trace_DMA</a> from usart_if.o(.text.vcom_Trace_DMA) referenced from usart_if.o(.rodata.UTIL_TraceDriver)
</UL>
<P>
<H3>
Global Symbols
</H3>
<P><STRONG><a name="[46]"></a>__main</STRONG> (Thumb, 8 bytes, Stack size 0 bytes, __main.o(!!!main))
<BR><BR>[Calls]<UL><LI><a href="#[c1]">&gt;&gt;</a>&nbsp;&nbsp;&nbsp;__scatterload
<LI><a href="#[c2]">&gt;&gt;</a>&nbsp;&nbsp;&nbsp;__rt_entry
</UL>
<BR>[Address Reference Count : 1]<UL><LI> startup_stm32wle5xx.o(.text)
</UL>
<P><STRONG><a name="[c1]"></a>__scatterload</STRONG> (Thumb, 0 bytes, Stack size unknown bytes, __scatter.o(!!!scatter))
<BR><BR>[Called By]<UL><LI><a href="#[46]">&gt;&gt;</a>&nbsp;&nbsp;&nbsp;__main
</UL>

<P><STRONG><a name="[c3]"></a>__scatterload_rt2</STRONG> (Thumb, 44 bytes, Stack size unknown bytes, __scatter.o(!!!scatter), UNUSED)
<BR><BR>[Calls]<UL><LI><a href="#[c2]">&gt;&gt;</a>&nbsp;&nbsp;&nbsp;__rt_entry
</UL>

<P><STRONG><a name="[2c2]"></a>__scatterload_rt2_thumb_only</STRONG> (Thumb, 0 bytes, Stack size unknown bytes, __scatter.o(!!!scatter), UNUSED)

<P><STRONG><a name="[2c3]"></a>__scatterload_null</STRONG> (Thumb, 0 bytes, Stack size unknown bytes, __scatter.o(!!!scatter), UNUSED)

<P><STRONG><a name="[c4]"></a>__scatterload_copy</STRONG> (Thumb, 26 bytes, Stack size unknown bytes, __scatter_copy.o(!!handler_copy), UNUSED)
<BR><BR>[Calls]<UL><LI><a href="#[c4]">&gt;&gt;</a>&nbsp;&nbsp;&nbsp;__scatterload_copy
</UL>
<BR>[Called By]<UL><LI><a href="#[c4]">&gt;&gt;</a>&nbsp;&nbsp;&nbsp;__scatterload_copy
</UL>

<P><STRONG><a name="[2c4]"></a>__scatterload_zeroinit</STRONG> (Thumb, 28 bytes, Stack size unknown bytes, __scatter_zi.o(!!handler_zi), UNUSED)

<P><STRONG><a name="[ca]"></a>__rt_lib_init</STRONG> (Thumb, 0 bytes, Stack size unknown bytes, libinit.o(.ARM.Collect$$libinit$$00000000))
<BR><BR>[Called By]<UL><LI><a href="#[c9]">&gt;&gt;</a>&nbsp;&nbsp;&nbsp;__rt_entry_li
</UL>

<P><STRONG><a name="[c5]"></a>__rt_lib_init_fp_1</STRONG> (Thumb, 0 bytes, Stack size unknown bytes, libinit2.o(.ARM.Collect$$libinit$$00000001))
<BR><BR>[Stack]<UL><LI>Max Depth = 8 + Unknown Stack Size
<LI>Call Chain = __rt_lib_init_fp_1 &rArr; _fp_init
</UL>
<BR>[Calls]<UL><LI><a href="#[c6]">&gt;&gt;</a>&nbsp;&nbsp;&nbsp;_fp_init
</UL>

<P><STRONG><a name="[2c5]"></a>__rt_lib_init_alloca_1</STRONG> (Thumb, 0 bytes, Stack size unknown bytes, libinit2.o(.ARM.Collect$$libinit$$0000002E))

<P><STRONG><a name="[2c6]"></a>__rt_lib_init_argv_1</STRONG> (Thumb, 0 bytes, Stack size unknown bytes, libinit2.o(.ARM.Collect$$libinit$$0000002C))

<P><STRONG><a name="[2c7]"></a>__rt_lib_init_atexit_1</STRONG> (Thumb, 0 bytes, Stack size unknown bytes, libinit2.o(.ARM.Collect$$libinit$$0000001B))

<P><STRONG><a name="[2c8]"></a>__rt_lib_init_clock_1</STRONG> (Thumb, 0 bytes, Stack size unknown bytes, libinit2.o(.ARM.Collect$$libinit$$00000021))

<P><STRONG><a name="[2c9]"></a>__rt_lib_init_cpp_1</STRONG> (Thumb, 0 bytes, Stack size unknown bytes, libinit2.o(.ARM.Collect$$libinit$$00000032))

<P><STRONG><a name="[2ca]"></a>__rt_lib_init_exceptions_1</STRONG> (Thumb, 0 bytes, Stack size unknown bytes, libinit2.o(.ARM.Collect$$libinit$$00000030))

<P><STRONG><a name="[2cb]"></a>__rt_lib_init_fp_trap_1</STRONG> (Thumb, 0 bytes, Stack size unknown bytes, libinit2.o(.ARM.Collect$$libinit$$0000001F))

<P><STRONG><a name="[2cc]"></a>__rt_lib_init_getenv_1</STRONG> (Thumb, 0 bytes, Stack size unknown bytes, libinit2.o(.ARM.Collect$$libinit$$00000023))

<P><STRONG><a name="[2cd]"></a>__rt_lib_init_heap_1</STRONG> (Thumb, 0 bytes, Stack size unknown bytes, libinit2.o(.ARM.Collect$$libinit$$0000000A))

<P><STRONG><a name="[2ce]"></a>__rt_lib_init_lc_collate_1</STRONG> (Thumb, 0 bytes, Stack size unknown bytes, libinit2.o(.ARM.Collect$$libinit$$00000011))

<P><STRONG><a name="[2cf]"></a>__rt_lib_init_lc_ctype_1</STRONG> (Thumb, 0 bytes, Stack size unknown bytes, libinit2.o(.ARM.Collect$$libinit$$00000013))

<P><STRONG><a name="[2d0]"></a>__rt_lib_init_lc_monetary_1</STRONG> (Thumb, 0 bytes, Stack size unknown bytes, libinit2.o(.ARM.Collect$$libinit$$00000015))

<P><STRONG><a name="[2d1]"></a>__rt_lib_init_lc_numeric_1</STRONG> (Thumb, 0 bytes, Stack size unknown bytes, libinit2.o(.ARM.Collect$$libinit$$00000017))

<P><STRONG><a name="[2d2]"></a>__rt_lib_init_lc_time_1</STRONG> (Thumb, 0 bytes, Stack size unknown bytes, libinit2.o(.ARM.Collect$$libinit$$00000019))

<P><STRONG><a name="[2d3]"></a>__rt_lib_init_preinit_1</STRONG> (Thumb, 0 bytes, Stack size unknown bytes, libinit2.o(.ARM.Collect$$libinit$$00000004))

<P><STRONG><a name="[2d4]"></a>__rt_lib_init_rand_1</STRONG> (Thumb, 0 bytes, Stack size unknown bytes, libinit2.o(.ARM.Collect$$libinit$$0000000E))

<P><STRONG><a name="[2d5]"></a>__rt_lib_init_return</STRONG> (Thumb, 0 bytes, Stack size unknown bytes, libinit2.o(.ARM.Collect$$libinit$$00000033))

<P><STRONG><a name="[2d6]"></a>__rt_lib_init_signal_1</STRONG> (Thumb, 0 bytes, Stack size unknown bytes, libinit2.o(.ARM.Collect$$libinit$$0000001D))

<P><STRONG><a name="[2d7]"></a>__rt_lib_init_stdio_1</STRONG> (Thumb, 0 bytes, Stack size unknown bytes, libinit2.o(.ARM.Collect$$libinit$$00000025))

<P><STRONG><a name="[2d8]"></a>__rt_lib_init_user_alloc_1</STRONG> (Thumb, 0 bytes, Stack size unknown bytes, libinit2.o(.ARM.Collect$$libinit$$0000000C))

<P><STRONG><a name="[cf]"></a>__rt_lib_shutdown</STRONG> (Thumb, 0 bytes, Stack size unknown bytes, libshutdown.o(.ARM.Collect$$libshutdown$$00000000))
<BR><BR>[Called By]<UL><LI><a href="#[ce]">&gt;&gt;</a>&nbsp;&nbsp;&nbsp;__rt_exit_ls
</UL>

<P><STRONG><a name="[2d9]"></a>__rt_lib_shutdown_cpp_1</STRONG> (Thumb, 0 bytes, Stack size unknown bytes, libshutdown2.o(.ARM.Collect$$libshutdown$$00000002))

<P><STRONG><a name="[2da]"></a>__rt_lib_shutdown_fp_trap_1</STRONG> (Thumb, 0 bytes, Stack size unknown bytes, libshutdown2.o(.ARM.Collect$$libshutdown$$00000007))

<P><STRONG><a name="[2db]"></a>__rt_lib_shutdown_heap_1</STRONG> (Thumb, 0 bytes, Stack size unknown bytes, libshutdown2.o(.ARM.Collect$$libshutdown$$0000000F))

<P><STRONG><a name="[2dc]"></a>__rt_lib_shutdown_return</STRONG> (Thumb, 0 bytes, Stack size unknown bytes, libshutdown2.o(.ARM.Collect$$libshutdown$$00000010))

<P><STRONG><a name="[2dd]"></a>__rt_lib_shutdown_signal_1</STRONG> (Thumb, 0 bytes, Stack size unknown bytes, libshutdown2.o(.ARM.Collect$$libshutdown$$0000000A))

<P><STRONG><a name="[2de]"></a>__rt_lib_shutdown_stdio_1</STRONG> (Thumb, 0 bytes, Stack size unknown bytes, libshutdown2.o(.ARM.Collect$$libshutdown$$00000004))

<P><STRONG><a name="[2df]"></a>__rt_lib_shutdown_user_alloc_1</STRONG> (Thumb, 0 bytes, Stack size unknown bytes, libshutdown2.o(.ARM.Collect$$libshutdown$$0000000C))

<P><STRONG><a name="[c2]"></a>__rt_entry</STRONG> (Thumb, 0 bytes, Stack size unknown bytes, __rtentry.o(.ARM.Collect$$rtentry$$00000000))
<BR><BR>[Called By]<UL><LI><a href="#[c3]">&gt;&gt;</a>&nbsp;&nbsp;&nbsp;__scatterload_rt2
<LI><a href="#[46]">&gt;&gt;</a>&nbsp;&nbsp;&nbsp;__main
</UL>

<P><STRONG><a name="[2e0]"></a>__rt_entry_presh_1</STRONG> (Thumb, 0 bytes, Stack size unknown bytes, __rtentry2.o(.ARM.Collect$$rtentry$$00000002))

<P><STRONG><a name="[c7]"></a>__rt_entry_sh</STRONG> (Thumb, 0 bytes, Stack size unknown bytes, __rtentry4.o(.ARM.Collect$$rtentry$$00000004))
<BR><BR>[Stack]<UL><LI>Max Depth = 8 + Unknown Stack Size
<LI>Call Chain = __rt_entry_sh &rArr; __user_setup_stackheap
</UL>
<BR>[Calls]<UL><LI><a href="#[c8]">&gt;&gt;</a>&nbsp;&nbsp;&nbsp;__user_setup_stackheap
</UL>

<P><STRONG><a name="[c9]"></a>__rt_entry_li</STRONG> (Thumb, 0 bytes, Stack size unknown bytes, __rtentry2.o(.ARM.Collect$$rtentry$$0000000A))
<BR><BR>[Calls]<UL><LI><a href="#[ca]">&gt;&gt;</a>&nbsp;&nbsp;&nbsp;__rt_lib_init
</UL>

<P><STRONG><a name="[2e1]"></a>__rt_entry_postsh_1</STRONG> (Thumb, 0 bytes, Stack size unknown bytes, __rtentry2.o(.ARM.Collect$$rtentry$$00000009))

<P><STRONG><a name="[cb]"></a>__rt_entry_main</STRONG> (Thumb, 0 bytes, Stack size unknown bytes, __rtentry2.o(.ARM.Collect$$rtentry$$0000000D))
<BR><BR>[Stack]<UL><LI>Max Depth = 1016 + Unknown Stack Size
<LI>Call Chain = __rt_entry_main &rArr; main &rArr; MX_LoRaWAN_Init &rArr; LoRaWAN_Init &rArr; LmHandlerJoin &rArr; LoRaMacMlmeRequest &rArr; ScheduleTx &rArr; LoRaMacCryptoSecureMessage &rArr; SecureElementComputeAesCmac &rArr; ComputeCmac &rArr; AES_CMAC_Final &rArr; lorawan_aes_encrypt
</UL>
<BR>[Calls]<UL><LI><a href="#[cc]">&gt;&gt;</a>&nbsp;&nbsp;&nbsp;main
<LI><a href="#[cd]">&gt;&gt;</a>&nbsp;&nbsp;&nbsp;exit
</UL>

<P><STRONG><a name="[2e2]"></a>__rt_entry_postli_1</STRONG> (Thumb, 0 bytes, Stack size unknown bytes, __rtentry2.o(.ARM.Collect$$rtentry$$0000000C))

<P><STRONG><a name="[da]"></a>__rt_exit</STRONG> (Thumb, 0 bytes, Stack size unknown bytes, rtexit.o(.ARM.Collect$$rtexit$$00000000))
<BR><BR>[Called By]<UL><LI><a href="#[cd]">&gt;&gt;</a>&nbsp;&nbsp;&nbsp;exit
</UL>

<P><STRONG><a name="[ce]"></a>__rt_exit_ls</STRONG> (Thumb, 0 bytes, Stack size unknown bytes, rtexit2.o(.ARM.Collect$$rtexit$$00000003))
<BR><BR>[Calls]<UL><LI><a href="#[cf]">&gt;&gt;</a>&nbsp;&nbsp;&nbsp;__rt_lib_shutdown
</UL>

<P><STRONG><a name="[2e3]"></a>__rt_exit_prels_1</STRONG> (Thumb, 0 bytes, Stack size unknown bytes, rtexit2.o(.ARM.Collect$$rtexit$$00000002))

<P><STRONG><a name="[d0]"></a>__rt_exit_exit</STRONG> (Thumb, 0 bytes, Stack size unknown bytes, rtexit2.o(.ARM.Collect$$rtexit$$00000004))
<BR><BR>[Calls]<UL><LI><a href="#[d1]">&gt;&gt;</a>&nbsp;&nbsp;&nbsp;_sys_exit
</UL>

<P><STRONG><a name="[0]"></a>Reset_Handler</STRONG> (Thumb, 8 bytes, Stack size 0 bytes, startup_stm32wle5xx.o(.text))
<BR>[Address Reference Count : 1]<UL><LI> startup_stm32wle5xx.o(RESET)
</UL>
<P><STRONG><a name="[1c]"></a>ADC_IRQHandler</STRONG> (Thumb, 0 bytes, Stack size 0 bytes, startup_stm32wle5xx.o(.text))
<BR><BR>[Calls]<UL><LI><a href="#[1c]">&gt;&gt;</a>&nbsp;&nbsp;&nbsp;ADC_IRQHandler
</UL>
<BR>[Called By]<UL><LI><a href="#[1c]">&gt;&gt;</a>&nbsp;&nbsp;&nbsp;ADC_IRQHandler
</UL>
<BR>[Address Reference Count : 1]<UL><LI> startup_stm32wle5xx.o(RESET)
</UL>
<P><STRONG><a name="[3a]"></a>AES_IRQHandler</STRONG> (Thumb, 0 bytes, Stack size 0 bytes, startup_stm32wle5xx.o(.text))
<BR>[Address Reference Count : 1]<UL><LI> startup_stm32wle5xx.o(RESET)
</UL>
<P><STRONG><a name="[1e]"></a>COMP_IRQHandler</STRONG> (Thumb, 0 bytes, Stack size 0 bytes, startup_stm32wle5xx.o(.text))
<BR>[Address Reference Count : 1]<UL><LI> startup_stm32wle5xx.o(RESET)
</UL>
<P><STRONG><a name="[1d]"></a>DAC_IRQHandler</STRONG> (Thumb, 0 bytes, Stack size 0 bytes, startup_stm32wle5xx.o(.text))
<BR>[Address Reference Count : 1]<UL><LI> startup_stm32wle5xx.o(RESET)
</UL>
<P><STRONG><a name="[15]"></a>DMA1_Channel1_IRQHandler</STRONG> (Thumb, 0 bytes, Stack size 0 bytes, startup_stm32wle5xx.o(.text))
<BR>[Address Reference Count : 1]<UL><LI> startup_stm32wle5xx.o(RESET)
</UL>
<P><STRONG><a name="[16]"></a>DMA1_Channel2_IRQHandler</STRONG> (Thumb, 0 bytes, Stack size 0 bytes, startup_stm32wle5xx.o(.text))
<BR>[Address Reference Count : 1]<UL><LI> startup_stm32wle5xx.o(RESET)
</UL>
<P><STRONG><a name="[17]"></a>DMA1_Channel3_IRQHandler</STRONG> (Thumb, 0 bytes, Stack size 0 bytes, startup_stm32wle5xx.o(.text))
<BR>[Address Reference Count : 1]<UL><LI> startup_stm32wle5xx.o(RESET)
</UL>
<P><STRONG><a name="[18]"></a>DMA1_Channel4_IRQHandler</STRONG> (Thumb, 0 bytes, Stack size 0 bytes, startup_stm32wle5xx.o(.text))
<BR>[Address Reference Count : 1]<UL><LI> startup_stm32wle5xx.o(RESET)
</UL>
<P><STRONG><a name="[1a]"></a>DMA1_Channel6_IRQHandler</STRONG> (Thumb, 0 bytes, Stack size 0 bytes, startup_stm32wle5xx.o(.text))
<BR>[Address Reference Count : 1]<UL><LI> startup_stm32wle5xx.o(RESET)
</UL>
<P><STRONG><a name="[1b]"></a>DMA1_Channel7_IRQHandler</STRONG> (Thumb, 0 bytes, Stack size 0 bytes, startup_stm32wle5xx.o(.text))
<BR>[Address Reference Count : 1]<UL><LI> startup_stm32wle5xx.o(RESET)
</UL>
<P><STRONG><a name="[3d]"></a>DMA2_Channel1_IRQHandler</STRONG> (Thumb, 0 bytes, Stack size 0 bytes, startup_stm32wle5xx.o(.text))
<BR>[Address Reference Count : 1]<UL><LI> startup_stm32wle5xx.o(RESET)
</UL>
<P><STRONG><a name="[3e]"></a>DMA2_Channel2_IRQHandler</STRONG> (Thumb, 0 bytes, Stack size 0 bytes, startup_stm32wle5xx.o(.text))
<BR>[Address Reference Count : 1]<UL><LI> startup_stm32wle5xx.o(RESET)
</UL>
<P><STRONG><a name="[3f]"></a>DMA2_Channel3_IRQHandler</STRONG> (Thumb, 0 bytes, Stack size 0 bytes, startup_stm32wle5xx.o(.text))
<BR>[Address Reference Count : 1]<UL><LI> startup_stm32wle5xx.o(RESET)
</UL>
<P><STRONG><a name="[40]"></a>DMA2_Channel4_IRQHandler</STRONG> (Thumb, 0 bytes, Stack size 0 bytes, startup_stm32wle5xx.o(.text))
<BR>[Address Reference Count : 1]<UL><LI> startup_stm32wle5xx.o(RESET)
</UL>
<P><STRONG><a name="[41]"></a>DMA2_Channel5_IRQHandler</STRONG> (Thumb, 0 bytes, Stack size 0 bytes, startup_stm32wle5xx.o(.text))
<BR>[Address Reference Count : 1]<UL><LI> startup_stm32wle5xx.o(RESET)
</UL>
<P><STRONG><a name="[42]"></a>DMA2_Channel6_IRQHandler</STRONG> (Thumb, 0 bytes, Stack size 0 bytes, startup_stm32wle5xx.o(.text))
<BR>[Address Reference Count : 1]<UL><LI> startup_stm32wle5xx.o(RESET)
</UL>
<P><STRONG><a name="[43]"></a>DMA2_Channel7_IRQHandler</STRONG> (Thumb, 0 bytes, Stack size 0 bytes, startup_stm32wle5xx.o(.text))
<BR>[Address Reference Count : 1]<UL><LI> startup_stm32wle5xx.o(RESET)
</UL>
<P><STRONG><a name="[44]"></a>DMAMUX1_OVR_IRQHandler</STRONG> (Thumb, 0 bytes, Stack size 0 bytes, startup_stm32wle5xx.o(.text))
<BR>[Address Reference Count : 1]<UL><LI> startup_stm32wle5xx.o(RESET)
</UL>
<P><STRONG><a name="[32]"></a>EXTI15_10_IRQHandler</STRONG> (Thumb, 0 bytes, Stack size 0 bytes, startup_stm32wle5xx.o(.text))
<BR>[Address Reference Count : 1]<UL><LI> startup_stm32wle5xx.o(RESET)
</UL>
<P><STRONG><a name="[12]"></a>EXTI2_IRQHandler</STRONG> (Thumb, 0 bytes, Stack size 0 bytes, startup_stm32wle5xx.o(.text))
<BR>[Address Reference Count : 1]<UL><LI> startup_stm32wle5xx.o(RESET)
</UL>
<P><STRONG><a name="[13]"></a>EXTI3_IRQHandler</STRONG> (Thumb, 0 bytes, Stack size 0 bytes, startup_stm32wle5xx.o(.text))
<BR>[Address Reference Count : 1]<UL><LI> startup_stm32wle5xx.o(RESET)
</UL>
<P><STRONG><a name="[14]"></a>EXTI4_IRQHandler</STRONG> (Thumb, 0 bytes, Stack size 0 bytes, startup_stm32wle5xx.o(.text))
<BR>[Address Reference Count : 1]<UL><LI> startup_stm32wle5xx.o(RESET)
</UL>
<P><STRONG><a name="[1f]"></a>EXTI9_5_IRQHandler</STRONG> (Thumb, 0 bytes, Stack size 0 bytes, startup_stm32wle5xx.o(.text))
<BR>[Address Reference Count : 1]<UL><LI> startup_stm32wle5xx.o(RESET)
</UL>
<P><STRONG><a name="[e]"></a>FLASH_IRQHandler</STRONG> (Thumb, 0 bytes, Stack size 0 bytes, startup_stm32wle5xx.o(.text))
<BR>[Address Reference Count : 1]<UL><LI> startup_stm32wle5xx.o(RESET)
</UL>
<P><STRONG><a name="[36]"></a>HSEM_IRQHandler</STRONG> (Thumb, 0 bytes, Stack size 0 bytes, startup_stm32wle5xx.o(.text))
<BR>[Address Reference Count : 1]<UL><LI> startup_stm32wle5xx.o(RESET)
</UL>
<P><STRONG><a name="[28]"></a>I2C1_ER_IRQHandler</STRONG> (Thumb, 0 bytes, Stack size 0 bytes, startup_stm32wle5xx.o(.text))
<BR>[Address Reference Count : 1]<UL><LI> startup_stm32wle5xx.o(RESET)
</UL>
<P><STRONG><a name="[27]"></a>I2C1_EV_IRQHandler</STRONG> (Thumb, 0 bytes, Stack size 0 bytes, startup_stm32wle5xx.o(.text))
<BR>[Address Reference Count : 1]<UL><LI> startup_stm32wle5xx.o(RESET)
</UL>
<P><STRONG><a name="[2a]"></a>I2C2_ER_IRQHandler</STRONG> (Thumb, 0 bytes, Stack size 0 bytes, startup_stm32wle5xx.o(.text))
<BR>[Address Reference Count : 1]<UL><LI> startup_stm32wle5xx.o(RESET)
</UL>
<P><STRONG><a name="[29]"></a>I2C2_EV_IRQHandler</STRONG> (Thumb, 0 bytes, Stack size 0 bytes, startup_stm32wle5xx.o(.text))
<BR>[Address Reference Count : 1]<UL><LI> startup_stm32wle5xx.o(RESET)
</UL>
<P><STRONG><a name="[38]"></a>I2C3_ER_IRQHandler</STRONG> (Thumb, 0 bytes, Stack size 0 bytes, startup_stm32wle5xx.o(.text))
<BR>[Address Reference Count : 1]<UL><LI> startup_stm32wle5xx.o(RESET)
</UL>
<P><STRONG><a name="[37]"></a>I2C3_EV_IRQHandler</STRONG> (Thumb, 0 bytes, Stack size 0 bytes, startup_stm32wle5xx.o(.text))
<BR>[Address Reference Count : 1]<UL><LI> startup_stm32wle5xx.o(RESET)
</UL>
<P><STRONG><a name="[30]"></a>LPTIM1_IRQHandler</STRONG> (Thumb, 0 bytes, Stack size 0 bytes, startup_stm32wle5xx.o(.text))
<BR>[Address Reference Count : 1]<UL><LI> startup_stm32wle5xx.o(RESET)
</UL>
<P><STRONG><a name="[31]"></a>LPTIM2_IRQHandler</STRONG> (Thumb, 0 bytes, Stack size 0 bytes, startup_stm32wle5xx.o(.text))
<BR>[Address Reference Count : 1]<UL><LI> startup_stm32wle5xx.o(RESET)
</UL>
<P><STRONG><a name="[34]"></a>LPTIM3_IRQHandler</STRONG> (Thumb, 0 bytes, Stack size 0 bytes, startup_stm32wle5xx.o(.text))
<BR>[Address Reference Count : 1]<UL><LI> startup_stm32wle5xx.o(RESET)
</UL>
<P><STRONG><a name="[2f]"></a>LPUART1_IRQHandler</STRONG> (Thumb, 0 bytes, Stack size 0 bytes, startup_stm32wle5xx.o(.text))
<BR>[Address Reference Count : 1]<UL><LI> startup_stm32wle5xx.o(RESET)
</UL>
<P><STRONG><a name="[3c]"></a>PKA_IRQHandler</STRONG> (Thumb, 0 bytes, Stack size 0 bytes, startup_stm32wle5xx.o(.text))
<BR>[Address Reference Count : 1]<UL><LI> startup_stm32wle5xx.o(RESET)
</UL>
<P><STRONG><a name="[b]"></a>PVD_PVM_IRQHandler</STRONG> (Thumb, 0 bytes, Stack size 0 bytes, startup_stm32wle5xx.o(.text))
<BR>[Address Reference Count : 1]<UL><LI> startup_stm32wle5xx.o(RESET)
</UL>
<P><STRONG><a name="[f]"></a>RCC_IRQHandler</STRONG> (Thumb, 0 bytes, Stack size 0 bytes, startup_stm32wle5xx.o(.text))
<BR>[Address Reference Count : 1]<UL><LI> startup_stm32wle5xx.o(RESET)
</UL>
<P><STRONG><a name="[3b]"></a>RNG_IRQHandler</STRONG> (Thumb, 0 bytes, Stack size 0 bytes, startup_stm32wle5xx.o(.text))
<BR>[Address Reference Count : 1]<UL><LI> startup_stm32wle5xx.o(RESET)
</UL>
<P><STRONG><a name="[d]"></a>RTC_WKUP_IRQHandler</STRONG> (Thumb, 0 bytes, Stack size 0 bytes, startup_stm32wle5xx.o(.text))
<BR>[Address Reference Count : 1]<UL><LI> startup_stm32wle5xx.o(RESET)
</UL>
<P><STRONG><a name="[2b]"></a>SPI1_IRQHandler</STRONG> (Thumb, 0 bytes, Stack size 0 bytes, startup_stm32wle5xx.o(.text))
<BR>[Address Reference Count : 1]<UL><LI> startup_stm32wle5xx.o(RESET)
</UL>
<P><STRONG><a name="[2c]"></a>SPI2_IRQHandler</STRONG> (Thumb, 0 bytes, Stack size 0 bytes, startup_stm32wle5xx.o(.text))
<BR>[Address Reference Count : 1]<UL><LI> startup_stm32wle5xx.o(RESET)
</UL>
<P><STRONG><a name="[35]"></a>SUBGHZSPI_IRQHandler</STRONG> (Thumb, 0 bytes, Stack size 0 bytes, startup_stm32wle5xx.o(.text))
<BR>[Address Reference Count : 1]<UL><LI> startup_stm32wle5xx.o(RESET)
</UL>
<P><STRONG><a name="[25]"></a>TIM16_IRQHandler</STRONG> (Thumb, 0 bytes, Stack size 0 bytes, startup_stm32wle5xx.o(.text))
<BR>[Address Reference Count : 1]<UL><LI> startup_stm32wle5xx.o(RESET)
</UL>
<P><STRONG><a name="[26]"></a>TIM17_IRQHandler</STRONG> (Thumb, 0 bytes, Stack size 0 bytes, startup_stm32wle5xx.o(.text))
<BR>[Address Reference Count : 1]<UL><LI> startup_stm32wle5xx.o(RESET)
</UL>
<P><STRONG><a name="[20]"></a>TIM1_BRK_IRQHandler</STRONG> (Thumb, 0 bytes, Stack size 0 bytes, startup_stm32wle5xx.o(.text))
<BR>[Address Reference Count : 1]<UL><LI> startup_stm32wle5xx.o(RESET)
</UL>
<P><STRONG><a name="[23]"></a>TIM1_CC_IRQHandler</STRONG> (Thumb, 0 bytes, Stack size 0 bytes, startup_stm32wle5xx.o(.text))
<BR>[Address Reference Count : 1]<UL><LI> startup_stm32wle5xx.o(RESET)
</UL>
<P><STRONG><a name="[22]"></a>TIM1_TRG_COM_IRQHandler</STRONG> (Thumb, 0 bytes, Stack size 0 bytes, startup_stm32wle5xx.o(.text))
<BR>[Address Reference Count : 1]<UL><LI> startup_stm32wle5xx.o(RESET)
</UL>
<P><STRONG><a name="[21]"></a>TIM1_UP_IRQHandler</STRONG> (Thumb, 0 bytes, Stack size 0 bytes, startup_stm32wle5xx.o(.text))
<BR>[Address Reference Count : 1]<UL><LI> startup_stm32wle5xx.o(RESET)
</UL>
<P><STRONG><a name="[24]"></a>TIM2_IRQHandler</STRONG> (Thumb, 0 bytes, Stack size 0 bytes, startup_stm32wle5xx.o(.text))
<BR>[Address Reference Count : 1]<UL><LI> startup_stm32wle5xx.o(RESET)
</UL>
<P><STRONG><a name="[2d]"></a>USART1_IRQHandler</STRONG> (Thumb, 0 bytes, Stack size 0 bytes, startup_stm32wle5xx.o(.text))
<BR>[Address Reference Count : 1]<UL><LI> startup_stm32wle5xx.o(RESET)
</UL>
<P><STRONG><a name="[a]"></a>WWDG_IRQHandler</STRONG> (Thumb, 0 bytes, Stack size 0 bytes, startup_stm32wle5xx.o(.text))
<BR>[Address Reference Count : 1]<UL><LI> startup_stm32wle5xx.o(RESET)
</UL>
<P><STRONG><a name="[d7]"></a>__user_initial_stackheap</STRONG> (Thumb, 0 bytes, Stack size unknown bytes, startup_stm32wle5xx.o(.text))
<BR><BR>[Called By]<UL><LI><a href="#[c8]">&gt;&gt;</a>&nbsp;&nbsp;&nbsp;__user_setup_stackheap
</UL>

<P><STRONG><a name="[28f]"></a>__aeabi_uldivmod</STRONG> (Thumb, 0 bytes, Stack size 48 bytes, lludivv7m.o(.text))
<BR><BR>[Stack]<UL><LI>Max Depth = 48<LI>Call Chain = __aeabi_uldivmod
</UL>
<BR>[Called By]<UL><LI><a href="#[a3]">&gt;&gt;</a>&nbsp;&nbsp;&nbsp;TIMER_IF_Convert_ms2Tick
<LI><a href="#[112]">&gt;&gt;</a>&nbsp;&nbsp;&nbsp;TIMER_IF_DelayMs
<LI><a href="#[14e]">&gt;&gt;</a>&nbsp;&nbsp;&nbsp;UART_SetConfig
<LI><a href="#[219]">&gt;&gt;</a>&nbsp;&nbsp;&nbsp;SUBGRF_SetRfFrequency
<LI><a href="#[21d]">&gt;&gt;</a>&nbsp;&nbsp;&nbsp;SUBGRF_SetModulationParams
</UL>

<P><STRONG><a name="[2e4]"></a>_ll_udiv</STRONG> (Thumb, 240 bytes, Stack size 48 bytes, lludivv7m.o(.text), UNUSED)

<P><STRONG><a name="[2a4]"></a>strlen</STRONG> (Thumb, 62 bytes, Stack size 8 bytes, strlen.o(.text))
<BR><BR>[Stack]<UL><LI>Max Depth = 8<LI>Call Chain = strlen
</UL>
<BR>[Called By]<UL><LI><a href="#[69]">&gt;&gt;</a>&nbsp;&nbsp;&nbsp;TimestampNow
<LI><a href="#[2a6]">&gt;&gt;</a>&nbsp;&nbsp;&nbsp;tiny_vsnprintf_like
</UL>

<P><STRONG><a name="[d2]"></a>__aeabi_memset</STRONG> (Thumb, 16 bytes, Stack size 0 bytes, aeabi_memset.o(.text))
<BR><BR>[Calls]<UL><LI><a href="#[d3]">&gt;&gt;</a>&nbsp;&nbsp;&nbsp;_memset
</UL>
<BR>[Called By]<UL><LI><a href="#[2a6]">&gt;&gt;</a>&nbsp;&nbsp;&nbsp;tiny_vsnprintf_like
<LI><a href="#[ed]">&gt;&gt;</a>&nbsp;&nbsp;&nbsp;memset1
<LI><a href="#[28b]">&gt;&gt;</a>&nbsp;&nbsp;&nbsp;UTIL_MEM_set_8
</UL>

<P><STRONG><a name="[130]"></a>__aeabi_memclr4</STRONG> (Thumb, 0 bytes, Stack size 4 bytes, rt_memclr_w.o(.text))
<BR><BR>[Stack]<UL><LI>Max Depth = 4<LI>Call Chain = __aeabi_memclr4
</UL>
<BR>[Called By]<UL><LI><a href="#[cc]">&gt;&gt;</a>&nbsp;&nbsp;&nbsp;main
<LI><a href="#[12e]">&gt;&gt;</a>&nbsp;&nbsp;&nbsp;HAL_RTC_MspInit
<LI><a href="#[9c]">&gt;&gt;</a>&nbsp;&nbsp;&nbsp;TIMER_IF_StartTimer
<LI><a href="#[1d6]">&gt;&gt;</a>&nbsp;&nbsp;&nbsp;MX_RTC_Init
<LI><a href="#[14d]">&gt;&gt;</a>&nbsp;&nbsp;&nbsp;HAL_UART_MspInit
<LI><a href="#[27e]">&gt;&gt;</a>&nbsp;&nbsp;&nbsp;RegionUS915NextChannel
<LI><a href="#[26e]">&gt;&gt;</a>&nbsp;&nbsp;&nbsp;RegionEU868InitDefaults
<LI><a href="#[24e]">&gt;&gt;</a>&nbsp;&nbsp;&nbsp;RegionCN470NextChannel
<LI><a href="#[18c]">&gt;&gt;</a>&nbsp;&nbsp;&nbsp;LoRaMacCryptoHandleJoinAccept
</UL>

<P><STRONG><a name="[2e5]"></a>__aeabi_memclr8</STRONG> (Thumb, 0 bytes, Stack size 4 bytes, rt_memclr_w.o(.text), UNUSED)

<P><STRONG><a name="[2e6]"></a>__rt_memclr_w</STRONG> (Thumb, 78 bytes, Stack size 4 bytes, rt_memclr_w.o(.text), UNUSED)

<P><STRONG><a name="[d5]"></a>_memset_w</STRONG> (Thumb, 0 bytes, Stack size unknown bytes, rt_memclr_w.o(.text), UNUSED)
<BR><BR>[Called By]<UL><LI><a href="#[d4]">&gt;&gt;</a>&nbsp;&nbsp;&nbsp;__rt_memclr
</UL>

<P><STRONG><a name="[2e7]"></a>__use_two_region_memory</STRONG> (Thumb, 2 bytes, Stack size 0 bytes, heapauxi.o(.text), UNUSED)

<P><STRONG><a name="[2e8]"></a>__rt_heap_escrow$2region</STRONG> (Thumb, 2 bytes, Stack size 0 bytes, heapauxi.o(.text), UNUSED)

<P><STRONG><a name="[2e9]"></a>__rt_heap_expand$2region</STRONG> (Thumb, 2 bytes, Stack size 0 bytes, heapauxi.o(.text), UNUSED)

<P><STRONG><a name="[2ea]"></a>__aeabi_memclr</STRONG> (Thumb, 0 bytes, Stack size 0 bytes, rt_memclr.o(.text), UNUSED)

<P><STRONG><a name="[d4]"></a>__rt_memclr</STRONG> (Thumb, 68 bytes, Stack size 0 bytes, rt_memclr.o(.text), UNUSED)
<BR><BR>[Calls]<UL><LI><a href="#[d5]">&gt;&gt;</a>&nbsp;&nbsp;&nbsp;_memset_w
</UL>

<P><STRONG><a name="[d3]"></a>_memset</STRONG> (Thumb, 0 bytes, Stack size unknown bytes, rt_memclr.o(.text))
<BR><BR>[Called By]<UL><LI><a href="#[d2]">&gt;&gt;</a>&nbsp;&nbsp;&nbsp;__aeabi_memset
</UL>

<P><STRONG><a name="[2af]"></a>__rt_fp_status_addr</STRONG> (Thumb, 8 bytes, Stack size 0 bytes, rt_fp_status_addr_intlibspace.o(.text))
<BR><BR>[Called By]<UL><LI><a href="#[c6]">&gt;&gt;</a>&nbsp;&nbsp;&nbsp;_fp_init
<LI><a href="#[2c1]">&gt;&gt;</a>&nbsp;&nbsp;&nbsp;__fpl_cmpreturn
<LI><a href="#[2b5]">&gt;&gt;</a>&nbsp;&nbsp;&nbsp;__funder_d
<LI><a href="#[2b8]">&gt;&gt;</a>&nbsp;&nbsp;&nbsp;__funder
<LI><a href="#[2ae]">&gt;&gt;</a>&nbsp;&nbsp;&nbsp;__fpl_exception
</UL>

<P><STRONG><a name="[2eb]"></a>__user_libspace</STRONG> (Thumb, 8 bytes, Stack size 0 bytes, libspace.o(.text), UNUSED)

<P><STRONG><a name="[d6]"></a>__user_perproc_libspace</STRONG> (Thumb, 0 bytes, Stack size 0 bytes, libspace.o(.text))
<BR><BR>[Called By]<UL><LI><a href="#[c8]">&gt;&gt;</a>&nbsp;&nbsp;&nbsp;__user_setup_stackheap
</UL>

<P><STRONG><a name="[2ec]"></a>__user_perthread_libspace</STRONG> (Thumb, 0 bytes, Stack size 0 bytes, libspace.o(.text), UNUSED)

<P><STRONG><a name="[c8]"></a>__user_setup_stackheap</STRONG> (Thumb, 74 bytes, Stack size 8 bytes, sys_stackheap_outer.o(.text))
<BR><BR>[Stack]<UL><LI>Max Depth = 8 + Unknown Stack Size
<LI>Call Chain = __user_setup_stackheap
</UL>
<BR>[Calls]<UL><LI><a href="#[d7]">&gt;&gt;</a>&nbsp;&nbsp;&nbsp;__user_initial_stackheap
<LI><a href="#[d6]">&gt;&gt;</a>&nbsp;&nbsp;&nbsp;__user_perproc_libspace
</UL>
<BR>[Called By]<UL><LI><a href="#[c7]">&gt;&gt;</a>&nbsp;&nbsp;&nbsp;__rt_entry_sh
</UL>

<P><STRONG><a name="[d8]"></a>_fp_trap</STRONG> (Thumb, 44 bytes, Stack size 40 bytes, _fptrap.o(.text), UNUSED)
<BR><BR>[Calls]<UL><LI><a href="#[d9]">&gt;&gt;</a>&nbsp;&nbsp;&nbsp;__rt_SIGFPE
</UL>
<BR>[Called By]<UL><LI><a href="#[2b0]">&gt;&gt;</a>&nbsp;&nbsp;&nbsp;_fp_trapveneer
</UL>

<P><STRONG><a name="[cd]"></a>exit</STRONG> (Thumb, 18 bytes, Stack size 8 bytes, exit.o(.text))
<BR><BR>[Stack]<UL><LI>Max Depth = 8 + Unknown Stack Size
<LI>Call Chain = exit
</UL>
<BR>[Calls]<UL><LI><a href="#[da]">&gt;&gt;</a>&nbsp;&nbsp;&nbsp;__rt_exit
</UL>
<BR>[Called By]<UL><LI><a href="#[cb]">&gt;&gt;</a>&nbsp;&nbsp;&nbsp;__rt_entry_main
</UL>

<P><STRONG><a name="[d9]"></a>__rt_SIGFPE</STRONG> (Thumb, 14 bytes, Stack size 8 bytes, defsig_fpe_outer.o(.text), UNUSED)
<BR><BR>[Calls]<UL><LI><a href="#[db]">&gt;&gt;</a>&nbsp;&nbsp;&nbsp;__rt_SIGFPE_inner
</UL>
<BR>[Called By]<UL><LI><a href="#[d8]">&gt;&gt;</a>&nbsp;&nbsp;&nbsp;_fp_trap
</UL>

<P><STRONG><a name="[dc]"></a>__sig_exit</STRONG> (Thumb, 10 bytes, Stack size 0 bytes, defsig_exit.o(.text), UNUSED)
<BR><BR>[Calls]<UL><LI><a href="#[d1]">&gt;&gt;</a>&nbsp;&nbsp;&nbsp;_sys_exit
</UL>

<P><STRONG><a name="[db]"></a>__rt_SIGFPE_inner</STRONG> (Thumb, 62 bytes, Stack size 8 bytes, defsig_fpe_inner.o(.text), UNUSED)
<BR><BR>[Calls]<UL><LI><a href="#[dd]">&gt;&gt;</a>&nbsp;&nbsp;&nbsp;__default_signal_display
</UL>
<BR>[Called By]<UL><LI><a href="#[d9]">&gt;&gt;</a>&nbsp;&nbsp;&nbsp;__rt_SIGFPE
</UL>

<P><STRONG><a name="[d1]"></a>_sys_exit</STRONG> (Thumb, 8 bytes, Stack size 0 bytes, sys_exit.o(.text))
<BR><BR>[Called By]<UL><LI><a href="#[d0]">&gt;&gt;</a>&nbsp;&nbsp;&nbsp;__rt_exit_exit
<LI><a href="#[dc]">&gt;&gt;</a>&nbsp;&nbsp;&nbsp;__sig_exit
</UL>

<P><STRONG><a name="[dd]"></a>__default_signal_display</STRONG> (Thumb, 50 bytes, Stack size 16 bytes, defsig_general.o(.text), UNUSED)
<BR><BR>[Calls]<UL><LI><a href="#[de]">&gt;&gt;</a>&nbsp;&nbsp;&nbsp;_ttywrch
</UL>
<BR>[Called By]<UL><LI><a href="#[db]">&gt;&gt;</a>&nbsp;&nbsp;&nbsp;__rt_SIGFPE_inner
</UL>

<P><STRONG><a name="[de]"></a>_ttywrch</STRONG> (Thumb, 14 bytes, Stack size 8 bytes, sys_wrch.o(.text), UNUSED)
<BR><BR>[Called By]<UL><LI><a href="#[dd]">&gt;&gt;</a>&nbsp;&nbsp;&nbsp;__default_signal_display
</UL>

<P><STRONG><a name="[2ed]"></a>__I$use$semihosting</STRONG> (Thumb, 0 bytes, Stack size 0 bytes, use_no_semi.o(.text), UNUSED)

<P><STRONG><a name="[2ee]"></a>__use_no_semihosting_swi</STRONG> (Thumb, 2 bytes, Stack size 0 bytes, use_no_semi.o(.text), UNUSED)

<P><STRONG><a name="[2ef]"></a>__semihosting_library_function</STRONG> (Thumb, 0 bytes, Stack size unknown bytes, indicate_semi.o(.text), UNUSED)

<P><STRONG><a name="[df]"></a>ADC_Disable</STRONG> (Thumb, 124 bytes, Stack size 16 bytes, stm32wlxx_hal_adc.o(.text.ADC_Disable))
<BR><BR>[Stack]<UL><LI>Max Depth = 16<LI>Call Chain = ADC_Disable
</UL>
<BR>[Calls]<UL><LI><a href="#[e0]">&gt;&gt;</a>&nbsp;&nbsp;&nbsp;HAL_GetTick
</UL>
<BR>[Called By]<UL><LI><a href="#[e9]">&gt;&gt;</a>&nbsp;&nbsp;&nbsp;HAL_ADC_Stop
<LI><a href="#[eb]">&gt;&gt;</a>&nbsp;&nbsp;&nbsp;HAL_ADC_DeInit
<LI><a href="#[e4]">&gt;&gt;</a>&nbsp;&nbsp;&nbsp;HAL_ADCEx_Calibration_Start
</UL>

<P><STRONG><a name="[e1]"></a>ADC_Enable</STRONG> (Thumb, 248 bytes, Stack size 24 bytes, stm32wlxx_hal_adc.o(.text.ADC_Enable))
<BR><BR>[Stack]<UL><LI>Max Depth = 24<LI>Call Chain = ADC_Enable
</UL>
<BR>[Calls]<UL><LI><a href="#[e0]">&gt;&gt;</a>&nbsp;&nbsp;&nbsp;HAL_GetTick
</UL>
<BR>[Called By]<UL><LI><a href="#[e7]">&gt;&gt;</a>&nbsp;&nbsp;&nbsp;HAL_ADC_Start
</UL>

<P><STRONG><a name="[ec]"></a>AES_CMAC_Final</STRONG> (Thumb, 1462 bytes, Stack size 160 bytes, cmac.o(.text.AES_CMAC_Final))
<BR><BR>[Stack]<UL><LI>Max Depth = 288 + Unknown Stack Size
<LI>Call Chain = AES_CMAC_Final &rArr; lorawan_aes_encrypt
</UL>
<BR>[Calls]<UL><LI><a href="#[ed]">&gt;&gt;</a>&nbsp;&nbsp;&nbsp;memset1
<LI><a href="#[ef]">&gt;&gt;</a>&nbsp;&nbsp;&nbsp;memcpy1
<LI><a href="#[ee]">&gt;&gt;</a>&nbsp;&nbsp;&nbsp;lorawan_aes_encrypt
</UL>
<BR>[Called By]<UL><LI><a href="#[f8]">&gt;&gt;</a>&nbsp;&nbsp;&nbsp;ComputeCmac
</UL>

<P><STRONG><a name="[f0]"></a>AES_CMAC_Init</STRONG> (Thumb, 34 bytes, Stack size 16 bytes, cmac.o(.text.AES_CMAC_Init))
<BR><BR>[Stack]<UL><LI>Max Depth = 24 + Unknown Stack Size
<LI>Call Chain = AES_CMAC_Init &rArr; memset1
</UL>
<BR>[Calls]<UL><LI><a href="#[ed]">&gt;&gt;</a>&nbsp;&nbsp;&nbsp;memset1
</UL>
<BR>[Called By]<UL><LI><a href="#[f8]">&gt;&gt;</a>&nbsp;&nbsp;&nbsp;ComputeCmac
</UL>

<P><STRONG><a name="[f1]"></a>AES_CMAC_SetKey</STRONG> (Thumb, 10 bytes, Stack size 0 bytes, cmac.o(.text.AES_CMAC_SetKey))
<BR><BR>[Stack]<UL><LI>Max Depth = 56<LI>Call Chain = AES_CMAC_SetKey &rArr; lorawan_aes_set_key
</UL>
<BR>[Calls]<UL><LI><a href="#[f2]">&gt;&gt;</a>&nbsp;&nbsp;&nbsp;lorawan_aes_set_key
</UL>
<BR>[Called By]<UL><LI><a href="#[f8]">&gt;&gt;</a>&nbsp;&nbsp;&nbsp;ComputeCmac
</UL>

<P><STRONG><a name="[f3]"></a>AES_CMAC_Update</STRONG> (Thumb, 658 bytes, Stack size 48 bytes, cmac.o(.text.AES_CMAC_Update))
<BR><BR>[Stack]<UL><LI>Max Depth = 176<LI>Call Chain = AES_CMAC_Update &rArr; lorawan_aes_encrypt
</UL>
<BR>[Calls]<UL><LI><a href="#[ef]">&gt;&gt;</a>&nbsp;&nbsp;&nbsp;memcpy1
<LI><a href="#[ee]">&gt;&gt;</a>&nbsp;&nbsp;&nbsp;lorawan_aes_encrypt
</UL>
<BR>[Called By]<UL><LI><a href="#[f8]">&gt;&gt;</a>&nbsp;&nbsp;&nbsp;ComputeCmac
</UL>

<P><STRONG><a name="[f4]"></a>BSP_RADIO_ConfigRFSwitch</STRONG> (Thumb, 74 bytes, Stack size 16 bytes, stm32wlxx_nucleo_radio.o(.text.BSP_RADIO_ConfigRFSwitch))
<BR><BR>[Stack]<UL><LI>Max Depth = 16<LI>Call Chain = BSP_RADIO_ConfigRFSwitch
</UL>
<BR>[Calls]<UL><LI><a href="#[f5]">&gt;&gt;</a>&nbsp;&nbsp;&nbsp;HAL_GPIO_WritePin
</UL>
<BR>[Called By]<UL><LI><a href="#[1fb]">&gt;&gt;</a>&nbsp;&nbsp;&nbsp;RBI_ConfigRFSwitch
</UL>

<P><STRONG><a name="[1fd]"></a>BSP_RADIO_GetRFOMaxPowerConfig</STRONG> (Thumb, 12 bytes, Stack size 0 bytes, stm32wlxx_nucleo_radio.o(.text.BSP_RADIO_GetRFOMaxPowerConfig))
<BR><BR>[Called By]<UL><LI><a href="#[1fc]">&gt;&gt;</a>&nbsp;&nbsp;&nbsp;RBI_GetRFOMaxPowerConfig
</UL>

<P><STRONG><a name="[1ff]"></a>BSP_RADIO_GetTxConfig</STRONG> (Thumb, 4 bytes, Stack size 0 bytes, stm32wlxx_nucleo_radio.o(.text.BSP_RADIO_GetTxConfig))
<BR><BR>[Called By]<UL><LI><a href="#[1fe]">&gt;&gt;</a>&nbsp;&nbsp;&nbsp;RBI_GetTxConfig
</UL>

<P><STRONG><a name="[f6]"></a>BSP_RADIO_Init</STRONG> (Thumb, 132 bytes, Stack size 40 bytes, stm32wlxx_nucleo_radio.o(.text.BSP_RADIO_Init))
<BR><BR>[Stack]<UL><LI>Max Depth = 92<LI>Call Chain = BSP_RADIO_Init &rArr; HAL_GPIO_Init
</UL>
<BR>[Calls]<UL><LI><a href="#[f5]">&gt;&gt;</a>&nbsp;&nbsp;&nbsp;HAL_GPIO_WritePin
<LI><a href="#[f7]">&gt;&gt;</a>&nbsp;&nbsp;&nbsp;HAL_GPIO_Init
</UL>
<BR>[Called By]<UL><LI><a href="#[200]">&gt;&gt;</a>&nbsp;&nbsp;&nbsp;RBI_Init
</UL>

<P><STRONG><a name="[202]"></a>BSP_RADIO_IsDCDC</STRONG> (Thumb, 4 bytes, Stack size 0 bytes, stm32wlxx_nucleo_radio.o(.text.BSP_RADIO_IsDCDC))
<BR><BR>[Called By]<UL><LI><a href="#[201]">&gt;&gt;</a>&nbsp;&nbsp;&nbsp;RBI_IsDCDC
</UL>

<P><STRONG><a name="[204]"></a>BSP_RADIO_IsTCXO</STRONG> (Thumb, 4 bytes, Stack size 0 bytes, stm32wlxx_nucleo_radio.o(.text.BSP_RADIO_IsTCXO))
<BR><BR>[Called By]<UL><LI><a href="#[203]">&gt;&gt;</a>&nbsp;&nbsp;&nbsp;RBI_IsTCXO
</UL>

<P><STRONG><a name="[4]"></a>BusFault_Handler</STRONG> (Thumb, 2 bytes, Stack size 0 bytes, stm32wlxx_it.o(.text.BusFault_Handler))
<BR><BR>[Calls]<UL><LI><a href="#[4]">&gt;&gt;</a>&nbsp;&nbsp;&nbsp;BusFault_Handler
</UL>
<BR>[Called By]<UL><LI><a href="#[4]">&gt;&gt;</a>&nbsp;&nbsp;&nbsp;BusFault_Handler
</UL>
<BR>[Address Reference Count : 1]<UL><LI> startup_stm32wle5xx.o(RESET)
</UL>
<P><STRONG><a name="[1a0]"></a>Crc32</STRONG> (Thumb, 394 bytes, Stack size 16 bytes, utilities.o(.text.Crc32))
<BR><BR>[Stack]<UL><LI>Max Depth = 16<LI>Call Chain = Crc32
</UL>
<BR>[Called By]<UL><LI><a href="#[16b]">&gt;&gt;</a>&nbsp;&nbsp;&nbsp;LoRaMacMibSetRequestConfirm
<LI><a href="#[19f]">&gt;&gt;</a>&nbsp;&nbsp;&nbsp;LoRaMacHandleNvm
</UL>

<P><STRONG><a name="[f9]"></a>DBG_Init</STRONG> (Thumb, 18 bytes, Stack size 8 bytes, sys_debug.o(.text.DBG_Init))
<BR><BR>[Stack]<UL><LI>Max Depth = 8<LI>Call Chain = DBG_Init
</UL>
<BR>[Calls]<UL><LI><a href="#[fb]">&gt;&gt;</a>&nbsp;&nbsp;&nbsp;HAL_DBGMCU_DisableDBGStopMode
<LI><a href="#[fc]">&gt;&gt;</a>&nbsp;&nbsp;&nbsp;HAL_DBGMCU_DisableDBGStandbyMode
<LI><a href="#[fa]">&gt;&gt;</a>&nbsp;&nbsp;&nbsp;HAL_DBGMCU_DisableDBGSleepMode
</UL>
<BR>[Called By]<UL><LI><a href="#[1d3]">&gt;&gt;</a>&nbsp;&nbsp;&nbsp;SystemApp_Init
</UL>

<P><STRONG><a name="[19]"></a>DMA1_Channel5_IRQHandler</STRONG> (Thumb, 12 bytes, Stack size 0 bytes, stm32wlxx_it.o(.text.DMA1_Channel5_IRQHandler))
<BR><BR>[Stack]<UL><LI>Max Depth = 16<LI>Call Chain = DMA1_Channel5_IRQHandler &rArr; HAL_DMA_IRQHandler
</UL>
<BR>[Calls]<UL><LI><a href="#[fd]">&gt;&gt;</a>&nbsp;&nbsp;&nbsp;HAL_DMA_IRQHandler
</UL>
<BR>[Address Reference Count : 1]<UL><LI> startup_stm32wle5xx.o(RESET)
</UL>
<P><STRONG><a name="[7]"></a>DebugMon_Handler</STRONG> (Thumb, 2 bytes, Stack size 0 bytes, stm32wlxx_it.o(.text.DebugMon_Handler))
<BR>[Address Reference Count : 1]<UL><LI> startup_stm32wle5xx.o(RESET)
</UL>
<P><STRONG><a name="[10]"></a>EXTI0_IRQHandler</STRONG> (Thumb, 6 bytes, Stack size 0 bytes, stm32wlxx_it.o(.text.EXTI0_IRQHandler))
<BR><BR>[Calls]<UL><LI><a href="#[fe]">&gt;&gt;</a>&nbsp;&nbsp;&nbsp;HAL_GPIO_EXTI_IRQHandler
</UL>
<BR>[Address Reference Count : 1]<UL><LI> startup_stm32wle5xx.o(RESET)
</UL>
<P><STRONG><a name="[11]"></a>EXTI1_IRQHandler</STRONG> (Thumb, 6 bytes, Stack size 0 bytes, stm32wlxx_it.o(.text.EXTI1_IRQHandler))
<BR><BR>[Calls]<UL><LI><a href="#[fe]">&gt;&gt;</a>&nbsp;&nbsp;&nbsp;HAL_GPIO_EXTI_IRQHandler
</UL>
<BR>[Address Reference Count : 1]<UL><LI> startup_stm32wle5xx.o(RESET)
</UL>
<P><STRONG><a name="[29b]"></a>EnvSensors_Init</STRONG> (Thumb, 4 bytes, Stack size 0 bytes, sys_sensors.o(.text.EnvSensors_Init))
<BR><BR>[Called By]<UL><LI><a href="#[1d3]">&gt;&gt;</a>&nbsp;&nbsp;&nbsp;SystemApp_Init
</UL>

<P><STRONG><a name="[ff]"></a>EnvSensors_Read</STRONG> (Thumb, 58 bytes, Stack size 8 bytes, sys_sensors.o(.text.EnvSensors_Read))
<BR><BR>[Stack]<UL><LI>Max Depth = 112<LI>Call Chain = EnvSensors_Read &rArr; SYS_GetTemperatureLevel &rArr; ADC_ReadChannels &rArr; HAL_ADCEx_Calibration_Start &rArr; ADC_Disable
</UL>
<BR>[Calls]<UL><LI><a href="#[100]">&gt;&gt;</a>&nbsp;&nbsp;&nbsp;SYS_GetTemperatureLevel
<LI><a href="#[101]">&gt;&gt;</a>&nbsp;&nbsp;&nbsp;__aeabi_i2f
</UL>
<BR>[Called By]<UL><LI><a href="#[aa]">&gt;&gt;</a>&nbsp;&nbsp;&nbsp;GetTemperatureLevel
<LI><a href="#[62]">&gt;&gt;</a>&nbsp;&nbsp;&nbsp;SendTxData
</UL>

<P><STRONG><a name="[e5]"></a>Error_Handler</STRONG> (Thumb, 10 bytes, Stack size 0 bytes, main.o(.text.Error_Handler))
<BR><BR>[Called By]<UL><LI><a href="#[1ea]">&gt;&gt;</a>&nbsp;&nbsp;&nbsp;vcom_Resume
<LI><a href="#[e3]">&gt;&gt;</a>&nbsp;&nbsp;&nbsp;MX_ADC_Init
<LI><a href="#[12e]">&gt;&gt;</a>&nbsp;&nbsp;&nbsp;HAL_RTC_MspInit
<LI><a href="#[1da]">&gt;&gt;</a>&nbsp;&nbsp;&nbsp;MX_USART2_UART_Init
<LI><a href="#[e2]">&gt;&gt;</a>&nbsp;&nbsp;&nbsp;ADC_ReadChannels
<LI><a href="#[9c]">&gt;&gt;</a>&nbsp;&nbsp;&nbsp;TIMER_IF_StartTimer
<LI><a href="#[1d6]">&gt;&gt;</a>&nbsp;&nbsp;&nbsp;MX_RTC_Init
<LI><a href="#[14d]">&gt;&gt;</a>&nbsp;&nbsp;&nbsp;HAL_UART_MspInit
<LI><a href="#[1d9]">&gt;&gt;</a>&nbsp;&nbsp;&nbsp;MX_SUBGHZ_Init
</UL>

<P><STRONG><a name="[102]"></a>FLASH_IF_EraseByPages</STRONG> (Thumb, 50 bytes, Stack size 24 bytes, flash_if.o(.text.FLASH_IF_EraseByPages))
<BR><BR>[Stack]<UL><LI>Max Depth = 80<LI>Call Chain = FLASH_IF_EraseByPages &rArr; HAL_FLASHEx_Erase &rArr; FLASH_WaitForLastOperation
</UL>
<BR>[Calls]<UL><LI><a href="#[103]">&gt;&gt;</a>&nbsp;&nbsp;&nbsp;HAL_FLASHEx_Erase_IT
<LI><a href="#[104]">&gt;&gt;</a>&nbsp;&nbsp;&nbsp;HAL_FLASHEx_Erase
</UL>
<BR>[Called By]<UL><LI><a href="#[ae]">&gt;&gt;</a>&nbsp;&nbsp;&nbsp;OnStoreContextRequest
</UL>

<P><STRONG><a name="[105]"></a>FLASH_IF_Write</STRONG> (Thumb, 780 bytes, Stack size 80 bytes, flash_if.o(.text.FLASH_IF_Write))
<BR><BR>[Stack]<UL><LI>Max Depth = 136<LI>Call Chain = FLASH_IF_Write &rArr; HAL_FLASHEx_Erase &rArr; FLASH_WaitForLastOperation
</UL>
<BR>[Calls]<UL><LI><a href="#[106]">&gt;&gt;</a>&nbsp;&nbsp;&nbsp;UTIL_MEM_cpy_8
<LI><a href="#[107]">&gt;&gt;</a>&nbsp;&nbsp;&nbsp;HAL_FLASH_Program
<LI><a href="#[104]">&gt;&gt;</a>&nbsp;&nbsp;&nbsp;HAL_FLASHEx_Erase
</UL>
<BR>[Called By]<UL><LI><a href="#[ae]">&gt;&gt;</a>&nbsp;&nbsp;&nbsp;OnStoreContextRequest
</UL>

<P><STRONG><a name="[108]"></a>FLASH_WaitForLastOperation</STRONG> (Thumb, 96 bytes, Stack size 16 bytes, stm32wlxx_hal_flash.o(.text.FLASH_WaitForLastOperation))
<BR><BR>[Stack]<UL><LI>Max Depth = 16<LI>Call Chain = FLASH_WaitForLastOperation
</UL>
<BR>[Calls]<UL><LI><a href="#[e0]">&gt;&gt;</a>&nbsp;&nbsp;&nbsp;HAL_GetTick
</UL>
<BR>[Called By]<UL><LI><a href="#[103]">&gt;&gt;</a>&nbsp;&nbsp;&nbsp;HAL_FLASHEx_Erase_IT
<LI><a href="#[104]">&gt;&gt;</a>&nbsp;&nbsp;&nbsp;HAL_FLASHEx_Erase
</UL>

<P><STRONG><a name="[a9]"></a>GetBatteryLevel</STRONG> (Thumb, 66 bytes, Stack size 8 bytes, sys_app.o(.text.GetBatteryLevel))
<BR><BR>[Stack]<UL><LI>Max Depth = 96<LI>Call Chain = GetBatteryLevel &rArr; SYS_GetBatteryLevel &rArr; ADC_ReadChannels &rArr; HAL_ADCEx_Calibration_Start &rArr; ADC_Disable
</UL>
<BR>[Calls]<UL><LI><a href="#[109]">&gt;&gt;</a>&nbsp;&nbsp;&nbsp;SYS_GetBatteryLevel
</UL>
<BR>[Called By]<UL><LI><a href="#[62]">&gt;&gt;</a>&nbsp;&nbsp;&nbsp;SendTxData
</UL>
<BR>[Address Reference Count : 1]<UL><LI> lora_app.o(.data..L_MergedGlobals)
</UL>
<P><STRONG><a name="[ac]"></a>GetDevAddr</STRONG> (Thumb, 38 bytes, Stack size 8 bytes, sys_app.o(.text.GetDevAddr))
<BR><BR>[Stack]<UL><LI>Max Depth = 8<LI>Call Chain = GetDevAddr
</UL>
<BR>[Calls]<UL><LI><a href="#[10c]">&gt;&gt;</a>&nbsp;&nbsp;&nbsp;HAL_GetUIDw2
<LI><a href="#[10b]">&gt;&gt;</a>&nbsp;&nbsp;&nbsp;HAL_GetUIDw1
<LI><a href="#[10a]">&gt;&gt;</a>&nbsp;&nbsp;&nbsp;HAL_GetUIDw0
</UL>
<BR>[Address Reference Count : 1]<UL><LI> lora_app.o(.data..L_MergedGlobals)
</UL>
<P><STRONG><a name="[aa]"></a>GetTemperatureLevel</STRONG> (Thumb, 20 bytes, Stack size 32 bytes, sys_app.o(.text.GetTemperatureLevel))
<BR><BR>[Stack]<UL><LI>Max Depth = 144<LI>Call Chain = GetTemperatureLevel &rArr; EnvSensors_Read &rArr; SYS_GetTemperatureLevel &rArr; ADC_ReadChannels &rArr; HAL_ADCEx_Calibration_Start &rArr; ADC_Disable
</UL>
<BR>[Calls]<UL><LI><a href="#[ff]">&gt;&gt;</a>&nbsp;&nbsp;&nbsp;EnvSensors_Read
<LI><a href="#[10d]">&gt;&gt;</a>&nbsp;&nbsp;&nbsp;__aeabi_f2iz
</UL>
<BR>[Address Reference Count : 1]<UL><LI> lora_app.o(.data..L_MergedGlobals)
</UL>
<P><STRONG><a name="[ab]"></a>GetUniqueId</STRONG> (Thumb, 78 bytes, Stack size 16 bytes, sys_app.o(.text.GetUniqueId))
<BR><BR>[Stack]<UL><LI>Max Depth = 16<LI>Call Chain = GetUniqueId
</UL>
<BR>[Calls]<UL><LI><a href="#[10c]">&gt;&gt;</a>&nbsp;&nbsp;&nbsp;HAL_GetUIDw2
<LI><a href="#[10b]">&gt;&gt;</a>&nbsp;&nbsp;&nbsp;HAL_GetUIDw1
<LI><a href="#[10a]">&gt;&gt;</a>&nbsp;&nbsp;&nbsp;HAL_GetUIDw0
</UL>
<BR>[Address Reference Count : 1]<UL><LI> lora_app.o(.data..L_MergedGlobals)
</UL>
<P><STRONG><a name="[e4]"></a>HAL_ADCEx_Calibration_Start</STRONG> (Thumb, 1116 bytes, Stack size 32 bytes, stm32wlxx_hal_adc_ex.o(.text.HAL_ADCEx_Calibration_Start))
<BR><BR>[Stack]<UL><LI>Max Depth = 48<LI>Call Chain = HAL_ADCEx_Calibration_Start &rArr; ADC_Disable
</UL>
<BR>[Calls]<UL><LI><a href="#[e0]">&gt;&gt;</a>&nbsp;&nbsp;&nbsp;HAL_GetTick
<LI><a href="#[df]">&gt;&gt;</a>&nbsp;&nbsp;&nbsp;ADC_Disable
</UL>
<BR>[Called By]<UL><LI><a href="#[e2]">&gt;&gt;</a>&nbsp;&nbsp;&nbsp;ADC_ReadChannels
</UL>

<P><STRONG><a name="[e6]"></a>HAL_ADC_ConfigChannel</STRONG> (Thumb, 614 bytes, Stack size 32 bytes, stm32wlxx_hal_adc.o(.text.HAL_ADC_ConfigChannel))
<BR><BR>[Stack]<UL><LI>Max Depth = 32<LI>Call Chain = HAL_ADC_ConfigChannel
</UL>
<BR>[Called By]<UL><LI><a href="#[e2]">&gt;&gt;</a>&nbsp;&nbsp;&nbsp;ADC_ReadChannels
</UL>

<P><STRONG><a name="[eb]"></a>HAL_ADC_DeInit</STRONG> (Thumb, 232 bytes, Stack size 16 bytes, stm32wlxx_hal_adc.o(.text.HAL_ADC_DeInit))
<BR><BR>[Stack]<UL><LI>Max Depth = 32<LI>Call Chain = HAL_ADC_DeInit &rArr; ADC_Disable
</UL>
<BR>[Calls]<UL><LI><a href="#[10e]">&gt;&gt;</a>&nbsp;&nbsp;&nbsp;HAL_ADC_MspDeInit
<LI><a href="#[e0]">&gt;&gt;</a>&nbsp;&nbsp;&nbsp;HAL_GetTick
<LI><a href="#[df]">&gt;&gt;</a>&nbsp;&nbsp;&nbsp;ADC_Disable
</UL>
<BR>[Called By]<UL><LI><a href="#[e2]">&gt;&gt;</a>&nbsp;&nbsp;&nbsp;ADC_ReadChannels
</UL>

<P><STRONG><a name="[ea]"></a>HAL_ADC_GetValue</STRONG> (Thumb, 6 bytes, Stack size 0 bytes, stm32wlxx_hal_adc.o(.text.HAL_ADC_GetValue))
<BR><BR>[Called By]<UL><LI><a href="#[e2]">&gt;&gt;</a>&nbsp;&nbsp;&nbsp;ADC_ReadChannels
</UL>

<P><STRONG><a name="[10f]"></a>HAL_ADC_Init</STRONG> (Thumb, 652 bytes, Stack size 32 bytes, stm32wlxx_hal_adc.o(.text.HAL_ADC_Init))
<BR><BR>[Stack]<UL><LI>Max Depth = 36<LI>Call Chain = HAL_ADC_Init &rArr; HAL_ADC_MspInit
</UL>
<BR>[Calls]<UL><LI><a href="#[110]">&gt;&gt;</a>&nbsp;&nbsp;&nbsp;HAL_ADC_MspInit
</UL>
<BR>[Called By]<UL><LI><a href="#[e3]">&gt;&gt;</a>&nbsp;&nbsp;&nbsp;MX_ADC_Init
</UL>

<P><STRONG><a name="[10e]"></a>HAL_ADC_MspDeInit</STRONG> (Thumb, 32 bytes, Stack size 0 bytes, adc.o(.text.HAL_ADC_MspDeInit))
<BR><BR>[Called By]<UL><LI><a href="#[eb]">&gt;&gt;</a>&nbsp;&nbsp;&nbsp;HAL_ADC_DeInit
</UL>

<P><STRONG><a name="[110]"></a>HAL_ADC_MspInit</STRONG> (Thumb, 48 bytes, Stack size 4 bytes, adc.o(.text.HAL_ADC_MspInit))
<BR><BR>[Stack]<UL><LI>Max Depth = 4<LI>Call Chain = HAL_ADC_MspInit
</UL>
<BR>[Called By]<UL><LI><a href="#[10f]">&gt;&gt;</a>&nbsp;&nbsp;&nbsp;HAL_ADC_Init
</UL>

<P><STRONG><a name="[e8]"></a>HAL_ADC_PollForConversion</STRONG> (Thumb, 240 bytes, Stack size 24 bytes, stm32wlxx_hal_adc.o(.text.HAL_ADC_PollForConversion))
<BR><BR>[Stack]<UL><LI>Max Depth = 24<LI>Call Chain = HAL_ADC_PollForConversion
</UL>
<BR>[Calls]<UL><LI><a href="#[e0]">&gt;&gt;</a>&nbsp;&nbsp;&nbsp;HAL_GetTick
</UL>
<BR>[Called By]<UL><LI><a href="#[e2]">&gt;&gt;</a>&nbsp;&nbsp;&nbsp;ADC_ReadChannels
</UL>

<P><STRONG><a name="[e7]"></a>HAL_ADC_Start</STRONG> (Thumb, 92 bytes, Stack size 8 bytes, stm32wlxx_hal_adc.o(.text.HAL_ADC_Start))
<BR><BR>[Stack]<UL><LI>Max Depth = 32<LI>Call Chain = HAL_ADC_Start &rArr; ADC_Enable
</UL>
<BR>[Calls]<UL><LI><a href="#[e1]">&gt;&gt;</a>&nbsp;&nbsp;&nbsp;ADC_Enable
</UL>
<BR>[Called By]<UL><LI><a href="#[e2]">&gt;&gt;</a>&nbsp;&nbsp;&nbsp;ADC_ReadChannels
</UL>

<P><STRONG><a name="[e9]"></a>HAL_ADC_Stop</STRONG> (Thumb, 158 bytes, Stack size 16 bytes, stm32wlxx_hal_adc.o(.text.HAL_ADC_Stop))
<BR><BR>[Stack]<UL><LI>Max Depth = 32<LI>Call Chain = HAL_ADC_Stop &rArr; ADC_Disable
</UL>
<BR>[Calls]<UL><LI><a href="#[e0]">&gt;&gt;</a>&nbsp;&nbsp;&nbsp;HAL_GetTick
<LI><a href="#[df]">&gt;&gt;</a>&nbsp;&nbsp;&nbsp;ADC_Disable
</UL>
<BR>[Called By]<UL><LI><a href="#[e2]">&gt;&gt;</a>&nbsp;&nbsp;&nbsp;ADC_ReadChannels
</UL>

<P><STRONG><a name="[fa]"></a>HAL_DBGMCU_DisableDBGSleepMode</STRONG> (Thumb, 18 bytes, Stack size 0 bytes, stm32wlxx_hal.o(.text.HAL_DBGMCU_DisableDBGSleepMode))
<BR><BR>[Called By]<UL><LI><a href="#[f9]">&gt;&gt;</a>&nbsp;&nbsp;&nbsp;DBG_Init
</UL>

<P><STRONG><a name="[fc]"></a>HAL_DBGMCU_DisableDBGStandbyMode</STRONG> (Thumb, 18 bytes, Stack size 0 bytes, stm32wlxx_hal.o(.text.HAL_DBGMCU_DisableDBGStandbyMode))
<BR><BR>[Called By]<UL><LI><a href="#[f9]">&gt;&gt;</a>&nbsp;&nbsp;&nbsp;DBG_Init
</UL>

<P><STRONG><a name="[fb]"></a>HAL_DBGMCU_DisableDBGStopMode</STRONG> (Thumb, 18 bytes, Stack size 0 bytes, stm32wlxx_hal.o(.text.HAL_DBGMCU_DisableDBGStopMode))
<BR><BR>[Called By]<UL><LI><a href="#[f9]">&gt;&gt;</a>&nbsp;&nbsp;&nbsp;DBG_Init
</UL>

<P><STRONG><a name="[145]"></a>HAL_DMA_Abort</STRONG> (Thumb, 116 bytes, Stack size 8 bytes, stm32wlxx_hal_dma.o(.text.HAL_DMA_Abort))
<BR><BR>[Stack]<UL><LI>Max Depth = 8<LI>Call Chain = HAL_DMA_Abort
</UL>
<BR>[Called By]<UL><LI><a href="#[143]">&gt;&gt;</a>&nbsp;&nbsp;&nbsp;HAL_UART_IRQHandler
</UL>

<P><STRONG><a name="[14a]"></a>HAL_DMA_Abort_IT</STRONG> (Thumb, 112 bytes, Stack size 8 bytes, stm32wlxx_hal_dma.o(.text.HAL_DMA_Abort_IT))
<BR><BR>[Stack]<UL><LI>Max Depth = 8<LI>Call Chain = HAL_DMA_Abort_IT
</UL>
<BR>[Called By]<UL><LI><a href="#[143]">&gt;&gt;</a>&nbsp;&nbsp;&nbsp;HAL_UART_IRQHandler
</UL>

<P><STRONG><a name="[152]"></a>HAL_DMA_DeInit</STRONG> (Thumb, 248 bytes, Stack size 32 bytes, stm32wlxx_hal_dma.o(.text.HAL_DMA_DeInit))
<BR><BR>[Stack]<UL><LI>Max Depth = 32<LI>Call Chain = HAL_DMA_DeInit
</UL>
<BR>[Called By]<UL><LI><a href="#[150]">&gt;&gt;</a>&nbsp;&nbsp;&nbsp;HAL_UART_MspDeInit
</UL>

<P><STRONG><a name="[fd]"></a>HAL_DMA_IRQHandler</STRONG> (Thumb, 194 bytes, Stack size 16 bytes, stm32wlxx_hal_dma.o(.text.HAL_DMA_IRQHandler))
<BR><BR>[Stack]<UL><LI>Max Depth = 16<LI>Call Chain = HAL_DMA_IRQHandler
</UL>
<BR>[Called By]<UL><LI><a href="#[19]">&gt;&gt;</a>&nbsp;&nbsp;&nbsp;DMA1_Channel5_IRQHandler
</UL>

<P><STRONG><a name="[154]"></a>HAL_DMA_Init</STRONG> (Thumb, 308 bytes, Stack size 36 bytes, stm32wlxx_hal_dma.o(.text.HAL_DMA_Init))
<BR><BR>[Stack]<UL><LI>Max Depth = 36<LI>Call Chain = HAL_DMA_Init
</UL>
<BR>[Called By]<UL><LI><a href="#[1ea]">&gt;&gt;</a>&nbsp;&nbsp;&nbsp;vcom_Resume
<LI><a href="#[14d]">&gt;&gt;</a>&nbsp;&nbsp;&nbsp;HAL_UART_MspInit
</UL>

<P><STRONG><a name="[159]"></a>HAL_DMA_Start_IT</STRONG> (Thumb, 238 bytes, Stack size 24 bytes, stm32wlxx_hal_dma.o(.text.HAL_DMA_Start_IT))
<BR><BR>[Stack]<UL><LI>Max Depth = 24<LI>Call Chain = HAL_DMA_Start_IT
</UL>
<BR>[Called By]<UL><LI><a href="#[158]">&gt;&gt;</a>&nbsp;&nbsp;&nbsp;HAL_UART_Transmit_DMA
</UL>

<P><STRONG><a name="[111]"></a>HAL_Delay</STRONG> (Thumb, 12 bytes, Stack size 4 bytes, sys_app.o(.text.HAL_Delay))
<BR><BR>[Stack]<UL><LI>Max Depth = 60<LI>Call Chain = HAL_Delay &rArr; TIMER_IF_DelayMs &rArr; __aeabi_uldivmod
</UL>
<BR>[Calls]<UL><LI><a href="#[112]">&gt;&gt;</a>&nbsp;&nbsp;&nbsp;TIMER_IF_DelayMs
</UL>
<BR>[Called By]<UL><LI><a href="#[7a]">&gt;&gt;</a>&nbsp;&nbsp;&nbsp;RadioSleep
<LI><a href="#[73]">&gt;&gt;</a>&nbsp;&nbsp;&nbsp;RadioIsChannelFree
<LI><a href="#[6f]">&gt;&gt;</a>&nbsp;&nbsp;&nbsp;RadioInit
</UL>

<P><STRONG><a name="[104]"></a>HAL_FLASHEx_Erase</STRONG> (Thumb, 224 bytes, Stack size 40 bytes, stm32wlxx_hal_flash_ex.o(.text.HAL_FLASHEx_Erase))
<BR><BR>[Stack]<UL><LI>Max Depth = 56<LI>Call Chain = HAL_FLASHEx_Erase &rArr; FLASH_WaitForLastOperation
</UL>
<BR>[Calls]<UL><LI><a href="#[108]">&gt;&gt;</a>&nbsp;&nbsp;&nbsp;FLASH_WaitForLastOperation
</UL>
<BR>[Called By]<UL><LI><a href="#[105]">&gt;&gt;</a>&nbsp;&nbsp;&nbsp;FLASH_IF_Write
<LI><a href="#[102]">&gt;&gt;</a>&nbsp;&nbsp;&nbsp;FLASH_IF_EraseByPages
</UL>

<P><STRONG><a name="[103]"></a>HAL_FLASHEx_Erase_IT</STRONG> (Thumb, 124 bytes, Stack size 16 bytes, stm32wlxx_hal_flash_ex.o(.text.HAL_FLASHEx_Erase_IT))
<BR><BR>[Stack]<UL><LI>Max Depth = 32<LI>Call Chain = HAL_FLASHEx_Erase_IT &rArr; FLASH_WaitForLastOperation
</UL>
<BR>[Calls]<UL><LI><a href="#[108]">&gt;&gt;</a>&nbsp;&nbsp;&nbsp;FLASH_WaitForLastOperation
</UL>
<BR>[Called By]<UL><LI><a href="#[102]">&gt;&gt;</a>&nbsp;&nbsp;&nbsp;FLASH_IF_EraseByPages
</UL>

<P><STRONG><a name="[1e5]"></a>HAL_FLASH_Lock</STRONG> (Thumb, 24 bytes, Stack size 0 bytes, stm32wlxx_hal_flash.o(.text.HAL_FLASH_Lock))
<BR><BR>[Called By]<UL><LI><a href="#[ae]">&gt;&gt;</a>&nbsp;&nbsp;&nbsp;OnStoreContextRequest
</UL>

<P><STRONG><a name="[107]"></a>HAL_FLASH_Program</STRONG> (Thumb, 402 bytes, Stack size 32 bytes, stm32wlxx_hal_flash.o(.text.HAL_FLASH_Program))
<BR><BR>[Stack]<UL><LI>Max Depth = 32<LI>Call Chain = HAL_FLASH_Program
</UL>
<BR>[Calls]<UL><LI><a href="#[e0]">&gt;&gt;</a>&nbsp;&nbsp;&nbsp;HAL_GetTick
</UL>
<BR>[Called By]<UL><LI><a href="#[105]">&gt;&gt;</a>&nbsp;&nbsp;&nbsp;FLASH_IF_Write
</UL>

<P><STRONG><a name="[1e4]"></a>HAL_FLASH_Unlock</STRONG> (Thumb, 46 bytes, Stack size 0 bytes, stm32wlxx_hal_flash.o(.text.HAL_FLASH_Unlock))
<BR><BR>[Called By]<UL><LI><a href="#[ae]">&gt;&gt;</a>&nbsp;&nbsp;&nbsp;OnStoreContextRequest
</UL>

<P><STRONG><a name="[151]"></a>HAL_GPIO_DeInit</STRONG> (Thumb, 478 bytes, Stack size 36 bytes, stm32wlxx_hal_gpio.o(.text.HAL_GPIO_DeInit))
<BR><BR>[Stack]<UL><LI>Max Depth = 36<LI>Call Chain = HAL_GPIO_DeInit
</UL>
<BR>[Called By]<UL><LI><a href="#[150]">&gt;&gt;</a>&nbsp;&nbsp;&nbsp;HAL_UART_MspDeInit
</UL>

<P><STRONG><a name="[113]"></a>HAL_GPIO_EXTI_Callback</STRONG> (Thumb, 28 bytes, Stack size 0 bytes, lora_app.o(.text.HAL_GPIO_EXTI_Callback))
<BR><BR>[Calls]<UL><LI><a href="#[114]">&gt;&gt;</a>&nbsp;&nbsp;&nbsp;UTIL_SEQ_SetTask
</UL>
<BR>[Called By]<UL><LI><a href="#[fe]">&gt;&gt;</a>&nbsp;&nbsp;&nbsp;HAL_GPIO_EXTI_IRQHandler
</UL>

<P><STRONG><a name="[fe]"></a>HAL_GPIO_EXTI_IRQHandler</STRONG> (Thumb, 22 bytes, Stack size 0 bytes, stm32wlxx_hal_gpio.o(.text.HAL_GPIO_EXTI_IRQHandler))
<BR><BR>[Calls]<UL><LI><a href="#[113]">&gt;&gt;</a>&nbsp;&nbsp;&nbsp;HAL_GPIO_EXTI_Callback
</UL>
<BR>[Called By]<UL><LI><a href="#[11]">&gt;&gt;</a>&nbsp;&nbsp;&nbsp;EXTI1_IRQHandler
<LI><a href="#[10]">&gt;&gt;</a>&nbsp;&nbsp;&nbsp;EXTI0_IRQHandler
</UL>

<P><STRONG><a name="[f7]"></a>HAL_GPIO_Init</STRONG> (Thumb, 468 bytes, Stack size 52 bytes, stm32wlxx_hal_gpio.o(.text.HAL_GPIO_Init))
<BR><BR>[Stack]<UL><LI>Max Depth = 52<LI>Call Chain = HAL_GPIO_Init
</UL>
<BR>[Called By]<UL><LI><a href="#[1d1]">&gt;&gt;</a>&nbsp;&nbsp;&nbsp;MX_GPIO_Init
<LI><a href="#[f6]">&gt;&gt;</a>&nbsp;&nbsp;&nbsp;BSP_RADIO_Init
<LI><a href="#[14d]">&gt;&gt;</a>&nbsp;&nbsp;&nbsp;HAL_UART_MspInit
</UL>

<P><STRONG><a name="[1e1]"></a>HAL_GPIO_TogglePin</STRONG> (Thumb, 16 bytes, Stack size 0 bytes, stm32wlxx_hal_gpio.o(.text.HAL_GPIO_TogglePin))
<BR><BR>[Called By]<UL><LI><a href="#[5f]">&gt;&gt;</a>&nbsp;&nbsp;&nbsp;OnJoinTimerLedEvent
</UL>

<P><STRONG><a name="[f5]"></a>HAL_GPIO_WritePin</STRONG> (Thumb, 12 bytes, Stack size 0 bytes, stm32wlxx_hal_gpio.o(.text.HAL_GPIO_WritePin))
<BR><BR>[Called By]<UL><LI><a href="#[1d1]">&gt;&gt;</a>&nbsp;&nbsp;&nbsp;MX_GPIO_Init
<LI><a href="#[62]">&gt;&gt;</a>&nbsp;&nbsp;&nbsp;SendTxData
<LI><a href="#[5d]">&gt;&gt;</a>&nbsp;&nbsp;&nbsp;OnTxTimerLedEvent
<LI><a href="#[b2]">&gt;&gt;</a>&nbsp;&nbsp;&nbsp;OnTxData
<LI><a href="#[5e]">&gt;&gt;</a>&nbsp;&nbsp;&nbsp;OnRxTimerLedEvent
<LI><a href="#[b3]">&gt;&gt;</a>&nbsp;&nbsp;&nbsp;OnRxData
<LI><a href="#[b1]">&gt;&gt;</a>&nbsp;&nbsp;&nbsp;OnJoinRequest
<LI><a href="#[f6]">&gt;&gt;</a>&nbsp;&nbsp;&nbsp;BSP_RADIO_Init
[...]
</UL>
<P><STRONG><a name="[67]"></a>RadioOnTxTimeoutIrq</STRONG> (Thumb, 24 bytes, Stack size 0 bytes, radio.o(.text.RadioOnTxTimeoutIrq))
<BR>[Address Reference Count : 1]<UL><LI> radio.o(.text.RadioInit)
</UL>
<P><STRONG><a name="[74]"></a>RadioRandom</STRONG> (Thumb, 22 bytes, Stack size 8 bytes, radio.o(.text.RadioRandom))
<BR><BR>[Stack]<UL><LI>Max Depth = 92<LI>Call Chain = RadioRandom &rArr; SUBGRF_GetRandom &rArr; HAL_SUBGHZ_ExecSetCmd
</UL>
<BR>[Calls]<UL><LI><a href="#[20b]">&gt;&gt;</a>&nbsp;&nbsp;&nbsp;SUBGRF_SetDioIrqParams
<LI><a href="#[225]">&gt;&gt;</a>&nbsp;&nbsp;&nbsp;SUBGRF_GetRandom
</UL>
<BR>[Address Reference Count : 1]<UL><LI> radio.o(.rodata.Radio)
</UL>
<P><STRONG><a name="[81]"></a>RadioRead</STRONG> (Thumb, 4 bytes, Stack size 0 bytes, radio.o(.text.RadioRead))
<BR><BR>[Stack]<UL><LI>Max Depth = 48<LI>Call Chain = RadioRead &rArr; SUBGRF_ReadRegister &rArr; HAL_SUBGHZ_ReadRegisters
</UL>
<BR>[Calls]<UL><LI><a href="#[211]">&gt;&gt;</a>&nbsp;&nbsp;&nbsp;SUBGRF_ReadRegister
</UL>
<BR>[Address Reference Count : 1]<UL><LI> radio.o(.rodata.Radio)
</UL>
<P><STRONG><a name="[83]"></a>RadioReadRegisters</STRONG> (Thumb, 4 bytes, Stack size 0 bytes, radio.o(.text.RadioReadRegisters))
<BR><BR>[Stack]<UL><LI>Max Depth = 40<LI>Call Chain = RadioReadRegisters &rArr; SUBGRF_ReadRegisters &rArr; HAL_SUBGHZ_ReadRegisters
</UL>
<BR>[Calls]<UL><LI><a href="#[226]">&gt;&gt;</a>&nbsp;&nbsp;&nbsp;SUBGRF_ReadRegisters
</UL>
<BR>[Address Reference Count : 1]<UL><LI> radio.o(.rodata.Radio)
</UL>
<P><STRONG><a name="[7f]"></a>RadioRssi</STRONG> (Thumb, 8 bytes, Stack size 8 bytes, radio.o(.text.RadioRssi))
<BR><BR>[Stack]<UL><LI>Max Depth = 56<LI>Call Chain = RadioRssi &rArr; SUBGRF_GetRssiInst &rArr; HAL_SUBGHZ_ExecGetCmd
</UL>
<BR>[Calls]<UL><LI><a href="#[224]">&gt;&gt;</a>&nbsp;&nbsp;&nbsp;SUBGRF_GetRssiInst
</UL>
<BR>[Address Reference Count : 1]<UL><LI> radio.o(.rodata.Radio)
</UL>
<P><STRONG><a name="[7c]"></a>RadioRx</STRONG> (Thumb, 108 bytes, Stack size 16 bytes, radio.o(.text.RadioRx))
<BR><BR>[Stack]<UL><LI>Max Depth = 80<LI>Call Chain = RadioRx &rArr; UTIL_TIMER_SetPeriod &rArr; UTIL_TIMER_Start
</UL>
<BR>[Calls]<UL><LI><a href="#[183]">&gt;&gt;</a>&nbsp;&nbsp;&nbsp;UTIL_TIMER_Start
<LI><a href="#[182]">&gt;&gt;</a>&nbsp;&nbsp;&nbsp;UTIL_TIMER_SetPeriod
<LI><a href="#[221]">&gt;&gt;</a>&nbsp;&nbsp;&nbsp;RFW_ReceiveInit
<LI><a href="#[214]">&gt;&gt;</a>&nbsp;&nbsp;&nbsp;RFW_Is_Init
<LI><a href="#[222]">&gt;&gt;</a>&nbsp;&nbsp;&nbsp;SUBGRF_SetSwitch
<LI><a href="#[223]">&gt;&gt;</a>&nbsp;&nbsp;&nbsp;SUBGRF_SetRx
<LI><a href="#[20b]">&gt;&gt;</a>&nbsp;&nbsp;&nbsp;SUBGRF_SetDioIrqParams
</UL>
<BR>[Address Reference Count : 1]<UL><LI> radio.o(.rodata.Radio)
</UL>
<P><STRONG><a name="[88]"></a>RadioRxBoosted</STRONG> (Thumb, 108 bytes, Stack size 16 bytes, radio.o(.text.RadioRxBoosted))
<BR><BR>[Stack]<UL><LI>Max Depth = 80<LI>Call Chain = RadioRxBoosted &rArr; UTIL_TIMER_SetPeriod &rArr; UTIL_TIMER_Start
</UL>
<BR>[Calls]<UL><LI><a href="#[183]">&gt;&gt;</a>&nbsp;&nbsp;&nbsp;UTIL_TIMER_Start
<LI><a href="#[182]">&gt;&gt;</a>&nbsp;&nbsp;&nbsp;UTIL_TIMER_SetPeriod
<LI><a href="#[221]">&gt;&gt;</a>&nbsp;&nbsp;&nbsp;RFW_ReceiveInit
<LI><a href="#[214]">&gt;&gt;</a>&nbsp;&nbsp;&nbsp;RFW_Is_Init
<LI><a href="#[222]">&gt;&gt;</a>&nbsp;&nbsp;&nbsp;SUBGRF_SetSwitch
<LI><a href="#[227]">&gt;&gt;</a>&nbsp;&nbsp;&nbsp;SUBGRF_SetRxBoosted
<LI><a href="#[20b]">&gt;&gt;</a>&nbsp;&nbsp;&nbsp;SUBGRF_SetDioIrqParams
</UL>
<BR>[Address Reference Count : 1]<UL><LI> radio.o(.rodata.Radio)
</UL>
<P><STRONG><a name="[79]"></a>RadioSend</STRONG> (Thumb, 636 bytes, Stack size 40 bytes, radio.o(.text.RadioSend))
<BR><BR>[Stack]<UL><LI>Max Depth = 272 + Unknown Stack Size
<LI>Call Chain = RadioSend &rArr; UTIL_ADV_TRACE_COND_FSend &rArr; tiny_vsnprintf_like &rArr; strlen
</UL>
<BR>[Calls]<UL><LI><a href="#[183]">&gt;&gt;</a>&nbsp;&nbsp;&nbsp;UTIL_TIMER_Start
<LI><a href="#[182]">&gt;&gt;</a>&nbsp;&nbsp;&nbsp;UTIL_TIMER_SetPeriod
<LI><a href="#[16a]">&gt;&gt;</a>&nbsp;&nbsp;&nbsp;UTIL_ADV_TRACE_COND_FSend
<LI><a href="#[228]">&gt;&gt;</a>&nbsp;&nbsp;&nbsp;RFW_TransmitInit
<LI><a href="#[214]">&gt;&gt;</a>&nbsp;&nbsp;&nbsp;RFW_Is_Init
<LI><a href="#[210]">&gt;&gt;</a>&nbsp;&nbsp;&nbsp;SUBGRF_WriteRegister
<LI><a href="#[222]">&gt;&gt;</a>&nbsp;&nbsp;&nbsp;SUBGRF_SetSwitch
<LI><a href="#[21e]">&gt;&gt;</a>&nbsp;&nbsp;&nbsp;SUBGRF_SetPacketParams
<LI><a href="#[20b]">&gt;&gt;</a>&nbsp;&nbsp;&nbsp;SUBGRF_SetDioIrqParams
<LI><a href="#[229]">&gt;&gt;</a>&nbsp;&nbsp;&nbsp;SUBGRF_SendPayload
<LI><a href="#[211]">&gt;&gt;</a>&nbsp;&nbsp;&nbsp;SUBGRF_ReadRegister
</UL>
<BR>[Address Reference Count : 1]<UL><LI> radio.o(.rodata.Radio)
</UL>
<P><STRONG><a name="[72]"></a>RadioSetChannel</STRONG> (Thumb, 4 bytes, Stack size 0 bytes, radio.o(.text.RadioSetChannel))
<BR><BR>[Stack]<UL><LI>Max Depth = 72<LI>Call Chain = RadioSetChannel &rArr; SUBGRF_SetRfFrequency &rArr; __aeabi_uldivmod
</UL>
<BR>[Calls]<UL><LI><a href="#[219]">&gt;&gt;</a>&nbsp;&nbsp;&nbsp;SUBGRF_SetRfFrequency
</UL>
<BR>[Address Reference Count : 1]<UL><LI> radio.o(.rodata.Radio)
</UL>
<P><STRONG><a name="[84]"></a>RadioSetMaxPayloadLength</STRONG> (Thumb, 56 bytes, Stack size 0 bytes, radio.o(.text.RadioSetMaxPayloadLength))
<BR><BR>[Stack]<UL><LI>Max Depth = 68<LI>Call Chain = RadioSetMaxPayloadLength &rArr; SUBGRF_SetPacketParams &rArr; HAL_SUBGHZ_ExecSetCmd
</UL>
<BR>[Calls]<UL><LI><a href="#[21e]">&gt;&gt;</a>&nbsp;&nbsp;&nbsp;SUBGRF_SetPacketParams
</UL>
<BR>[Address Reference Count : 1]<UL><LI> radio.o(.rodata.Radio)
</UL>
<P><STRONG><a name="[71]"></a>RadioSetModem</STRONG> (Thumb, 142 bytes, Stack size 16 bytes, radio.o(.text.RadioSetModem))
<BR><BR>[Stack]<UL><LI>Max Depth = 68 + In Cycle
<LI>Call Chain = RadioSetModem &rArr;  RadioSetModem (Cycle)
</UL>
<BR>[Calls]<UL><LI><a href="#[217]">&gt;&gt;</a>&nbsp;&nbsp;&nbsp;RFW_SetRadioModem
<LI><a href="#[210]">&gt;&gt;</a>&nbsp;&nbsp;&nbsp;SUBGRF_WriteRegister
<LI><a href="#[218]">&gt;&gt;</a>&nbsp;&nbsp;&nbsp;SUBGRF_SetPacketType
<LI><a href="#[71]">&gt;&gt;</a>&nbsp;&nbsp;&nbsp;RadioSetModem
</UL>
<BR>[Called By]<UL><LI><a href="#[8d]">&gt;&gt;</a>&nbsp;&nbsp;&nbsp;RadioSetTxGenericConfig
<LI><a href="#[76]">&gt;&gt;</a>&nbsp;&nbsp;&nbsp;RadioSetTxConfig
<LI><a href="#[8c]">&gt;&gt;</a>&nbsp;&nbsp;&nbsp;RadioSetRxGenericConfig
<LI><a href="#[75]">&gt;&gt;</a>&nbsp;&nbsp;&nbsp;RadioSetRxConfig
<LI><a href="#[85]">&gt;&gt;</a>&nbsp;&nbsp;&nbsp;RadioSetPublicNetwork
<LI><a href="#[71]">&gt;&gt;</a>&nbsp;&nbsp;&nbsp;RadioSetModem
</UL>
<BR>[Address Reference Count : 1]<UL><LI> radio.o(.rodata.Radio)
</UL>
<P><STRONG><a name="[85]"></a>RadioSetPublicNetwork</STRONG> (Thumb, 58 bytes, Stack size 8 bytes, radio.o(.text.RadioSetPublicNetwork))
<BR><BR>[Stack]<UL><LI>Max Depth = 76<LI>Call Chain = RadioSetPublicNetwork &rArr; RadioSetModem &rArr;  RadioSetModem (Cycle)
</UL>
<BR>[Calls]<UL><LI><a href="#[210]">&gt;&gt;</a>&nbsp;&nbsp;&nbsp;SUBGRF_WriteRegister
<LI><a href="#[71]">&gt;&gt;</a>&nbsp;&nbsp;&nbsp;RadioSetModem
</UL>
<BR>[Address Reference Count : 1]<UL><LI> radio.o(.rodata.Radio)
</UL>
<P><STRONG><a name="[75]"></a>RadioSetRxConfig</STRONG> (Thumb, 736 bytes, Stack size 56 bytes, radio.o(.text.RadioSetRxConfig))
<BR><BR>[Stack]<UL><LI>Max Depth = 136<LI>Call Chain = RadioSetRxConfig &rArr; SUBGRF_SetModulationParams &rArr; __aeabi_uldivmod
</UL>
<BR>[Calls]<UL><LI><a href="#[217]">&gt;&gt;</a>&nbsp;&nbsp;&nbsp;RFW_SetRadioModem
<LI><a href="#[21a]">&gt;&gt;</a>&nbsp;&nbsp;&nbsp;RFW_DeInit
<LI><a href="#[210]">&gt;&gt;</a>&nbsp;&nbsp;&nbsp;SUBGRF_WriteRegister
<LI><a href="#[220]">&gt;&gt;</a>&nbsp;&nbsp;&nbsp;SUBGRF_SetWhiteningSeed
<LI><a href="#[21f]">&gt;&gt;</a>&nbsp;&nbsp;&nbsp;SUBGRF_SetSyncWord
<LI><a href="#[21b]">&gt;&gt;</a>&nbsp;&nbsp;&nbsp;SUBGRF_SetStopRxTimerOnPreambleDetect
<LI><a href="#[20d]">&gt;&gt;</a>&nbsp;&nbsp;&nbsp;SUBGRF_SetStandby
<LI><a href="#[218]">&gt;&gt;</a>&nbsp;&nbsp;&nbsp;SUBGRF_SetPacketType
<LI><a href="#[21e]">&gt;&gt;</a>&nbsp;&nbsp;&nbsp;SUBGRF_SetPacketParams
<LI><a href="#[21d]">&gt;&gt;</a>&nbsp;&nbsp;&nbsp;SUBGRF_SetModulationParams
<LI><a href="#[22a]">&gt;&gt;</a>&nbsp;&nbsp;&nbsp;SUBGRF_SetLoRaSymbNumTimeout
<LI><a href="#[211]">&gt;&gt;</a>&nbsp;&nbsp;&nbsp;SUBGRF_ReadRegister
<LI><a href="#[21c]">&gt;&gt;</a>&nbsp;&nbsp;&nbsp;SUBGRF_GetFskBandwidthRegValue
<LI><a href="#[71]">&gt;&gt;</a>&nbsp;&nbsp;&nbsp;RadioSetModem
</UL>
<BR>[Address Reference Count : 1]<UL><LI> radio.o(.rodata.Radio)
</UL>
<P><STRONG><a name="[89]"></a>RadioSetRxDutyCycle</STRONG> (Thumb, 58 bytes, Stack size 16 bytes, radio.o(.text.RadioSetRxDutyCycle))
<BR><BR>[Stack]<UL><LI>Max Depth = 76<LI>Call Chain = RadioSetRxDutyCycle &rArr; SUBGRF_SetRxDutyCycle &rArr; HAL_SUBGHZ_ExecSetCmd
</UL>
<BR>[Calls]<UL><LI><a href="#[222]">&gt;&gt;</a>&nbsp;&nbsp;&nbsp;SUBGRF_SetSwitch
<LI><a href="#[22b]">&gt;&gt;</a>&nbsp;&nbsp;&nbsp;SUBGRF_SetRxDutyCycle
<LI><a href="#[20b]">&gt;&gt;</a>&nbsp;&nbsp;&nbsp;SUBGRF_SetDioIrqParams
</UL>
<BR>[Address Reference Count : 1]<UL><LI> radio.o(.rodata.Radio)
</UL>
<P><STRONG><a name="[8c]"></a>RadioSetRxGenericConfig</STRONG> (Thumb, 552 bytes, Stack size 56 bytes, radio.o(.text.RadioSetRxGenericConfig))
<BR><BR>[Stack]<UL><LI>Max Depth = 136<LI>Call Chain = RadioSetRxGenericConfig &rArr; SUBGRF_SetModulationParams &rArr; __aeabi_uldivmod
</UL>
<BR>[Calls]<UL><LI><a href="#[106]">&gt;&gt;</a>&nbsp;&nbsp;&nbsp;UTIL_MEM_cpy_8
<LI><a href="#[217]">&gt;&gt;</a>&nbsp;&nbsp;&nbsp;RFW_SetRadioModem
<LI><a href="#[22c]">&gt;&gt;</a>&nbsp;&nbsp;&nbsp;RFW_Init
<LI><a href="#[21a]">&gt;&gt;</a>&nbsp;&nbsp;&nbsp;RFW_DeInit
<LI><a href="#[210]">&gt;&gt;</a>&nbsp;&nbsp;&nbsp;SUBGRF_WriteRegister
<LI><a href="#[220]">&gt;&gt;</a>&nbsp;&nbsp;&nbsp;SUBGRF_SetWhiteningSeed
<LI><a href="#[21f]">&gt;&gt;</a>&nbsp;&nbsp;&nbsp;SUBGRF_SetSyncWord
<LI><a href="#[21b]">&gt;&gt;</a>&nbsp;&nbsp;&nbsp;SUBGRF_SetStopRxTimerOnPreambleDetect
<LI><a href="#[20d]">&gt;&gt;</a>&nbsp;&nbsp;&nbsp;SUBGRF_SetStandby
<LI><a href="#[218]">&gt;&gt;</a>&nbsp;&nbsp;&nbsp;SUBGRF_SetPacketType
<LI><a href="#[21e]">&gt;&gt;</a>&nbsp;&nbsp;&nbsp;SUBGRF_SetPacketParams
<LI><a href="#[21d]">&gt;&gt;</a>&nbsp;&nbsp;&nbsp;SUBGRF_SetModulationParams
<LI><a href="#[22a]">&gt;&gt;</a>&nbsp;&nbsp;&nbsp;SUBGRF_SetLoRaSymbNumTimeout
<LI><a href="#[22d]">&gt;&gt;</a>&nbsp;&nbsp;&nbsp;SUBGRF_SetCrcPolynomial
<LI><a href="#[211]">&gt;&gt;</a>&nbsp;&nbsp;&nbsp;SUBGRF_ReadRegister
<LI><a href="#[21c]">&gt;&gt;</a>&nbsp;&nbsp;&nbsp;SUBGRF_GetFskBandwidthRegValue
<LI><a href="#[71]">&gt;&gt;</a>&nbsp;&nbsp;&nbsp;RadioSetModem
</UL>
<BR>[Address Reference Count : 1]<UL><LI> radio.o(.rodata.Radio)
</UL>
<P><STRONG><a name="[76]"></a>RadioSetTxConfig</STRONG> (Thumb, 440 bytes, Stack size 48 bytes, radio.o(.text.RadioSetTxConfig))
<BR><BR>[Stack]<UL><LI>Max Depth = 132<LI>Call Chain = RadioSetTxConfig &rArr; SUBGRF_SetRfTxPower &rArr; SUBGRF_SetTxParams &rArr; HAL_SUBGHZ_ExecSetCmd
</UL>
<BR>[Calls]<UL><LI><a href="#[217]">&gt;&gt;</a>&nbsp;&nbsp;&nbsp;RFW_SetRadioModem
<LI><a href="#[22f]">&gt;&gt;</a>&nbsp;&nbsp;&nbsp;RFW_SetAntSwitch
<LI><a href="#[21a]">&gt;&gt;</a>&nbsp;&nbsp;&nbsp;RFW_DeInit
<LI><a href="#[220]">&gt;&gt;</a>&nbsp;&nbsp;&nbsp;SUBGRF_SetWhiteningSeed
<LI><a href="#[21f]">&gt;&gt;</a>&nbsp;&nbsp;&nbsp;SUBGRF_SetSyncWord
<LI><a href="#[20d]">&gt;&gt;</a>&nbsp;&nbsp;&nbsp;SUBGRF_SetStandby
<LI><a href="#[22e]">&gt;&gt;</a>&nbsp;&nbsp;&nbsp;SUBGRF_SetRfTxPower
<LI><a href="#[218]">&gt;&gt;</a>&nbsp;&nbsp;&nbsp;SUBGRF_SetPacketType
<LI><a href="#[21e]">&gt;&gt;</a>&nbsp;&nbsp;&nbsp;SUBGRF_SetPacketParams
<LI><a href="#[21d]">&gt;&gt;</a>&nbsp;&nbsp;&nbsp;SUBGRF_SetModulationParams
<LI><a href="#[21c]">&gt;&gt;</a>&nbsp;&nbsp;&nbsp;SUBGRF_GetFskBandwidthRegValue
<LI><a href="#[71]">&gt;&gt;</a>&nbsp;&nbsp;&nbsp;RadioSetModem
</UL>
<BR>[Address Reference Count : 1]<UL><LI> radio.o(.rodata.Radio)
</UL>
<P><STRONG><a name="[7e]"></a>RadioSetTxContinuousWave</STRONG> (Thumb, 60 bytes, Stack size 16 bytes, radio.o(.text.RadioSetTxContinuousWave))
<BR><BR>[Stack]<UL><LI>Max Depth = 100<LI>Call Chain = RadioSetTxContinuousWave &rArr; SUBGRF_SetRfTxPower &rArr; SUBGRF_SetTxParams &rArr; HAL_SUBGHZ_ExecSetCmd
</UL>
<BR>[Calls]<UL><LI><a href="#[183]">&gt;&gt;</a>&nbsp;&nbsp;&nbsp;UTIL_TIMER_Start
<LI><a href="#[182]">&gt;&gt;</a>&nbsp;&nbsp;&nbsp;UTIL_TIMER_SetPeriod
<LI><a href="#[230]">&gt;&gt;</a>&nbsp;&nbsp;&nbsp;SUBGRF_SetTxContinuousWave
<LI><a href="#[222]">&gt;&gt;</a>&nbsp;&nbsp;&nbsp;SUBGRF_SetSwitch
<LI><a href="#[22e]">&gt;&gt;</a>&nbsp;&nbsp;&nbsp;SUBGRF_SetRfTxPower
<LI><a href="#[219]">&gt;&gt;</a>&nbsp;&nbsp;&nbsp;SUBGRF_SetRfFrequency
</UL>
<BR>[Address Reference Count : 1]<UL><LI> radio.o(.rodata.Radio)
</UL>
<P><STRONG><a name="[8d]"></a>RadioSetTxGenericConfig</STRONG> (Thumb, 704 bytes, Stack size 56 bytes, radio.o(.text.RadioSetTxGenericConfig))
<BR><BR>[Stack]<UL><LI>Max Depth = 140<LI>Call Chain = RadioSetTxGenericConfig &rArr; SUBGRF_SetRfTxPower &rArr; SUBGRF_SetTxParams &rArr; HAL_SUBGHZ_ExecSetCmd
</UL>
<BR>[Calls]<UL><LI><a href="#[106]">&gt;&gt;</a>&nbsp;&nbsp;&nbsp;UTIL_MEM_cpy_8
<LI><a href="#[217]">&gt;&gt;</a>&nbsp;&nbsp;&nbsp;RFW_SetRadioModem
<LI><a href="#[22f]">&gt;&gt;</a>&nbsp;&nbsp;&nbsp;RFW_SetAntSwitch
<LI><a href="#[22c]">&gt;&gt;</a>&nbsp;&nbsp;&nbsp;RFW_Init
<LI><a href="#[21a]">&gt;&gt;</a>&nbsp;&nbsp;&nbsp;RFW_DeInit
<LI><a href="#[210]">&gt;&gt;</a>&nbsp;&nbsp;&nbsp;SUBGRF_WriteRegister
<LI><a href="#[220]">&gt;&gt;</a>&nbsp;&nbsp;&nbsp;SUBGRF_SetWhiteningSeed
<LI><a href="#[21f]">&gt;&gt;</a>&nbsp;&nbsp;&nbsp;SUBGRF_SetSyncWord
<LI><a href="#[20d]">&gt;&gt;</a>&nbsp;&nbsp;&nbsp;SUBGRF_SetStandby
<LI><a href="#[22e]">&gt;&gt;</a>&nbsp;&nbsp;&nbsp;SUBGRF_SetRfTxPower
<LI><a href="#[218]">&gt;&gt;</a>&nbsp;&nbsp;&nbsp;SUBGRF_SetPacketType
<LI><a href="#[21e]">&gt;&gt;</a>&nbsp;&nbsp;&nbsp;SUBGRF_SetPacketParams
<LI><a href="#[21d]">&gt;&gt;</a>&nbsp;&nbsp;&nbsp;SUBGRF_SetModulationParams
<LI><a href="#[22d]">&gt;&gt;</a>&nbsp;&nbsp;&nbsp;SUBGRF_SetCrcPolynomial
<LI><a href="#[211]">&gt;&gt;</a>&nbsp;&nbsp;&nbsp;SUBGRF_ReadRegister
<LI><a href="#[71]">&gt;&gt;</a>&nbsp;&nbsp;&nbsp;RadioSetModem
</UL>
<BR>[Address Reference Count : 1]<UL><LI> radio.o(.rodata.Radio)
</UL>
<P><STRONG><a name="[7a]"></a>RadioSleep</STRONG> (Thumb, 18 bytes, Stack size 8 bytes, radio.o(.text.RadioSleep))
<BR><BR>[Stack]<UL><LI>Max Depth = 68<LI>Call Chain = RadioSleep &rArr; HAL_Delay &rArr; TIMER_IF_DelayMs &rArr; __aeabi_uldivmod
</UL>
<BR>[Calls]<UL><LI><a href="#[111]">&gt;&gt;</a>&nbsp;&nbsp;&nbsp;HAL_Delay
<LI><a href="#[20c]">&gt;&gt;</a>&nbsp;&nbsp;&nbsp;SUBGRF_SetSleep
</UL>
<BR>[Address Reference Count : 1]<UL><LI> radio.o(.rodata.Radio)
</UL>
<P><STRONG><a name="[7b]"></a>RadioStandby</STRONG> (Thumb, 6 bytes, Stack size 0 bytes, radio.o(.text.RadioStandby))
<BR><BR>[Stack]<UL><LI>Max Depth = 52<LI>Call Chain = RadioStandby &rArr; SUBGRF_SetStandby &rArr; HAL_SUBGHZ_ExecSetCmd
</UL>
<BR>[Calls]<UL><LI><a href="#[20d]">&gt;&gt;</a>&nbsp;&nbsp;&nbsp;SUBGRF_SetStandby
</UL>
<BR>[Address Reference Count : 1]<UL><LI> radio.o(.rodata.Radio)
</UL>
<P><STRONG><a name="[7d]"></a>RadioStartCad</STRONG> (Thumb, 44 bytes, Stack size 8 bytes, radio.o(.text.RadioStartCad))
<BR><BR>[Stack]<UL><LI>Max Depth = 64<LI>Call Chain = RadioStartCad &rArr; SUBGRF_SetSwitch &rArr; HAL_SUBGHZ_WriteRegisters
</UL>
<BR>[Calls]<UL><LI><a href="#[222]">&gt;&gt;</a>&nbsp;&nbsp;&nbsp;SUBGRF_SetSwitch
<LI><a href="#[20b]">&gt;&gt;</a>&nbsp;&nbsp;&nbsp;SUBGRF_SetDioIrqParams
<LI><a href="#[231]">&gt;&gt;</a>&nbsp;&nbsp;&nbsp;SUBGRF_SetCad
</UL>
<BR>[Address Reference Count : 1]<UL><LI> radio.o(.rodata.Radio)
</UL>
<P><STRONG><a name="[78]"></a>RadioTimeOnAir</STRONG> (Thumb, 472 bytes, Stack size 24 bytes, radio.o(.text.RadioTimeOnAir))
<BR><BR>[Stack]<UL><LI>Max Depth = 24<LI>Call Chain = RadioTimeOnAir
</UL>
<BR>[Address Reference Count : 1]<UL><LI> radio.o(.rodata.Radio)
</UL>
<P><STRONG><a name="[8b]"></a>RadioTxCw</STRONG> (Thumb, 20 bytes, Stack size 8 bytes, radio.o(.text.RadioTxCw))
<BR><BR>[Stack]<UL><LI>Max Depth = 92<LI>Call Chain = RadioTxCw &rArr; SUBGRF_SetRfTxPower &rArr; SUBGRF_SetTxParams &rArr; HAL_SUBGHZ_ExecSetCmd
</UL>
<BR>[Calls]<UL><LI><a href="#[230]">&gt;&gt;</a>&nbsp;&nbsp;&nbsp;SUBGRF_SetTxContinuousWave
<LI><a href="#[222]">&gt;&gt;</a>&nbsp;&nbsp;&nbsp;SUBGRF_SetSwitch
<LI><a href="#[22e]">&gt;&gt;</a>&nbsp;&nbsp;&nbsp;SUBGRF_SetRfTxPower
</UL>
<BR>[Address Reference Count : 1]<UL><LI> radio.o(.rodata.Radio)
</UL>
<P><STRONG><a name="[8a]"></a>RadioTxPrbs</STRONG> (Thumb, 50 bytes, Stack size 8 bytes, radio.o(.text.RadioTxPrbs))
<BR><BR>[Stack]<UL><LI>Max Depth = 64<LI>Call Chain = RadioTxPrbs &rArr; SUBGRF_SetSwitch &rArr; HAL_SUBGHZ_WriteRegisters
</UL>
<BR>[Calls]<UL><LI><a href="#[210]">&gt;&gt;</a>&nbsp;&nbsp;&nbsp;SUBGRF_WriteRegister
<LI><a href="#[232]">&gt;&gt;</a>&nbsp;&nbsp;&nbsp;SUBGRF_SetTxInfinitePreamble
<LI><a href="#[233]">&gt;&gt;</a>&nbsp;&nbsp;&nbsp;SUBGRF_SetTx
<LI><a href="#[222]">&gt;&gt;</a>&nbsp;&nbsp;&nbsp;SUBGRF_SetSwitch
</UL>
<BR>[Address Reference Count : 1]<UL><LI> radio.o(.rodata.Radio)
</UL>
<P><STRONG><a name="[80]"></a>RadioWrite</STRONG> (Thumb, 4 bytes, Stack size 0 bytes, radio.o(.text.RadioWrite))
<BR><BR>[Stack]<UL><LI>Max Depth = 48<LI>Call Chain = RadioWrite &rArr; SUBGRF_WriteRegister &rArr; HAL_SUBGHZ_WriteRegisters
</UL>
<BR>[Calls]<UL><LI><a href="#[210]">&gt;&gt;</a>&nbsp;&nbsp;&nbsp;SUBGRF_WriteRegister
</UL>
<BR>[Address Reference Count : 1]<UL><LI> radio.o(.rodata.Radio)
</UL>
<P><STRONG><a name="[82]"></a>RadioWriteRegisters</STRONG> (Thumb, 4 bytes, Stack size 0 bytes, radio.o(.text.RadioWriteRegisters))
<BR><BR>[Stack]<UL><LI>Max Depth = 40<LI>Call Chain = RadioWriteRegisters &rArr; SUBGRF_WriteRegisters &rArr; HAL_SUBGHZ_WriteRegisters
</UL>
<BR>[Calls]<UL><LI><a href="#[234]">&gt;&gt;</a>&nbsp;&nbsp;&nbsp;SUBGRF_WriteRegisters
</UL>
<BR>[Address Reference Count : 1]<UL><LI> radio.o(.rodata.Radio)
</UL>
<P><STRONG><a name="[2a0]"></a>TRACE_Send</STRONG> (Thumb, 170 bytes, Stack size 16 bytes, stm32_adv_trace.o(.text.TRACE_Send))
<BR><BR>[Stack]<UL><LI>Max Depth = 16<LI>Call Chain = TRACE_Send
</UL>
<BR>[Calls]<UL><LI><a href="#[2a1]">&gt;&gt;</a>&nbsp;&nbsp;&nbsp;UTIL_ADV_TRACE_PreSendHook
</UL>
<BR>[Called By]<UL><LI><a href="#[16a]">&gt;&gt;</a>&nbsp;&nbsp;&nbsp;UTIL_ADV_TRACE_COND_FSend
</UL>

<P><STRONG><a name="[6e]"></a>TRACE_TxCpltCallback</STRONG> (Thumb, 172 bytes, Stack size 8 bytes, stm32_adv_trace.o(.text.TRACE_TxCpltCallback))
<BR><BR>[Stack]<UL><LI>Max Depth = 8<LI>Call Chain = TRACE_TxCpltCallback
</UL>
<BR>[Calls]<UL><LI><a href="#[2a2]">&gt;&gt;</a>&nbsp;&nbsp;&nbsp;UTIL_ADV_TRACE_PostSendHook
</UL>
<BR>[Address Reference Count : 1]<UL><LI> stm32_adv_trace.o(.text.UTIL_ADV_TRACE_Init)
</UL>
<P><STRONG><a name="[2be]"></a>_fadd1</STRONG> (Thumb, 0 bytes, Stack size unknown bytes, faddsub_clz.o(x$fpl$fadd), UNUSED)
<BR><BR>[Called By]<UL><LI><a href="#[2bd]">&gt;&gt;</a>&nbsp;&nbsp;&nbsp;_fsub
</UL>

<P><STRONG><a name="[2bf]"></a>fadd_zerodenorm</STRONG> (Thumb, 0 bytes, Stack size unknown bytes, faddsub_clz.o(x$fpl$fadd), UNUSED)
<BR><BR>[Called By]<UL><LI><a href="#[2bd]">&gt;&gt;</a>&nbsp;&nbsp;&nbsp;_fsub
</UL>

<P><STRONG><a name="[2c0]"></a>fsub_bzero</STRONG> (Thumb, 0 bytes, Stack size unknown bytes, faddsub_clz.o(x$fpl$fadd), UNUSED)
<BR><BR>[Called By]<UL><LI><a href="#[2bd]">&gt;&gt;</a>&nbsp;&nbsp;&nbsp;_fsub
</UL>

<P><STRONG><a name="[2b3]"></a>_fsub1</STRONG> (Thumb, 0 bytes, Stack size unknown bytes, faddsub_clz.o(x$fpl$fsub), UNUSED)
<BR><BR>[Called By]<UL><LI><a href="#[2b2]">&gt;&gt;</a>&nbsp;&nbsp;&nbsp;_fadd
</UL>

<P><STRONG><a name="[2b4]"></a>fsub_zerodenorm</STRONG> (Thumb, 0 bytes, Stack size unknown bytes, faddsub_clz.o(x$fpl$fsub), UNUSED)
<BR><BR>[Called By]<UL><LI><a href="#[2b2]">&gt;&gt;</a>&nbsp;&nbsp;&nbsp;_fadd
</UL>
<P>
<H3>
Undefined Global Symbols
</H3><HR></body></html>
