<html>
<body>
<pre>
<h1>µVision Build Log</h1>
<h2>Tool Versions:</h2>
IDE-Version: ¦ÌVision V5.31.0.0
Copyright (C) 2020 ARM Ltd and ARM Germany GmbH. All rights reserved.
License Information: l 1753217067@qq.com, h, LIC=Q7GU5-GXR6Y-TLECD-8KLES-3TT56-MB3QD
 
Tool Versions:
Toolchain:       MDK-ARM Professional  Version: 5.31.0.0
Toolchain Path:  D:\Keil_v5\ARM\ARMCLANG\Bin
C Compiler:      ArmClang.exe V6.14
Assembler:       Armasm.exe V6.14
Linker/Locator:  ArmLink.exe V6.14
Library Manager: ArmAr.exe V6.14
Hex Converter:   FromElf.exe V6.14
CPU DLL:         SARMCM3.DLL V5.31.0.0
Dialog DLL:      DCM.DLL V1.17.3.0
Target DLL:      Segger\JL2CM3.dll V2.99.38.0
Dialog DLL:      TCM.DLL V1.46.0.0
 
<h2>Project:</h2>
E:\workspace\lorawan\E77+Series+LoRaWAN+Demo\LoRaWAN_End_Node_v1.2\MDK-ARM\LoRaWAN_End_Node_v1.2.uvprojx
Project File Date:  11/23/2023

<h2>Output:</h2>
*** Using Compiler 'V6.14', folder: 'D:\Keil_v5\ARM\ARMCLANG\Bin'
Build target 'LoRaWAN_End_Node_v1.2'
assembling startup_stm32wle5xx.s...
compiling sys_debug.c...
compiling main.c...
compiling gpio.c...
compiling sys_app.c...
compiling stm32_lpm_if.c...
compiling sys_sensors.c...
compiling dma.c...
compiling adc.c...
compiling timer_if.c...
compiling flash_if.c...
compiling adc_if.c...
compiling subghz.c...
compiling rtc.c...
compiling usart_if.c...
compiling usart.c...
compiling stm32wlxx_hal_msp.c...
compiling app_lorawan.c...
compiling stm32wlxx_it.c...
compiling radio_board_if.c...
compiling CayenneLpp.c...
compiling lora_info.c...
compiling lora_app.c...
compiling system_stm32wlxx.c...
compiling stm32wlxx_ll_adc.c...
compiling stm32wlxx_nucleo.c...
compiling stm32wlxx_nucleo_radio.c...
compiling stm32wlxx_hal_adc_ex.c...
compiling stm32wlxx_hal_adc.c...
compiling stm32wlxx_hal_flash.c...
compiling stm32wlxx_hal_flash_ex.c...
compiling stm32wlxx_hal_gpio.c...
compiling stm32wlxx_hal_rcc.c...
compiling stm32wlxx_hal_rcc_ex.c...
compiling stm32wlxx_hal_dma.c...
compiling stm32wlxx_hal_dma_ex.c...
compiling stm32wlxx_hal_pwr.c...
compiling stm32wlxx_hal_pwr_ex.c...
compiling stm32wlxx_hal_cortex.c...
compiling stm32wlxx_hal.c...
compiling stm32wlxx_hal_tim.c...
compiling stm32wlxx_hal_exti.c...
compiling stm32wlxx_hal_tim_ex.c...
compiling stm32wlxx_hal_rtc_ex.c...
compiling cmac.c...
compiling stm32wlxx_hal_subghz.c...
compiling stm32wlxx_hal_rtc.c...
compiling stm32wlxx_hal_uart_ex.c...
compiling LmhpCompliance.c...
compiling lorawan_aes.c...
compiling Region.c...
compiling soft-se.c...
compiling RegionAS923.c...
compiling RegionAU915.c...
compiling RegionBaseUS.c...
compiling RegionCN470A20.c...
compiling RegionCN470A26.c...
compiling RegionCN470.c...
compiling stm32wlxx_hal_uart.c...
compiling RegionCN470B20.c...
compiling RegionCN470B26.c...
compiling RegionCN779.c...
compiling RegionEU433.c...
compiling RegionCommon.c...
compiling RegionIN865.c...
compiling RegionKR920.c...
compiling RegionRU864.c...
compiling RegionEU868.c...
compiling LoRaMacAdr.c...
compiling LoRaMacClassB.c...
compiling RegionUS915.c...
compiling LoRaMacCommands.c...
compiling LoRaMacConfirmQueue.c...
compiling LoRaMacParser.c...
compiling LoRaMacCrypto.c...
compiling LoRaMacSerializer.c...
compiling NvmDataMgmt.c...
compiling utilities.c...
compiling LmHandler.c...
compiling radio_fw.c...
compiling stm32_mem.c...
compiling LoRaMac.c...
compiling stm32_adv_trace.c...
compiling stm32_systime.c...
compiling radio_driver.c...
compiling stm32_tiny_sscanf.c...
compiling stm32_seq.c...
compiling stm32_tiny_vsnprintf.c...
compiling radio.c...
compiling stm32_timer.c...
compiling stm32_lpm.c...
linking...
Program Size: Code=98012 RO-data=2820 RW-data=284 ZI-data=44020  
FromELF: creating hex file...
"LoRaWAN_End_Node_v1.2\LoRaWAN_End_Node_v1.2" - 0 Error(s), 0 Warning(s).

<h2>Software Packages used:</h2>

Package Vendor: ARM
                http://www.keil.com/pack/ARM.CMSIS.5.7.0.pack
                ARM.CMSIS.5.7.0
                CMSIS (Cortex Microcontroller Software Interface Standard)
   * Component: CORE Version: 5.4.0

Package Vendor: Keil
                http://www.keil.com/pack/Keil.STM32WLxx_DFP.1.1.0.pack
                Keil.STM32WLxx_DFP.1.1.0
                STMicroelectronics STM32WL Series Device Support

<h2>Collection of Component include folders:</h2>
  .\RTE\_LoRaWAN_End_Node_v1.2
  D:\Keil_v5\Arm\Packs\ARM\CMSIS\5.7.0\CMSIS\Core\Include
  D:\Keil_v5\Arm\Packs\Keil\STM32WLxx_DFP\1.1.0\Drivers\CMSIS\Device\ST\STM32WLxx\Include

<h2>Collection of Component Files used:</h2>

   * Component: ARM::CMSIS:CORE:5.4.0
      Include file:  CMSIS\Core\Include\tz_context.h
Build Time Elapsed:  00:00:08
</pre>
</body>
</html>
