Component: ARM Compiler 6.14 Tool: armlink [5db06800]

==============================================================================

Section Cross References

    startup_stm32wle5xx.o(STACK) refers (Special) to heapauxi.o(.text) for __use_two_region_memory
    startup_stm32wle5xx.o(HEAP) refers (Special) to heapauxi.o(.text) for __use_two_region_memory
    startup_stm32wle5xx.o(RESET) refers (Special) to heapauxi.o(.text) for __use_two_region_memory
    startup_stm32wle5xx.o(RESET) refers to startup_stm32wle5xx.o(STACK) for __initial_sp
    startup_stm32wle5xx.o(RESET) refers to startup_stm32wle5xx.o(.text) for Reset_Handler
    startup_stm32wle5xx.o(RESET) refers to stm32wlxx_it.o(.text.NMI_Handler) for NMI_Handler
    startup_stm32wle5xx.o(RESET) refers to stm32wlxx_it.o(.text.HardFault_Handler) for HardFault_Handler
    startup_stm32wle5xx.o(RESET) refers to stm32wlxx_it.o(.text.MemManage_Handler) for MemManage_Handler
    startup_stm32wle5xx.o(RESET) refers to stm32wlxx_it.o(.text.BusFault_Handler) for BusFault_Handler
    startup_stm32wle5xx.o(RESET) refers to stm32wlxx_it.o(.text.UsageFault_Handler) for UsageFault_Handler
    startup_stm32wle5xx.o(RESET) refers to stm32wlxx_it.o(.text.SVC_Handler) for SVC_Handler
    startup_stm32wle5xx.o(RESET) refers to stm32wlxx_it.o(.text.DebugMon_Handler) for DebugMon_Handler
    startup_stm32wle5xx.o(RESET) refers to stm32wlxx_it.o(.text.PendSV_Handler) for PendSV_Handler
    startup_stm32wle5xx.o(RESET) refers to stm32wlxx_it.o(.text.SysTick_Handler) for SysTick_Handler
    startup_stm32wle5xx.o(RESET) refers to stm32wlxx_it.o(.text.TAMP_STAMP_LSECSS_SSRU_IRQHandler) for TAMP_STAMP_LSECSS_SSRU_IRQHandler
    startup_stm32wle5xx.o(RESET) refers to stm32wlxx_it.o(.text.EXTI0_IRQHandler) for EXTI0_IRQHandler
    startup_stm32wle5xx.o(RESET) refers to stm32wlxx_it.o(.text.EXTI1_IRQHandler) for EXTI1_IRQHandler
    startup_stm32wle5xx.o(RESET) refers to stm32wlxx_it.o(.text.DMA1_Channel5_IRQHandler) for DMA1_Channel5_IRQHandler
    startup_stm32wle5xx.o(RESET) refers to stm32wlxx_it.o(.text.USART2_IRQHandler) for USART2_IRQHandler
    startup_stm32wle5xx.o(RESET) refers to stm32wlxx_it.o(.text.RTC_Alarm_IRQHandler) for RTC_Alarm_IRQHandler
    startup_stm32wle5xx.o(RESET) refers to stm32wlxx_it.o(.text.SUBGHZ_Radio_IRQHandler) for SUBGHZ_Radio_IRQHandler
    startup_stm32wle5xx.o(.text) refers (Special) to heapauxi.o(.text) for __use_two_region_memory
    startup_stm32wle5xx.o(.text) refers to system_stm32wlxx.o(.text.SystemInit) for SystemInit
    startup_stm32wle5xx.o(.text) refers to __main.o(!!!main) for __main
    startup_stm32wle5xx.o(.text) refers to startup_stm32wle5xx.o(HEAP) for Heap_Mem
    startup_stm32wle5xx.o(.text) refers to startup_stm32wle5xx.o(STACK) for Stack_Mem
    main.o(.text.main) refers to stm32wlxx_hal.o(.text.HAL_Init) for HAL_Init
    main.o(.text.main) refers to rt_memclr_w.o(.text) for __aeabi_memclr4
    main.o(.text.main) refers to stm32wlxx_hal_pwr.o(.text.HAL_PWR_EnableBkUpAccess) for HAL_PWR_EnableBkUpAccess
    main.o(.text.main) refers to stm32wlxx_hal_rcc.o(.text.HAL_RCC_OscConfig) for HAL_RCC_OscConfig
    main.o(.text.main) refers to stm32wlxx_hal_rcc.o(.text.HAL_RCC_ClockConfig) for HAL_RCC_ClockConfig
    main.o(.text.main) refers to gpio.o(.text.MX_GPIO_Init) for MX_GPIO_Init
    main.o(.text.main) refers to app_lorawan.o(.text.MX_LoRaWAN_Init) for MX_LoRaWAN_Init
    main.o(.text.main) refers to app_lorawan.o(.text.MX_LoRaWAN_Process) for MX_LoRaWAN_Process
    main.o(.ARM.exidx.text.main) refers to main.o(.text.main) for [Anonymous Symbol]
    main.o(.text.SystemClock_Config) refers to rt_memclr_w.o(.text) for __aeabi_memclr4
    main.o(.text.SystemClock_Config) refers to stm32wlxx_hal_pwr.o(.text.HAL_PWR_EnableBkUpAccess) for HAL_PWR_EnableBkUpAccess
    main.o(.text.SystemClock_Config) refers to stm32wlxx_hal_rcc.o(.text.HAL_RCC_OscConfig) for HAL_RCC_OscConfig
    main.o(.text.SystemClock_Config) refers to stm32wlxx_hal_rcc.o(.text.HAL_RCC_ClockConfig) for HAL_RCC_ClockConfig
    main.o(.ARM.exidx.text.SystemClock_Config) refers to main.o(.text.SystemClock_Config) for [Anonymous Symbol]
    main.o(.ARM.exidx.text.Error_Handler) refers to main.o(.text.Error_Handler) for [Anonymous Symbol]
    gpio.o(.text.MX_GPIO_Init) refers to stm32wlxx_hal_gpio.o(.text.HAL_GPIO_WritePin) for HAL_GPIO_WritePin
    gpio.o(.text.MX_GPIO_Init) refers to stm32wlxx_hal_gpio.o(.text.HAL_GPIO_Init) for HAL_GPIO_Init
    gpio.o(.text.MX_GPIO_Init) refers to stm32wlxx_hal_cortex.o(.text.HAL_NVIC_SetPriority) for HAL_NVIC_SetPriority
    gpio.o(.text.MX_GPIO_Init) refers to stm32wlxx_hal_cortex.o(.text.HAL_NVIC_EnableIRQ) for HAL_NVIC_EnableIRQ
    gpio.o(.ARM.exidx.text.MX_GPIO_Init) refers to gpio.o(.text.MX_GPIO_Init) for [Anonymous Symbol]
    adc.o(.text.MX_ADC_Init) refers to adc.o(.bss.hadc) for hadc
    adc.o(.text.MX_ADC_Init) refers to stm32wlxx_hal_adc.o(.text.HAL_ADC_Init) for HAL_ADC_Init
[...]
    0x08003118   0x08003118   0x00000016   Code   RO          121    .text.HAL_GetTick   sys_app.o
    0x0800312e   0x0800312e   0x00000002   PAD
    0x08003130   0x08003130   0x0000000c   Code   RO         1072    .text.HAL_GetUIDw0  stm32wlxx_hal.o
    0x0800313c   0x0800313c   0x0000000c   Code   RO         1074    .text.HAL_GetUIDw1  stm32wlxx_hal.o
    0x08003148   0x08003148   0x0000000c   Code   RO         1076    .text.HAL_GetUIDw2  stm32wlxx_hal.o
    0x08003154   0x08003154   0x0000002c   Code   RO         1040    .text.HAL_Init      stm32wlxx_hal.o
    0x08003180   0x08003180   0x00000004   Code   RO          119    .text.HAL_InitTick  sys_app.o
    0x08003184   0x08003184   0x00000002   Code   RO          333    .text.HAL_MspInit   stm32wlxx_hal_msp.o
    0x08003186   0x08003186   0x00000002   PAD
    0x08003188   0x08003188   0x00000028   Code   RO         1000    .text.HAL_NVIC_DisableIRQ  stm32wlxx_hal_cortex.o
    0x080031b0   0x080031b0   0x00000020   Code   RO          998    .text.HAL_NVIC_EnableIRQ  stm32wlxx_hal_cortex.o
    0x080031d0   0x080031d0   0x00000056   Code   RO          996    .text.HAL_NVIC_SetPriority  stm32wlxx_hal_cortex.o
    0x08003226   0x08003226   0x00000002   PAD
    0x08003228   0x08003228   0x00000020   Code   RO          994    .text.HAL_NVIC_SetPriorityGrouping  stm32wlxx_hal_cortex.o
    0x08003248   0x08003248   0x00000070   Code   RO          972    .text.HAL_PWREx_DisableLowPowerRunMode  stm32wlxx_hal_pwr_ex.o
    0x080032b8   0x080032b8   0x00000012   Code   RO          970    .text.HAL_PWREx_EnableLowPowerRunMode  stm32wlxx_hal_pwr_ex.o
    0x080032ca   0x080032ca   0x00000002   PAD
    0x080032cc   0x080032cc   0x0000003c   Code   RO          978    .text.HAL_PWREx_EnterSTOP2Mode  stm32wlxx_hal_pwr_ex.o
    0x08003308   0x08003308   0x00000010   Code   RO          912    .text.HAL_PWREx_GetVoltageRange  stm32wlxx_hal_pwr_ex.o
    0x08003318   0x08003318   0x00000012   Code   RO          874    .text.HAL_PWR_EnableBkUpAccess  stm32wlxx_hal_pwr.o
    0x0800332a   0x0800332a   0x00000002   PAD
    0x0800332c   0x0800332c   0x0000004c   Code   RO          888    .text.HAL_PWR_EnterSLEEPMode  stm32wlxx_hal_pwr.o
    0x08003378   0x08003378   0x0000020a   Code   RO          699    .text.HAL_RCCEx_PeriphCLKConfig  stm32wlxx_hal_rcc_ex.o
    0x08003582   0x08003582   0x00000002   PAD
    0x08003584   0x08003584   0x000001f6   Code   RO          666    .text.HAL_RCC_ClockConfig  stm32wlxx_hal_rcc.o
    0x0800377a   0x0800377a   0x00000002   PAD
    0x0800377c   0x0800377c   0x00000024   Code   RO          664    .text.HAL_RCC_GetHCLKFreq  stm32wlxx_hal_rcc.o
    0x080037a0   0x080037a0   0x00000038   Code   RO          674    .text.HAL_RCC_GetPCLK1Freq  stm32wlxx_hal_rcc.o
    0x080037d8   0x080037d8   0x00000038   Code   RO          676    .text.HAL_RCC_GetPCLK2Freq  stm32wlxx_hal_rcc.o
    0x08003810   0x08003810   0x000000ee   Code   RO          670    .text.HAL_RCC_GetSysClockFreq  stm32wlxx_hal_rcc.o
    0x080038fe   0x080038fe   0x00000002   PAD
    0x08003900   0x08003900   0x0000077c   Code   RO          662    .text.HAL_RCC_OscConfig  stm32wlxx_hal_rcc.o
    0x0800407c   0x0800407c   0x00000002   Code   RO         1264    .text.HAL_RTCEx_AlarmBEventCallback  stm32wlxx_hal_rtc_ex.o
    0x0800407e   0x0800407e   0x00000002   PAD
    0x08004080   0x08004080   0x0000000e   Code   RO         1302    .text.HAL_RTCEx_BKUPRead  stm32wlxx_hal_rtc_ex.o
    0x0800408e   0x0800408e   0x00000002   PAD
    0x08004090   0x08004090   0x0000000e   Code   RO         1300    .text.HAL_RTCEx_BKUPWrite  stm32wlxx_hal_rtc_ex.o
    0x0800409e   0x0800409e   0x00000002   PAD
    0x080040a0   0x080040a0   0x00000040   Code   RO         1248    .text.HAL_RTCEx_EnableBypassShadow  stm32wlxx_hal_rtc_ex.o
    0x080040e0   0x080040e0   0x00000020   Code   RO          190    .text.HAL_RTCEx_SSRUEventCallback  timer_if.o
    0x08004100   0x08004100   0x00000024   Code   RO         1260    .text.HAL_RTCEx_SSRUIRQHandler  stm32wlxx_hal_rtc_ex.o
    0x08004124   0x08004124   0x00000050   Code   RO         1256    .text.HAL_RTCEx_SetSSRU_IT  stm32wlxx_hal_rtc_ex.o
    0x08004174   0x08004174   0x00000004   Code   RO          188    .text.HAL_RTC_AlarmAEventCallback  timer_if.o
    0x08004178   0x08004178   0x00000046   Code   RO         1184    .text.HAL_RTC_AlarmIRQHandler  stm32wlxx_hal_rtc.o
    0x080041be   0x080041be   0x00000002   PAD
    0x080041c0   0x080041c0   0x00000086   Code   RO         1180    .text.HAL_RTC_DeactivateAlarm  stm32wlxx_hal_rtc.o
    0x08004246   0x08004246   0x00000002   PAD
    0x08004248   0x08004248   0x000000d6   Code   RO         1142    .text.HAL_RTC_Init  stm32wlxx_hal_rtc.o
    0x0800431e   0x0800431e   0x00000002   PAD
    0x08004320   0x08004320   0x0000007e   Code   RO          250    .text.HAL_RTC_MspInit  rtc.o
    0x0800439e   0x0800439e   0x00000002   PAD
    0x080043a0   0x080043a0   0x000001f6   Code   RO         1178    .text.HAL_RTC_SetAlarm_IT  stm32wlxx_hal_rtc.o
    0x08004596   0x08004596   0x00000002   PAD
    0x08004598   0x08004598   0x00000012   Code   RO         1064    .text.HAL_ResumeTick  stm32wlxx_hal.o
    0x080045aa   0x080045aa   0x00000002   PAD
    0x080045ac   0x080045ac   0x00000028   Code   RO         2989    .text.HAL_SUBGHZ_CADStatusCallback  radio_driver.o
    0x080045d4   0x080045d4   0x0000000e   Code   RO         2987    .text.HAL_SUBGHZ_CRCErrorCallback  radio_driver.o
    0x080045e2   0x080045e2   0x00000002   PAD
    0x080045e4   0x080045e4   0x0000034a   Code   RO         1342    .text.HAL_SUBGHZ_ExecGetCmd  stm32wlxx_hal_subghz.o
    0x0800492e   0x0800492e   0x00000002   PAD
    0x08004930   0x08004930   0x000002be   Code   RO         1340    .text.HAL_SUBGHZ_ExecSetCmd  stm32wlxx_hal_subghz.o
    0x08004bee   0x08004bee   0x00000002   PAD
    0x08004bf0   0x08004bf0   0x0000000e   Code   RO         2993    .text.HAL_SUBGHZ_HeaderErrorCallback  radio_driver.o
    0x08004bfe   0x08004bfe   0x00000002   PAD
    0x08004c00   0x08004c00   0x0000000e   Code   RO         2999    .text.HAL_SUBGHZ_HeaderValidCallback  radio_driver.o
    0x08004c0e   0x08004c0e   0x00000002   PAD
    0x08004c10   0x08004c10   0x000000b4   Code   RO         1348    .text.HAL_SUBGHZ_IRQHandler  stm32wlxx_hal_subghz.o
    0x08004cc4   0x08004cc4   0x000000fe   Code   RO         1312    .text.HAL_SUBGHZ_Init  stm32wlxx_hal_subghz.o
    0x08004dc2   0x08004dc2   0x00000002   PAD
    0x08004dc4   0x08004dc4   0x00000032   Code   RO          265    .text.HAL_SUBGHZ_MspInit  subghz.o
    0x08004df6   0x08004df6   0x00000002   PAD
    0x08004df8   0x08004df8   0x0000000e   Code   RO         2995    .text.HAL_SUBGHZ_PreambleDetectedCallback  radio_driver.o
    0x08004e06   0x08004e06   0x00000002   PAD
    0x08004e08   0x08004e08   0x000003f2   Code   RO         1346    .text.HAL_SUBGHZ_ReadBuffer  stm32wlxx_hal_subghz.o
    0x080051fa   0x080051fa   0x00000002   PAD
    0x080051fc   0x080051fc   0x00000496   Code   RO         1332    .text.HAL_SUBGHZ_ReadRegisters  stm32wlxx_hal_subghz.o
    0x08005692   0x08005692   0x00000002   PAD
    0x08005694   0x08005694   0x0000000e   Code   RO         2985    .text.HAL_SUBGHZ_RxCpltCallback  radio_driver.o
    0x080056a2   0x080056a2   0x00000002   PAD
    0x080056a4   0x080056a4   0x00000010   Code   RO         2991    .text.HAL_SUBGHZ_RxTxTimeoutCallback  radio_driver.o
    0x080056b4   0x080056b4   0x0000000e   Code   RO         2997    .text.HAL_SUBGHZ_SyncWordValidCallback  radio_driver.o
    0x080056c2   0x080056c2   0x00000002   PAD
    0x080056c4   0x080056c4   0x0000000e   Code   RO         2983    .text.HAL_SUBGHZ_TxCpltCallback  radio_driver.o
    0x080056d2   0x080056d2   0x00000002   PAD
    0x080056d4   0x080056d4   0x0000034a   Code   RO         1344    .text.HAL_SUBGHZ_WriteBuffer  stm32wlxx_hal_subghz.o
    0x08005a1e   0x08005a1e   0x00000002   PAD
    0x08005a20   0x08005a20   0x00000404   Code   RO         1324    .text.HAL_SUBGHZ_WriteRegisters  stm32wlxx_hal_subghz.o
    0x08005e24   0x08005e24   0x00000012   Code   RO         1062    .text.HAL_SuspendTick  stm32wlxx_hal.o
    0x08005e36   0x08005e36   0x00000002   PAD
    0x08005e38   0x08005e38   0x0000007a   Code   RO         1542    .text.HAL_UARTEx_EnableFifoMode  stm32wlxx_hal_uart_ex.o
    0x08005eb2   0x08005eb2   0x00000002   PAD
    0x08005eb4   0x08005eb4   0x00000068   Code   RO         1538    .text.HAL_UARTEx_EnableStopMode  stm32wlxx_hal_uart_ex.o
    0x08005f1c   0x08005f1c   0x00000002   Code   RO         1472    .text.HAL_UARTEx_RxEventCallback  stm32wlxx_hal_uart.o
    0x08005f1e   0x08005f1e   0x00000002   PAD
    0x08005f20   0x08005f20   0x00000002   Code   RO         1530    .text.HAL_UARTEx_RxFifoFullCallback  stm32wlxx_hal_uart_ex.o
    0x08005f22   0x08005f22   0x00000002   PAD
    0x08005f24   0x08005f24   0x00000090   Code   RO         1548    .text.HAL_UARTEx_SetRxFifoThreshold  stm32wlxx_hal_uart_ex.o
    0x08005fb4   0x08005fb4   0x00000090   Code   RO         1546    .text.HAL_UARTEx_SetTxFifoThreshold  stm32wlxx_hal_uart_ex.o
    0x08006044   0x08006044   0x0000008e   Code   RO         1536    .text.HAL_UARTEx_StopModeWakeUpSourceConfig  stm32wlxx_hal_uart_ex.o
    0x080060d2   0x080060d2   0x00000002   PAD
    0x080060d4   0x080060d4   0x00000002   Code   RO         1532    .text.HAL_UARTEx_TxFifoEmptyCallback  stm32wlxx_hal_uart_ex.o
    0x080060d6   0x080060d6   0x00000002   PAD
    0x080060d8   0x080060d8   0x00000002   Code   RO         1528    .text.HAL_UARTEx_WakeupCallback  stm32wlxx_hal_uart_ex.o
    0x080060da   0x080060da   0x00000002   PAD
    0x080060dc   0x080060dc   0x00000002   Code   RO         1470    .text.HAL_UART_ErrorCallback  stm32wlxx_hal_uart.o
    0x080060de   0x080060de   0x00000002   PAD
    0x080060e0   0x080060e0   0x0000062e   Code   RO         1466    .text.HAL_UART_IRQHandler  stm32wlxx_hal_uart.o
    0x0800670e   0x0800670e   0x00000002   PAD
    0x08006710   0x08006710   0x000000c6   Code   RO         1382    .text.HAL_UART_Init  stm32wlxx_hal_uart.o
    0x080067d6   0x080067d6   0x00000002   PAD
    0x080067d8   0x080067d8   0x0000003c   Code   RO          282    .text.HAL_UART_MspDeInit  usart.o
    0x08006814   0x08006814   0x000000d2   Code   RO          280    .text.HAL_UART_MspInit  usart.o
    0x080068e6   0x080068e6   0x00000002   PAD
    0x080068e8   0x080068e8   0x000000b8   Code   RO         1418    .text.HAL_UART_Receive_IT  stm32wlxx_hal_uart.o
    0x080069a0   0x080069a0   0x00000048   Code   RO          235    .text.HAL_UART_RxCpltCallback  usart_if.o
    0x080069e8   0x080069e8   0x000000f8   Code   RO         1422    .text.HAL_UART_Transmit_DMA  stm32wlxx_hal_uart.o
    0x08006ae0   0x08006ae0   0x0000001e   Code   RO          233    .text.HAL_UART_TxCpltCallback  usart_if.o
    0x08006afe   0x08006afe   0x00000002   PAD
    0x08006b00   0x08006b00   0x00000002   Code   RO         1476    .text.HAL_UART_TxHalfCpltCallback  stm32wlxx_hal_uart.o
    0x08006b02   0x08006b02   0x00000002   PAD
    0x08006b04   0x08006b04   0x000000e6   Code   RO         2469    .text.HandleRadioRxErrorTimeout  loramac.o
    0x08006bea   0x08006bea   0x00000002   PAD
    0x08006bec   0x08006bec   0x00000002   Code   RO          296    .text.HardFault_Handler  stm32wlxx_it.o
    0x08006bee   0x08006bee   0x00000002   PAD
    0x08006bf0   0x08006bf0   0x00000220   Code   RO         2704    .text.LmHandlerConfigure  lmhandler.o
    0x08006e10   0x08006e10   0x00000028   Code   RO         2722    .text.LmHandlerDeviceTimeReq  lmhandler.o
    0x08006e38   0x08006e38   0x0000000c   Code   RO         2716    .text.LmHandlerGetDutyCycleWaitTime  lmhandler.o
    0x08006e44   0x08006e44   0x00000026   Code   RO         2732    .text.LmHandlerGetVersion  lmhandler.o
    0x08006e6a   0x08006e6a   0x00000002   PAD
    0x08006e6c   0x08006e6c   0x00000010   Code   RO         2736    .text.LmHandlerHalt  lmhandler.o
    0x08006e7c   0x08006e7c   0x0000009c   Code   RO         2690    .text.LmHandlerInit  lmhandler.o
    0x08006f18   0x08006f18   0x000000c4   Code   RO         2712    .text.LmHandlerJoin  lmhandler.o
    0x08006fdc   0x08006fdc   0x00000026   Code   RO         2710    .text.LmHandlerJoinStatus  lmhandler.o
    0x08007002   0x08007002   0x00000002   PAD
    0x08007004   0x08007004   0x00000086   Code   RO         2814    .text.LmHandlerNvmDataStore  lmhandler.o
    0x0800708a   0x0800708a   0x00000002   PAD
    0x0800708c   0x0800708c   0x00000168   Code   RO         2816    .text.LmHandlerPackagesNotify  lmhandler.o
    0x080071f4   0x080071f4   0x00000086   Code   RO         2714    .text.LmHandlerProcess  lmhandler.o
    0x0800727a   0x0800727a   0x00000002   PAD
    0x0800727c   0x0800727c   0x000000b8   Code   RO         2718    .text.LmHandlerRequestClass  lmhandler.o
    0x08007334   0x08007334   0x00000130   Code   RO         2720    .text.LmHandlerSend  lmhandler.o
    0x08007464   0x08007464   0x00000010   Code   RO         2734    .text.LmHandlerStop  lmhandler.o
    0x08007474   0x08007474   0x00000024   Code   RO         1567    .text.LmhpComplianceInit  lmhpcompliance.o
    0x08007498   0x08007498   0x0000000c   Code   RO         1569    .text.LmhpComplianceIsInitialized  lmhpcompliance.o
    0x080074a4   0x080074a4   0x00000014   Code   RO         1571    .text.LmhpComplianceIsRunning  lmhpcompliance.o
    0x080074b8   0x080074b8   0x0000002a   Code   RO         1575    .text.LmhpComplianceOnMcpsConfirm  lmhpcompliance.o
    0x080074e2   0x080074e2   0x00000002   PAD
    0x080074e4   0x080074e4   0x000002ee   Code   RO         1577    .text.LmhpComplianceOnMcpsIndication  lmhpcompliance.o
    0x080077d2   0x080077d2   0x00000002   PAD
    0x080077d4   0x080077d4   0x0000002a   Code   RO         1579    .text.LmhpComplianceOnMlmeConfirm  lmhpcompliance.o
    0x080077fe   0x080077fe   0x00000002   PAD
    0x08007800   0x08007800   0x0000000a   Code   RO         1565    .text.LmhpCompliancePackageFactory  lmhpcompliance.o
    0x0800780a   0x0800780a   0x00000002   PAD
    0x0800780c   0x0800780c   0x00000002   Code   RO         1573    .text.LmhpComplianceProcess  lmhpcompliance.o
    0x0800780e   0x0800780e   0x00000002   PAD
    0x08007810   0x08007810   0x000000d0   Code   RO         2485    .text.LoRaMacAdrCalcNext  loramacadr.o
    0x080078e0   0x080078e0   0x00000004   Code   RO         2542    .text.LoRaMacClassBBeaconFreqReq  loramacclassb.o
    0x080078e4   0x080078e4   0x00000002   Code   RO         2504    .text.LoRaMacClassBBeaconTimerEvent  loramacclassb.o
    0x080078e6   0x080078e6   0x00000002   PAD
    0x080078e8   0x080078e8   0x00000002   Code   RO         2538    .text.LoRaMacClassBBeaconTimingAns  loramacclassb.o
    0x080078ea   0x080078ea   0x00000002   PAD
    0x080078ec   0x080078ec   0x00000002   Code   RO         2540    .text.LoRaMacClassBDeviceTimeAns  loramacclassb.o
    0x080078ee   0x080078ee   0x00000002   PAD
    0x080078f0   0x080078f0   0x00000002   Code   RO         2524    .text.LoRaMacClassBHaltBeaconing  loramacclassb.o
    0x080078f2   0x080078f2   0x00000002   PAD
    0x080078f4   0x080078f4   0x00000002   Code   RO         2494    .text.LoRaMacClassBInit  loramacclassb.o
    0x080078f6   0x080078f6   0x00000002   PAD
    0x080078f8   0x080078f8   0x00000004   Code   RO         2502    .text.LoRaMacClassBIsAcquisitionInProgress  loramacclassb.o
    0x080078fc   0x080078fc   0x00000004   Code   RO         2512    .text.LoRaMacClassBIsBeaconExpected  loramacclassb.o
    0x08007900   0x08007900   0x00000004   Code   RO         2520    .text.LoRaMacClassBIsBeaconModeActive  loramacclassb.o
    0x08007904   0x08007904   0x00000004   Code   RO         2516    .text.LoRaMacClassBIsMulticastExpected  loramacclassb.o
    0x08007908   0x08007908   0x00000004   Code   RO         2514    .text.LoRaMacClassBIsPingExpected  loramacclassb.o
    0x0800790c   0x0800790c   0x00000004   Code   RO         2544    .text.LoRaMacClassBIsUplinkCollision  loramacclassb.o
    0x08007910   0x08007910   0x00000004   Code   RO         2530    .text.LoRaMacClassBMibGetRequestConfirm  loramacclassb.o
    0x08007914   0x08007914   0x00000002   Code   RO         2508    .text.LoRaMacClassBMulticastSlotTimerEvent  loramacclassb.o
    0x08007916   0x08007916   0x00000002   PAD
    0x08007918   0x08007918   0x00000004   Code   RO         2536    .text.LoRaMacClassBPingSlotChannelReq  loramacclassb.o
    0x0800791c   0x0800791c   0x00000002   Code   RO         2534    .text.LoRaMacClassBPingSlotInfoAns  loramacclassb.o
    0x0800791e   0x0800791e   0x00000002   PAD
    0x08007920   0x08007920   0x00000002   Code   RO         2506    .text.LoRaMacClassBPingSlotTimerEvent  loramacclassb.o
    0x08007922   0x08007922   0x00000002   PAD
    0x08007924   0x08007924   0x00000002   Code   RO         2552    .text.LoRaMacClassBProcess  loramacclassb.o
    0x08007926   0x08007926   0x00000002   PAD
    0x08007928   0x08007928   0x00000002   Code   RO         2526    .text.LoRaMacClassBResumeBeaconing  loramacclassb.o
    0x0800792a   0x0800792a   0x00000002   PAD
    0x0800792c   0x0800792c   0x00000004   Code   RO         2510    .text.LoRaMacClassBRxBeacon  loramacclassb.o
    0x08007930   0x08007930   0x00000002   Code   RO         2496    .text.LoRaMacClassBSetBeaconState  loramacclassb.o
    0x08007932   0x08007932   0x00000002   PAD
    0x08007934   0x08007934   0x00000002   Code   RO         2500    .text.LoRaMacClassBSetMulticastSlotState  loramacclassb.o
    0x08007936   0x08007936   0x00000002   PAD
    0x08007938   0x08007938   0x00000002   Code   RO         2522    .text.LoRaMacClassBSetPingSlotInfo  loramacclassb.o
    0x0800793a   0x0800793a   0x00000002   PAD
    0x0800793c   0x0800793c   0x00000002   Code   RO         2498    .text.LoRaMacClassBSetPingSlotState  loramacclassb.o
    0x0800793e   0x0800793e   0x00000002   PAD
    0x08007940   0x08007940   0x00000002   Code   RO         2546    .text.LoRaMacClassBStopRxSlots  loramacclassb.o
    0x08007942   0x08007942   0x00000002   PAD
    0x08007944   0x08007944   0x00000004   Code   RO         2528    .text.LoRaMacClassBSwitchClass  loramacclassb.o
    0x08007948   0x08007948   0x0000015e   Code   RO         2564    .text.LoRaMacCommandsAddCmd  loramaccommands.o
    0x08007aa6   0x08007aa6   0x00000002   PAD
    0x08007aa8   0x08007aa8   0x0000003e   Code   RO         2580    .text.LoRaMacCommandsGetCmdSize  loramaccommands.o
    0x08007ae6   0x08007ae6   0x00000002   PAD
    0x08007ae8   0x08007ae8   0x0000001a   Code   RO         2574    .text.LoRaMacCommandsGetSizeSerializedCmds  loramaccommands.o
    0x08007b02   0x08007b02   0x00000002   PAD
    0x08007b04   0x08007b04   0x0000001e   Code   RO         2562    .text.LoRaMacCommandsInit  loramaccommands.o
    0x08007b22   0x08007b22   0x00000002   PAD
    0x08007b24   0x08007b24   0x00000084   Code   RO         2570    .text.LoRaMacCommandsRemoveNoneStickyCmds  loramaccommands.o
    0x08007ba8   0x08007ba8   0x00000096   Code   RO         2572    .text.LoRaMacCommandsRemoveStickyAnsCmds  loramaccommands.o
    0x08007c3e   0x08007c3e   0x00000002   PAD
    0x08007c40   0x08007c40   0x000000d4   Code   RO         2576    .text.LoRaMacCommandsSerializeCmds  loramaccommands.o
    0x08007d14   0x08007d14   0x00000052   Code   RO         2578    .text.LoRaMacCommandsStickyCmdsPending  loramaccommands.o
    0x08007d66   0x08007d66   0x00000002   PAD
    0x08007d68   0x08007d68   0x0000004a   Code   RO         2593    .text.LoRaMacConfirmQueueAdd  loramacconfirmqueue.o
    0x08007db2   0x08007db2   0x00000002   PAD
    0x08007db4   0x08007db4   0x0000000e   Code   RO         2611    .text.LoRaMacConfirmQueueGetCnt  loramacconfirmqueue.o
    0x08007dc2   0x08007dc2   0x00000002   PAD
    0x08007dc4   0x08007dc4   0x00000086   Code   RO         2601    .text.LoRaMacConfirmQueueGetStatus  loramacconfirmqueue.o
    0x08007e4a   0x08007e4a   0x00000002   PAD
    0x08007e4c   0x08007e4c   0x000000c2   Code   RO         2609    .text.LoRaMacConfirmQueueHandleCb  loramacconfirmqueue.o
    0x08007f0e   0x08007f0e   0x00000002   PAD
    0x08007f10   0x08007f10   0x0000002c   Code   RO         2591    .text.LoRaMacConfirmQueueInit  loramacconfirmqueue.o
    0x08007f3c   0x08007f3c   0x00000096   Code   RO         2607    .text.LoRaMacConfirmQueueIsCmdActive  loramacconfirmqueue.o
    0x08007fd2   0x08007fd2   0x00000002   PAD
    0x08007fd4   0x08007fd4   0x00000016   Code   RO         2613    .text.LoRaMacConfirmQueueIsFull  loramacconfirmqueue.o
    0x08007fea   0x08007fea   0x00000002   PAD
    0x08007fec   0x08007fec   0x0000008e   Code   RO         2599    .text.LoRaMacConfirmQueueSetStatus  loramacconfirmqueue.o
    0x0800807a   0x0800807a   0x00000002   PAD
    0x0800807c   0x0800807c   0x0000008a   Code   RO         2603    .text.LoRaMacConfirmQueueSetStatusCmn  loramacconfirmqueue.o
    0x08008106   0x08008106   0x00000002   PAD
    0x08008108   0x08008108   0x000000de   Code   RO         2630    .text.LoRaMacCryptoGetFCntDown  loramaccrypto.o
    0x080081e6   0x080081e6   0x00000002   PAD
    0x080081e8   0x080081e8   0x0000001c   Code   RO         2628    .text.LoRaMacCryptoGetFCntUp  loramaccrypto.o
    0x08008204   0x08008204   0x00000184   Code   RO         2642    .text.LoRaMacCryptoHandleJoinAccept  loramaccrypto.o
    0x08008388   0x08008388   0x0000003c   Code   RO         2624    .text.LoRaMacCryptoInit  loramaccrypto.o
    0x080083c4   0x080083c4   0x00000064   Code   RO         2640    .text.LoRaMacCryptoPrepareJoinRequest  loramaccrypto.o
    0x08008428   0x08008428   0x000000e4   Code   RO         2644    .text.LoRaMacCryptoSecureMessage  loramaccrypto.o
    0x0800850c   0x0800850c   0x00000062   Code   RO         2634    .text.LoRaMacCryptoSetKey  loramaccrypto.o
    0x0800856e   0x0800856e   0x00000002   PAD
    0x08008570   0x08008570   0x00000012   Code   RO         2626    .text.LoRaMacCryptoSetLrWanVersion  loramaccrypto.o
    0x08008582   0x08008582   0x00000002   PAD
    0x08008584   0x08008584   0x0000001a   Code   RO         2632    .text.LoRaMacCryptoSetMulticastReference  loramaccrypto.o
    0x0800859e   0x0800859e   0x00000002   PAD
    0x080085a0   0x080085a0   0x000001d6   Code   RO         2648    .text.LoRaMacCryptoUnsecureMessage  loramaccrypto.o
    0x08008776   0x08008776   0x00000002   PAD
    0x08008778   0x08008778   0x00000060   Code   RO         2465    .text.LoRaMacDeInitialization  loramac.o
    0x080087d8   0x080087d8   0x00000066   Code   RO         2437    .text.LoRaMacHalt   loramac.o
    0x0800883e   0x0800883e   0x00000002   PAD
    0x08008840   0x08008840   0x000000d4   Code   RO         2409    .text.LoRaMacHandleNvm  loramac.o
    0x08008914   0x08008914   0x0000039a   Code   RO         2411    .text.LoRaMacInitialization  loramac.o
    0x08008cae   0x08008cae   0x00000002   PAD
    0x08008cb0   0x08008cb0   0x0000001c   Code   RO         2405    .text.LoRaMacIsBusy  loramac.o
    0x08008ccc   0x08008ccc   0x00000374   Code   RO         2461    .text.LoRaMacMcpsRequest  loramac.o
    0x08009040   0x08009040   0x00000004   Code   RO         2532    .text.LoRaMacMibClassBSetRequestConfirm  loramacclassb.o
    0x08009044   0x08009044   0x000002d8   Code   RO         2441    .text.LoRaMacMibGetRequestConfirm  loramac.o
    0x0800931c   0x0800931c   0x00000630   Code   RO         2443    .text.LoRaMacMibSetRequestConfirm  loramac.o
    0x0800994c   0x0800994c   0x00000272   Code   RO         2459    .text.LoRaMacMlmeRequest  loramac.o
    0x08009bbe   0x08009bbe   0x00000002   PAD
    0x08009bc0   0x08009bc0   0x000000be   Code   RO         2664    .text.LoRaMacParserData  loramacparser.o
    0x08009c7e   0x08009c7e   0x00000002   PAD
    0x08009c80   0x08009c80   0x0000009a   Code   RO         2662    .text.LoRaMacParserJoinAccept  loramacparser.o
    0x08009d1a   0x08009d1a   0x00000002   PAD
    0x08009d1c   0x08009d1c   0x00000bb0   Code   RO         2407    .text.LoRaMacProcess  loramac.o
    0x0800a8cc   0x0800a8cc   0x000000e8   Code   RO         2439    .text.LoRaMacQueryTxPossible  loramac.o
    0x0800a9b4   0x0800a9b4   0x000000d2   Code   RO         2680    .text.LoRaMacSerializerData  loramacserializer.o
    0x0800aa86   0x0800aa86   0x00000002   PAD
    0x0800aa88   0x0800aa88   0x00000064   Code   RO         2674    .text.LoRaMacSerializerJoinRequest  loramacserializer.o
    0x0800aaec   0x0800aaec   0x00000012   Code   RO         2433    .text.LoRaMacStart  loramac.o
    0x0800aafe   0x0800aafe   0x00000002   PAD
    0x0800ab00   0x0800ab00   0x00000028   Code   RO         2435    .text.LoRaMacStop   loramac.o
    0x0800ab28   0x0800ab28   0x0000002a   Code   RO         2463    .text.LoRaMacTestSetDutyCycleOn  loramac.o
    0x0800ab52   0x0800ab52   0x00000002   PAD
    0x0800ab54   0x0800ab54   0x00000224   Code   RO          417    .text.LoRaWAN_Init  lora_app.o
    0x0800ad78   0x0800ad78   0x0000000a   Code   RO          479    .text.LoraInfo_GetPtr  lora_info.o
    0x0800ad82   0x0800ad82   0x00000002   PAD
    0x0800ad84   0x0800ad84   0x0000001a   Code   RO          477    .text.LoraInfo_Init  lora_info.o
    0x0800ad9e   0x0800ad9e   0x00000002   PAD
    0x0800ada0   0x0800ada0   0x00000060   Code   RO           36    .text.MX_ADC_Init   adc.o
    0x0800ae00   0x0800ae00   0x00000044   Code   RO           51    .text.MX_DMA_Init   dma.o
    0x0800ae44   0x0800ae44   0x000000da   Code   RO           26    .text.MX_GPIO_Init  gpio.o
    0x0800af1e   0x0800af1e   0x00000002   PAD
    0x0800af20   0x0800af20   0x0000000e   Code   RO          362    .text.MX_LoRaWAN_Init  app_lorawan.o
    0x0800af2e   0x0800af2e   0x00000002   PAD
    0x0800af30   0x0800af30   0x00000008   Code   RO          364    .text.MX_LoRaWAN_Process  app_lorawan.o
    0x0800af38   0x0800af38   0x00000088   Code   RO          248    .text.MX_RTC_Init   rtc.o
    0x0800afc0   0x0800afc0   0x00000020   Code   RO          263    .text.MX_SUBGHZ_Init  subghz.o
    0x0800afe0   0x0800afe0   0x00000082   Code   RO          278    .text.MX_USART2_UART_Init  usart.o
    0x0800b062   0x0800b062   0x00000002   PAD
    0x0800b064   0x0800b064   0x0000007e   Code   RO         2692    .text.McpsConfirm   lmhandler.o
    0x0800b0e2   0x0800b0e2   0x00000002   PAD
    0x0800b0e4   0x0800b0e4   0x000000a6   Code   RO         2694    .text.McpsIndication  lmhandler.o
    0x0800b18a   0x0800b18a   0x00000002   PAD
    0x0800b18c   0x0800b18c   0x00000002   Code   RO          298    .text.MemManage_Handler  stm32wlxx_it.o
    0x0800b18e   0x0800b18e   0x00000002   PAD
    0x0800b190   0x0800b190   0x000000f6   Code   RO         2696    .text.MlmeConfirm   lmhandler.o
    0x0800b286   0x0800b286   0x00000002   PAD
    0x0800b288   0x0800b288   0x000000ac   Code   RO         2698    .text.MlmeIndication  lmhandler.o
    0x0800b334   0x0800b334   0x00000002   Code   RO          294    .text.NMI_Handler   stm32wlxx_it.o
    0x0800b336   0x0800b336   0x00000002   PAD
    0x0800b338   0x0800b338   0x00000010   Code   RO         2831    .text.NvmDataMgmtEvent  nvmdatamgmt.o
    0x0800b348   0x0800b348   0x00000022   Code   RO         2833    .text.NvmDataMgmtStoreBegin  nvmdatamgmt.o
    0x0800b36a   0x0800b36a   0x00000002   PAD
    0x0800b36c   0x0800b36c   0x00000016   Code   RO         2835    .text.NvmDataMgmtStoreEnd  nvmdatamgmt.o
    0x0800b382   0x0800b382   0x00000002   PAD
    0x0800b384   0x0800b384   0x00000052   Code   RO         2421    .text.OnAckTimeoutTimerEvent  loramac.o
    0x0800b3d6   0x0800b3d6   0x00000002   PAD
    0x0800b3d8   0x0800b3d8   0x000000b8   Code   RO          453    .text.OnBeaconStatusChange  lora_app.o
    0x0800b490   0x0800b490   0x00000040   Code   RO          451    .text.OnClassChange  lora_app.o
    0x0800b4d0   0x0800b4d0   0x00000082   Code   RO         1581    .text.OnComplianceTxNextPacketTimerEvent  lmhpcompliance.o
    0x0800b552   0x0800b552   0x00000002   PAD
    0x0800b554   0x0800b554   0x000000cc   Code   RO          445    .text.OnJoinRequest  lora_app.o
    0x0800b620   0x0800b620   0x0000000e   Code   RO          423    .text.OnJoinTimerLedEvent  lora_app.o
    0x0800b62e   0x0800b62e   0x00000002   PAD
    0x0800b630   0x0800b630   0x00000008   Code   RO          441    .text.OnMacProcessNotify  lora_app.o
    0x0800b638   0x0800b638   0x0000003c   Code   RO          443    .text.OnNvmDataChange  lora_app.o
    0x0800b674   0x0800b674   0x0000000c   Code   RO          459    .text.OnPingSlotPeriodicityChanged  lora_app.o
    0x0800b680   0x0800b680   0x00000064   Code   RO         2425    .text.OnRadioRxDone  loramac.o
    0x0800b6e4   0x0800b6e4   0x0000002a   Code   RO         2427    .text.OnRadioRxError  loramac.o
    0x0800b70e   0x0800b70e   0x00000002   PAD
    0x0800b710   0x0800b710   0x00000048   Code   RO         2431    .text.OnRadioRxTimeout  loramac.o
    0x0800b758   0x0800b758   0x00000060   Code   RO         2423    .text.OnRadioTxDone  loramac.o
    0x0800b7b8   0x0800b7b8   0x00000048   Code   RO         2429    .text.OnRadioTxTimeout  loramac.o
    0x0800b800   0x0800b800   0x0000000e   Code   RO          437    .text.OnRestoreContextRequest  lora_app.o
    0x0800b80e   0x0800b80e   0x00000002   PAD
    0x0800b810   0x0800b810   0x00000128   Code   RO          449    .text.OnRxData      lora_app.o
    0x0800b938   0x0800b938   0x00000010   Code   RO          421    .text.OnRxTimerLedEvent  lora_app.o
    0x0800b948   0x0800b948   0x0000007c   Code   RO         2417    .text.OnRxWindow1TimerEvent  loramac.o
    0x0800b9c4   0x0800b9c4   0x00000082   Code   RO         2419    .text.OnRxWindow2TimerEvent  loramac.o
    0x0800ba46   0x0800ba46   0x00000002   PAD
    0x0800ba48   0x0800ba48   0x00000018   Code   RO          425    .text.OnStopJoinTimerEvent  lora_app.o
    0x0800ba60   0x0800ba60   0x00000062   Code   RO          439    .text.OnStoreContextRequest  lora_app.o
    0x0800bac2   0x0800bac2   0x00000002   PAD
    0x0800bac4   0x0800bac4   0x0000001a   Code   RO          461    .text.OnSystemReset  lora_app.o
    0x0800bade   0x0800bade   0x00000002   PAD
    0x0800bae0   0x0800bae0   0x00000134   Code   RO          447    .text.OnTxData      lora_app.o
    0x0800bc14   0x0800bc14   0x0000008e   Code   RO         2415    .text.OnTxDelayedTimerEvent  loramac.o
    0x0800bca2   0x0800bca2   0x00000002   PAD
    0x0800bca4   0x0800bca4   0x0000000c   Code   RO          457    .text.OnTxFrameCtrlChanged  lora_app.o
    0x0800bcb0   0x0800bcb0   0x00000038   Code   RO          455    .text.OnTxPeriodicityChanged  lora_app.o
    0x0800bce8   0x0800bce8   0x0000001c   Code   RO          433    .text.OnTxTimerEvent  lora_app.o
    0x0800bd04   0x0800bd04   0x00000010   Code   RO          419    .text.OnTxTimerLedEvent  lora_app.o
    0x0800bd14   0x0800bd14   0x00000002   Code   RO           89    .text.PWR_EnterOffMode  stm32_lpm_if.o
    0x0800bd16   0x0800bd16   0x00000002   PAD
    0x0800bd18   0x0800bd18   0x00000012   Code   RO           81    .text.PWR_EnterSleepMode  stm32_lpm_if.o
    0x0800bd2a   0x0800bd2a   0x00000002   PAD
    0x0800bd2c   0x0800bd2c   0x0000001c   Code   RO           85    .text.PWR_EnterStopMode  stm32_lpm_if.o
    0x0800bd48   0x0800bd48   0x00000002   Code   RO           91    .text.PWR_ExitOffMode  stm32_lpm_if.o
    0x0800bd4a   0x0800bd4a   0x00000002   PAD
    0x0800bd4c   0x0800bd4c   0x00000004   Code   RO           83    .text.PWR_ExitSleepMode  stm32_lpm_if.o
    0x0800bd50   0x0800bd50   0x0000000e   Code   RO           87    .text.PWR_ExitStopMode  stm32_lpm_if.o
    0x0800bd5e   0x0800bd5e   0x00000002   PAD
    0x0800bd60   0x0800bd60   0x0000010c   Code   RO         2646    .text.PayloadEncrypt  loramaccrypto.o
    0x0800be6c   0x0800be6c   0x00000002   Code   RO          308    .text.PendSV_Handler  stm32wlxx_it.o
    0x0800be6e   0x0800be6e   0x00000002   PAD
    0x0800be70   0x0800be70   0x000001c0   Code   RO         1632    .text.PrintKey      soft-se.o
    0x0800c030   0x0800c030   0x00000560   Code   RO         2467    .text.ProcessMacCommands  loramac.o
    0x0800c590   0x0800c590   0x00000004   Code   RO          345    .text.RBI_ConfigRFSwitch  radio_board_if.o
    0x0800c594   0x0800c594   0x00000004   Code   RO          353    .text.RBI_GetRFOMaxPowerConfig  radio_board_if.o
    0x0800c598   0x0800c598   0x00000004   Code   RO          347    .text.RBI_GetTxConfig  radio_board_if.o
    0x0800c59c   0x0800c59c   0x00000004   Code   RO          341    .text.RBI_Init      radio_board_if.o
    0x0800c5a0   0x0800c5a0   0x00000004   Code   RO          351    .text.RBI_IsDCDC    radio_board_if.o
    0x0800c5a4   0x0800c5a4   0x00000004   Code   RO          349    .text.RBI_IsTCXO    radio_board_if.o
    0x0800c5a8   0x0800c5a8   0x00000002   Code   RO         3021    .text.RFW_DeInit    radio_fw.o
    0x0800c5aa   0x0800c5aa   0x00000002   PAD
    0x0800c5ac   0x0800c5ac   0x00000002   Code   RO         3033    .text.RFW_DeInit_TxLongPacket  radio_fw.o
    0x0800c5ae   0x0800c5ae   0x00000002   PAD
    0x0800c5b0   0x0800c5b0   0x00000006   Code   RO         3019    .text.RFW_Init      radio_fw.o
    0x0800c5b6   0x0800c5b6   0x00000002   PAD
    0x0800c5b8   0x0800c5b8   0x00000004   Code   RO         3023    .text.RFW_Is_Init   radio_fw.o
    0x0800c5bc   0x0800c5bc   0x00000004   Code   RO         3025    .text.RFW_Is_LongPacketModeEnabled  radio_fw.o
    0x0800c5c0   0x0800c5c0   0x00000006   Code   RO         3031    .text.RFW_ReceiveInit  radio_fw.o
    0x0800c5c6   0x0800c5c6   0x00000002   PAD
    0x0800c5c8   0x0800c5c8   0x00000006   Code   RO         3017    .text.RFW_ReceiveLongPacket  radio_fw.o
    0x0800c5ce   0x0800c5ce   0x00000002   PAD
    0x0800c5d0   0x0800c5d0   0x00000002   Code   RO         3035    .text.RFW_ReceivePayload  radio_fw.o
    0x0800c5d2   0x0800c5d2   0x00000002   PAD
    0x0800c5d4   0x0800c5d4   0x00000002   Code   RO         3027    .text.RFW_SetAntSwitch  radio_fw.o
    0x0800c5d6   0x0800c5d6   0x00000002   PAD
    0x0800c5d8   0x0800c5d8   0x00000002   Code   RO         3037    .text.RFW_SetRadioModem  radio_fw.o
    0x0800c5da   0x0800c5da   0x00000002   PAD
    0x0800c5dc   0x0800c5dc   0x00000006   Code   RO         3029    .text.RFW_TransmitInit  radio_fw.o
    0x0800c5e2   0x0800c5e2   0x00000002   PAD
    0x0800c5e4   0x0800c5e4   0x00000006   Code   RO         3015    .text.RFW_TransmitLongPacket  radio_fw.o
    0x0800c5ea   0x0800c5ea   0x00000002   PAD
    0x0800c5ec   0x0800c5ec   0x0000000c   Code   RO          322    .text.RTC_Alarm_IRQHandler  stm32wlxx_it.o
    0x0800c5f8   0x0800c5f8   0x0000008a   Code   RO         1148    .text.RTC_ExitInitMode  stm32wlxx_hal_rtc.o
    0x0800c682   0x0800c682   0x00000002   PAD
    0x0800c684   0x0800c684   0x00000004   Code   RO         3063    .text.RadioCheckRfFrequency  radio.o
    0x0800c688   0x0800c688   0x00000024   Code   RO         3049    .text.RadioGetStatus  radio.o
    0x0800c6ac   0x0800c6ac   0x0000000a   Code   RO         3093    .text.RadioGetWakeupTime  radio.o
    0x0800c6b6   0x0800c6b6   0x00000002   PAD
    0x0800c6b8   0x0800c6b8   0x000000a4   Code   RO         3047    .text.RadioInit     radio.o
    0x0800c75c   0x0800c75c   0x000003b0   Code   RO         3095    .text.RadioIrqProcess  radio.o
    0x0800cb0c   0x0800cb0c   0x0000015a   Code   RO         3055    .text.RadioIsChannelFree  radio.o
    0x0800cc66   0x0800cc66   0x00000002   PAD
    0x0800cc68   0x0800cc68   0x00000010   Code   RO         3109    .text.RadioOnDioIrq  radio.o
    0x0800cc78   0x0800cc78   0x00000018   Code   RO         3113    .text.RadioOnRxTimeoutIrq  radio.o
    0x0800cc90   0x0800cc90   0x00000018   Code   RO         3111    .text.RadioOnTxTimeoutIrq  radio.o
    0x0800cca8   0x0800cca8   0x00000016   Code   RO         3057    .text.RadioRandom   radio.o
    0x0800ccbe   0x0800ccbe   0x00000002   PAD
    0x0800ccc0   0x0800ccc0   0x00000004   Code   RO         3083    .text.RadioRead     radio.o
    0x0800ccc4   0x0800ccc4   0x00000004   Code   RO         3087    .text.RadioReadRegisters  radio.o
    0x0800ccc8   0x0800ccc8   0x00000008   Code   RO         3079    .text.RadioRssi     radio.o
    0x0800ccd0   0x0800ccd0   0x0000006c   Code   RO         3073    .text.RadioRx       radio.o
    0x0800cd3c   0x0800cd3c   0x0000006c   Code   RO         3097    .text.RadioRxBoosted  radio.o
    0x0800cda8   0x0800cda8   0x0000027c   Code   RO         3067    .text.RadioSend     radio.o
    0x0800d024   0x0800d024   0x00000004   Code   RO         3053    .text.RadioSetChannel  radio.o
    0x0800d028   0x0800d028   0x00000038   Code   RO         3089    .text.RadioSetMaxPayloadLength  radio.o
    0x0800d060   0x0800d060   0x0000008e   Code   RO         3051    .text.RadioSetModem  radio.o
    0x0800d0ee   0x0800d0ee   0x00000002   PAD
    0x0800d0f0   0x0800d0f0   0x0000003a   Code   RO         3091    .text.RadioSetPublicNetwork  radio.o
    0x0800d12a   0x0800d12a   0x00000002   PAD
    0x0800d12c   0x0800d12c   0x000002e0   Code   RO         3059    .text.RadioSetRxConfig  radio.o
    0x0800d40c   0x0800d40c   0x0000003a   Code   RO         3099    .text.RadioSetRxDutyCycle  radio.o
    0x0800d446   0x0800d446   0x00000002   PAD
    0x0800d448   0x0800d448   0x00000228   Code   RO         3105    .text.RadioSetRxGenericConfig  radio.o
    0x0800d670   0x0800d670   0x000001b8   Code   RO         3061    .text.RadioSetTxConfig  radio.o
    0x0800d828   0x0800d828   0x0000003c   Code   RO         3077    .text.RadioSetTxContinuousWave  radio.o
    0x0800d864   0x0800d864   0x000002c0   Code   RO         3107    .text.RadioSetTxGenericConfig  radio.o
    0x0800db24   0x0800db24   0x00000012   Code   RO         3069    .text.RadioSleep    radio.o
    0x0800db36   0x0800db36   0x00000002   PAD
    0x0800db38   0x0800db38   0x00000006   Code   RO         3071    .text.RadioStandby  radio.o
    0x0800db3e   0x0800db3e   0x00000002   PAD
    0x0800db40   0x0800db40   0x0000002c   Code   RO         3075    .text.RadioStartCad  radio.o
    0x0800db6c   0x0800db6c   0x000001d8   Code   RO         3065    .text.RadioTimeOnAir  radio.o
    0x0800dd44   0x0800dd44   0x00000014   Code   RO         3103    .text.RadioTxCw     radio.o
    0x0800dd58   0x0800dd58   0x00000032   Code   RO         3101    .text.RadioTxPrbs   radio.o
    0x0800dd8a   0x0800dd8a   0x00000002   PAD
    0x0800dd8c   0x0800dd8c   0x00000004   Code   RO         3081    .text.RadioWrite    radio.o
    0x0800dd90   0x0800dd90   0x00000004   Code   RO         3085    .text.RadioWriteRegisters  radio.o
    0x0800dd94   0x0800dd94   0x00000028   Code   RO         1705    .text.RegionAlternateDr  region.o
    0x0800ddbc   0x0800ddbc   0x00000020   Code   RO         1685    .text.RegionApplyCFList  region.o
    0x0800dddc   0x0800dddc   0x0000002e   Code   RO         1715    .text.RegionApplyDrOffset  region.o
    0x0800de0a   0x0800de0a   0x00000002   PAD
    0x0800de0c   0x0800de0c   0x00000006   Code   RO         1833    .text.RegionBaseUSCalcDownlinkFrequency  regionbaseus.o
    0x0800de12   0x0800de12   0x00000002   PAD
    0x0800de14   0x0800de14   0x00000100   Code   RO         1829    .text.RegionBaseUSComputeNext125kHzJoinChannel  regionbaseus.o
    0x0800df14   0x0800df14   0x00000006   Code   RO         1871    .text.RegionCN470AlternateDr  regioncn470.o
    0x0800df1a   0x0800df1a   0x00000002   PAD
    0x0800df1c   0x0800df1c   0x0000007c   Code   RO         1851    .text.RegionCN470ApplyCFList  regioncn470.o
    0x0800df98   0x0800df98   0x0000000e   Code   RO         1881    .text.RegionCN470ApplyDrOffset  regioncn470.o
    0x0800dfa6   0x0800dfa6   0x00000002   PAD
    0x0800dfa8   0x0800dfa8   0x0000003a   Code   RO         1853    .text.RegionCN470ChanMaskSet  regioncn470.o
    0x0800dfe2   0x0800dfe2   0x00000002   PAD
    0x0800dfe4   0x0800dfe4   0x00000062   Code   RO         1855    .text.RegionCN470ComputeRxWindowParameters  regioncn470.o
    0x0800e046   0x0800e046   0x00000002   PAD
    0x0800e048   0x0800e048   0x00000006   Code   RO         1869    .text.RegionCN470DlChannelReq  regioncn470.o
    0x0800e04e   0x0800e04e   0x00000002   PAD
    0x0800e050   0x0800e050   0x000001d6   Code   RO         1843    .text.RegionCN470GetPhyParam  regioncn470.o
    0x0800e226   0x0800e226   0x00000002   PAD
    0x0800e228   0x0800e228   0x000001ba   Code   RO         1847    .text.RegionCN470InitDefaults  regioncn470.o
    0x0800e3e2   0x0800e3e2   0x00000002   PAD
    0x0800e3e4   0x0800e3e4   0x0000034a   Code   RO         1861    .text.RegionCN470LinkAdrReq  regioncn470.o
    0x0800e72e   0x0800e72e   0x00000002   PAD
    0x0800e730   0x0800e730   0x00000006   Code   RO         1865    .text.RegionCN470NewChannelReq  regioncn470.o
    0x0800e736   0x0800e736   0x00000002   PAD
    0x0800e738   0x0800e738   0x0000010e   Code   RO         1873    .text.RegionCN470NextChannel  regioncn470.o
    0x0800e846   0x0800e846   0x00000002   PAD
    0x0800e848   0x0800e848   0x000000dc   Code   RO         1857    .text.RegionCN470RxConfig  regioncn470.o
    0x0800e924   0x0800e924   0x00000088   Code   RO         1863    .text.RegionCN470RxParamSetupReq  regioncn470.o
    0x0800e9ac   0x0800e9ac   0x00000038   Code   RO         1845    .text.RegionCN470SetBandTxDone  regioncn470.o
    0x0800e9e4   0x0800e9e4   0x0000005a   Code   RO         1879    .text.RegionCN470SetContinuousWave  regioncn470.o
    0x0800ea3e   0x0800ea3e   0x00000002   PAD
    0x0800ea40   0x0800ea40   0x00000126   Code   RO         1859    .text.RegionCN470TxConfig  regioncn470.o
    0x0800eb66   0x0800eb66   0x00000002   PAD
    0x0800eb68   0x0800eb68   0x00000006   Code   RO         1867    .text.RegionCN470TxParamSetupReq  regioncn470.o
    0x0800eb6e   0x0800eb6e   0x00000002   PAD
    0x0800eb70   0x0800eb70   0x00000092   Code   RO         1849    .text.RegionCN470Verify  regioncn470.o
    0x0800ec02   0x0800ec02   0x00000002   PAD
    0x0800ec04   0x0800ec04   0x00000022   Code   RO         1687    .text.RegionChanMaskSet  region.o
    0x0800ec26   0x0800ec26   0x00000002   PAD
    0x0800ec28   0x0800ec28   0x0000002c   Code   RO         2049    .text.RegionCommonChanDisable  regioncommon.o
    0x0800ec54   0x0800ec54   0x0000008c   Code   RO         2053    .text.RegionCommonChanMaskCopy  regioncommon.o
    0x0800ece0   0x0800ece0   0x0000023c   Code   RO         2045    .text.RegionCommonChanVerifyDr  regioncommon.o
    0x0800ef1c   0x0800ef1c   0x0000007c   Code   RO         2067    .text.RegionCommonComputeRxWindowParameters  regioncommon.o
    0x0800ef98   0x0800ef98   0x0000000a   Code   RO         2065    .text.RegionCommonComputeSymbolTimeFsk  regioncommon.o
    0x0800efa2   0x0800efa2   0x00000002   PAD
    0x0800efa4   0x0800efa4   0x00000012   Code   RO         2063    .text.RegionCommonComputeSymbolTimeLoRa  regioncommon.o
    0x0800efb6   0x0800efb6   0x00000002   PAD
    0x0800efb8   0x0800efb8   0x00000024   Code   RO         2069    .text.RegionCommonComputeTxPower  regioncommon.o
    0x0800efdc   0x0800efdc   0x00000164   Code   RO         2051    .text.RegionCommonCountChannels  regioncommon.o
    0x0800f140   0x0800f140   0x00000020   Code   RO         2081    .text.RegionCommonGetBandwidth  regioncommon.o
    0x0800f160   0x0800f160   0x00000048   Code   RO         2077    .text.RegionCommonGetNextLowerTxDr  regioncommon.o
    0x0800f1a8   0x0800f1a8   0x000001c8   Code   RO         2075    .text.RegionCommonIdentifyChannels  regioncommon.o
    0x0800f370   0x0800f370   0x00000008   Code   RO         2079    .text.RegionCommonLimitTxPower  regioncommon.o
    0x0800f378   0x0800f378   0x000000ac   Code   RO         2061    .text.RegionCommonLinkAdrReqVerifyParams  regioncommon.o
    0x0800f424   0x0800f424   0x00000034   Code   RO         2059    .text.RegionCommonParseLinkAdrReq  regioncommon.o
    0x0800f458   0x0800f458   0x00000094   Code   RO         2083    .text.RegionCommonRxConfigPrint  regioncommon.o
    0x0800f4ec   0x0800f4ec   0x00000040   Code   RO         2055    .text.RegionCommonSetBandTxDone  regioncommon.o
    0x0800f52c   0x0800f52c   0x00000038   Code   RO         2085    .text.RegionCommonTxConfigPrint  regioncommon.o
    0x0800f564   0x0800f564   0x0000023c   Code   RO         2057    .text.RegionCommonUpdateBandTimeOff  regioncommon.o
    0x0800f7a0   0x0800f7a0   0x00000018   Code   RO         2047    .text.RegionCommonValueInRange  regioncommon.o
    0x0800f7b8   0x0800f7b8   0x00000036   Code   RO         1689    .text.RegionComputeRxWindowParameters  region.o
    0x0800f7ee   0x0800f7ee   0x00000002   PAD
    0x0800f7f0   0x0800f7f0   0x00000022   Code   RO         1703    .text.RegionDlChannelReq  region.o
    0x0800f812   0x0800f812   0x00000002   PAD
    0x0800f814   0x0800f814   0x00000002   Code   RO         2178    .text.RegionEU868AlternateDr  regioneu868.o
    0x0800f816   0x0800f816   0x00000002   PAD
    0x0800f818   0x0800f818   0x00000198   Code   RO         2154    .text.RegionEU868ApplyCFList  regioneu868.o
    0x0800f9b0   0x0800f9b0   0x0000000e   Code   RO         2184    .text.RegionEU868ApplyDrOffset  regioneu868.o
    0x0800f9be   0x0800f9be   0x00000002   PAD
    0x0800f9c0   0x0800f9c0   0x0000003c   Code   RO         2160    .text.RegionEU868ChanMaskSet  regioneu868.o
    0x0800f9fc   0x0800f9fc   0x0000019c   Code   RO         2156    .text.RegionEU868ChannelAdd  regioneu868.o
    0x0800fb98   0x0800fb98   0x0000006e   Code   RO         2162    .text.RegionEU868ComputeRxWindowParameters  regioneu868.o
    0x0800fc06   0x0800fc06   0x00000002   PAD
    0x0800fc08   0x0800fc08   0x000000d4   Code   RO         2176    .text.RegionEU868DlChannelReq  regioneu868.o
    0x0800fcdc   0x0800fcdc   0x00000184   Code   RO         2146    .text.RegionEU868GetPhyParam  regioneu868.o
    0x0800fe60   0x0800fe60   0x000000e2   Code   RO         2150    .text.RegionEU868InitDefaults  regioneu868.o
    0x0800ff42   0x0800ff42   0x00000002   PAD
    0x0800ff44   0x0800ff44   0x00000378   Code   RO         2168    .text.RegionEU868LinkAdrReq  regioneu868.o
    0x080102bc   0x080102bc   0x00000080   Code   RO         2172    .text.RegionEU868NewChannelReq  regioneu868.o
    0x0801033c   0x0801033c   0x00000154   Code   RO         2180    .text.RegionEU868NextChannel  regioneu868.o
    0x08010490   0x08010490   0x00000118   Code   RO         2164    .text.RegionEU868RxConfig  regioneu868.o
    0x080105a8   0x080105a8   0x000000d8   Code   RO         2170    .text.RegionEU868RxParamSetupReq  regioneu868.o
    0x08010680   0x08010680   0x00000038   Code   RO         2148    .text.RegionEU868SetBandTxDone  regioneu868.o
    0x080106b8   0x080106b8   0x0000005a   Code   RO         2182    .text.RegionEU868SetContinuousWave  regioneu868.o
    0x08010712   0x08010712   0x00000002   PAD
    0x08010714   0x08010714   0x00000186   Code   RO         2166    .text.RegionEU868TxConfig  regioneu868.o
    0x0801089a   0x0801089a   0x00000002   PAD
    0x0801089c   0x0801089c   0x00000006   Code   RO         2174    .text.RegionEU868TxParamSetupReq  regioneu868.o
    0x080108a2   0x080108a2   0x00000002   PAD
    0x080108a4   0x080108a4   0x000000ea   Code   RO         2152    .text.RegionEU868Verify  regioneu868.o
    0x0801098e   0x0801098e   0x00000002   PAD
    0x08010990   0x08010990   0x00000022   Code   RO         1677    .text.RegionGetPhyParam  region.o
    0x080109b2   0x080109b2   0x00000002   PAD
    0x080109b4   0x080109b4   0x00000008   Code   RO         1719    .text.RegionGetVersion  region.o
    0x080109bc   0x080109bc   0x00000020   Code   RO         1681    .text.RegionInitDefaults  region.o
    0x080109dc   0x080109dc   0x0000001c   Code   RO         1675    .text.RegionIsActive  region.o
    0x080109f8   0x080109f8   0x00000056   Code   RO         1695    .text.RegionLinkAdrReq  region.o
    0x08010a4e   0x08010a4e   0x00000002   PAD
    0x08010a50   0x08010a50   0x00000022   Code   RO         1699    .text.RegionNewChannelReq  region.o
    0x08010a72   0x08010a72   0x00000002   PAD
    0x08010a74   0x08010a74   0x00000038   Code   RO         1707    .text.RegionNextChannel  region.o
    0x08010aac   0x08010aac   0x00000028   Code   RO         1691    .text.RegionRxConfig  region.o
    0x08010ad4   0x08010ad4   0x00000022   Code   RO         1697    .text.RegionRxParamSetupReq  region.o
    0x08010af6   0x08010af6   0x00000002   PAD
    0x08010af8   0x08010af8   0x00000020   Code   RO         1679    .text.RegionSetBandTxDone  region.o
    0x08010b18   0x08010b18   0x00000020   Code   RO         1713    .text.RegionSetContinuousWave  region.o
    0x08010b38   0x08010b38   0x0000002e   Code   RO         1693    .text.RegionTxConfig  region.o
    0x08010b66   0x08010b66   0x00000002   PAD
    0x08010b68   0x08010b68   0x00000022   Code   RO         1701    .text.RegionTxParamSetupReq  region.o
    0x08010b8a   0x08010b8a   0x00000002   PAD
    0x08010b8c   0x08010b8c   0x00000040   Code   RO         2378    .text.RegionUS915AlternateDr  regionus915.o
    0x08010bcc   0x08010bcc   0x000000a6   Code   RO         2358    .text.RegionUS915ApplyCFList  regionus915.o
    0x08010c72   0x08010c72   0x00000002   PAD
    0x08010c74   0x08010c74   0x00000024   Code   RO         2388    .text.RegionUS915ApplyDrOffset  regionus915.o
    0x08010c98   0x08010c98   0x000000be   Code   RO         2360    .text.RegionUS915ChanMaskSet  regionus915.o
    0x08010d56   0x08010d56   0x00000002   PAD
    0x08010d58   0x08010d58   0x00000062   Code   RO         2362    .text.RegionUS915ComputeRxWindowParameters  regionus915.o
    0x08010dba   0x08010dba   0x00000002   PAD
    0x08010dbc   0x08010dbc   0x00000006   Code   RO         2376    .text.RegionUS915DlChannelReq  regionus915.o
    0x08010dc2   0x08010dc2   0x00000002   PAD
    0x08010dc4   0x08010dc4   0x000001dc   Code   RO         2350    .text.RegionUS915GetPhyParam  regionus915.o
    0x08010fa0   0x08010fa0   0x000002b4   Code   RO         2354    .text.RegionUS915InitDefaults  regionus915.o
    0x08011254   0x08011254   0x00000340   Code   RO         2368    .text.RegionUS915LinkAdrReq  regionus915.o
    0x08011594   0x08011594   0x00000006   Code   RO         2372    .text.RegionUS915NewChannelReq  regionus915.o
    0x0801159a   0x0801159a   0x00000002   PAD
    0x0801159c   0x0801159c   0x000001be   Code   RO         2380    .text.RegionUS915NextChannel  regionus915.o
    0x0801175a   0x0801175a   0x00000002   PAD
    0x0801175c   0x0801175c   0x000000ca   Code   RO         2364    .text.RegionUS915RxConfig  regionus915.o
    0x08011826   0x08011826   0x00000002   PAD
    0x08011828   0x08011828   0x000000a8   Code   RO         2370    .text.RegionUS915RxParamSetupReq  regionus915.o
    0x080118d0   0x080118d0   0x00000038   Code   RO         2352    .text.RegionUS915SetBandTxDone  regionus915.o
    0x08011908   0x08011908   0x00000094   Code   RO         2386    .text.RegionUS915SetContinuousWave  regionus915.o
    0x0801199c   0x0801199c   0x00000156   Code   RO         2366    .text.RegionUS915TxConfig  regionus915.o
    0x08011af2   0x08011af2   0x00000002   PAD
    0x08011af4   0x08011af4   0x00000006   Code   RO         2374    .text.RegionUS915TxParamSetupReq  regionus915.o
    0x08011afa   0x08011afa   0x00000002   PAD
    0x08011afc   0x08011afc   0x0000009c   Code   RO         2356    .text.RegionUS915Verify  regionus915.o
    0x08011b98   0x08011b98   0x00000028   Code   RO         1683    .text.RegionVerify  region.o
    0x08011bc0   0x08011bc0   0x00000122   Code   RO         2413    .text.ResetMacParameters  loramac.o
    0x08011ce2   0x08011ce2   0x00000002   PAD
    0x08011ce4   0x08011ce4   0x0000000c   Code   RO          324    .text.SUBGHZ_Radio_IRQHandler  stm32wlxx_it.o
    0x08011cf0   0x08011cf0   0x000000b0   Code   RO         3003    .text.SUBGRF_GetCFO  radio_driver.o
    0x08011da0   0x08011da0   0x00000146   Code   RO         3001    .text.SUBGRF_GetFskBandwidthRegValue  radio_driver.o
    0x08011ee6   0x08011ee6   0x00000002   PAD
    0x08011ee8   0x08011ee8   0x0000000c   Code   RO         2885    .text.SUBGRF_GetOperatingMode  radio_driver.o
    0x08011ef4   0x08011ef4   0x00000094   Code   RO         2969    .text.SUBGRF_GetPacketStatus  radio_driver.o
    0x08011f88   0x08011f88   0x00000096   Code   RO         2891    .text.SUBGRF_GetPayload  radio_driver.o
    0x0801201e   0x0801201e   0x00000002   PAD
    0x08012020   0x08012020   0x00000004   Code   RO         2981    .text.SUBGRF_GetRadioWakeUpTime  radio_driver.o
    0x08012024   0x08012024   0x00000120   Code   RO         2915    .text.SUBGRF_GetRandom  radio_driver.o
    0x08012144   0x08012144   0x00000032   Code   RO         2967    .text.SUBGRF_GetRssiInst  radio_driver.o
    0x08012176   0x08012176   0x00000002   PAD
    0x08012178   0x08012178   0x00000132   Code   RO         2875    .text.SUBGRF_Init   radio_driver.o
    0x080122aa   0x080122aa   0x00000002   PAD
    0x080122ac   0x080122ac   0x00000020   Code   RO         2913    .text.SUBGRF_ReadRegister  radio_driver.o
    0x080122cc   0x080122cc   0x00000024   Code   RO         2919    .text.SUBGRF_ReadRegisters  radio_driver.o
    0x080122f0   0x080122f0   0x00000064   Code   RO         2897    .text.SUBGRF_SendPayload  radio_driver.o
    0x08012354   0x08012354   0x00000032   Code   RO         2963    .text.SUBGRF_SetBufferBaseAddress  radio_driver.o
    0x08012386   0x08012386   0x00000002   PAD
    0x08012388   0x08012388   0x00000030   Code   RO         2929    .text.SUBGRF_SetCad  radio_driver.o
    0x080123b8   0x080123b8   0x00000042   Code   RO         2909    .text.SUBGRF_SetCrcPolynomial  radio_driver.o
    0x080123fa   0x080123fa   0x00000002   PAD
    0x080123fc   0x080123fc   0x00000052   Code   RO         2947    .text.SUBGRF_SetDioIrqParams  radio_driver.o
    0x0801244e   0x0801244e   0x00000002   PAD
    0x08012450   0x08012450   0x00000056   Code   RO         2937    .text.SUBGRF_SetLoRaSymbNumTimeout  radio_driver.o
    0x080124a6   0x080124a6   0x00000002   PAD
    0x080124a8   0x080124a8   0x00000190   Code   RO         2957    .text.SUBGRF_SetModulationParams  radio_driver.o
    0x08012638   0x08012638   0x000001b8   Code   RO         2959    .text.SUBGRF_SetPacketParams  radio_driver.o
    0x080127f0   0x080127f0   0x00000056   Code   RO         2953    .text.SUBGRF_SetPacketType  radio_driver.o
    0x08012846   0x08012846   0x00000002   PAD
    0x08012848   0x08012848   0x0000003a   Code   RO         2939    .text.SUBGRF_SetRegulatorMode  radio_driver.o
    0x08012882   0x08012882   0x00000002   PAD
    0x08012884   0x08012884   0x000000e8   Code   RO         2951    .text.SUBGRF_SetRfFrequency  radio_driver.o
    0x0801296c   0x0801296c   0x00000028   Code   RO         2979    .text.SUBGRF_SetRfTxPower  radio_driver.o
    0x08012994   0x08012994   0x00000046   Code   RO         2917    .text.SUBGRF_SetRx  radio_driver.o
    0x080129da   0x080129da   0x00000002   PAD
    0x080129dc   0x080129dc   0x0000005e   Code   RO         2925    .text.SUBGRF_SetRxBoosted  radio_driver.o
    0x08012a3a   0x08012a3a   0x00000002   PAD
    0x08012a3c   0x08012a3c   0x00000056   Code   RO         2927    .text.SUBGRF_SetRxDutyCycle  radio_driver.o
    0x08012a92   0x08012a92   0x00000002   PAD
    0x08012a94   0x08012a94   0x00000084   Code   RO         2921    .text.SUBGRF_SetSleep  radio_driver.o
    0x08012b18   0x08012b18   0x00000044   Code   RO         2877    .text.SUBGRF_SetStandby  radio_driver.o
    0x08012b5c   0x08012b5c   0x0000002e   Code   RO         2935    .text.SUBGRF_SetStopRxTimerOnPreambleDetect  radio_driver.o
    0x08012b8a   0x08012b8a   0x00000002   PAD
    0x08012b8c   0x08012b8c   0x0000006a   Code   RO         2977    .text.SUBGRF_SetSwitch  radio_driver.o
    0x08012bf6   0x08012bf6   0x00000002   PAD
    0x08012bf8   0x08012bf8   0x00000028   Code   RO         2901    .text.SUBGRF_SetSyncWord  radio_driver.o
    0x08012c20   0x08012c20   0x00000046   Code   RO         2899    .text.SUBGRF_SetTx  radio_driver.o
    0x08012c66   0x08012c66   0x00000002   PAD
    0x08012c68   0x08012c68   0x00000024   Code   RO         2931    .text.SUBGRF_SetTxContinuousWave  radio_driver.o
    0x08012c8c   0x08012c8c   0x00000024   Code   RO         2933    .text.SUBGRF_SetTxInfinitePreamble  radio_driver.o
    0x08012cb0   0x08012cb0   0x00000232   Code   RO         2955    .text.SUBGRF_SetTxParams  radio_driver.o
    0x08012ee2   0x08012ee2   0x00000002   PAD
    0x08012ee4   0x08012ee4   0x00000068   Code   RO         2911    .text.SUBGRF_SetWhiteningSeed  radio_driver.o
    0x08012f4c   0x08012f4c   0x00000022   Code   RO         2881    .text.SUBGRF_WriteRegister  radio_driver.o
    0x08012f6e   0x08012f6e   0x00000002   PAD
    0x08012f70   0x08012f70   0x00000024   Code   RO         2903    .text.SUBGRF_WriteRegisters  radio_driver.o
    0x08012f94   0x08012f94   0x00000002   Code   RO          304    .text.SVC_Handler   stm32wlxx_it.o
    0x08012f96   0x08012f96   0x00000002   PAD
    0x08012f98   0x08012f98   0x0000003e   Code   RO          209    .text.SYS_GetBatteryLevel  adc_if.o
    0x08012fd6   0x08012fd6   0x00000002   PAD
    0x08012fd8   0x08012fd8   0x000000c2   Code   RO          207    .text.SYS_GetTemperatureLevel  adc_if.o
    0x0801309a   0x0801309a   0x00000002   PAD
    0x0801309c   0x0801309c   0x00000014   Code   RO          203    .text.SYS_InitMeasurement  adc_if.o
    0x080130b0   0x080130b0   0x00000318   Code   RO         2471    .text.ScheduleTx    loramac.o
    0x080133c8   0x080133c8   0x000000dc   Code   RO         1642    .text.SecureElementAesEncrypt  soft-se.o
    0x080134a4   0x080134a4   0x0000000c   Code   RO         1644    .text.SecureElementComputeAesCmac  soft-se.o
    0x080134b0   0x080134b0   0x00000042   Code   RO         1650    .text.SecureElementDeriveAndStoreKey  soft-se.o
    0x080134f2   0x080134f2   0x00000002   PAD
    0x080134f4   0x080134f4   0x0000000c   Code   RO         1658    .text.SecureElementGetDevEui  soft-se.o
    0x08013500   0x08013500   0x0000000e   Code   RO         1662    .text.SecureElementGetJoinEui  soft-se.o
    0x0801350e   0x0801350e   0x00000002   PAD
    0x08013510   0x08013510   0x00000026   Code   RO         1626    .text.SecureElementInit  soft-se.o
    0x08013536   0x08013536   0x00000002   PAD
    0x08013538   0x08013538   0x00000140   Code   RO         1630    .text.SecureElementPrintKeys  soft-se.o
    0x08013678   0x08013678   0x0000001e   Code   RO         1634    .text.SecureElementPrintSessionKeys  soft-se.o
    0x08013696   0x08013696   0x00000002   PAD
    0x08013698   0x08013698   0x000000a6   Code   RO         1652    .text.SecureElementProcessJoinAccept  soft-se.o
    0x0801373e   0x0801373e   0x00000002   PAD
    0x08013740   0x08013740   0x0000001e   Code   RO         1654    .text.SecureElementRandomNumber  soft-se.o
    0x0801375e   0x0801375e   0x00000002   PAD
    0x08013760   0x08013760   0x00000020   Code   RO         1656    .text.SecureElementSetDevEui  soft-se.o
    0x08013780   0x08013780   0x00000022   Code   RO         1660    .text.SecureElementSetJoinEui  soft-se.o
    0x080137a2   0x080137a2   0x00000002   PAD
    0x080137a4   0x080137a4   0x000000e0   Code   RO         1640    .text.SecureElementSetKey  soft-se.o
    0x08013884   0x08013884   0x0000003c   Code   RO         1648    .text.SecureElementVerifyAesCmac  soft-se.o
    0x080138c0   0x080138c0   0x000001e4   Code   RO          427    .text.SendTxData    lora_app.o
    0x08013aa4   0x08013aa4   0x000000d8   Code   RO          431    .text.StopJoin      lora_app.o
    0x08013b7c   0x08013b7c   0x00000058   Code   RO          429    .text.StoreContext  lora_app.o
    0x08013bd4   0x08013bd4   0x0000015c   Code   RO         2445    .text.SwitchClass   loramac.o
    0x08013d30   0x08013d30   0x00000002   Code   RO          310    .text.SysTick_Handler  stm32wlxx_it.o
    0x08013d32   0x08013d32   0x00000002   PAD
    0x08013d34   0x08013d34   0x00000030   Code   RO         3198    .text.SysTimeAdd    stm32_systime.o
    0x08013d64   0x08013d64   0x00000060   Code   RO         3210    .text.SysTimeFromMs  stm32_systime.o
    0x08013dc4   0x08013dc4   0x0000004e   Code   RO         3204    .text.SysTimeGet    stm32_systime.o
    0x08013e12   0x08013e12   0x00000002   PAD
    0x08013e14   0x08013e14   0x0000001c   Code   RO         3206    .text.SysTimeGetMcuTime  stm32_systime.o
    0x08013e30   0x08013e30   0x0000004c   Code   RO         3202    .text.SysTimeSet    stm32_systime.o
    0x08013e7c   0x08013e7c   0x0000002a   Code   RO         3200    .text.SysTimeSub    stm32_systime.o
    0x08013ea6   0x08013ea6   0x00000002   PAD
    0x08013ea8   0x08013ea8   0x00000044   Code   RO         3208    .text.SysTimeToMs   stm32_systime.o
    0x08013eec   0x08013eec   0x00000060   Code   RO          101    .text.SystemApp_Init  sys_app.o
    0x08013f4c   0x08013f4c   0x00000002   Code   RO          489    .text.SystemInit    system_stm32wlxx.o
    0x08013f4e   0x08013f4e   0x00000002   PAD
    0x08013f50   0x08013f50   0x0000000c   Code   RO          312    .text.TAMP_STAMP_LSECSS_SSRU_IRQHandler  stm32wlxx_it.o
    0x08013f5c   0x08013f5c   0x0000000e   Code   RO          178    .text.TIMER_IF_BkUp_Read_Seconds  timer_if.o
    0x08013f6a   0x08013f6a   0x00000002   PAD
    0x08013f6c   0x08013f6c   0x0000000e   Code   RO          182    .text.TIMER_IF_BkUp_Read_SubSeconds  timer_if.o
    0x08013f7a   0x08013f7a   0x00000002   PAD
    0x08013f7c   0x08013f7c   0x00000010   Code   RO          176    .text.TIMER_IF_BkUp_Write_Seconds  timer_if.o
    0x08013f8c   0x08013f8c   0x00000010   Code   RO          180    .text.TIMER_IF_BkUp_Write_SubSeconds  timer_if.o
    0x08013f9c   0x08013f9c   0x00000010   Code   RO          174    .text.TIMER_IF_Convert_Tick2ms  timer_if.o
    0x08013fac   0x08013fac   0x00000014   Code   RO          172    .text.TIMER_IF_Convert_ms2Tick  timer_if.o
    0x08013fc0   0x08013fc0   0x00000050   Code   RO          186    .text.TIMER_IF_DelayMs  timer_if.o
    0x08014010   0x08014010   0x00000004   Code   RO          170    .text.TIMER_IF_GetMinimumTimeout  timer_if.o
    0x08014014   0x08014014   0x00000054   Code   RO          184    .text.TIMER_IF_GetTime  timer_if.o
    0x08014068   0x08014068   0x0000000c   Code   RO          164    .text.TIMER_IF_GetTimerContext  timer_if.o
    0x08014074   0x08014074   0x00000038   Code   RO          166    .text.TIMER_IF_GetTimerElapsedTime  timer_if.o
    0x080140ac   0x080140ac   0x00000040   Code   RO          168    .text.TIMER_IF_GetTimerValue  timer_if.o
    0x080140ec   0x080140ec   0x00000086   Code   RO          156    .text.TIMER_IF_Init  timer_if.o
    0x08014172   0x08014172   0x00000002   PAD
    0x08014174   0x08014174   0x00000036   Code   RO          162    .text.TIMER_IF_SetTimerContext  timer_if.o
    0x080141aa   0x080141aa   0x00000002   PAD
    0x080141ac   0x080141ac   0x0000006e   Code   RO          158    .text.TIMER_IF_StartTimer  timer_if.o
    0x0801421a   0x0801421a   0x00000002   PAD
    0x0801421c   0x0801421c   0x0000002a   Code   RO          160    .text.TIMER_IF_StopTimer  timer_if.o
    0x08014246   0x08014246   0x00000002   PAD
    0x08014248   0x08014248   0x000000aa   Code   RO         3141    .text.TRACE_Send    stm32_adv_trace.o
    0x080142f2   0x080142f2   0x00000002   PAD
    0x080142f4   0x080142f4   0x000000ac   Code   RO         3131    .text.TRACE_TxCpltCallback  stm32_adv_trace.o
    0x080143a0   0x080143a0   0x00000028   Code   RO          103    .text.TimestampNow  sys_app.o
    0x080143c8   0x080143c8   0x000000e6   Code   RO         1388    .text.UART_AdvFeatureConfig  stm32wlxx_hal_uart.o
    0x080144ae   0x080144ae   0x00000002   PAD
    0x080144b0   0x080144b0   0x00000010   Code   RO         1468    .text.UART_DMAAbortOnError  stm32wlxx_hal_uart.o
    0x080144c0   0x080144c0   0x000001ea   Code   RO         1428    .text.UART_DMAError  stm32wlxx_hal_uart.o
    0x080146aa   0x080146aa   0x00000002   PAD
    0x080146ac   0x080146ac   0x000000b0   Code   RO         1424    .text.UART_DMATransmitCplt  stm32wlxx_hal_uart.o
    0x0801475c   0x0801475c   0x00000006   Code   RO         1426    .text.UART_DMATxHalfCplt  stm32wlxx_hal_uart.o
    0x08014762   0x08014762   0x00000002   PAD
    0x08014764   0x08014764   0x00000148   Code   RO         1508    .text.UART_RxISR_16BIT  stm32wlxx_hal_uart.o
    0x080148ac   0x080148ac   0x000002d2   Code   RO         1504    .text.UART_RxISR_16BIT_FIFOEN  stm32wlxx_hal_uart.o
    0x08014b7e   0x08014b7e   0x00000002   PAD
    0x08014b80   0x08014b80   0x00000148   Code   RO         1510    .text.UART_RxISR_8BIT  stm32wlxx_hal_uart.o
    0x08014cc8   0x08014cc8   0x000002d6   Code   RO         1506    .text.UART_RxISR_8BIT_FIFOEN  stm32wlxx_hal_uart.o
    0x08014f9e   0x08014f9e   0x00000002   PAD
    0x08014fa0   0x08014fa0   0x00000258   Code   RO         1386    .text.UART_SetConfig  stm32wlxx_hal_uart.o
    0x080151f8   0x080151f8   0x0000027e   Code   RO         1420    .text.UART_Start_Receive_IT  stm32wlxx_hal_uart.o
    0x08015476   0x08015476   0x00000002   PAD
    0x08015478   0x08015478   0x00000214   Code   RO         1404    .text.UART_WaitOnFlagUntilTimeout  stm32wlxx_hal_uart.o
    0x0801568c   0x0801568c   0x0000000c   Code   RO          320    .text.USART2_IRQHandler  stm32wlxx_it.o
    0x08015698   0x08015698   0x00000220   Code   RO         3139    .text.UTIL_ADV_TRACE_COND_FSend  stm32_adv_trace.o
    0x080158b8   0x080158b8   0x0000003c   Code   RO         3129    .text.UTIL_ADV_TRACE_Init  stm32_adv_trace.o
    0x080158f4   0x080158f4   0x00000008   Code   RO          117    .text.UTIL_ADV_TRACE_PostSendHook  sys_app.o
    0x080158fc   0x080158fc   0x00000008   Code   RO          115    .text.UTIL_ADV_TRACE_PreSendHook  sys_app.o
    0x08015904   0x08015904   0x0000000c   Code   RO         3157    .text.UTIL_ADV_TRACE_RegisterTimeStampFunction  stm32_adv_trace.o
    0x08015910   0x08015910   0x0000000c   Code   RO         3159    .text.UTIL_ADV_TRACE_SetVerboseLevel  stm32_adv_trace.o
    0x0801591c   0x0801591c   0x0000005e   Code   RO         3350    .text.UTIL_LPM_EnterLowPower  stm32_lpm.o
    0x0801597a   0x0801597a   0x00000002   PAD
    0x0801597c   0x0801597c   0x00000010   Code   RO         3340    .text.UTIL_LPM_Init  stm32_lpm.o
    0x0801598c   0x0801598c   0x0000002c   Code   RO         3346    .text.UTIL_LPM_SetOffMode  stm32_lpm.o
    0x080159b8   0x080159b8   0x0000002c   Code   RO         3344    .text.UTIL_LPM_SetStopMode  stm32_lpm.o
    0x080159e4   0x080159e4   0x00000070   Code   RO         3184    .text.UTIL_MEM_cpy_8  stm32_mem.o
    0x08015a54   0x08015a54   0x00000018   Code   RO         3188    .text.UTIL_MEM_set_8  stm32_mem.o
    0x08015a6c   0x08015a6c   0x00000004   Code   RO          105    .text.UTIL_SEQ_Idle  sys_app.o
    0x08015a70   0x08015a70   0x00000002   Code   RO         3260    .text.UTIL_SEQ_PostIdle  stm32_seq.o
    0x08015a72   0x08015a72   0x00000002   PAD
    0x08015a74   0x08015a74   0x00000002   Code   RO         3256    .text.UTIL_SEQ_PreIdle  stm32_seq.o
    0x08015a76   0x08015a76   0x00000002   PAD
    0x08015a78   0x08015a78   0x00000058   Code   RO         3262    .text.UTIL_SEQ_RegTask  stm32_seq.o
    0x08015ad0   0x08015ad0   0x00000194   Code   RO         3252    .text.UTIL_SEQ_Run  stm32_seq.o
    0x08015c64   0x08015c64   0x00000028   Code   RO         3264    .text.UTIL_SEQ_SetTask  stm32_seq.o
    0x08015c8c   0x08015c8c   0x0000003c   Code   RO         3299    .text.UTIL_TIMER_Create  stm32_timer.o
    0x08015cc8   0x08015cc8   0x00000018   Code   RO         3327    .text.UTIL_TIMER_GetCurrentTime  stm32_timer.o
    0x08015ce0   0x08015ce0   0x00000028   Code   RO         3329    .text.UTIL_TIMER_GetElapsedTime  stm32_timer.o
    0x08015d08   0x08015d08   0x000000e4   Code   RO         3325    .text.UTIL_TIMER_IRQ_Handler  stm32_timer.o
    0x08015dec   0x08015dec   0x00000018   Code   RO         3295    .text.UTIL_TIMER_Init  stm32_timer.o
    0x08015e04   0x08015e04   0x0000010c   Code   RO         3315    .text.UTIL_TIMER_SetPeriod  stm32_timer.o
    0x08015f10   0x08015f10   0x00000146   Code   RO         3301    .text.UTIL_TIMER_Start  stm32_timer.o
    0x08016056   0x08016056   0x00000002   PAD
    0x08016058   0x08016058   0x000000d2   Code   RO         3311    .text.UTIL_TIMER_Stop  stm32_timer.o
    0x0801612a   0x0801612a   0x00000002   PAD
    0x0801612c   0x0801612c   0x00000002   Code   RO          302    .text.UsageFault_Handler  stm32wlxx_it.o
    0x0801612e   0x0801612e   0x00000002   PAD
    0x08016130   0x08016130   0x00000024   Code   RO          463    .text.__NVIC_SystemReset  lora_app.o
    0x08016154   0x08016154   0x0000042c   Code   RO         1611    .text.lorawan_aes_encrypt  lorawan_aes.o
    0x08016580   0x08016580   0x00000434   Code   RO         1609    .text.lorawan_aes_set_key  lorawan_aes.o
    0x080169b4   0x080169b4   0x000000a2   Code   RO           12    .text.main          main.o
    0x08016a56   0x08016a56   0x00000002   PAD
    0x08016a58   0x08016a58   0x00000070   Code   RO         2850    .text.memcpy1       utilities.o
    0x08016ac8   0x08016ac8   0x00000074   Code   RO         2852    .text.memcpyr       utilities.o
    0x08016b3c   0x08016b3c   0x00000018   Code   RO         2854    .text.memset1       utilities.o
    0x08016b54   0x08016b54   0x0000004e   Code   RO         2848    .text.randr         utilities.o
    0x08016ba2   0x08016ba2   0x00000002   PAD
    0x08016ba4   0x08016ba4   0x0000000c   Code   RO         2846    .text.srand1        utilities.o
    0x08016bb0   0x08016bb0   0x0000002c   Code   RO          125    .text.tiny_snprintf_like  sys_app.o
    0x08016bdc   0x08016bdc   0x00000720   Code   RO         3237    .text.tiny_vsnprintf_like  stm32_tiny_vsnprintf.o
    0x080172fc   0x080172fc   0x0000002e   Code   RO          223    .text.vcom_DeInit   usart_if.o
    0x0801732a   0x0801732a   0x00000002   PAD
    0x0801732c   0x0801732c   0x00000028   Code   RO          221    .text.vcom_Init     usart_if.o
    0x08017354   0x08017354   0x00000080   Code   RO          225    .text.vcom_ReceiveInit  usart_if.o
    0x080173d4   0x080173d4   0x00000030   Code   RO          231    .text.vcom_Resume   usart_if.o
    0x08017404   0x08017404   0x00000016   Code   RO          227    .text.vcom_Trace_DMA  usart_if.o
    0x0801741a   0x0801741a   0x00000002   PAD
    0x0801741c   0x0801741c   0x0000007c   Code   RO         3397    i.floorf            m_ws.l(floorf.o)
    0x08017498   0x08017498   0x000001b8   Code   RO         3407    x$fpl$exception     f_ws.l(except.o)
    0x08017650   0x08017650   0x00000140   Code   RO         3374    x$fpl$fadd          f_ws.l(faddsub_clz.o)
    0x08017790   0x08017790   0x000001bc   Code   RO         3381    x$fpl$fdiv          f_ws.l(fdiv.o)
    0x0801794c   0x0801794c   0x00000044   Code   RO         3384    x$fpl$ffix          f_ws.l(ffix.o)
    0x08017990   0x08017990   0x00000030   Code   RO         3389    x$fpl$fflt          f_ws.l(fflt_clz.o)
    0x080179c0   0x080179c0   0x00000026   Code   RO         3388    x$fpl$ffltu         f_ws.l(fflt_clz.o)
    0x080179e6   0x080179e6   0x00000002   PAD
    0x080179e8   0x080179e8   0x00000128   Code   RO         3394    x$fpl$fmul          f_ws.l(fmul.o)
    0x08017b10   0x08017b10   0x000000f2   Code   RO         3409    x$fpl$fnaninf       f_ws.l(fnaninf.o)
    0x08017c02   0x08017c02   0x0000004a   Code   RO         3411    x$fpl$fnorm2        f_ws.l(fnorm2_clz.o)
    0x08017c4c   0x08017c4c   0x0000000e   Code   RO         3533    x$fpl$fpinit        f_ws.l(fpinit.o)
    0x08017c5a   0x08017c5a   0x0000000a   Code   RO         3413    x$fpl$fretinf       f_ws.l(fretinf.o)
    0x08017c64   0x08017c64   0x00000142   Code   RO         3376    x$fpl$fsub          f_ws.l(faddsub_clz.o)
    0x08017da6   0x08017da6   0x0000012a   Code   RO         3415    x$fpl$funder        f_ws.l(funder_clz.o)
    0x08017ed0   0x08017ed0   0x000000b2   Code   RO         3440    x$fpl$retnan        f_ws.l(retnan.o)
    0x08017f82   0x08017f82   0x00000090   Code   RO         3442    x$fpl$trapveneer    f_ws.l(trapv.o)
    0x08018012   0x08018012   0x00000000   Code   RO         3417    x$fpl$usenofp       f_ws.l(usenofp.o)
    0x08018012   0x08018012   0x00000002   PAD
    0x08018014   0x08018014   0x000000c0   Data   RO         1665    .USER_embedded_Keys  soft-se.o
    0x080180d4   0x080180d4   0x0000000c   Data   RO          690    .rodata..L__const.RCC_SetFlashLatency.FLASH_LATENCY_RANGE  stm32wlxx_hal_rcc.o
    0x080180e0   0x080180e0   0x00000018   Data   RO         1889    .rodata..L__const.RegionCN470InitDefaults.bands  regioncn470.o
    0x080180f8   0x080180f8   0x00000018   Data   RO         2395    .rodata..L__const.RegionUS915InitDefaults.bands  regionus915.o
    0x08018110   0x08018110   0x00000040   Data   RO          494    .rodata.AHBPrescTable  system_stm32wlxx.o
    0x08018150   0x08018150   0x00000020   Data   RO          495    .rodata.APBPrescTable  system_stm32wlxx.o
    0x08018170   0x08018170   0x00000003   Data   RO         3116    .rodata.Bandwidths  radio.o
    0x08018173   0x08018173   0x00000001   PAD
    0x08018174   0x08018174   0x00000018   Data   RO         1888    .rodata.BandwidthsCN470  regioncn470.o
    0x0801818c   0x0801818c   0x00000020   Data   RO         2190    .rodata.BandwidthsEU868  regioneu868.o
    0x080181ac   0x080181ac   0x00000040   Data   RO         2394    .rodata.BandwidthsUS915  regionus915.o
    0x080181ec   0x080181ec   0x00000006   Data   RO         1887    .rodata.DataratesCN470  regioncn470.o
    0x080181f2   0x080181f2   0x00000008   Data   RO         2189    .rodata.DataratesEU868  regioneu868.o
    0x080181fa   0x080181fa   0x00000010   Data   RO         2393    .rodata.DataratesUS915  regionus915.o
    0x0801820a   0x0801820a   0x00000002   PAD
    0x0801820c   0x0801820c   0x000000b0   Data   RO         3005    .rodata.FskBandwidths  radio_driver.o
    0x080182bc   0x080182bc   0x00000040   Data   RO          496    .rodata.MSIRangeTable  system_stm32wlxx.o
    0x080182fc   0x080182fc   0x00000006   Data   RO         1885    .rodata.MaxPayloadOfDatarateCN470  regioncn470.o
    0x08018302   0x08018302   0x00000006   Data   RO         1886    .rodata.MaxPayloadOfDatarateRepeaterCN470  regioncn470.o
    0x08018308   0x08018308   0x00000084   Data   RO         3115    .rodata.Radio       radio.o
    0x0801838c   0x0801838c   0x00000010   Data   RO         3284    .rodata.SEQ_clz_table_4bit  stm32_seq.o
    0x0801839c   0x0801839c   0x00000018   Data   RO         1516    .rodata.UARTPrescTable  stm32wlxx_hal_uart.o
    0x080183b4   0x080183b4   0x00000018   Data   RO           93    .rodata.UTIL_PowerDriver  stm32_lpm_if.o
    0x080183cc   0x080183cc   0x00000014   Data   RO          193    .rodata.UTIL_SYSTIMDriver  timer_if.o
    0x080183e0   0x080183e0   0x0000002c   Data   RO          192    .rodata.UTIL_TimerDriver  timer_if.o
    0x0801840c   0x0801840c   0x00000010   Data   RO          237    .rodata.UTIL_TraceDriver  usart_if.o
    0x0801841c   0x0801841c   0x00000010   Data   RO         1517    .rodata.cst16       stm32wlxx_hal_uart.o
    0x0801842c   0x0801842c   0x00000020   Data   RO         2392    .rodata.cst16       regionus915.o
    0x0801844c   0x0801844c   0x00000010   Data   RO         1556    .rodata.cst8        stm32wlxx_hal_uart_ex.o
    0x0801845c   0x0801845c   0x00000010   Data   RO         2188    .rodata.cst8        regioneu868.o
    0x0801846c   0x0801846c   0x00000008   Data   RO         2653    .rodata.cst8        loramaccrypto.o
    0x08018474   0x08018474   0x00000100   Data   RO         1616    .rodata.gfm2_sbox   lorawan_aes.o
    0x08018574   0x08018574   0x00000100   Data   RO         1617    .rodata.gfm3_sbox   lorawan_aes.o
    0x08018674   0x08018674   0x00000100   Data   RO         1615    .rodata.sbox        lorawan_aes.o
    0x08018774   0x08018774   0x0000011a   Data   RO          465    .rodata.str1.1      lora_app.o
    0x0801888e   0x0801888e   0x000000d0   Data   RO         1666    .rodata.str1.1      soft-se.o
    0x0801895e   0x0801895e   0x00000010   Data   RO         2087    .rodata.str1.1      regioncommon.o
    0x0801896e   0x0801896e   0x00000049   Data   RO         2819    .rodata.str1.1      lmhandler.o
    0x080189b7   0x080189b7   0x00000007   Data   RO         3239    .rodata.str1.1      stm32_tiny_vsnprintf.o
    0x080189be   0x080189be   0x00000002   PAD
    0x080189c0   0x080189c0   0x00000020   Data   RO         3594    Region$$Table       anon$$obj.o


    Execution Region RW_IRAM1 (Exec base: 0x20000000, Load base: 0x080189e0, Size: 0x00002d10, Max: 0x00008000, ABSOLUTE)

    Exec Addr    Load Addr    Size         Type   Attr      Idx    E Section Name        Object

    0x20000000   0x080189e0   0x0000006c   Data   RW          467    .data..L_MergedGlobals  lora_app.o
    0x2000006c   0x08018a4c   0x00000008   Data   RW         1107    .data..L_MergedGlobals  stm32wlxx_hal.o
    0x20000074   0x08018a54   0x00000050   Data   RW         2821    .data..L_MergedGlobals  lmhandler.o
    0x200000c4   0x08018aa4   0x00000008   Data   RW         3285    .data..L_MergedGlobals  stm32_seq.o
    0x200000cc   0x08018aac   0x00000038   Data   RW         1583    .data.LmhpCompliancePackage  lmhpcompliance.o
    0x20000104   0x08018ae4   0x0000000c   Data   RW         2818    .data.LmhpComplianceParams  lmhandler.o
    0x20000110   0x08018af0   0x00000001   Data   RW         3118    .data.MaxPayloadLength  radio.o
    0x20000111   0x08018af1   0x00000003   PAD
    0x20000114   0x08018af4   0x00000004   Data   RW          493    .data.SystemCoreClock  system_stm32wlxx.o
    0x20000118   0x08018af8   0x00000004   Data   RW         2866    .data.next          utilities.o
    0x2000011c   0x08018afc   0x00000004   PAD
    0x20000120        -       0x00000060   Zero   RW         3445    .bss                c_w.l(libspace.o)
    0x20000180        -       0x00000008   Zero   RW          194    .bss..L_MergedGlobals  timer_if.o
    0x20000188        -       0x00000008   Zero   RW          239    .bss..L_MergedGlobals  usart_if.o
    0x20000190        -       0x00000040   Zero   RW         1584    .bss..L_MergedGlobals  lmhpcompliance.o
    0x200001d0        -       0x00000008   Zero   RW         1890    .bss..L_MergedGlobals  regioncn470.o
    0x200001d8        -       0x00000008   Zero   RW         2191    .bss..L_MergedGlobals  regioneu868.o
    0x200001e0        -       0x00000008   Zero   RW         2396    .bss..L_MergedGlobals  regionus915.o
    0x200001e8        -       0x00000018   Zero   RW         2476    .bss..L_MergedGlobals  loramac.o
    0x20000200        -       0x0000000c   Zero   RW         3006    .bss..L_MergedGlobals  radio_driver.o
    0x2000020c        -       0x00000034   Zero   RW         3120    .bss..L_MergedGlobals  radio.o
    0x20000240        -       0x00000008   Zero   RW         3352    .bss..L_MergedGlobals  stm32_lpm.o
    0x20000248        -       0x00000028   Zero   RW         3286    .bss..L_MergedGlobals.1  stm32_seq.o
    0x20000270        -       0x00000058   Zero   RW         2822    .bss..L_MergedGlobals.2  lmhandler.o
    0x200002c8        -       0x0000007c   Zero   RW          468    .bss..L_MergedGlobals.41  lora_app.o
    0x20000344        -       0x00000400   Zero   RW         3174    .bss.ADV_TRACE_Buffer  stm32_adv_trace.o
    0x20000744        -       0x00000018   Zero   RW         3173    .bss.ADV_TRACE_Ctx  stm32_adv_trace.o
    0x2000075c        -       0x000000f2   Zero   RW          466    .bss.AppDataBuffer  lora_app.o
    0x2000084e        -       0x000000f2   Zero   RW         2820    .bss.AppDataBuffer  lmhandler.o
    0x20000940        -       0x000000fc   Zero   RW         2582    .bss.CommandsCtx    loramaccommands.o
    0x20000a3c        -       0x00000024   Zero   RW         2615    .bss.ConfirmQueueCtx  loramacconfirmqueue.o
    0x20000a60        -       0x00000004   Zero   RW         2652    .bss.CryptoNvm      loramaccrypto.o
    0x20000a64        -       0x00000738   Zero   RW         2475    .bss.LW_NVM_BACKUP_RAM  loramac.o
    0x2000119c        -       0x00000738   Zero   RW         2474    .bss.LW_NVM_RAM     loramac.o
    0x200018d4        -       0x0000050c   Zero   RW         2473    .bss.MacCtx         loramac.o
    0x20001de0        -       0x00000002   Zero   RW         2837    .bss.NvmNotifyFlags  nvmdatamgmt.o
    0x20001de2        -       0x000000ff   Zero   RW         3119    .bss.RadioBuffer    radio.o
    0x20001ee1        -       0x00000001   Zero   RW          127    .bss.SYS_TimerInitialisedFlag  sys_app.o
    0x20001ee2   0x08018afc   0x00000002   PAD
    0x20001ee4        -       0x00000004   Zero   RW         1664    .bss.SeNvm          soft-se.o
    0x20001ee8        -       0x0000005c   Zero   RW         3117    .bss.SubgRf         radio.o
    0x20001f44        -       0x00000004   Zero   RW         3331    .bss.TimerListHead  stm32_timer.o
    0x20001f48        -       0x00000004   Zero   RW          238    .bss.TxCpltCallback  usart_if.o
    0x20001f4c        -       0x00000064   Zero   RW           42    .bss.hadc           adc.o
    0x20001fb0        -       0x00000060   Zero   RW          285    .bss.hdma_usart2_tx  usart.o
    0x20002010        -       0x00000038   Zero   RW          254    .bss.hrtc           rtc.o
    0x20002048        -       0x0000000c   Zero   RW          269    .bss.hsubghz        subghz.o
    0x20002054        -       0x00000090   Zero   RW          284    .bss.huart2         usart.o
    0x200020e4        -       0x00000010   Zero   RW          481    .bss.loraInfo       lora_info.o
    0x200020f4        -       0x00000018   Zero   RW          759    .bss.pFlash         stm32wlxx_hal_flash.o
    0x2000210c        -       0x00000200   Zero   RW         3175    .bss.sztmp          stm32_adv_trace.o
    0x2000230c   0x08018afc   0x00000004   PAD
    0x20002310        -       0x00000200   Zero   RW            3    HEAP                startup_stm32wle5xx.o
    0x20002510        -       0x00000800   Zero   RW            2    STACK               startup_stm32wle5xx.o


    Execution Region RW_IRAM2 (Exec base: 0x20008000, Load base: 0x08018b00, Size: 0x00008000, Max: 0x00008000, ABSOLUTE)

    Exec Addr    Load Addr    Size         Type   Attr      Idx    E Section Name        Object

    0x20008000        -       0x00008000   Zero   RW            1    RW_IRAM2.bss        anon$$obj.o


==============================================================================

Image component sizes


      Code (inc. data)   RO Data    RW Data    ZI Data      Debug   Object Name

       176          0          0          0        100       5430   adc.o
       406          0          0          0          0       2818   adc_if.o
        22          0          0          0          0        494   app_lorawan.o
      2164          0          0          0          0       3610   cmac.o
        68          0          0          0          0       3415   dma.o
       830          0          0          0          0       6658   flash_if.o
       218          0          0          0          0       4147   gpio.o
      2882         62         73         92        330      43477   lmhandler.o
      1044         22          0         56         64      19641   lmhpcompliance.o
      2840        752        282        108        366      14212   lora_app.o
        36          0          0          0         16       1246   lora_info.o
     12402        366          0          0       5012      63872   loramac.o
       208          0          0          0          0       5676   loramacadr.o
        78          0          0          0          0      18639   loramacclassb.o
      1044         18          0          0        252       8688   loramaccommands.o
       912          0          0          0         36      10589   loramacconfirmqueue.o
      1906         12          8          0          4      17496   loramaccrypto.o
       344          0          0          0          0       3318   loramacparser.o
       310          0          0          0          0       4443   loramacserializer.o
      2144          0        768          0          0      17766   lorawan_aes.o
       172          0          0          0          0       3837   main.o
        72          0          0          0          2       2319   nvmdatamgmt.o
      5886        264        135          1        399      30540   radio.o
        24          0          0          0          0       1713   radio_board_if.o
      4890         12        176          0         12      49742   radio_driver.o
        48          0          0          0          0       7443   radio_fw.o
       776          0          0          0          0      14184   region.o
       262          0          0          0          0       3627   regionbaseus.o
      3284        106         66          0          8      21117   regioncn470.o
      2956        112         16          0          0      19115   regioncommon.o
      4460         72         56          0          8      24528   regioneu868.o
      4090        146        136          0          8      23236   regionus915.o
       262          0          0          0         56       6572   rtc.o
      1916        282        400          0          4      10470   soft-se.o
        64         26        312          0       2560        808   startup_stm32wle5xx.o
       970          0          0          0       1560      17388   stm32_adv_trace.o
       198          0          0          0          8       2773   stm32_lpm.o
        68          0         24          0          0       2139   stm32_lpm_if.o
       136          0          0          0          0       1851   stm32_mem.o
       536          0         16          8         40       7565   stm32_seq.o
       436          0          0          0          0       9481   stm32_systime.o
      1180          0          0          0          4      13658   stm32_timer.o
      1824        146          7          0          0       5527   stm32_tiny_vsnprintf.o
       170          0          0          8          0      10949   stm32wlxx_hal.o
      2366          0          0          0          0      22858   stm32wlxx_hal_adc.o
      1116          0          0          0          0       9567   stm32wlxx_hal_adc_ex.o
       190          0          0          0          0       9775   stm32wlxx_hal_cortex.o
      1216          0          0          0          0       8871   stm32wlxx_hal_dma.o
       568          0          0          0         24       6769   stm32wlxx_hal_flash.o
       348          0          0          0          0       6737   stm32wlxx_hal_flash_ex.o
       996          0          0          0          0       4960   stm32wlxx_hal_gpio.o
         2          0          0          0          0        390   stm32wlxx_hal_msp.o
        94          0          0          0          0       5162   stm32wlxx_hal_pwr.o
       206          0          0          0          0      10548   stm32wlxx_hal_pwr_ex.o
      2804          0         12          0          0      16743   stm32wlxx_hal_rcc.o
       522          0          0          0          0      14300   stm32wlxx_hal_rcc_ex.o
      1058          0          0          0          0      16301   stm32wlxx_hal_rtc.o
       210          0          0          0          0      16652   stm32wlxx_hal_rtc_ex.o
      6032          0          0          0          0      26854   stm32wlxx_hal_subghz.o
      7010         46         40          0          0      40841   stm32wlxx_hal_uart.o
       662          0         16          0          0      11004   stm32wlxx_hal_uart_ex.o
        90          0          0          0          0       1801   stm32wlxx_it.o
       230          0          0          0          0       3764   stm32wlxx_nucleo_radio.o
        82          0          0          0         12       4452   subghz.o
       440         12          0          0          1       6104   sys_app.o
        18          0          0          0          0        380   sys_debug.o
        62          0          0          0          0       1205   sys_sensors.o
         2          0        160          4          0       2428   system_stm32wlxx.o
       772          0         64          0          8       9566   timer_if.o
       400          0          0          0        240       8259   usart.o
       386          0         16          0         12       9266   usart_if.o
       736          0          0          4          0       5318   utilities.o

    ----------------------------------------------------------------------
     93880       2456       2820        284      43924     827092   Object Totals
         0          0         32          0      32768          0   (incl. Generated)
       548          0          5          3         10          0   (incl. Padding)

    ----------------------------------------------------------------------

      Code (inc. data)   RO Data    RW Data    ZI Data      Debug   Library Member Name

         8          0          0          0          0         68   __main.o
         0          0          0          0          0          0   __rtentry.o
        12          0          0          0          0          0   __rtentry2.o
         6          0          0          0          0          0   __rtentry4.o
        52          8          0          0          0          0   __scatter.o
        26          0          0          0          0          0   __scatter_copy.o
        28          0          0          0          0          0   __scatter_zi.o
        48          4          0          0          0         84   _fptrap.o
        16          0          0          0          0         68   aeabi_memset.o
        10          0          0          0          0         68   defsig_exit.o
       172        110          0          0          0         76   defsig_fpe_inner.o
        14          0          0          0          0         80   defsig_fpe_outer.o
        50          0          0          0          0         88   defsig_general.o
        18          0          0          0          0         80   exit.o
         6          0          0          0          0        152   heapauxi.o
         0          0          0          0          0          0   indicate_semi.o
         2          0          0          0          0          0   libinit.o
         6          0          0          0          0          0   libinit2.o
         2          0          0          0          0          0   libshutdown.o
         2          0          0          0          0          0   libshutdown2.o
         8          4          0          0         96         68   libspace.o
       240          0          0          0          0        100   lludivv7m.o
         8          4          0          0          0         68   rt_fp_status_addr_intlibspace.o
        68          0          0          0          0         68   rt_memclr.o
        78          0          0          0          0         80   rt_memclr_w.o
         2          0          0          0          0          0   rtexit.o
        10          0          0          0          0          0   rtexit2.o
        62          0          0          0          0         76   strlen.o
        12          4          0          0          0         68   sys_exit.o
        74          0          0          0          0         80   sys_stackheap_outer.o
        14          0          0          0          0         76   sys_wrch.o
         2          0          0          0          0         68   use_no_semi.o
       440         24          0          0          0        116   except.o
       642         16          0          0          0        168   faddsub_clz.o
       444         78          0          0          0         96   fdiv.o
        68         12          0          0          0         84   ffix.o
        86          0          0          0          0        136   fflt_clz.o
       296         12          0          0          0         84   fmul.o
       242          4          0          0          0        100   fnaninf.o
        74          0          0          0          0         88   fnorm2_clz.o
        14          0          0          0          0         76   fpinit.o
        10          0          0          0          0         68   fretinf.o
       298          0          0          0          0        108   funder_clz.o
       178          0          0          0          0         68   retnan.o
       144          0          0          0          0        112   trapv.o
         0          0          0          0          0          0   usenofp.o
       124         12          0          0          0         84   floorf.o

    ----------------------------------------------------------------------
      4132        292          0          0         96       2904   Library Totals
        16          0          0          0          0          0   (incl. Padding)

    ----------------------------------------------------------------------

      Code (inc. data)   RO Data    RW Data    ZI Data      Debug   Library Name

      1056        134          0          0         96       1516   c_w.l
      2936        146          0          0          0       1304   f_ws.l
       124         12          0          0          0         84   m_ws.l

    ----------------------------------------------------------------------
      4132        292          0          0         96       2904   Library Totals

    ----------------------------------------------------------------------

==============================================================================


      Code (inc. data)   RO Data    RW Data    ZI Data      Debug   

     98012       2748       2820        284      44020     827312   Grand Totals
     98012       2748       2820        284      44020     827312   ELF Image Totals
     98012       2748       2820        284          0          0   ROM Totals

==============================================================================

    Total RO  Size (Code + RO Data)               100832 (  98.47kB)
    Total RW  Size (RW Data + ZI Data)             44304 (  43.27kB)
    Total ROM Size (Code + RO Data + RW Data)     101116 (  98.75kB)

==============================================================================

